Archive member included to satisfy reference by file (symbol)

c:/program files (x86)/atmel/studio/7.0/toolchain/avr8/avr8-gnu-toolchain/bin/../lib/gcc/avr/5.4.0/../../../../avr/lib/avrxmega4\libm.a(addsf3.o)
                              src/Goertzel.o (__subsf3)
c:/program files (x86)/atmel/studio/7.0/toolchain/avr8/avr8-gnu-toolchain/bin/../lib/gcc/avr/5.4.0/../../../../avr/lib/avrxmega4\libm.a(addsf3x.o)
                              c:/program files (x86)/atmel/studio/7.0/toolchain/avr8/avr8-gnu-toolchain/bin/../lib/gcc/avr/5.4.0/../../../../avr/lib/avrxmega4\libm.a(addsf3.o) (__addsf3x)
c:/program files (x86)/atmel/studio/7.0/toolchain/avr8/avr8-gnu-toolchain/bin/../lib/gcc/avr/5.4.0/../../../../avr/lib/avrxmega4\libm.a(cmpsf2.o)
                              src/Goertzel.o (__ltsf2)
c:/program files (x86)/atmel/studio/7.0/toolchain/avr8/avr8-gnu-toolchain/bin/../lib/gcc/avr/5.4.0/../../../../avr/lib/avrxmega4\libm.a(cos.o)
                              src/Goertzel.o (cos)
c:/program files (x86)/atmel/studio/7.0/toolchain/avr8/avr8-gnu-toolchain/bin/../lib/gcc/avr/5.4.0/../../../../avr/lib/avrxmega4\libm.a(divsf3.o)
                              src/Goertzel.o (__divsf3)
c:/program files (x86)/atmel/studio/7.0/toolchain/avr8/avr8-gnu-toolchain/bin/../lib/gcc/avr/5.4.0/../../../../avr/lib/avrxmega4\libm.a(divsf3x.o)
                              c:/program files (x86)/atmel/studio/7.0/toolchain/avr8/avr8-gnu-toolchain/bin/../lib/gcc/avr/5.4.0/../../../../avr/lib/avrxmega4\libm.a(divsf3.o) (__divsf3x)
c:/program files (x86)/atmel/studio/7.0/toolchain/avr8/avr8-gnu-toolchain/bin/../lib/gcc/avr/5.4.0/../../../../avr/lib/avrxmega4\libm.a(fixsfsi.o)
                              src/Goertzel.o (__fixsfsi)
c:/program files (x86)/atmel/studio/7.0/toolchain/avr8/avr8-gnu-toolchain/bin/../lib/gcc/avr/5.4.0/../../../../avr/lib/avrxmega4\libm.a(fixunssfsi.o)
                              src/usart_basic.o (__fixunssfsi)
c:/program files (x86)/atmel/studio/7.0/toolchain/avr8/avr8-gnu-toolchain/bin/../lib/gcc/avr/5.4.0/../../../../avr/lib/avrxmega4\libm.a(floatsisf.o)
                              src/usart_basic.o (__floatunsisf)
c:/program files (x86)/atmel/studio/7.0/toolchain/avr8/avr8-gnu-toolchain/bin/../lib/gcc/avr/5.4.0/../../../../avr/lib/avrxmega4\libm.a(fp_cmp.o)
                              c:/program files (x86)/atmel/studio/7.0/toolchain/avr8/avr8-gnu-toolchain/bin/../lib/gcc/avr/5.4.0/../../../../avr/lib/avrxmega4\libm.a(cmpsf2.o) (__fp_cmp)
c:/program files (x86)/atmel/studio/7.0/toolchain/avr8/avr8-gnu-toolchain/bin/../lib/gcc/avr/5.4.0/../../../../avr/lib/avrxmega4\libm.a(fp_inf.o)
                              c:/program files (x86)/atmel/studio/7.0/toolchain/avr8/avr8-gnu-toolchain/bin/../lib/gcc/avr/5.4.0/../../../../avr/lib/avrxmega4\libm.a(addsf3x.o) (__fp_inf)
c:/program files (x86)/atmel/studio/7.0/toolchain/avr8/avr8-gnu-toolchain/bin/../lib/gcc/avr/5.4.0/../../../../avr/lib/avrxmega4\libm.a(fp_nan.o)
                              c:/program files (x86)/atmel/studio/7.0/toolchain/avr8/avr8-gnu-toolchain/bin/../lib/gcc/avr/5.4.0/../../../../avr/lib/avrxmega4\libm.a(addsf3x.o) (__fp_nan)
c:/program files (x86)/atmel/studio/7.0/toolchain/avr8/avr8-gnu-toolchain/bin/../lib/gcc/avr/5.4.0/../../../../avr/lib/avrxmega4\libm.a(fp_pscA.o)
                              c:/program files (x86)/atmel/studio/7.0/toolchain/avr8/avr8-gnu-toolchain/bin/../lib/gcc/avr/5.4.0/../../../../avr/lib/avrxmega4\libm.a(addsf3x.o) (__fp_pscA)
c:/program files (x86)/atmel/studio/7.0/toolchain/avr8/avr8-gnu-toolchain/bin/../lib/gcc/avr/5.4.0/../../../../avr/lib/avrxmega4\libm.a(fp_pscB.o)
                              c:/program files (x86)/atmel/studio/7.0/toolchain/avr8/avr8-gnu-toolchain/bin/../lib/gcc/avr/5.4.0/../../../../avr/lib/avrxmega4\libm.a(addsf3x.o) (__fp_pscB)
c:/program files (x86)/atmel/studio/7.0/toolchain/avr8/avr8-gnu-toolchain/bin/../lib/gcc/avr/5.4.0/../../../../avr/lib/avrxmega4\libm.a(fp_rempio2.o)
                              c:/program files (x86)/atmel/studio/7.0/toolchain/avr8/avr8-gnu-toolchain/bin/../lib/gcc/avr/5.4.0/../../../../avr/lib/avrxmega4\libm.a(cos.o) (__fp_rempio2)
c:/program files (x86)/atmel/studio/7.0/toolchain/avr8/avr8-gnu-toolchain/bin/../lib/gcc/avr/5.4.0/../../../../avr/lib/avrxmega4\libm.a(fp_round.o)
                              c:/program files (x86)/atmel/studio/7.0/toolchain/avr8/avr8-gnu-toolchain/bin/../lib/gcc/avr/5.4.0/../../../../avr/lib/avrxmega4\libm.a(addsf3.o) (__fp_round)
c:/program files (x86)/atmel/studio/7.0/toolchain/avr8/avr8-gnu-toolchain/bin/../lib/gcc/avr/5.4.0/../../../../avr/lib/avrxmega4\libm.a(fp_sinus.o)
                              c:/program files (x86)/atmel/studio/7.0/toolchain/avr8/avr8-gnu-toolchain/bin/../lib/gcc/avr/5.4.0/../../../../avr/lib/avrxmega4\libm.a(cos.o) (__fp_sinus)
c:/program files (x86)/atmel/studio/7.0/toolchain/avr8/avr8-gnu-toolchain/bin/../lib/gcc/avr/5.4.0/../../../../avr/lib/avrxmega4\libm.a(fp_split3.o)
[...]
Memory Configuration

Name             Origin             Length             Attributes
text             0x00000000         0x00020000         xr
data             0x00804000         0x00004000         rw !x
eeprom           0x00810000         0x00000200         rw !x
fuse             0x00820000         0x00000010         rw !x
lock             0x00830000         0x00000400         rw !x
signature        0x00840000         0x00000400         rw !x
user_signatures  0x00850000         0x00000400         rw !x
*default*        0x00000000         0xffffffff

Linker script and memory map

Address of section .data set to 0x804000
                0x00008000                __RODATA_PM_OFFSET__ = 0x8000
LOAD C:/Program Files (x86)/Atmel/Studio/7.0/Packs/atmel/AVR-Dx_DFP/1.9.103/gcc/dev/avr128da48/avrxmega4/crtavr128da48.o
LOAD atmel_start.o
LOAD driver_isr.o
LOAD main.o
LOAD src/adc.o
LOAD src/binio.o
LOAD src/bod.o
LOAD src/clkctrl.o
LOAD src/cpuint.o
LOAD src/dac0.o
LOAD src/driver_init.o
LOAD src/ds3231.o
LOAD src/Goertzel.o
LOAD src/huzzah.o
LOAD src/i2c.o
LOAD src/linkbus.o
LOAD src/morse.o
LOAD src/protected_io.o
LOAD src/si5351.o
LOAD src/slpctrl.o
LOAD src/tcb.o
LOAD src/transmitter.o
LOAD src/usart_basic.o
LOAD src/util.o
START GROUP
LOAD c:/program files (x86)/atmel/studio/7.0/toolchain/avr8/avr8-gnu-toolchain/bin/../lib/gcc/avr/5.4.0/../../../../avr/lib/avrxmega4\libm.a
END GROUP
LOAD c:/program files (x86)/atmel/studio/7.0/toolchain/avr8/avr8-gnu-toolchain/bin/../lib/gcc/avr/5.4.0/avrxmega4\libgcc.a
LOAD c:/program files (x86)/atmel/studio/7.0/toolchain/avr8/avr8-gnu-toolchain/bin/../lib/gcc/avr/5.4.0/../../../../avr/lib/avrxmega4\libm.a
START GROUP
LOAD c:/program files (x86)/atmel/studio/7.0/toolchain/avr8/avr8-gnu-toolchain/bin/../lib/gcc/avr/5.4.0/avrxmega4\libgcc.a
LOAD c:/program files (x86)/atmel/studio/7.0/toolchain/avr8/avr8-gnu-toolchain/bin/../lib/gcc/avr/5.4.0/../../../../avr/lib/avrxmega4\libm.a
LOAD c:/program files (x86)/atmel/studio/7.0/toolchain/avr8/avr8-gnu-toolchain/bin/../lib/gcc/avr/5.4.0/../../../../avr/lib/avrxmega4\libc.a
LOAD C:/Program Files (x86)/Atmel/Studio/7.0/Packs/atmel/AVR-Dx_DFP/1.9.103/gcc/dev/avr128da48/avrxmega4\libavr128da48.a
END GROUP
                [0x00000000]                __TEXT_REGION_ORIGIN__ = DEFINED (__TEXT_REGION_ORIGIN__)?__TEXT_REGION_ORIGIN__:0x0
                [0x00804000]                __DATA_REGION_ORIGIN__ = DEFINED (__DATA_REGION_ORIGIN__)?__DATA_REGION_ORIGIN__:0x802000
                [0x00020000]                __TEXT_REGION_LENGTH__ = DEFINED (__TEXT_REGION_LENGTH__)?__TEXT_REGION_LENGTH__:0x100000
                [0x00004000]                __DATA_REGION_LENGTH__ = DEFINED (__DATA_REGION_LENGTH__)?__DATA_REGION_LENGTH__:0xffa0
                [0x00000200]                __EEPROM_REGION_LENGTH__ = DEFINED (__EEPROM_REGION_LENGTH__)?__EEPROM_REGION_LENGTH__:0x10000
                [0x00000010]                __FUSE_REGION_LENGTH__ = DEFINED (__FUSE_REGION_LENGTH__)?__FUSE_REGION_LENGTH__:0x400
                0x00000400                __LOCK_REGION_LENGTH__ = DEFINED (__LOCK_REGION_LENGTH__)?__LOCK_REGION_LENGTH__:0x400
                0x00000400                __SIGNATURE_REGION_LENGTH__ = DEFINED (__SIGNATURE_REGION_LENGTH__)?__SIGNATURE_REGION_LENGTH__:0x400
                0x00000400                __USER_SIGNATURE_REGION_LENGTH__ = DEFINED (__USER_SIGNATURE_REGION_LENGTH__)?__USER_SIGNATURE_REGION_LENGTH__:0x400

.hash
 *(.hash)

.dynsym
 *(.dynsym)

.dynstr
 *(.dynstr)

.gnu.version
 *(.gnu.version)

.gnu.version_d
 *(.gnu.version_d)

.gnu.version_r
 *(.gnu.version_r)

.rel.init
 *(.rel.init)

.rela.init
 *(.rela.init)

.rel.text
 *(.rel.text)
 *(.rel.text.*)
 *(.rel.gnu.linkonce.t*)

.rela.text
 *(.rela.text)
 *(.rela.text.*)
 *(.rela.gnu.linkonce.t*)

.rel.fini
 *(.rel.fini)

.rela.fini
 *(.rela.fini)

.rel.rodata
 *(.rel.rodata)
 *(.rel.rodata.*)
 *(.rel.gnu.linkonce.r*)

.rela.rodata
 *(.rela.rodata)
 *(.rela.rodata.*)
 *(.rela.gnu.linkonce.r*)

.rel.data
 *(.rel.data)
 *(.rel.data.*)
 *(.rel.gnu.linkonce.d*)

.rela.data
 *(.rela.data)
 *(.rela.data.*)
 *(.rela.gnu.linkonce.d*)

.rel.ctors
 *(.rel.ctors)

.rela.ctors
 *(.rela.ctors)

.rel.dtors
 *(.rel.dtors)

.rela.dtors
 *(.rela.dtors)

.rel.got
 *(.rel.got)

.rela.got
 *(.rela.got)

.rel.bss
 *(.rel.bss)

.rela.bss
 *(.rela.bss)

.rel.plt
 *(.rel.plt)

.rela.plt
 *(.rela.plt)

.text           0x00000000     0x4c5c
 *(.vectors)
 .vectors       0x00000000       0xe8 C:/Program Files (x86)/Atmel/Studio/7.0/Packs/atmel/AVR-Dx_DFP/1.9.103/gcc/dev/avr128da48/avrxmega4/crtavr128da48.o
                0x00000000                __vector_default
                0x00000000                __vectors
 *(.vectors)
 *(.progmem.gcc*)
 .progmem.gcc_sw_table._Z12getMorseCharc
                0x000000e8       0xba src/morse.o
                0x000001a2                . = ALIGN (0x2)
                0x000001a2                __trampolines_start = .
 *(.trampolines)
 .trampolines   0x000001a2        0x0 linker stubs
 *(.trampolines*)
                0x000001a2                __trampolines_end = .
 *libprintf_flt.a:*(.progmem.data)
 *libc.a:*(.progmem.data)
 *(.progmem*)
                0x000001a2                . = ALIGN (0x2)
 *(.jumptables)
 *(.jumptables*)
 *(.lowtext)
 *(.lowtext*)
                0x000001a2                __ctors_start = .
 *(.ctors)
 .ctors         0x000001a2        0x2 src/adc.o
                0x000001a4                __ctors_end = .
                0x000001a4                __dtors_start = .
 *(.dtors)
 .dtors         0x000001a4        0x2 src/adc.o
                0x000001a6                __dtors_end = .
 SORT(*)(.ctors)
 SORT(*)(.dtors)
 *(.init0)
 .init0         0x000001a6        0x0 C:/Program Files (x86)/Atmel/Studio/7.0/Packs/atmel/AVR-Dx_DFP/1.9.103/gcc/dev/avr128da48/avrxmega4/crtavr128da48.o
                0x000001a6                __init
 *(.init0)
 *(.init1)
 *(.init1)
 *(.init2)
 .init2         0x000001a6        0xc C:/Program Files (x86)/Atmel/Studio/7.0/Packs/atmel/AVR-Dx_DFP/1.9.103/gcc/dev/avr128da48/avrxmega4/crtavr128da48.o
 *(.init2)
 *(.init3)
 *(.init3)
 *(.init4)
 .init4         0x000001b2       0x1a c:/program files (x86)/atmel/studio/7.0/toolchain/avr8/avr8-gnu-toolchain/bin/../lib/gcc/avr/5.4.0/avrxmega4\libgcc.a(_copy_data.o)
                0x000001b2                __do_copy_data
 .init4         0x000001cc       0x10 c:/program files (x86)/atmel/studio/7.0/toolchain/avr8/avr8-gnu-toolchain/bin/../lib/gcc/avr/5.4.0/avrxmega4\libgcc.a(_clear_bss.o)
                0x000001cc                __do_clear_bss
 *(.init4)
 *(.init5)
 *(.init5)
 *(.init6)
 .init6         0x000001dc       0x16 c:/program files (x86)/atmel/studio/7.0/toolchain/avr8/avr8-gnu-toolchain/bin/../lib/gcc/avr/5.4.0/avrxmega4\libgcc.a(_ctors.o)
                0x000001dc                __do_global_ctors
 *(.init6)
 *(.init7)
 *(.init7)
 *(.init8)
 *(.init8)
 *(.init9)
 .init9         0x000001f2        0x8 C:/Program Files (x86)/Atmel/Studio/7.0/Packs/atmel/AVR-Dx_DFP/1.9.103/gcc/dev/avr128da48/avrxmega4/crtavr128da48.o
 *(.init9)
 *(.text)
 .text          0x000001fa        0x4 C:/Program Files (x86)/Atmel/Studio/7.0/Packs/atmel/AVR-Dx_DFP/1.9.103/gcc/dev/avr128da48/avrxmega4/crtavr128da48.o
                0x000001fa                __vector_38
                0x000001fa                __vector_22
                0x000001fa                __vector_28
                0x000001fa                __vector_1
                0x000001fa                __vector_34
                0x000001fa                __vector_55
                0x000001fa                __vector_46
                0x000001fa                __bad_interrupt
                0x000001fa                __vector_6
                0x000001fa                __vector_35
                0x000001fa                __vector_39
                0x000001fa                __vector_3
                0x000001fa                __vector_23
                0x000001fa                __vector_45
                0x000001fa                __vector_25
                0x000001fa                __vector_11
                0x000001fa                __vector_54
                0x000001fa                __vector_17
                0x000001fa                __vector_19
                0x000001fa                __vector_56
                0x000001fa                __vector_7
                0x000001fa                __vector_49
                0x000001fa                __vector_43
                0x000001fa                __vector_27
                0x000001fa                __vector_5
                0x000001fa                __vector_33
                0x000001fa                __vector_47
                0x000001fa                __vector_52
                0x000001fa                __vector_37
                0x000001fa                __vector_4
                0x000001fa                __vector_44
                0x000001fa                __vector_51
                0x000001fa                __vector_9
                0x000001fa                __vector_2
                0x000001fa                __vector_21
                0x000001fa                __vector_15
                0x000001fa                __vector_36
                0x000001fa                __vector_40
                0x000001fa                __vector_8
                0x000001fa                __vector_26
                0x000001fa                __vector_48
                0x000001fa                __vector_14
                0x000001fa                __vector_57
                0x000001fa                __vector_53
                0x000001fa                __vector_10
                0x000001fa                __vector_50
                0x000001fa                __vector_16
                0x000001fa                __vector_18
                0x000001fa                __vector_20
                0x000001fa                __vector_42
 .text          0x000001fe       0x1a c:/program files (x86)/atmel/studio/7.0/toolchain/avr8/avr8-gnu-toolchain/bin/../lib/gcc/avr/5.4.0/../../../../avr/lib/avrxmega4\libc.a(month_length.o)
                0x000001fe                month_length
 .text          0x00000218       0x18 c:/program files (x86)/atmel/studio/7.0/toolchain/avr8/avr8-gnu-toolchain/bin/../lib/gcc/avr/5.4.0/../../../../avr/lib/avrxmega4\libc.a(set_system_time.o)
                0x00000218                set_system_time
 .text          0x00000230       0x26 c:/program files (x86)/atmel/studio/7.0/toolchain/avr8/avr8-gnu-toolchain/bin/../lib/gcc/avr/5.4.0/../../../../avr/lib/avrxmega4\libc.a(time.o)
                0x00000230                time
 .text          0x00000256       0x28 c:/program files (x86)/atmel/studio/7.0/toolchain/avr8/avr8-gnu-toolchain/bin/../lib/gcc/avr/5.4.0/../../../../avr/lib/avrxmega4\libc.a(isLeap.o)
                0x00000256                is_leap_year
                0x0000027e                . = ALIGN (0x2)
 *(.text.*)
 .text.atmel_start_init
                0x0000027e        0x6 atmel_start.o
                0x0000027e                atmel_start_init
 .text.__vector_30
                0x00000284       0x26 driver_isr.o
                0x00000284                __vector_30
 .text.__vector_31
                0x000002aa      0x24e driver_isr.o
                0x000002aa                __vector_31
 .text.__vector_32
                0x000004f8       0xa2 driver_isr.o
                0x000004f8                __vector_32
 .text.__vector_41
                0x0000059a       0x5c main.o
                0x0000059a                __vector_41
 .text.__vector_12
                0x000005f6      0x2da main.o
                0x000005f6                __vector_12
 .text.main     0x000008d0       0x28 main.o
                0x000008d0                main
 .text._Z17handleLinkBusMsgsv
                0x000008f8      0xd6c main.o
                0x000008f8                _Z17handleLinkBusMsgsv
 .text._Z13throttleValueh
                0x00001664        0x6 main.o
                0x00001664                _Z13throttleValueh
 .text._Z11launchEventP2SC
                0x0000166a        0x4 main.o
                0x0000166a                _Z11launchEventP2SC
 .text._ZL9PORT_initv
                0x0000166e       0x4e src/adc.o
 .text._ZL10VREF0_initv
                0x000016bc        0x8 src/adc.o
 .text._ZL9ADC0_initb
                0x000016c4       0x26 src/adc.o
 .text._ZL16ADC0_SYSTEM_initb
                0x000016ea       0x1c src/adc.o
 .text._ZL20ADC0_SYSTEM_shutdownv
                0x00001706        0xe src/adc.o
 .text._Z41__static_initialization_and_destruction_0ii
                0x00001714       0x52 src/adc.o
 .text._Z18ADC0_setADCChannel20ADC_Active_Channel_t
                0x00001766       0x66 src/adc.o
                0x00001766                _Z18ADC0_setADCChannel20ADC_Active_Channel_t
 .text._Z9ADC0_readv
                0x000017cc        0xa src/adc.o
                0x000017cc                _Z9ADC0_readv
 .text.__vector_24
                0x000017d6       0x60 src/adc.o
                0x000017d6                __vector_24
 .text._GLOBAL__sub_I_g_activeADCChannel
                0x00001836        0xe src/adc.o
 .text._GLOBAL__sub_D_g_activeADCChannel
                0x00001844        0xe src/adc.o
 .text.__vector_29
                0x00001852       0x3c src/binio.o
                0x00001852                __vector_29
 .text._Z10BINIO_initv
                0x0000188e      0x13a src/binio.o
                0x0000188e                _Z10BINIO_initv
 .text.BOD_init
                0x000019c8        0x8 src/bod.o
                0x000019c8                BOD_init
 .text.CLKCTRL_init
                0x000019d0       0x10 src/clkctrl.o
                0x000019d0                CLKCTRL_init
 .text.CPUINT_init
                0x000019e0        0x6 src/cpuint.o
                0x000019e0                CPUINT_init
 .text._ZL9VREF_initv
                0x000019e6       0x18 src/dac0.o
 .text._Z11DAC0_setValj
                0x000019fe       0x1c src/dac0.o
                0x000019fe                _Z11DAC0_setValj
 .text._Z9DAC0_initv
                0x00001a1a       0x2a src/dac0.o
                0x00001a1a                _Z9DAC0_initv
 .text.mcu_init
                0x00001a44       0x92 src/driver_init.o
                0x00001a44                mcu_init
 .text.system_init
                0x00001ad6       0x32 src/driver_init.o
                0x00001ad6                system_init
 .text._Z16ds3231_get_epochP2EC
                0x00001b08      0x298 src/ds3231.o
                0x00001b08                _Z16ds3231_get_epochP2EC
 .text._Z15ds3231_get_tempPi
                0x00001da0       0x52 src/ds3231.o
                0x00001da0                _Z15ds3231_get_tempPi
 .text._Z20ds3231_set_date_timePc12ClockSetting
                0x00001df2       0xfe src/ds3231.o
                0x00001df2                _Z20ds3231_set_date_timePc12ClockSetting
 .text._Z16ds3231_set_agingPa
                0x00001ef0       0x2a src/ds3231.o
                0x00001ef0                _Z16ds3231_set_agingPa
 .text._Z16ds3231_get_agingv
                0x00001f1a       0x26 src/ds3231.o
                0x00001f1a                _Z16ds3231_get_agingv
 .text._ZN8GoertzelC2Eff
                0x00001f40       0xa0 src/Goertzel.o
                0x00001f40                _ZN8GoertzelC1Eff
                0x00001f40                _ZN8GoertzelC2Eff
 .text._ZN8GoertzelD2Ev
                0x00001fe0        0xe src/Goertzel.o
                0x00001fe0                _ZN8GoertzelD2Ev
                0x00001fe0                _ZN8GoertzelD1Ev
 .text._ZN8Goertzel9DataPointEi
                0x00001fee       0x66 src/Goertzel.o
                0x00001fee                _ZN8Goertzel9DataPointEi
 .text._ZL11i2c_0_WaitWv
                0x00002054       0x2c src/i2c.o
 .text._ZL11i2c_0_WaitRv
                0x00002080       0x20 src/i2c.o
 .text._ZL11I2C_1_WaitWv
                0x000020a0       0x2c src/i2c.o
 .text._ZL11I2C_1_WaitRv
                0x000020cc       0x20 src/i2c.o
 .text.I2C_0_SendData
                0x000020ec       0x6a src/i2c.o
                0x000020ec                I2C_0_SendData
 .text.I2C_0_GetData
                0x00002156       0x90 src/i2c.o
                0x00002156                I2C_0_GetData
 .text.I2C_1_SendData
                0x000021e6       0x6a src/i2c.o
                0x000021e6                I2C_1_SendData
 .text.I2C_1_GetData
                0x00002250       0x90 src/i2c.o
                0x00002250                I2C_1_GetData
 .text._Z16nextFullTxBufferv
                0x000022e0       0x58 src/linkbus.o
                0x000022e0                _Z16nextFullTxBufferv
 .text._Z17nextEmptyTxBufferv
                0x00002338       0x58 src/linkbus.o
                0x00002338                _Z17nextEmptyTxBufferv
 .text._Z17nextEmptyRxBufferv
                0x00002390       0x5a src/linkbus.o
                0x00002390                _Z17nextEmptyRxBufferv
 .text._Z16nextFullRxBufferv
                0x000023ea       0x5a src/linkbus.o
                0x000023ea                _Z16nextFullRxBufferv
 .text._Z19linkbusTxInProgressv
                0x00002444        0x6 src/linkbus.o
                0x00002444                _Z19linkbusTxInProgressv
 .text._Z16linkbus_start_txv
                0x0000244a       0x20 src/linkbus.o
                0x0000244a                _Z16linkbus_start_txv
 .text._Z14linkbus_end_txv
                0x0000246a       0x18 src/linkbus.o
                0x0000246a                _Z14linkbus_end_txv
 .text._Z16linkbus_reset_rxv
                0x00002482       0x30 src/linkbus.o
                0x00002482                _Z16linkbus_reset_rxv
 .text._Z21USART1_initializationm
                0x000024b2       0x22 src/linkbus.o
                0x000024b2                _Z21USART1_initializationm
 .text._Z12linkbus_initv
                0x000024d4       0x40 src/linkbus.o
                0x000024d4                _Z12linkbus_initv
 .text._Z15linkbus_disablev
                0x00002514       0x36 src/linkbus.o
                0x00002514                _Z15linkbus_disablev
 .text._Z17linkbus_send_textPc
                0x0000254a       0x82 src/linkbus.o
                0x0000254a                _Z17linkbus_send_textPc
 .text._Z11lb_send_msg13LBMessageTypePKcPc
                0x000025cc       0x50 src/linkbus.o
                0x000025cc                _Z11lb_send_msg13LBMessageTypePKcPc
 .text._Z16lb_broadcast_numjPKc
                0x0000261c       0xa0 src/linkbus.o
                0x0000261c                _Z16lb_broadcast_numjPKc
 .text._Z12getMorseCharc
                0x000026bc      0x1e6 src/morse.o
                0x000026bc                _Z12getMorseCharc
 .text._Z9makeMorsePcPhS0_
                0x000028a2      0x1f2 src/morse.o
                0x000028a2                _Z9makeMorsePcPhS0_
 .text._Z26timeRequiredToSendStrAtWPMPcj
                0x00002a94       0x5e src/morse.o
                0x00002a94                _Z26timeRequiredToSendStrAtWPMPcj
 .text.protected_write_io
                0x00002af2        0xa src/protected_io.o
                0x00002af2                protected_write_io
 .text._Z21si5351_get_correctionv
                0x00002afc       0x12 src/si5351.o
                0x00002afc                _Z21si5351_get_correctionv
 .text._Z13reduce_by_gcdPmS_
                0x00002b0e       0xda src/si5351.o
                0x00002b0e                _Z13reduce_by_gcdPmS_
 .text._Z8pll_calcmP13u_si5351_regs
                0x00002be8      0x156 src/si5351.o
                0x00002be8                _Z8pll_calcmP13u_si5351_regs
 .text._Z15multisynth_calcmP13u_si5351_regsPhS1_
                0x00002d3e      0x1a4 src/si5351.o
                0x00002d3e                _Z15multisynth_calcmP13u_si5351_regsPhS1_
 .text._Z19multisynth_estimatemP13u_si5351_regsPhS1_
                0x00002ee2      0x24c src/si5351.o
                0x00002ee2                _Z19multisynth_estimatemP13u_si5351_regsPhS1_
 .text._Z17si5351_write_bulkPhh
                0x0000312e       0x1c src/si5351.o
                0x0000312e                _Z17si5351_write_bulkPhh
 .text._Z7set_pllm10si5351_pll
                0x0000314a       0x7a src/si5351.o
                0x0000314a                _Z7set_pllm10si5351_pll
 .text._Z16si5351_read_bulkPhh
                0x000031c4       0x1c src/si5351.o
                0x000031c4                _Z16si5351_read_bulkPhh
 .text._Z19si5351_clock_enable12si5351_clockh
                0x000031e0       0x7e src/si5351.o
                0x000031e0                _Z19si5351_clock_enable12si5351_clockh
 .text._Z31set_multisynth_registers_source12si5351_clock10si5351_pll
                0x0000325e       0x50 src/si5351.o
                0x0000325e                _Z31set_multisynth_registers_source12si5351_clock10si5351_pll
 .text._Z16set_integer_mode12si5351_clockh
                0x000032ae       0x4c src/si5351.o
                0x000032ae                _Z16set_integer_mode12si5351_clockh
 .text._Z6ms_div12si5351_clockhh
                0x000032fa       0x7e src/si5351.o
                0x000032fa                _Z6ms_div12si5351_clockhh
 .text._Z24set_multisynth_registers12si5351_clock13u_si5351_regshhh
                0x00003378       0xe6 src/si5351.o
                0x00003378                _Z24set_multisynth_registers12si5351_clock13u_si5351_regshhh
 .text._Z15si5351_set_freqm12si5351_clockh
                0x0000345e      0x27c src/si5351.o
                0x0000345e                _Z15si5351_set_freqm12si5351_clockh
 .text.SLPCTRL_init
                0x000036da        0x4 src/slpctrl.o
                0x000036da                SLPCTRL_init
 .text.TIMERB_init
                0x000036de       0x3a src/tcb.o
                0x000036de                TIMERB_init
 .text.util_delay_ms
                0x00003718      0x116 src/tcb.o
                0x00003718                util_delay_ms
 .text.__vector_13
                0x0000382e       0x66 src/tcb.o
                0x0000382e                __vector_13
 .text._Z14txSetFrequencyPmh
                0x00003894       0x5c src/transmitter.o
                0x00003894                _Z14txSetFrequencyPmh
 .text._Z14txGetFrequencyv
                0x000038f0       0x22 src/transmitter.o
                0x000038f0                _Z14txGetFrequencyv
 .text._Z18powerToTransmitterh
                0x00003912        0x4 src/transmitter.o
                0x00003912                _Z18powerToTransmitterh
 .text._Z14keyTransmitterh
                0x00003916       0x2a src/transmitter.o
                0x00003916                _Z14keyTransmitterh
 .text._Z15txSetParametersPjPh
                0x00003940       0xea src/transmitter.o
                0x00003940                _Z15txSetParametersPjPh
 .text._Z22storeTransmitterValuesv
                0x00003a2a        0x6 src/transmitter.o
                0x00003a2a                _Z22storeTransmitterValuesv
 .text._Z24saveAllTransmitterEEPROMv
                0x00003a30       0x8c src/transmitter.o
                0x00003a30                _Z24saveAllTransmitterEEPROMv
 .text._Z22txMilliwattsToSettingsPjPhS0_S0_
                0x00003abc      0x1ae src/transmitter.o
                0x00003abc                _Z22txMilliwattsToSettingsPjPhS0_S0_
 .text._Z18txIsAntennaForBandv
                0x00003c6a       0x2a src/transmitter.o
                0x00003c6a                _Z18txIsAntennaForBandv
 .text.USART1_init
                0x00003c94       0x44 src/usart_basic.o
                0x00003c94                USART1_init
 .text.USART1_enable_tx
                0x00003cd8       0x12 src/usart_basic.o
                0x00003cd8                USART1_enable_tx
 .text.USART1_disable
                0x00003cea        0xc src/usart_basic.o
                0x00003cea                USART1_disable
 .text.USART1_get_data
                0x00003cf6        0x6 src/usart_basic.o
                0x00003cf6                USART1_get_data
 .text.avr-libc.fplib
                0x00003cfc        0xe c:/program files (x86)/atmel/studio/7.0/toolchain/avr8/avr8-gnu-toolchain/bin/../lib/gcc/avr/5.4.0/../../../../avr/lib/avrxmega4\libm.a(addsf3.o)
                0x00003cfc                __subsf3
                0x00003cfe                __addsf3
 .text.avr-libc.fplib
                0x00003d0a       0xcc c:/program files (x86)/atmel/studio/7.0/toolchain/avr8/avr8-gnu-toolchain/bin/../lib/gcc/avr/5.4.0/../../../../avr/lib/avrxmega4\libm.a(addsf3x.o)
                0x00003d2c                __addsf3x
 .text.avr-libc.fplib
                0x00003dd6        0xa c:/program files (x86)/atmel/studio/7.0/toolchain/avr8/avr8-gnu-toolchain/bin/../lib/gcc/avr/5.4.0/../../../../avr/lib/avrxmega4\libm.a(cmpsf2.o)
                0x00003dd6                __nesf2
                0x00003dd6                __eqsf2
                0x00003dd6                __cmpsf2
                0x00003dd6                __ltsf2
                0x00003dd6                __lesf2
 .text.avr-libc.fplib
                0x00003de0        0x8 c:/program files (x86)/atmel/studio/7.0/toolchain/avr8/avr8-gnu-toolchain/bin/../lib/gcc/avr/5.4.0/../../../../avr/lib/avrxmega4\libm.a(divsf3.o)
                0x00003de0                __divsf3
 .text.avr-libc.fplib
                0x00003de8       0xdc c:/program files (x86)/atmel/studio/7.0/toolchain/avr8/avr8-gnu-toolchain/bin/../lib/gcc/avr/5.4.0/../../../../avr/lib/avrxmega4\libm.a(divsf3x.o)
                0x00003e08                __divsf3x
                0x00003e0e                __divsf3_pse
 .text.avr-libc.fplib
                0x00003ec4        0xe c:/program files (x86)/atmel/studio/7.0/toolchain/avr8/avr8-gnu-toolchain/bin/../lib/gcc/avr/5.4.0/../../../../avr/lib/avrxmega4\libm.a(fixsfsi.o)
                0x00003ec4                __fixsfsi
 .text.avr-libc.fplib
                0x00003ed2       0x5e c:/program files (x86)/atmel/studio/7.0/toolchain/avr8/avr8-gnu-toolchain/bin/../lib/gcc/avr/5.4.0/../../../../avr/lib/avrxmega4\libm.a(fixunssfsi.o)
                0x00003ed2                __fixunssfsi
 .text.avr-libc.fplib
                0x00003f30       0x7a c:/program files (x86)/atmel/studio/7.0/toolchain/avr8/avr8-gnu-toolchain/bin/../lib/gcc/avr/5.4.0/../../../../avr/lib/avrxmega4\libm.a(floatsisf.o)
                0x00003f30                __floatunsisf
                0x00003f34                __floatsisf
 .text.avr-libc.fplib
                0x00003faa       0x48 c:/program files (x86)/atmel/studio/7.0/toolchain/avr8/avr8-gnu-toolchain/bin/../lib/gcc/avr/5.4.0/../../../../avr/lib/avrxmega4\libm.a(fp_cmp.o)
                0x00003faa                __fp_cmp
 .text.avr-libc.fplib
                0x00003ff2        0xc c:/program files (x86)/atmel/studio/7.0/toolchain/avr8/avr8-gnu-toolchain/bin/../lib/gcc/avr/5.4.0/../../../../avr/lib/avrxmega4\libm.a(fp_inf.o)
                0x00003ff2                __fp_inf
 .text.avr-libc.fplib
                0x00003ffe        0x6 c:/program files (x86)/atmel/studio/7.0/toolchain/avr8/avr8-gnu-toolchain/bin/../lib/gcc/avr/5.4.0/../../../../avr/lib/avrxmega4\libm.a(fp_nan.o)
                0x00003ffe                __fp_nan
 .text.avr-libc.fplib
                0x00004004        0xe c:/program files (x86)/atmel/studio/7.0/toolchain/avr8/avr8-gnu-toolchain/bin/../lib/gcc/avr/5.4.0/../../../../avr/lib/avrxmega4\libm.a(fp_pscA.o)
                0x00004004                __fp_pscA
 .text.avr-libc.fplib
                0x00004012        0xe c:/program files (x86)/atmel/studio/7.0/toolchain/avr8/avr8-gnu-toolchain/bin/../lib/gcc/avr/5.4.0/../../../../avr/lib/avrxmega4\libm.a(fp_pscB.o)
                0x00004012                __fp_pscB
 .text.avr-libc.fplib
                0x00004020       0x22 c:/program files (x86)/atmel/studio/7.0/toolchain/avr8/avr8-gnu-toolchain/bin/../lib/gcc/avr/5.4.0/../../../../avr/lib/avrxmega4\libm.a(fp_round.o)
                0x00004020                __fp_round
 .text.avr-libc.fplib
                0x00004042       0x44 c:/program files (x86)/atmel/studio/7.0/toolchain/avr8/avr8-gnu-toolchain/bin/../lib/gcc/avr/5.4.0/../../../../avr/lib/avrxmega4\libm.a(fp_split3.o)
                0x00004042                __fp_split3
                0x00004052                __fp_splitA
 .text.avr-libc.fplib
                0x00004086        0xe c:/program files (x86)/atmel/studio/7.0/toolchain/avr8/avr8-gnu-toolchain/bin/../lib/gcc/avr/5.4.0/../../../../avr/lib/avrxmega4\libm.a(fp_zero.o)
                0x00004086                __fp_zero
                0x00004088                __fp_szero
 .text.avr-libc.fplib
                0x00004094        0xa c:/program files (x86)/atmel/studio/7.0/toolchain/avr8/avr8-gnu-toolchain/bin/../lib/gcc/avr/5.4.0/../../../../avr/lib/avrxmega4\libm.a(gesf2.o)
                0x00004094                __gesf2
                0x00004094                __gtsf2
 .text.avr-libc.fplib
                0x0000409e        0x8 c:/program files (x86)/atmel/studio/7.0/toolchain/avr8/avr8-gnu-toolchain/bin/../lib/gcc/avr/5.4.0/../../../../avr/lib/avrxmega4\libm.a(mulsf3.o)
                0x0000409e                __mulsf3
 .text.avr-libc.fplib
                0x000040a6       0xd2 c:/program files (x86)/atmel/studio/7.0/toolchain/avr8/avr8-gnu-toolchain/bin/../lib/gcc/avr/5.4.0/../../../../avr/lib/avrxmega4\libm.a(mulsf3x.o)
                0x000040c4                __mulsf3x
                0x000040ca                __mulsf3_pse
 .text.libgcc.mul
                0x00004178       0x20 c:/program files (x86)/atmel/studio/7.0/toolchain/avr8/avr8-gnu-toolchain/bin/../lib/gcc/avr/5.4.0/avrxmega4\libgcc.a(_mulsi3.o)
                0x00004178                __mulsi3
 .text.libgcc.div
                0x00004198       0x28 c:/program files (x86)/atmel/studio/7.0/toolchain/avr8/avr8-gnu-toolchain/bin/../lib/gcc/avr/5.4.0/avrxmega4\libgcc.a(_udivmodhi4.o)
                0x00004198                __udivmodhi4
 .text.libgcc.div
                0x000041c0       0x28 c:/program files (x86)/atmel/studio/7.0/toolchain/avr8/avr8-gnu-toolchain/bin/../lib/gcc/avr/5.4.0/avrxmega4\libgcc.a(_divmodhi4.o)
                0x000041c0                _div
                0x000041c0                __divmodhi4
 .text.libgcc.div
                0x000041e8       0x44 c:/program files (x86)/atmel/studio/7.0/toolchain/avr8/avr8-gnu-toolchain/bin/../lib/gcc/avr/5.4.0/avrxmega4\libgcc.a(_udivmodsi4.o)
                0x000041e8                __udivmodsi4
 .text.libgcc.div
                0x0000422c       0x2e c:/program files (x86)/atmel/studio/7.0/toolchain/avr8/avr8-gnu-toolchain/bin/../lib/gcc/avr/5.4.0/avrxmega4\libgcc.a(_divmodsi4.o)
                0x0000422c                __divmodsi4
 .text.libgcc.div
                0x0000425a       0x10 c:/program files (x86)/atmel/studio/7.0/toolchain/avr8/avr8-gnu-toolchain/bin/../lib/gcc/avr/5.4.0/avrxmega4\libgcc.a(_negsi2.o)
                0x0000425a                __negsi2
 .text.libgcc   0x0000426a       0x12 c:/program files (x86)/atmel/studio/7.0/toolchain/avr8/avr8-gnu-toolchain/bin/../lib/gcc/avr/5.4.0/avrxmega4\libgcc.a(_tablejump2.o)
                0x0000426a                __tablejump2__
 .text.libgcc.mul
                0x0000427c       0x1e c:/program files (x86)/atmel/studio/7.0/toolchain/avr8/avr8-gnu-toolchain/bin/../lib/gcc/avr/5.4.0/avrxmega4\libgcc.a(_umulhisi3.o)
                0x0000427c                __umulhisi3
 .text.libgcc.mul
                0x0000429a        0xe c:/program files (x86)/atmel/studio/7.0/toolchain/avr8/avr8-gnu-toolchain/bin/../lib/gcc/avr/5.4.0/avrxmega4\libgcc.a(_usmulhisi3.o)
                0x0000429a                __usmulhisi3
                0x0000429e                __usmulhisi3_tail
 .text.libgcc.mul
                0x000042a8       0x16 c:/program files (x86)/atmel/studio/7.0/toolchain/avr8/avr8-gnu-toolchain/bin/../lib/gcc/avr/5.4.0/avrxmega4\libgcc.a(_muluhisi3.o)
                0x000042a8                __muluhisi3
 .text.libgcc.mul
                0x000042be       0x10 c:/program files (x86)/atmel/studio/7.0/toolchain/avr8/avr8-gnu-toolchain/bin/../lib/gcc/avr/5.4.0/avrxmega4\libgcc.a(_mulshisi3.o)
                0x000042be                __mulshisi3
                0x000042c4                __mulohisi3
 .text.avr-libc
                0x000042ce      0x242 c:/program files (x86)/atmel/studio/7.0/toolchain/avr8/avr8-gnu-toolchain/bin/../lib/gcc/avr/5.4.0/../../../../avr/lib/avrxmega4\libc.a(malloc.o)
                0x000042ce                malloc
                0x000043fe                free
 .text.avr-libc
                0x00004510       0x3c c:/program files (x86)/atmel/studio/7.0/toolchain/avr8/avr8-gnu-toolchain/bin/../lib/gcc/avr/5.4.0/../../../../avr/lib/avrxmega4\libc.a(atoi.o)
                0x00004510                atoi
 .text.avr-libc
                0x0000454c       0x4e c:/program files (x86)/atmel/studio/7.0/toolchain/avr8/avr8-gnu-toolchain/bin/../lib/gcc/avr/5.4.0/../../../../avr/lib/avrxmega4\libc.a(atol.o)
                0x0000454c                atol
 .text.avr-libc
                0x0000459a       0x10 c:/program files (x86)/atmel/studio/7.0/toolchain/avr8/avr8-gnu-toolchain/bin/../lib/gcc/avr/5.4.0/../../../../avr/lib/avrxmega4\libc.a(toupper.o)
                0x0000459a                toupper
 .text.avr-libc
                0x000045aa       0x1e c:/program files (x86)/atmel/studio/7.0/toolchain/avr8/avr8-gnu-toolchain/bin/../lib/gcc/avr/5.4.0/../../../../avr/lib/avrxmega4\libc.a(strncpy.o)
                0x000045aa                strncpy
 .text.avr-libc
                0x000045c8       0x2a c:/program files (x86)/atmel/studio/7.0/toolchain/avr8/avr8-gnu-toolchain/bin/../lib/gcc/avr/5.4.0/../../../../avr/lib/avrxmega4\libc.a(mulsi10.o)
                0x000045c8                __mulsi_const_10
 .text.avr-libc
                0x000045f2       0x10 c:/program files (x86)/atmel/studio/7.0/toolchain/avr8/avr8-gnu-toolchain/bin/../lib/gcc/avr/5.4.0/../../../../avr/lib/avrxmega4\libc.a(mul10.o)
                0x000045f2                __mulhi_const_10
 .text.avr-libc
                0x00004602       0x52 c:/program files (x86)/atmel/studio/7.0/toolchain/avr8/avr8-gnu-toolchain/bin/../lib/gcc/avr/5.4.0/../../../../avr/lib/avrxmega4\libc.a(sprintf.o)
                0x00004602                sprintf
 .text.avr-libc
                0x00004654      0x408 c:/program files (x86)/atmel/studio/7.0/toolchain/avr8/avr8-gnu-toolchain/bin/../lib/gcc/avr/5.4.0/../../../../avr/lib/avrxmega4\libc.a(vfprintf_std.o)
                0x00004654                vfprintf
 .text.avr-libc
                0x00004a5c       0x16 c:/program files (x86)/atmel/studio/7.0/toolchain/avr8/avr8-gnu-toolchain/bin/../lib/gcc/avr/5.4.0/../../../../avr/lib/avrxmega4\libc.a(strnlen_P.o)
                0x00004a5c                strnlen_P
 .text.avr-libc
                0x00004a72       0x16 c:/program files (x86)/atmel/studio/7.0/toolchain/avr8/avr8-gnu-toolchain/bin/../lib/gcc/avr/5.4.0/../../../../avr/lib/avrxmega4\libc.a(strnlen.o)
                0x00004a72                strnlen
 .text.avr-libc
                0x00004a88       0x78 c:/program files (x86)/atmel/studio/7.0/toolchain/avr8/avr8-gnu-toolchain/bin/../lib/gcc/avr/5.4.0/../../../../avr/lib/avrxmega4\libc.a(fputc.o)
                0x00004a88                fputc
 .text.avr-libc
                0x00004b00       0xbc c:/program files (x86)/atmel/studio/7.0/toolchain/avr8/avr8-gnu-toolchain/bin/../lib/gcc/avr/5.4.0/../../../../avr/lib/avrxmega4\libc.a(ultoa_invert.o)
                0x00004b00                __ultoa_invert
 .text.avr-libc
                0x00004bbc       0x10 C:/Program Files (x86)/Atmel/Studio/7.0/Packs/atmel/AVR-Dx_DFP/1.9.103/gcc/dev/avr128da48/avrxmega4\libavr128da48.a(eerd_byte.o)
                0x00004bbc                eeprom_read_byte
                0x00004bc4                eeprom_mapen
 .text.avr-libc
                0x00004bcc       0x18 C:/Program Files (x86)/Atmel/Studio/7.0/Packs/atmel/AVR-Dx_DFP/1.9.103/gcc/dev/avr128da48/avrxmega4\libavr128da48.a(eeupd_dword.o)
                0x00004bcc                eeprom_update_float
                0x00004bcc                eeprom_update_dword
 .text.avr-libc
                0x00004be4        0xc C:/Program Files (x86)/Atmel/Studio/7.0/Packs/atmel/AVR-Dx_DFP/1.9.103/gcc/dev/avr128da48/avrxmega4\libavr128da48.a(eeupd_word.o)
                0x00004be4                eeprom_update_word
 .text.avr-libc
                0x00004bf0       0x14 C:/Program Files (x86)/Atmel/Studio/7.0/Packs/atmel/AVR-Dx_DFP/1.9.103/gcc/dev/avr128da48/avrxmega4\libavr128da48.a(eewr_block.o)
                0x00004bf0                eeprom_write_block
 .text.avr-libc
                0x00004c04       0x28 C:/Program Files (x86)/Atmel/Studio/7.0/Packs/atmel/AVR-Dx_DFP/1.9.103/gcc/dev/avr128da48/avrxmega4\libavr128da48.a(eewr_byte.o)
                0x00004c04                eeprom_write_byte
                0x00004c06                eeprom_write_r18
 .text.avr-libc
                0x00004c2c       0x16 C:/Program Files (x86)/Atmel/Studio/7.0/Packs/atmel/AVR-Dx_DFP/1.9.103/gcc/dev/avr128da48/avrxmega4\libavr128da48.a(eeupd_byte.o)
                0x00004c2c                eeprom_update_byte
                0x00004c2e                eeprom_update_r18
                0x00004c42                . = ALIGN (0x2)
 *(.fini9)
 .fini9         0x00004c42        0x0 c:/program files (x86)/atmel/studio/7.0/toolchain/avr8/avr8-gnu-toolchain/bin/../lib/gcc/avr/5.4.0/avrxmega4\libgcc.a(_exit.o)
                0x00004c42                _exit
                0x00004c42                exit
 *(.fini9)
 *(.fini8)
 *(.fini8)
 *(.fini7)
 *(.fini7)
 *(.fini6)
 .fini6         0x00004c42       0x16 c:/program files (x86)/atmel/studio/7.0/toolchain/avr8/avr8-gnu-toolchain/bin/../lib/gcc/avr/5.4.0/avrxmega4\libgcc.a(_dtors.o)
                0x00004c42                __do_global_dtors
 *(.fini6)
 *(.fini5)
 *(.fini5)
 *(.fini4)
 *(.fini4)
 *(.fini3)
 *(.fini3)
 *(.fini2)
 *(.fini2)
 *(.fini1)
 *(.fini1)
 *(.fini0)
 .fini0         0x00004c58        0x4 c:/program files (x86)/atmel/studio/7.0/toolchain/avr8/avr8-gnu-toolchain/bin/../lib/gcc/avr/5.4.0/avrxmega4\libgcc.a(_exit.o)
 *(.fini0)
                0x00004c5c                _etext = .

.data           0x00804000       0xc4 load address 0x00004c5c
                0x00804000                PROVIDE (__data_start, .)
 *(.data)
 .data          0x00804000        0x6 c:/program files (x86)/atmel/studio/7.0/toolchain/avr8/avr8-gnu-toolchain/bin/../lib/gcc/avr/5.4.0/../../../../avr/lib/avrxmega4\libc.a(malloc.o)
                0x00804000                __malloc_heap_end
                0x00804002                __malloc_heap_start
                0x00804004                __malloc_margin
 *(.data*)
 .data.g_battery_type
                0x00804006        0x1 main.o
                0x00804006                g_battery_type
 .data._ZL15g_code_throttle
                0x00804007        0x2 main.o
 .data._ZL23g_WiFi_shutdown_seconds
                0x00804009        0x1 main.o
 .data._ZL13g_wifi_active
                0x0080400a        0x1 main.o
 .data.g_id_codespeed
                0x0080400b        0x1 main.o
                0x0080400b                g_id_codespeed
 .data.g_pattern_codespeed
                0x0080400c        0x1 main.o
                0x0080400c                g_pattern_codespeed
 .data.g_on_air_seconds
                0x0080400d        0x2 main.o
                0x0080400d                g_on_air_seconds
 .data.g_off_air_seconds
                0x0080400f        0x2 main.o
                0x0080400f                g_off_air_seconds
 .data.g_ID_period_seconds
                0x00804011        0x2 main.o
                0x00804011                g_ID_period_seconds
 .data.g_battery_empty_mV
                0x00804013        0x2 main.o
                0x00804013                g_battery_empty_mV
 .data._ZL22g_tickCountdownADCFlag
                0x00804015        0xa main.o
 .data._ZL14g_bus_disabled
                0x0080401f        0x1 src/linkbus.o
 .data._ZZ9makeMorsePcPhS0_E1c
                0x00804020        0x1 src/morse.o
 .data._ZZ9makeMorsePcPhS0_E6repeat
                0x00804021        0x1 src/morse.o
 .data._ZL9xtal_freq
                0x00804022        0x4 src/si5351.o
 .data._ZL15g_80m_frequency
                0x00804026        0x4 src/transmitter.o
 .data._ZL20g_80m_power_level_mW
                0x0080402a        0x2 src/transmitter.o
 .data._ZL13g_rtty_offset
                0x0080402c        0x4 src/transmitter.o
 .data.g_tx_power_is_zero
                0x00804030        0x1 src/transmitter.o
                0x00804030                g_tx_power_is_zero
 *(.gnu.linkonce.d*)
 *(.rodata)
 .rodata        0x00804031       0x4e main.o
 .rodata        0x0080407f        0x6 src/linkbus.o
 .rodata        0x00804085       0x10 src/transmitter.o
 *(.rodata*)
 .rodata._ZL34g_adcChannelConversionPeriod_ticks
                0x00804095        0xa main.o
 .rodata._ZL16g_filterADCValue
                0x0080409f        0xa main.o
 .rodata.str1.1
                0x008040a9       0x1a src/linkbus.o
 *(.gnu.linkonce.r*)
                0x008040c4                . = ALIGN (0x2)
 *fill*         0x008040c3        0x1 
                0x008040c4                _edata = .
                0x008040c4                PROVIDE (__data_end, .)

.bss            0x008040c4      0x256
                0x008040c4                PROVIDE (__bss_start, .)
 *(.bss)
 *(.bss*)
 .bss._ZZ11__vector_32E9charIndex
                0x008040c4        0x1 driver_isr.o
 .bss._ZZ11__vector_32E4buff
                0x008040c5        0x2 driver_isr.o
 .bss._ZZ11__vector_31E11field_index
                0x008040c7        0x1 driver_isr.o
 .bss._ZZ11__vector_31E13receiving_msg
                0x008040c8        0x1 driver_isr.o
 .bss._ZZ11__vector_31E10tempMsg_ID
                0x008040c9        0x4 driver_isr.o
 .bss._ZZ11__vector_31E9field_len
                0x008040cd        0x1 driver_isr.o
 .bss._ZZ11__vector_31E9charIndex
                0x008040ce        0x1 driver_isr.o
 .bss._ZZ11__vector_31E4buff
                0x008040cf        0x2 driver_isr.o
 .bss._ZL9g_tempStr
                0x008040d1       0x15 main.o
 .bss._ZL17g_last_error_code
                0x008040e6        0x1 main.o
 .bss._ZL18g_last_status_code
                0x008040e7        0x1 main.o
 .bss._ZL21g_util_tick_countdown
                0x008040e8        0x2 main.o
 .bss._ZL29g_battery_measurements_active
                0x008040ea        0x1 main.o
 .bss.g_antenna_connect_state
                0x008040eb        0x1 main.o
                0x008040eb                g_antenna_connect_state
 .bss._ZL12g_on_the_air
                0x008040ec        0x4 main.o
 .bss._ZL26g_sendID_seconds_countdown
                0x008040f0        0x2 main.o
 .bss._ZL19g_wifi_enable_delay
                0x008040f2        0x1 main.o
 .bss._ZL20g_shutting_down_wifi
                0x008040f3        0x1 main.o
 .bss._ZL11g_sleepType
                0x008040f4        0x1 main.o
 .bss.g_messages_text
                0x008040f5       0x2a main.o
                0x008040f5                g_messages_text
 .bss.g_time_needed_for_ID
                0x0080411f        0x2 main.o
                0x0080411f                g_time_needed_for_ID
 .bss.g_intra_cycle_delay_time
                0x00804121        0x2 main.o
                0x00804121                g_intra_cycle_delay_time
 .bss.g_event_start_time
                0x00804123        0x4 main.o
                0x00804123                g_event_start_time
 .bss.g_event_finish_time
                0x00804127        0x4 main.o
                0x00804127                g_event_finish_time
 .bss.g_event_enabled
                0x0080412b        0x1 main.o
                0x0080412b                g_event_enabled
 .bss.g_event_commenced
                0x0080412c        0x1 main.o
                0x0080412c                g_event_commenced
 .bss.g_check_for_next_event
                0x0080412d        0x1 main.o
                0x0080412d                g_check_for_next_event
 .bss.g_waiting_for_next_event
                0x0080412e        0x1 main.o
                0x0080412e                g_waiting_for_next_event
 .bss._ZL13g_go_to_sleep
                0x0080412f        0x1 main.o
 .bss._ZL12g_adcUpdated
                0x00804130        0x5 main.o
 .bss._ZL22g_lastConversionResult
                0x00804135        0xa main.o
 .bss._ZZ11__vector_41E3cnt
                0x0080413f        0x2 main.o
 .bss._ZZ11__vector_12E7codeInc
                0x00804141        0x2 main.o
 .bss._ZZ11__vector_12E3key
                0x00804143        0x1 main.o
 .bss._ZZ11__vector_12E19conversionInProcess
                0x00804144        0x1 main.o
 .bss._ZZ11__vector_12E24indexConversionInProcess
                0x00804145        0x1 main.o
 .bss._ZZ11__vector_12E20holdConversionResult
                0x00804146        0x2 main.o
 .bss._ZZ17handleLinkBusMsgsvE6pwr_mW
                0x00804148        0x2 main.o
 .bss._ZZ17handleLinkBusMsgsvE21event_parameter_count
                0x0080414a        0x1 main.o
 .bss._ZZ17handleLinkBusMsgsvE2ec
                0x0080414b        0x1 main.o
 .bss._ZZ17handleLinkBusMsgsvE8lastTime
                0x0080414c        0x4 main.o
 .bss._ZZ17handleLinkBusMsgsvE1f
                0x00804150        0x4 main.o
 .bss.g_goertzel
                0x00804154        0x1 src/adc.o
                0x00804154                g_goertzel
 .bss._ZL17g_adc_initialized
                0x00804155        0x1 src/adc.o
 .bss._ZZ11__vector_29E5count
                0x00804156        0x2 src/binio.o
 .bss.testData  0x00804158        0x2 src/Goertzel.o
                0x00804158                testData
 .bss._samplesReady
                0x0080415a        0x1 src/Goertzel.o
                0x0080415a                _samplesReady
 .bss._index    0x0080415b        0x2 src/Goertzel.o
                0x0080415b                _index
 .bss._N        0x0080415d        0x2 src/Goertzel.o
                0x0080415d                _N
 .bss._SAMPLING_FREQUENCY
                0x0080415f        0x4 src/Goertzel.o
                0x0080415f                _SAMPLING_FREQUENCY
 .bss._ZZ16nextFullRxBuffervE11bufferIndex
                0x00804163        0x1 src/linkbus.o
 .bss._ZZ17nextEmptyRxBuffervE11bufferIndex
                0x00804164        0x1 src/linkbus.o
 .bss._ZZ17nextEmptyTxBuffervE11bufferIndex
                0x00804165        0x1 src/linkbus.o
 .bss._ZZ16nextFullTxBuffervE11bufferIndex
                0x00804166        0x1 src/linkbus.o
 .bss._ZL9rx_buffer
                0x00804167       0x84 src/linkbus.o
 .bss._ZL9tx_buffer
                0x008041eb       0xc8 src/linkbus.o
 .bss._ZL17linkbus_tx_active
                0x008042b3        0x1 src/linkbus.o
 .bss._ZL13g_tempMsgBuff
                0x008042b4       0x32 src/linkbus.o
 .bss._ZZ9makeMorsePcPhS0_E9carrierOn
                0x008042e6        0x1 src/morse.o
 .bss._ZZ9makeMorsePcPhS0_E15completedString
                0x008042e7        0x1 src/morse.o
 .bss._ZZ9makeMorsePcPhS0_E10addedSpace
                0x008042e8        0x1 src/morse.o
 .bss._ZZ9makeMorsePcPhS0_E12elementIndex
                0x008042e9        0x1 src/morse.o
 .bss._ZZ9makeMorsePcPhS0_E11symbolIndex
                0x008042ea        0x1 src/morse.o
 .bss._ZZ9makeMorsePcPhS0_E9charIndex
                0x008042eb        0x1 src/morse.o
 .bss._ZZ9makeMorsePcPhS0_E15morseInProgress
                0x008042ec        0x3 src/morse.o
 .bss._ZZ9makeMorsePcPhS0_E3str
                0x008042ef        0x2 src/morse.o
 .bss._ZZ9makeMorsePcPhS0_E11holdKeyDown
                0x008042f1        0x1 src/morse.o
 .bss._ZL9clock_out
                0x008042f2        0xc src/si5351.o
 .bss._ZL17enabledClocksMask
                0x008042fe        0x1 src/si5351.o
 .bss._ZL8freqVCOB
                0x008042ff        0x4 src/si5351.o
 .bss._ZL23g_si5351_ref_correction
                0x00804303        0x4 src/si5351.o
 .bss._ZZ13util_delay_msE14countdownValue
                0x00804307        0x4 src/tcb.o
 .bss._ZZ13util_delay_msE8counting
                0x0080430b        0x1 src/tcb.o
 .bss._ZL12g_ms_counter
                0x0080430c        0x4 src/tcb.o
 .bss._ZL16g_tx_initialized
                0x00804310        0x1 src/transmitter.o
 .bss._ZL19g_transmitter_keyed
                0x00804311        0x1 src/transmitter.o
 *(COMMON)
 COMMON         0x00804312        0x4 c:/program files (x86)/atmel/studio/7.0/toolchain/avr8/avr8-gnu-toolchain/bin/../lib/gcc/avr/5.4.0/../../../../avr/lib/avrxmega4\libc.a(malloc.o)
                0x00804312                __brkval
                0x00804314                __flp
 COMMON         0x00804316        0x4 c:/program files (x86)/atmel/studio/7.0/toolchain/avr8/avr8-gnu-toolchain/bin/../lib/gcc/avr/5.4.0/../../../../avr/lib/avrxmega4\libc.a(system_time.o)
                0x00804316                __system_time
                0x0080431a                PROVIDE (__bss_end, .)
                0x00004c5c                __data_load_start = LOADADDR (.data)
                0x00004d20                __data_load_end = (__data_load_start + SIZEOF (.data))

.noinit         0x0080431a        0x0
                [!provide]                PROVIDE (__noinit_start, .)
 *(.noinit*)
                [!provide]                PROVIDE (__noinit_end, .)
                0x0080431a                _end = .
                0x0080431a                PROVIDE (__heap_start, .)

.eeprom         0x00810000       0x1f
 *(.eeprom*)
 .eeprom        0x00810000       0x1f src/transmitter.o
                0x0081001f                __eeprom_end = .

.fuse
 *(.fuse)
 *(.lfuse)
 *(.hfuse)
 *(.efuse)

.lock
 *(.lock*)

.signature
 *(.signature*)

.user_signatures
 *(.user_signatures*)

.stab
 *(.stab)

.stabstr
 *(.stabstr)

.stab.excl
 *(.stab.excl)

.stab.exclstr
 *(.stab.exclstr)

.stab.index
 *(.stab.index)

.stab.indexstr
 *(.stab.indexstr)

.comment        0x00000000       0x5c
 *(.comment)
 .comment       0x00000000       0x30 atmel_start.o
                                 0x31 (size before relaxing)
 .comment       0x00000030       0x31 driver_isr.o
 .comment       0x00000030       0x31 main.o
 .comment       0x00000030       0x31 src/adc.o
 .comment       0x00000030       0x31 src/binio.o
 .comment       0x00000030       0x31 src/bod.o
 .comment       0x00000030       0x31 src/clkctrl.o
 .comment       0x00000030       0x31 src/cpuint.o
 .comment       0x00000030       0x31 src/dac0.o
 .comment       0x00000030       0x31 src/driver_init.o
 .comment       0x00000030       0x31 src/ds3231.o
 .comment       0x00000030       0x31 src/Goertzel.o
 .comment       0x00000030       0x31 src/i2c.o
 .comment       0x00000030       0x31 src/linkbus.o
 .comment       0x00000030       0x31 src/morse.o
 .comment       0x00000030       0x31 src/si5351.o
 .comment       0x00000030       0x31 src/slpctrl.o
 .comment       0x00000030       0x31 src/tcb.o
 .comment       0x00000030       0x31 src/transmitter.o
 .comment       0x00000030       0x31 src/usart_basic.o
 .comment       0x00000030       0x31 c:/program files (x86)/atmel/studio/7.0/toolchain/avr8/avr8-gnu-toolchain/bin/../lib/gcc/avr/5.4.0/../../../../avr/lib/avrxmega4\libc.a(malloc.o)
 .comment       0x00000030       0x31 c:/program files (x86)/atmel/studio/7.0/toolchain/avr8/avr8-gnu-toolchain/bin/../lib/gcc/avr/5.4.0/../../../../avr/lib/avrxmega4\libc.a(sprintf.o)
 .comment       0x00000030       0x31 c:/program files (x86)/atmel/studio/7.0/toolchain/avr8/avr8-gnu-toolchain/bin/../lib/gcc/avr/5.4.0/../../../../avr/lib/avrxmega4\libc.a(month_length.o)
 .comment       0x00000030       0x31 c:/program files (x86)/atmel/studio/7.0/toolchain/avr8/avr8-gnu-toolchain/bin/../lib/gcc/avr/5.4.0/../../../../avr/lib/avrxmega4\libc.a(set_system_time.o)
 .comment       0x00000030       0x31 c:/program files (x86)/atmel/studio/7.0/toolchain/avr8/avr8-gnu-toolchain/bin/../lib/gcc/avr/5.4.0/../../../../avr/lib/avrxmega4\libc.a(system_time.o)
 .comment       0x00000030       0x31 c:/program files (x86)/atmel/studio/7.0/toolchain/avr8/avr8-gnu-toolchain/bin/../lib/gcc/avr/5.4.0/../../../../avr/lib/avrxmega4\libc.a(time.o)
 .comment       0x00000030       0x2c c:/program files (x86)/atmel/studio/7.0/toolchain/avr8/avr8-gnu-toolchain/bin/../lib/gcc/avr/5.4.0/../../../../avr/lib/avrxmega4\libc.a(vfprintf_std.o)
                                 0x2d (size before relaxing)
 .comment       0x0000005c       0x31 c:/program files (x86)/atmel/studio/7.0/toolchain/avr8/avr8-gnu-toolchain/bin/../lib/gcc/avr/5.4.0/../../../../avr/lib/avrxmega4\libc.a(fputc.o)
 .comment       0x0000005c       0x31 c:/program files (x86)/atmel/studio/7.0/toolchain/avr8/avr8-gnu-toolchain/bin/../lib/gcc/avr/5.4.0/../../../../avr/lib/avrxmega4\libc.a(isLeap.o)

.note.gnu.avr.deviceinfo
                0x00000000       0x40
 .note.gnu.avr.deviceinfo
                0x00000000       0x40 C:/Program Files (x86)/Atmel/Studio/7.0/Packs/atmel/AVR-Dx_DFP/1.9.103/gcc/dev/avr128da48/avrxmega4/crtavr128da48.o

.note.gnu.build-id
 *(.note.gnu.build-id)

.debug
 *(.debug)

.line
 *(.line)

.debug_srcinfo
 *(.debug_srcinfo)

.debug_sfnames
 *(.debug_sfnames)

.debug_aranges  0x00000000      0x720
 *(.debug_aranges)
 .debug_aranges
                0x00000000       0x20 atmel_start.o
 .debug_aranges
                0x00000020       0x30 driver_isr.o
 .debug_aranges
                0x00000050       0xa0 main.o
 .debug_aranges
                0x000000f0       0x88 src/adc.o
 .debug_aranges
                0x00000178       0x38 src/binio.o
 .debug_aranges
                0x000001b0       0x20 src/bod.o
 .debug_aranges
                0x000001d0       0x20 src/clkctrl.o
 .debug_aranges
                0x000001f0       0x20 src/cpuint.o
 .debug_aranges
                0x00000210       0x30 src/dac0.o
 .debug_aranges
                0x00000240       0x28 src/driver_init.o
 .debug_aranges
                0x00000268       0x48 src/ds3231.o
 .debug_aranges
                0x000002b0       0x60 src/Goertzel.o
 .debug_aranges
                0x00000310       0x78 src/i2c.o
 .debug_aranges
                0x00000388       0x98 src/linkbus.o
 .debug_aranges
                0x00000420       0x30 src/morse.o
 .debug_aranges
                0x00000450       0x20 src/protected_io.o
 .debug_aranges
                0x00000470       0xb8 src/si5351.o
 .debug_aranges
                0x00000528       0x28 src/slpctrl.o
 .debug_aranges
                0x00000550       0x30 src/tcb.o
 .debug_aranges
                0x00000580       0x70 src/transmitter.o
 .debug_aranges
                0x000005f0       0x70 src/usart_basic.o
 .debug_aranges
                0x00000660       0x20 C:/Program Files (x86)/Atmel/Studio/7.0/Packs/atmel/AVR-Dx_DFP/1.9.103/gcc/dev/avr128da48/avrxmega4\libavr128da48.a(eerd_byte.o)
 .debug_aranges
                0x00000680       0x20 C:/Program Files (x86)/Atmel/Studio/7.0/Packs/atmel/AVR-Dx_DFP/1.9.103/gcc/dev/avr128da48/avrxmega4\libavr128da48.a(eeupd_dword.o)
 .debug_aranges
                0x000006a0       0x20 C:/Program Files (x86)/Atmel/Studio/7.0/Packs/atmel/AVR-Dx_DFP/1.9.103/gcc/dev/avr128da48/avrxmega4\libavr128da48.a(eeupd_word.o)
 .debug_aranges
                0x000006c0       0x20 C:/Program Files (x86)/Atmel/Studio/7.0/Packs/atmel/AVR-Dx_DFP/1.9.103/gcc/dev/avr128da48/avrxmega4\libavr128da48.a(eewr_block.o)
 .debug_aranges
                0x000006e0       0x20 C:/Program Files (x86)/Atmel/Studio/7.0/Packs/atmel/AVR-Dx_DFP/1.9.103/gcc/dev/avr128da48/avrxmega4\libavr128da48.a(eewr_byte.o)
 .debug_aranges
                0x00000700       0x20 C:/Program Files (x86)/Atmel/Studio/7.0/Packs/atmel/AVR-Dx_DFP/1.9.103/gcc/dev/avr128da48/avrxmega4\libavr128da48.a(eeupd_byte.o)

.debug_pubnames
 *(.debug_pubnames)

.debug_info     0x00000000     0xc69c
 *(.debug_info .gnu.linkonce.wi.*)
 .debug_info    0x00000000     0x2c24 C:/Program Files (x86)/Atmel/Studio/7.0/Packs/atmel/AVR-Dx_DFP/1.9.103/gcc/dev/avr128da48/avrxmega4/crtavr128da48.o
 .debug_info    0x00002c24       0x99 atmel_start.o
 .debug_info    0x00002cbd      0x636 driver_isr.o
 .debug_info    0x000032f3     0x1b5f main.o
 .debug_info    0x00004e52      0xe72 src/adc.o
 .debug_info    0x00005cc4      0xdf7 src/binio.o
 .debug_info    0x00006abb      0x188 src/bod.o
 .debug_info    0x00006c43      0x2cd src/clkctrl.o
 .debug_info    0x00006f10       0x8d src/cpuint.o
 .debug_info    0x00006f9d      0x464 src/dac0.o
 .debug_info    0x00007401      0x562 src/driver_init.o
 .debug_info    0x00007963      0x62c src/ds3231.o
 .debug_info    0x00007f8f      0x6a7 src/Goertzel.o
 .debug_info    0x00008636      0x5dd src/i2c.o
 .debug_info    0x00008c13      0xdf0 src/linkbus.o
 .debug_info    0x00009a03      0x2e8 src/morse.o
 .debug_info    0x00009ceb       0x7f src/protected_io.o
 .debug_info    0x00009d6a     0x12cb src/si5351.o
 .debug_info    0x0000b035      0x135 src/slpctrl.o
 .debug_info    0x0000b16a      0x2e3 src/tcb.o
 .debug_info    0x0000b44d      0xb16 src/transmitter.o
 .debug_info    0x0000bf63      0x37a src/usart_basic.o
 .debug_info    0x0000c2dd       0x9f C:/Program Files (x86)/Atmel/Studio/7.0/Packs/atmel/AVR-Dx_DFP/1.9.103/gcc/dev/avr128da48/avrxmega4\libavr128da48.a(eerd_byte.o)
 .debug_info    0x0000c37c       0xa1 C:/Program Files (x86)/Atmel/Studio/7.0/Packs/atmel/AVR-Dx_DFP/1.9.103/gcc/dev/avr128da48/avrxmega4\libavr128da48.a(eeupd_dword.o)
 .debug_info    0x0000c41d       0xa0 C:/Program Files (x86)/Atmel/Studio/7.0/Packs/atmel/AVR-Dx_DFP/1.9.103/gcc/dev/avr128da48/avrxmega4\libavr128da48.a(eeupd_word.o)
 .debug_info    0x0000c4bd       0xa0 C:/Program Files (x86)/Atmel/Studio/7.0/Packs/atmel/AVR-Dx_DFP/1.9.103/gcc/dev/avr128da48/avrxmega4\libavr128da48.a(eewr_block.o)
 .debug_info    0x0000c55d       0x9f C:/Program Files (x86)/Atmel/Studio/7.0/Packs/atmel/AVR-Dx_DFP/1.9.103/gcc/dev/avr128da48/avrxmega4\libavr128da48.a(eewr_byte.o)
 .debug_info    0x0000c5fc       0xa0 C:/Program Files (x86)/Atmel/Studio/7.0/Packs/atmel/AVR-Dx_DFP/1.9.103/gcc/dev/avr128da48/avrxmega4\libavr128da48.a(eeupd_byte.o)

.debug_abbrev   0x00000000     0x4e7c
 *(.debug_abbrev)
 .debug_abbrev  0x00000000     0x29ce C:/Program Files (x86)/Atmel/Studio/7.0/Packs/atmel/AVR-Dx_DFP/1.9.103/gcc/dev/avr128da48/avrxmega4/crtavr128da48.o
 .debug_abbrev  0x000029ce       0x61 atmel_start.o
 .debug_abbrev  0x00002a2f      0x19a driver_isr.o
 .debug_abbrev  0x00002bc9      0x39f main.o
 .debug_abbrev  0x00002f68      0x382 src/adc.o
 .debug_abbrev  0x000032ea      0x258 src/binio.o
 .debug_abbrev  0x00003542       0xaf src/bod.o
 .debug_abbrev  0x000035f1      0x115 src/clkctrl.o
 .debug_abbrev  0x00003706       0x51 src/cpuint.o
 .debug_abbrev  0x00003757      0x151 src/dac0.o
 .debug_abbrev  0x000038a8      0x1a4 src/driver_init.o
 .debug_abbrev  0x00003a4c      0x1e4 src/ds3231.o
 .debug_abbrev  0x00003c30      0x2b1 src/Goertzel.o
 .debug_abbrev  0x00003ee1      0x18c src/i2c.o
 .debug_abbrev  0x0000406d      0x3a6 src/linkbus.o
 .debug_abbrev  0x00004413      0x147 src/morse.o
 .debug_abbrev  0x0000455a       0x14 src/protected_io.o
 .debug_abbrev  0x0000456e      0x2a8 src/si5351.o
 .debug_abbrev  0x00004816       0xc2 src/slpctrl.o
 .debug_abbrev  0x000048d8      0x141 src/tcb.o
 .debug_abbrev  0x00004a19      0x298 src/transmitter.o
 .debug_abbrev  0x00004cb1      0x153 src/usart_basic.o
 .debug_abbrev  0x00004e04       0x14 C:/Program Files (x86)/Atmel/Studio/7.0/Packs/atmel/AVR-Dx_DFP/1.9.103/gcc/dev/avr128da48/avrxmega4\libavr128da48.a(eerd_byte.o)
 .debug_abbrev  0x00004e18       0x14 C:/Program Files (x86)/Atmel/Studio/7.0/Packs/atmel/AVR-Dx_DFP/1.9.103/gcc/dev/avr128da48/avrxmega4\libavr128da48.a(eeupd_dword.o)
 .debug_abbrev  0x00004e2c       0x14 C:/Program Files (x86)/Atmel/Studio/7.0/Packs/atmel/AVR-Dx_DFP/1.9.103/gcc/dev/avr128da48/avrxmega4\libavr128da48.a(eeupd_word.o)
 .debug_abbrev  0x00004e40       0x14 C:/Program Files (x86)/Atmel/Studio/7.0/Packs/atmel/AVR-Dx_DFP/1.9.103/gcc/dev/avr128da48/avrxmega4\libavr128da48.a(eewr_block.o)
 .debug_abbrev  0x00004e54       0x14 C:/Program Files (x86)/Atmel/Studio/7.0/Packs/atmel/AVR-Dx_DFP/1.9.103/gcc/dev/avr128da48/avrxmega4\libavr128da48.a(eewr_byte.o)
 .debug_abbrev  0x00004e68       0x14 C:/Program Files (x86)/Atmel/Studio/7.0/Packs/atmel/AVR-Dx_DFP/1.9.103/gcc/dev/avr128da48/avrxmega4\libavr128da48.a(eeupd_byte.o)

.debug_line     0x00000000     0x4e9a
 *(.debug_line .debug_line.* .debug_line_end)
 .debug_line    0x00000000      0x1f3 C:/Program Files (x86)/Atmel/Studio/7.0/Packs/atmel/AVR-Dx_DFP/1.9.103/gcc/dev/avr128da48/avrxmega4/crtavr128da48.o
 .debug_line    0x000001f3       0x64 atmel_start.o
 .debug_line    0x00000257      0x320 driver_isr.o
 .debug_line    0x00000577      0xb63 main.o
 .debug_line    0x000010da      0x416 src/adc.o
 .debug_line    0x000014f0      0x250 src/binio.o
 .debug_line    0x00001740      0x10f src/bod.o
 .debug_line    0x0000184f      0x13d src/clkctrl.o
 .debug_line    0x0000198c       0xad src/cpuint.o
 .debug_line    0x00001a39      0x17b src/dac0.o
 .debug_line    0x00001bb4      0x2b2 src/driver_init.o
 .debug_line    0x00001e66      0x362 src/ds3231.o
 .debug_line    0x000021c8      0x29e src/Goertzel.o
 .debug_line    0x00002466      0x48e src/i2c.o
 .debug_line    0x000028f4      0x5cd src/linkbus.o
 .debug_line    0x00002ec1      0x873 src/morse.o
 .debug_line    0x00003734       0x5b src/protected_io.o
 .debug_line    0x0000378f      0x916 src/si5351.o
 .debug_line    0x000040a5      0x123 src/slpctrl.o
 .debug_line    0x000041c8      0x227 src/tcb.o
 .debug_line    0x000043ef      0x55b src/transmitter.o
 .debug_line    0x0000494a      0x239 src/usart_basic.o
 .debug_line    0x00004b83       0x79 C:/Program Files (x86)/Atmel/Studio/7.0/Packs/atmel/AVR-Dx_DFP/1.9.103/gcc/dev/avr128da48/avrxmega4\libavr128da48.a(eerd_byte.o)
 .debug_line    0x00004bfc       0x7b C:/Program Files (x86)/Atmel/Studio/7.0/Packs/atmel/AVR-Dx_DFP/1.9.103/gcc/dev/avr128da48/avrxmega4\libavr128da48.a(eeupd_dword.o)
 .debug_line    0x00004c77       0x62 C:/Program Files (x86)/Atmel/Studio/7.0/Packs/atmel/AVR-Dx_DFP/1.9.103/gcc/dev/avr128da48/avrxmega4\libavr128da48.a(eeupd_word.o)
 .debug_line    0x00004cd9       0x80 C:/Program Files (x86)/Atmel/Studio/7.0/Packs/atmel/AVR-Dx_DFP/1.9.103/gcc/dev/avr128da48/avrxmega4\libavr128da48.a(eewr_block.o)
 .debug_line    0x00004d59       0xc1 C:/Program Files (x86)/Atmel/Studio/7.0/Packs/atmel/AVR-Dx_DFP/1.9.103/gcc/dev/avr128da48/avrxmega4\libavr128da48.a(eewr_byte.o)
 .debug_line    0x00004e1a       0x80 C:/Program Files (x86)/Atmel/Studio/7.0/Packs/atmel/AVR-Dx_DFP/1.9.103/gcc/dev/avr128da48/avrxmega4\libavr128da48.a(eeupd_byte.o)

.debug_frame    0x00000000     0x12bc
 *(.debug_frame)
 .debug_frame   0x00000000       0x24 atmel_start.o
 .debug_frame   0x00000024       0xf8 driver_isr.o
 .debug_frame   0x0000011c      0x1c0 main.o
 .debug_frame   0x000002dc      0x194 src/adc.o
 .debug_frame   0x00000470       0x68 src/binio.o
 .debug_frame   0x000004d8       0x24 src/bod.o
 .debug_frame   0x000004fc       0x24 src/clkctrl.o
 .debug_frame   0x00000520       0x24 src/cpuint.o
 .debug_frame   0x00000544       0x44 src/dac0.o
 .debug_frame   0x00000588       0x34 src/driver_init.o
 .debug_frame   0x000005bc      0x134 src/ds3231.o
 .debug_frame   0x000006f0      0x184 src/Goertzel.o
 .debug_frame   0x00000874      0x144 src/i2c.o
 .debug_frame   0x000009b8      0x190 src/linkbus.o
 .debug_frame   0x00000b48       0x74 src/morse.o
 .debug_frame   0x00000bbc      0x454 src/si5351.o
 .debug_frame   0x00001010       0x34 src/slpctrl.o
 .debug_frame   0x00001044       0x70 src/tcb.o
 .debug_frame   0x000010b4      0x144 src/transmitter.o
 .debug_frame   0x000011f8       0xc4 src/usart_basic.o

.debug_str      0x00000000     0x4f63
 *(.debug_str)
 .debug_str     0x00000000     0x1320 C:/Program Files (x86)/Atmel/Studio/7.0/Packs/atmel/AVR-Dx_DFP/1.9.103/gcc/dev/avr128da48/avrxmega4/crtavr128da48.o
 .debug_str     0x00001320      0x192 atmel_start.o
                                0x1c6 (size before relaxing)
 .debug_str     0x000014b2      0x3f8 driver_isr.o
                                0x5e2 (size before relaxing)
 .debug_str     0x000018aa     0x12f2 main.o
                               0x182d (size before relaxing)
 .debug_str     0x00002b9c      0xa04 src/adc.o
                                0xd55 (size before relaxing)
 .debug_str     0x000035a0      0x24a src/binio.o
                                0x58e (size before relaxing)
 .debug_str     0x000037ea       0x80 src/bod.o
                                0x269 (size before relaxing)
 .debug_str     0x0000386a      0x1be src/clkctrl.o
                                0x39f (size before relaxing)
 .debug_str     0x00003a28       0x1e src/cpuint.o
                                0x1b9 (size before relaxing)
 .debug_str     0x00003a46       0x60 src/dac0.o
                                0x465 (size before relaxing)
 .debug_str     0x00003aa6       0x72 src/driver_init.o
                                0x3cd (size before relaxing)
 .debug_str     0x00003b18       0xe8 src/ds3231.o
                                0x71e (size before relaxing)
 .debug_str     0x00003c00       0xe5 src/Goertzel.o
                                0x4a3 (size before relaxing)
 .debug_str     0x00003ce5      0x294 src/i2c.o
                                0x47f (size before relaxing)
 .debug_str     0x00003f79      0x205 src/linkbus.o
                                0xa71 (size before relaxing)
 .debug_str     0x0000417e       0xe3 src/morse.o
                                0x316 (size before relaxing)
 .debug_str     0x00004261      0x736 src/si5351.o
                                0xd4b (size before relaxing)
 .debug_str     0x00004997       0xbb src/slpctrl.o
                                0x27d (size before relaxing)
 .debug_str     0x00004a52       0xbb src/tcb.o
                                0x322 (size before relaxing)
 .debug_str     0x00004b0d      0x330 src/transmitter.o
                                0xd6a (size before relaxing)
 .debug_str     0x00004e3d      0x126 src/usart_basic.o
                                0x3de (size before relaxing)

.debug_loc      0x00000000     0x5c59
 *(.debug_loc)
 .debug_loc     0x00000000      0x250 driver_isr.o
 .debug_loc     0x00000250      0xb6d main.o
 .debug_loc     0x00000dbd      0x463 src/adc.o
 .debug_loc     0x00001220      0x6e7 src/binio.o
 .debug_loc     0x00001907       0x2a src/clkctrl.o
 .debug_loc     0x00001931       0x26 src/dac0.o
 .debug_loc     0x00001957       0xbb src/driver_init.o
 .debug_loc     0x00001a12      0x6a4 src/ds3231.o
 .debug_loc     0x000020b6      0x644 src/Goertzel.o
 .debug_loc     0x000026fa      0x576 src/i2c.o
 .debug_loc     0x00002c70      0x6db src/linkbus.o
 .debug_loc     0x0000334b      0x8f6 src/morse.o
 .debug_loc     0x00003c41     0x17d4 src/si5351.o
 .debug_loc     0x00005415       0x21 src/slpctrl.o
 .debug_loc     0x00005436       0x92 src/tcb.o
 .debug_loc     0x000054c8      0x765 src/transmitter.o
 .debug_loc     0x00005c2d       0x2c src/usart_basic.o

.debug_macinfo
 *(.debug_macinfo)

.debug_weaknames
 *(.debug_weaknames)

.debug_funcnames
 *(.debug_funcnames)

.debug_typenames
 *(.debug_typenames)

.debug_varnames
 *(.debug_varnames)

.debug_pubtypes
 *(.debug_pubtypes)

.debug_ranges   0x00000000      0x5f0
 *(.debug_ranges)
 .debug_ranges  0x00000000       0x10 atmel_start.o
 .debug_ranges  0x00000010       0x20 driver_isr.o
 .debug_ranges  0x00000030      0x138 main.o
 .debug_ranges  0x00000168       0x78 src/adc.o
 .debug_ranges  0x000001e0       0x28 src/binio.o
 .debug_ranges  0x00000208       0x10 src/bod.o
 .debug_ranges  0x00000218       0x10 src/clkctrl.o
 .debug_ranges  0x00000228       0x10 src/cpuint.o
 .debug_ranges  0x00000238       0x20 src/dac0.o
 .debug_ranges  0x00000258       0x18 src/driver_init.o
 .debug_ranges  0x00000270       0x38 src/ds3231.o
 .debug_ranges  0x000002a8       0x50 src/Goertzel.o
 .debug_ranges  0x000002f8       0x68 src/i2c.o
 .debug_ranges  0x00000360       0xa0 src/linkbus.o
 .debug_ranges  0x00000400       0x38 src/morse.o
 .debug_ranges  0x00000438       0xc0 src/si5351.o
 .debug_ranges  0x000004f8       0x18 src/slpctrl.o
 .debug_ranges  0x00000510       0x20 src/tcb.o
 .debug_ranges  0x00000530       0x60 src/transmitter.o
 .debug_ranges  0x00000590       0x60 src/usart_basic.o

.debug_macro
 *(.debug_macro)
OUTPUT(FlexFox80.elf elf32-avr)
LOAD linker stubs
