Archive member included to satisfy reference by file (symbol)

c:/program files (x86)/atmel/studio/7.0/toolchain/avr8/avr8-gnu-toolchain/bin/../lib/gcc/avr/5.4.0/../../../../avr/lib/avrxmega4\libm.a(addsf3.o)
                              src/Goertzel.o (__subsf3)
c:/program files (x86)/atmel/studio/7.0/toolchain/avr8/avr8-gnu-toolchain/bin/../lib/gcc/avr/5.4.0/../../../../avr/lib/avrxmega4\libm.a(addsf3x.o)
                              c:/program files (x86)/atmel/studio/7.0/toolchain/avr8/avr8-gnu-toolchain/bin/../lib/gcc/avr/5.4.0/../../../../avr/lib/avrxmega4\libm.a(addsf3.o) (__addsf3x)
c:/program files (x86)/atmel/studio/7.0/toolchain/avr8/avr8-gnu-toolchain/bin/../lib/gcc/avr/5.4.0/../../../../avr/lib/avrxmega4\libm.a(ceil.o)
                              src/util.o (ceil)
c:/program files (x86)/atmel/studio/7.0/toolchain/avr8/avr8-gnu-toolchain/bin/../lib/gcc/avr/5.4.0/../../../../avr/lib/avrxmega4\libm.a(cmpsf2.o)
                              src/Goertzel.o (__ltsf2)
c:/program files (x86)/atmel/studio/7.0/toolchain/avr8/avr8-gnu-toolchain/bin/../lib/gcc/avr/5.4.0/../../../../avr/lib/avrxmega4\libm.a(cos.o)
                              src/Goertzel.o (cos)
c:/program files (x86)/atmel/studio/7.0/toolchain/avr8/avr8-gnu-toolchain/bin/../lib/gcc/avr/5.4.0/../../../../avr/lib/avrxmega4\libm.a(divsf3.o)
                              src/Goertzel.o (__divsf3)
c:/program files (x86)/atmel/studio/7.0/toolchain/avr8/avr8-gnu-toolchain/bin/../lib/gcc/avr/5.4.0/../../../../avr/lib/avrxmega4\libm.a(divsf3x.o)
                              c:/program files (x86)/atmel/studio/7.0/toolchain/avr8/avr8-gnu-toolchain/bin/../lib/gcc/avr/5.4.0/../../../../avr/lib/avrxmega4\libm.a(divsf3.o) (__divsf3x)
c:/program files (x86)/atmel/studio/7.0/toolchain/avr8/avr8-gnu-toolchain/bin/../lib/gcc/avr/5.4.0/../../../../avr/lib/avrxmega4\libm.a(fixsfsi.o)
                              src/Goertzel.o (__fixsfsi)
c:/program files (x86)/atmel/studio/7.0/toolchain/avr8/avr8-gnu-toolchain/bin/../lib/gcc/avr/5.4.0/../../../../avr/lib/avrxmega4\libm.a(fixunssfsi.o)
                              main.o (__fixunssfsi)
c:/program files (x86)/atmel/studio/7.0/toolchain/avr8/avr8-gnu-toolchain/bin/../lib/gcc/avr/5.4.0/../../../../avr/lib/avrxmega4\libm.a(floatsisf.o)
                              main.o (__floatunsisf)
c:/program files (x86)/atmel/studio/7.0/toolchain/avr8/avr8-gnu-toolchain/bin/../lib/gcc/avr/5.4.0/../../../../avr/lib/avrxmega4\libm.a(fp_cmp.o)
                              c:/program files (x86)/atmel/studio/7.0/toolchain/avr8/avr8-gnu-toolchain/bin/../lib/gcc/avr/5.4.0/../../../../avr/lib/avrxmega4\libm.a(cmpsf2.o) (__fp_cmp)
c:/program files (x86)/atmel/studio/7.0/toolchain/avr8/avr8-gnu-toolchain/bin/../lib/gcc/avr/5.4.0/../../../../avr/lib/avrxmega4\libm.a(fp_inf.o)
                              c:/program files (x86)/atmel/studio/7.0/toolchain/avr8/avr8-gnu-toolchain/bin/../lib/gcc/avr/5.4.0/../../../../avr/lib/avrxmega4\libm.a(addsf3x.o) (__fp_inf)
c:/program files (x86)/atmel/studio/7.0/toolchain/avr8/avr8-gnu-toolchain/bin/../lib/gcc/avr/5.4.0/../../../../avr/lib/avrxmega4\libm.a(fp_mintl.o)
                              c:/program files (x86)/atmel/studio/7.0/toolchain/avr8/avr8-gnu-toolchain/bin/../lib/gcc/avr/5.4.0/../../../../avr/lib/avrxmega4\libm.a(ceil.o) (__fp_mintl)
c:/program files (x86)/atmel/studio/7.0/toolchain/avr8/avr8-gnu-toolchain/bin/../lib/gcc/avr/5.4.0/../../../../avr/lib/avrxmega4\libm.a(fp_mpack.o)
                              c:/program files (x86)/atmel/studio/7.0/toolchain/avr8/avr8-gnu-toolchain/bin/../lib/gcc/avr/5.4.0/../../../../avr/lib/avrxmega4\libm.a(ceil.o) (__fp_mpack)
c:/program files (x86)/atmel/studio/7.0/toolchain/avr8/avr8-gnu-toolchain/bin/../lib/gcc/avr/5.4.0/../../../../avr/lib/avrxmega4\libm.a(fp_nan.o)
                              c:/program files (x86)/atmel/studio/7.0/toolchain/avr8/avr8-gnu-toolchain/bin/../lib/gcc/avr/5.4.0/../../../../avr/lib/avrxmega4\libm.a(addsf3x.o) (__fp_nan)
c:/program files (x86)/atmel/studio/7.0/toolchain/avr8/avr8-gnu-toolchain/bin/../lib/gcc/avr/5.4.0/../../../../avr/lib/avrxmega4\libm.a(fp_pscA.o)
                              c:/program files (x86)/atmel/studio/7.0/toolchain/avr8/avr8-gnu-toolchain/bin/../lib/gcc/avr/5.4.0/../../../../avr/lib/avrxmega4\libm.a(addsf3x.o) (__fp_pscA)
c:/program files (x86)/atmel/studio/7.0/toolchain/avr8/avr8-gnu-toolchain/bin/../lib/gcc/avr/5.4.0/../../../../avr/lib/avrxmega4\libm.a(fp_pscB.o)
                              c:/program files (x86)/atmel/studio/7.0/toolchain/avr8/avr8-gnu-toolchain/bin/../lib/gcc/avr/5.4.0/../../../../avr/lib/avrxmega4\libm.a(addsf3x.o) (__fp_pscB)
c:/program files (x86)/atmel/studio/7.0/toolchain/avr8/avr8-gnu-toolchain/bin/../lib/gcc/avr/5.4.0/../../../../avr/lib/avrxmega4\libm.a(fp_rempio2.o)
[...]
Memory Configuration

Name             Origin             Length             Attributes
text             0x00000000         0x00020000         xr
data             0x00804000         0x00004000         rw !x
eeprom           0x00810000         0x00000200         rw !x
fuse             0x00820000         0x00000010         rw !x
lock             0x00830000         0x00000400         rw !x
signature        0x00840000         0x00000400         rw !x
user_signatures  0x00850000         0x00000400         rw !x
*default*        0x00000000         0xffffffff

Linker script and memory map

Address of section .data set to 0x804000
                0x00008000                __RODATA_PM_OFFSET__ = 0x8000
LOAD C:/Program Files (x86)/Atmel/Studio/7.0/Packs/atmel/AVR-Dx_DFP/1.9.103/gcc/dev/avr128da48/avrxmega4/crtavr128da48.o
LOAD atmel_start.o
LOAD driver_isr.o
LOAD main.o
LOAD src/adc.o
LOAD src/binio.o
LOAD src/bod.o
LOAD src/clkctrl.o
LOAD src/cpuint.o
LOAD src/dac0.o
LOAD src/driver_init.o
LOAD src/ds3231.o
LOAD src/eeprommanager.o
LOAD src/Goertzel.o
LOAD src/huzzah.o
LOAD src/i2c.o
LOAD src/leds.o
LOAD src/linkbus.o
LOAD src/morse.o
LOAD src/protected_io.o
LOAD src/serialbus.o
LOAD src/si5351.o
LOAD src/slpctrl.o
LOAD src/tcb.o
LOAD src/transmitter.o
LOAD src/usart_basic.o
LOAD src/util.o
START GROUP
LOAD c:/program files (x86)/atmel/studio/7.0/toolchain/avr8/avr8-gnu-toolchain/bin/../lib/gcc/avr/5.4.0/../../../../avr/lib/avrxmega4\libm.a
END GROUP
LOAD c:/program files (x86)/atmel/studio/7.0/toolchain/avr8/avr8-gnu-toolchain/bin/../lib/gcc/avr/5.4.0/avrxmega4\libgcc.a
LOAD c:/program files (x86)/atmel/studio/7.0/toolchain/avr8/avr8-gnu-toolchain/bin/../lib/gcc/avr/5.4.0/../../../../avr/lib/avrxmega4\libm.a
START GROUP
LOAD c:/program files (x86)/atmel/studio/7.0/toolchain/avr8/avr8-gnu-toolchain/bin/../lib/gcc/avr/5.4.0/avrxmega4\libgcc.a
LOAD c:/program files (x86)/atmel/studio/7.0/toolchain/avr8/avr8-gnu-toolchain/bin/../lib/gcc/avr/5.4.0/../../../../avr/lib/avrxmega4\libm.a
LOAD c:/program files (x86)/atmel/studio/7.0/toolchain/avr8/avr8-gnu-toolchain/bin/../lib/gcc/avr/5.4.0/../../../../avr/lib/avrxmega4\libc.a
LOAD C:/Program Files (x86)/Atmel/Studio/7.0/Packs/atmel/AVR-Dx_DFP/1.9.103/gcc/dev/avr128da48/avrxmega4\libavr128da48.a
END GROUP
                [0x00000000]                __TEXT_REGION_ORIGIN__ = DEFINED (__TEXT_REGION_ORIGIN__)?__TEXT_REGION_ORIGIN__:0x0
                [0x00804000]                __DATA_REGION_ORIGIN__ = DEFINED (__DATA_REGION_ORIGIN__)?__DATA_REGION_ORIGIN__:0x802000
                [0x00020000]                __TEXT_REGION_LENGTH__ = DEFINED (__TEXT_REGION_LENGTH__)?__TEXT_REGION_LENGTH__:0x100000
                [0x00004000]                __DATA_REGION_LENGTH__ = DEFINED (__DATA_REGION_LENGTH__)?__DATA_REGION_LENGTH__:0xffa0
                [0x00000200]                __EEPROM_REGION_LENGTH__ = DEFINED (__EEPROM_REGION_LENGTH__)?__EEPROM_REGION_LENGTH__:0x10000
                [0x00000010]                __FUSE_REGION_LENGTH__ = DEFINED (__FUSE_REGION_LENGTH__)?__FUSE_REGION_LENGTH__:0x400
                0x00000400                __LOCK_REGION_LENGTH__ = DEFINED (__LOCK_REGION_LENGTH__)?__LOCK_REGION_LENGTH__:0x400
                0x00000400                __SIGNATURE_REGION_LENGTH__ = DEFINED (__SIGNATURE_REGION_LENGTH__)?__SIGNATURE_REGION_LENGTH__:0x400
                0x00000400                __USER_SIGNATURE_REGION_LENGTH__ = DEFINED (__USER_SIGNATURE_REGION_LENGTH__)?__USER_SIGNATURE_REGION_LENGTH__:0x400

.hash
 *(.hash)

.dynsym
 *(.dynsym)

.dynstr
 *(.dynstr)

.gnu.version
 *(.gnu.version)

.gnu.version_d
 *(.gnu.version_d)

.gnu.version_r
 *(.gnu.version_r)

.rel.init
 *(.rel.init)

.rela.init
 *(.rela.init)

.rel.text
 *(.rel.text)
 *(.rel.text.*)
 *(.rel.gnu.linkonce.t*)

.rela.text
 *(.rela.text)
 *(.rela.text.*)
 *(.rela.gnu.linkonce.t*)

.rel.fini
 *(.rel.fini)

.rela.fini
 *(.rela.fini)

.rel.rodata
 *(.rel.rodata)
 *(.rel.rodata.*)
 *(.rel.gnu.linkonce.r*)

.rela.rodata
 *(.rela.rodata)
 *(.rela.rodata.*)
 *(.rela.gnu.linkonce.r*)

.rel.data
 *(.rel.data)
 *(.rel.data.*)
 *(.rel.gnu.linkonce.d*)

.rela.data
 *(.rela.data)
 *(.rela.data.*)
 *(.rela.gnu.linkonce.d*)

.rel.ctors
 *(.rel.ctors)

.rela.ctors
 *(.rela.ctors)

.rel.dtors
 *(.rel.dtors)

.rela.dtors
 *(.rela.dtors)

.rel.got
 *(.rel.got)

.rela.got
 *(.rela.got)

.rel.bss
 *(.rel.bss)

.rela.bss
 *(.rela.bss)

.rel.plt
 *(.rel.plt)

.rela.plt
 *(.rela.plt)

.text           0x00000000    0x10660
 *(.vectors)
 .vectors       0x00000000       0xe8 C:/Program Files (x86)/Atmel/Studio/7.0/Packs/atmel/AVR-Dx_DFP/1.9.103/gcc/dev/avr128da48/avrxmega4/crtavr128da48.o
                0x00000000                __vector_default
                0x00000000                __vectors
 *(.vectors)
 *(.progmem.gcc*)
 .progmem.gcc_sw_table._Z11setupForFoxP5Fox_t13EventAction_t
                0x000000e8       0x22 main.o
 .progmem.gcc_sw_table._ZN13EepromManager15updateEEPROMVarE8EE_var_tPv
                0x0000010a       0xa4 src/eeprommanager.o
 .progmem.gcc_sw_table._ZN4leds5blinkE7Blink_t
                0x000001ae       0x1a src/leds.o
 .progmem.gcc_sw_table._Z12getMorseCharc
                0x000001c8       0xba src/morse.o
 .progmem.gcc_sw_table._Z8fox2TextPc5Fox_t
                0x00000282       0x24 src/util.o
                0x000002a6                . = ALIGN (0x2)
                0x000002a6                __trampolines_start = .
 *(.trampolines)
 .trampolines   0x000002a6        0x0 linker stubs
 *(.trampolines*)
                0x000002a6                __trampolines_end = .
 *libprintf_flt.a:*(.progmem.data)
 *libc.a:*(.progmem.data)
 .progmem.data  0x000002a6       0x3b c:/program files (x86)/atmel/studio/7.0/toolchain/avr8/avr8-gnu-toolchain/bin/../lib/gcc/avr/5.4.0/../../../../avr/lib/avrxmega4\libc.a(strtod.o)
 .progmem.data  0x000002e1       0xfa c:/program files (x86)/atmel/studio/7.0/toolchain/avr8/avr8-gnu-toolchain/bin/../lib/gcc/avr/5.4.0/../../../../avr/lib/avrxmega4\libc.a(ftoa_engine.o)
 *(.progmem*)
 .progmemx.data
                0x000003db       0x91 c:/program files (x86)/atmel/studio/7.0/toolchain/avr8/avr8-gnu-toolchain/bin/../lib/gcc/avr/5.4.0/../../../../avr/lib/avrxmega4\libc.a(strftime.o)
                0x000003db                strfmonths
                0x00000432                strfwkdays
 .progmemx.data
                0x0000046c       0x3b c:/program files (x86)/atmel/studio/7.0/toolchain/avr8/avr8-gnu-toolchain/bin/../lib/gcc/avr/5.4.0/../../../../avr/lib/avrxmega4\libc.a(asctime_r.o)
                0x0000046c                ascdays
                0x00000482                ascmonths
                0x000004a8                . = ALIGN (0x2)
 *fill*         0x000004a7        0x1 
 *(.jumptables)
 *(.jumptables*)
 *(.lowtext)
 *(.lowtext*)
                0x000004a8                __ctors_start = .
 *(.ctors)
 .ctors         0x000004a8        0x2 main.o
 .ctors         0x000004aa        0x2 src/adc.o
                0x000004ac                __ctors_end = .
                0x000004ac                __dtors_start = .
 *(.dtors)
 .dtors         0x000004ac        0x2 main.o
 .dtors         0x000004ae        0x2 src/adc.o
                0x000004b0                __dtors_end = .
 SORT(*)(.ctors)
 SORT(*)(.dtors)
 *(.init0)
 .init0         0x000004b0        0x0 C:/Program Files (x86)/Atmel/Studio/7.0/Packs/atmel/AVR-Dx_DFP/1.9.103/gcc/dev/avr128da48/avrxmega4/crtavr128da48.o
                0x000004b0                __init
 *(.init0)
 *(.init1)
 *(.init1)
 *(.init2)
 .init2         0x000004b0        0xc C:/Program Files (x86)/Atmel/Studio/7.0/Packs/atmel/AVR-Dx_DFP/1.9.103/gcc/dev/avr128da48/avrxmega4/crtavr128da48.o
 *(.init2)
 *(.init3)
 *(.init3)
 *(.init4)
 .init4         0x000004bc       0x1a c:/program files (x86)/atmel/studio/7.0/toolchain/avr8/avr8-gnu-toolchain/bin/../lib/gcc/avr/5.4.0/avrxmega4\libgcc.a(_copy_data.o)
                0x000004bc                __do_copy_data
 .init4         0x000004d6       0x10 c:/program files (x86)/atmel/studio/7.0/toolchain/avr8/avr8-gnu-toolchain/bin/../lib/gcc/avr/5.4.0/avrxmega4\libgcc.a(_clear_bss.o)
                0x000004d6                __do_clear_bss
 *(.init4)
 *(.init5)
 *(.init5)
 *(.init6)
 .init6         0x000004e6       0x16 c:/program files (x86)/atmel/studio/7.0/toolchain/avr8/avr8-gnu-toolchain/bin/../lib/gcc/avr/5.4.0/avrxmega4\libgcc.a(_ctors.o)
                0x000004e6                __do_global_ctors
 *(.init6)
 *(.init7)
 *(.init7)
 *(.init8)
 *(.init8)
 *(.init9)
 .init9         0x000004fc        0x8 C:/Program Files (x86)/Atmel/Studio/7.0/Packs/atmel/AVR-Dx_DFP/1.9.103/gcc/dev/avr128da48/avrxmega4/crtavr128da48.o
 *(.init9)
 *(.text)
 .text          0x00000504        0x4 C:/Program Files (x86)/Atmel/Studio/7.0/Packs/atmel/AVR-Dx_DFP/1.9.103/gcc/dev/avr128da48/avrxmega4/crtavr128da48.o
                0x00000504                __vector_38
                0x00000504                __vector_28
                0x00000504                __vector_1
                0x00000504                __vector_34
                0x00000504                __vector_46
                0x00000504                __bad_interrupt
                0x00000504                __vector_35
                0x00000504                __vector_39
                0x00000504                __vector_3
                0x00000504                __vector_23
                0x00000504                __vector_45
                0x00000504                __vector_25
                0x00000504                __vector_11
                0x00000504                __vector_54
                0x00000504                __vector_17
                0x00000504                __vector_7
                0x00000504                __vector_49
                0x00000504                __vector_43
                0x00000504                __vector_27
                0x00000504                __vector_5
                0x00000504                __vector_33
                0x00000504                __vector_47
                0x00000504                __vector_52
                0x00000504                __vector_37
                0x00000504                __vector_4
                0x00000504                __vector_44
                0x00000504                __vector_51
                0x00000504                __vector_9
                0x00000504                __vector_2
                0x00000504                __vector_21
                0x00000504                __vector_15
                0x00000504                __vector_36
                0x00000504                __vector_40
                0x00000504                __vector_8
                0x00000504                __vector_26
                0x00000504                __vector_48
                0x00000504                __vector_14
                0x00000504                __vector_57
                0x00000504                __vector_53
                0x00000504                __vector_10
                0x00000504                __vector_50
                0x00000504                __vector_16
                0x00000504                __vector_18
                0x00000504                __vector_42
 .text          0x00000508       0x28 c:/program files (x86)/atmel/studio/7.0/toolchain/avr8/avr8-gnu-toolchain/bin/../lib/gcc/avr/5.4.0/../../../../avr/lib/avrxmega4\libc.a(isLeap.o)
                0x00000508                is_leap_year
 .text          0x00000530        0xe c:/program files (x86)/atmel/studio/7.0/toolchain/avr8/avr8-gnu-toolchain/bin/../lib/gcc/avr/5.4.0/../../../../avr/lib/avrxmega4\libc.a(localtime.o)
                0x00000530                localtime
 .text          0x0000053e       0xa0 c:/program files (x86)/atmel/studio/7.0/toolchain/avr8/avr8-gnu-toolchain/bin/../lib/gcc/avr/5.4.0/../../../../avr/lib/avrxmega4\libc.a(localtime_r.o)
                0x0000053e                localtime_r
 .text          0x000005de       0x1a c:/program files (x86)/atmel/studio/7.0/toolchain/avr8/avr8-gnu-toolchain/bin/../lib/gcc/avr/5.4.0/../../../../avr/lib/avrxmega4\libc.a(month_length.o)
                0x000005de                month_length
 .text          0x000005f8       0x18 c:/program files (x86)/atmel/studio/7.0/toolchain/avr8/avr8-gnu-toolchain/bin/../lib/gcc/avr/5.4.0/../../../../avr/lib/avrxmega4\libc.a(set_system_time.o)
                0x000005f8                set_system_time
 .text          0x00000610      0x69c c:/program files (x86)/atmel/studio/7.0/toolchain/avr8/avr8-gnu-toolchain/bin/../lib/gcc/avr/5.4.0/../../../../avr/lib/avrxmega4\libc.a(strftime.o)
                0x00000610                pgm_copystring
                0x00000682                strftime
 .text          0x00000cac       0x26 c:/program files (x86)/atmel/studio/7.0/toolchain/avr8/avr8-gnu-toolchain/bin/../lib/gcc/avr/5.4.0/../../../../avr/lib/avrxmega4\libc.a(time.o)
                0x00000cac                time
 .text          0x00000cd2       0x3e c:/program files (x86)/atmel/studio/7.0/toolchain/avr8/avr8-gnu-toolchain/bin/../lib/gcc/avr/5.4.0/../../../../avr/lib/avrxmega4\libc.a(week_of_year.o)
                0x00000cd2                week_of_year
 .text          0x00000d10       0x38 c:/program files (x86)/atmel/studio/7.0/toolchain/avr8/avr8-gnu-toolchain/bin/../lib/gcc/avr/5.4.0/../../../../avr/lib/avrxmega4\libc.a(system_tick.o)
                0x00000d10                system_tick
 .text          0x00000d48      0x106 c:/program files (x86)/atmel/studio/7.0/toolchain/avr8/avr8-gnu-toolchain/bin/../lib/gcc/avr/5.4.0/../../../../avr/lib/avrxmega4\libc.a(asctime_r.o)
                0x00000d48                asctime_r
 .text          0x00000e4e      0x1ac c:/program files (x86)/atmel/studio/7.0/toolchain/avr8/avr8-gnu-toolchain/bin/../lib/gcc/avr/5.4.0/../../../../avr/lib/avrxmega4\libc.a(gmtime_r.o)
                0x00000e4e                gmtime_r
 .text          0x00000ffa       0xf4 c:/program files (x86)/atmel/studio/7.0/toolchain/avr8/avr8-gnu-toolchain/bin/../lib/gcc/avr/5.4.0/../../../../avr/lib/avrxmega4\libc.a(iso_week_date_r.o)
                0x00000ffa                iso_week_date_r
 .text          0x000010ee       0x24 c:/program files (x86)/atmel/studio/7.0/toolchain/avr8/avr8-gnu-toolchain/bin/../lib/gcc/avr/5.4.0/../../../../avr/lib/avrxmega4\libc.a(print_lz.o)
                0x000010ee                __print_lz
                0x00001112                . = ALIGN (0x2)
 *(.text.*)
 .text.atmel_start_init
                0x00001112       0x14 atmel_start.o
                0x00001112                atmel_start_init
 .text.__vector_30
                0x00001126       0x6c driver_isr.o
                0x00001126                __vector_30
 .text.__vector_19
                0x00001192       0x88 driver_isr.o
                0x00001192                __vector_19
 .text.__vector_55
                0x0000121a       0x88 driver_isr.o
                0x0000121a                __vector_55
 .text._Z9serial_Rxh
                0x000012a2      0x500 driver_isr.o
                0x000012a2                _Z9serial_Rxh
 .text.__vector_20
                0x000017a2      0x18a driver_isr.o
                0x000017a2                __vector_20
 .text.__vector_56
                0x0000192c      0x18a driver_isr.o
                0x0000192c                __vector_56
 .text.__vector_31
                0x00001ab6       0x88 driver_isr.o
                0x00001ab6                __vector_31
 .text._Z10linkbus_Rxh
                0x00001b3e      0x2c2 driver_isr.o
                0x00001b3e                _Z10linkbus_Rxh
 .text.__vector_32
                0x00001e00      0x18a driver_isr.o
                0x00001e00                __vector_32
 .text.PORTA_set_pin_level
                0x00001f8a       0x74 main.o
 .text.PORTB_set_pin_level
                0x00001ffe       0x74 main.o
 .text.PORTC_set_pin_pull_mode
                0x00002072       0x62 main.o
 .text.PORTC_get_pin_level
                0x000020d4       0x3e main.o
 .text.PORTD_get_pin_level
                0x00002112       0x3e main.o
 .text.__vector_6
                0x00002150      0x7ea main.o
                0x00002150                __vector_6
 .text.__vector_22
                0x0000293a       0xb8 main.o
                0x0000293a                __vector_22
 .text.__vector_12
                0x000029f2      0x44e main.o
                0x000029f2                __vector_12
 .text.__vector_29
                0x00002e40      0x134 main.o
                0x00002e40                __vector_29
 .text._Z12powerDown3V3v
                0x00002f74       0x24 main.o
                0x00002f74                _Z12powerDown3V3v
 .text._Z10powerUp3V3v
                0x00002f98       0x2e main.o
                0x00002f98                _Z10powerUp3V3v
 .text.main     0x00002fc6      0x3b4 main.o
                0x00002fc6                main
 .text._Z19handleSerialBusMsgsv
                0x0000337a      0xece main.o
                0x0000337a                _Z19handleSerialBusMsgsv
 .text._Z17handleLinkBusMsgsv
                0x00004248      0xebe main.o
                0x00004248                _Z17handleLinkBusMsgsv
 .text._Z19updateAntennaStatusv
                0x00005106       0x9c main.o
                0x00005106                _Z19updateAntennaStatusv
 .text._Z12eventEnabledv
                0x000051a2      0x19c main.o
                0x000051a2                _Z12eventEnabledv
 .text._Z8wdt_init7WDReset
                0x0000533e       0x16 main.o
                0x0000533e                _Z8wdt_init7WDReset
 .text._Z13throttleValueh
                0x00005354       0xb4 main.o
                0x00005354                _Z13throttleValueh
 .text._Z11launchEventP2SC
                0x00005408       0x56 main.o
                0x00005408                _Z11launchEventP2SC
 .text._Z33activateEventUsingCurrentSettingsP2SC
                0x0000545e      0x466 main.o
                0x0000545e                _Z33activateEventUsingCurrentSettingsP2SC
 .text._Z8rtc_initv
                0x000058c4       0x32 main.o
                0x000058c4                _Z8rtc_initv
 .text._Z18antennaIsConnectedv
                0x000058f6       0x20 main.o
                0x000058f6                _Z18antennaIsConnectedv
 .text._Z12suspendEventv
                0x00005916       0x34 main.o
                0x00005916                _Z12suspendEventv
 .text._Z13startEventNow19EventActionSource_t
                0x0000594a       0xc4 main.o
                0x0000594a                _Z13startEventNow19EventActionSource_t
 .text._Z12stopEventNow19EventActionSource_t
                0x00005a0e       0x5c main.o
                0x00005a0e                _Z12stopEventNow19EventActionSource_t
 .text._Z18startEventUsingRTCv
                0x00005a6a      0x126 main.o
                0x00005a6a                _Z18startEventUsingRTCv
 .text._Z11setupForFoxP5Fox_t13EventAction_t
                0x00005b90      0x5ce main.o
                0x00005b90                _Z11setupForFoxP5Fox_t13EventAction_t
 .text._Z18validateTimeStringPcPma
                0x0000615e      0x26c main.o
                0x0000615e                _Z18validateTimeStringPcPma
 .text._Z14reportTimeTillmmPKcS0_
                0x000063ca      0x344 main.o
                0x000063ca                _Z14reportTimeTillmmPKcS0_
 .text._Z23clockConfigurationCheckv
                0x0000670e      0x134 main.o
                0x0000670e                _Z23clockConfigurationCheckv
 .text._Z18reportConfigErrorsv
                0x00006842      0x130 main.o
                0x00006842                _Z18reportConfigErrorsv
 .text._Z41__static_initialization_and_destruction_0ii
                0x00006972       0x62 main.o
 .text._GLOBAL__sub_I_g_antenna_connect_state
                0x000069d4       0x1a main.o
 .text._GLOBAL__sub_D_g_antenna_connect_state
                0x000069ee       0x1a main.o
 .text._Z18ADC0_setADCChannel20ADC_Active_Channel_t
                0x00006a08       0xc6 src/adc.o
                0x00006a08                _Z18ADC0_setADCChannel20ADC_Active_Channel_t
 .text._Z20ADC0_startConversionv
                0x00006ace       0x2a src/adc.o
                0x00006ace                _Z20ADC0_startConversionv
 .text._Z19ADC0_conversionDonev
                0x00006af8       0x28 src/adc.o
                0x00006af8                _Z19ADC0_conversionDonev
 .text._Z9ADC0_readv
                0x00006b20       0x18 src/adc.o
                0x00006b20                _Z9ADC0_readv
 .text._Z12temperatureCv
                0x00006b38      0x198 src/adc.o
                0x00006b38                _Z12temperatureCv
 .text._ZL9PORT_initv
                0x00006cd0       0xe8 src/adc.o
 .text._ZL10VREF0_initv
                0x00006db8       0x1a src/adc.o
 .text._ZL9ADC0_initb
                0x00006dd2       0x64 src/adc.o
 .text._ZL16ADC0_SYSTEM_initb
                0x00006e36       0x24 src/adc.o
 .text._ZL20ADC0_SYSTEM_shutdownv
                0x00006e5a       0x24 src/adc.o
 .text.__vector_24
                0x00006e7e       0x8a src/adc.o
                0x00006e7e                __vector_24
 .text._Z41__static_initialization_and_destruction_0ii
                0x00006f08       0x6e src/adc.o
 .text._GLOBAL__sub_I_g_adcVal
                0x00006f76       0x1a src/adc.o
 .text._GLOBAL__sub_D_g_adcVal
                0x00006f90       0x1a src/adc.o
 .text.PORTA_set_pin_pull_mode
                0x00006faa       0x62 src/binio.o
 .text.PORTA_pin_set_isc
                0x0000700c       0x46 src/binio.o
 .text.PORTA_set_pin_dir
                0x00007052       0xa8 src/binio.o
 .text.PORTA_set_pin_level
                0x000070fa       0x74 src/binio.o
 .text.PORTB_set_pin_dir
                0x0000716e       0xa8 src/binio.o
 .text.PORTB_set_pin_level
                0x00007216       0x74 src/binio.o
 .text.PORTC_set_pin_pull_mode
                0x0000728a       0x62 src/binio.o
 .text.PORTC_pin_set_isc
                0x000072ec       0x46 src/binio.o
 .text.PORTC_set_pin_dir
                0x00007332       0xa8 src/binio.o
 .text.PORTC_set_pin_level
                0x000073da       0x74 src/binio.o
 .text.PORTD_set_pin_pull_mode
                0x0000744e       0x62 src/binio.o
 .text.PORTD_pin_set_isc
                0x000074b0       0x46 src/binio.o
 .text.PORTD_set_pin_dir
                0x000074f6       0xa8 src/binio.o
 .text.PORTE_set_pin_dir
                0x0000759e       0xa8 src/binio.o
 .text.PORTF_set_pin_dir
                0x00007646       0xa8 src/binio.o
 .text._Z10fet_driverb
                0x000076ee       0x2e src/binio.o
                0x000076ee                _Z10fet_driverb
 .text._Z19final_drain_voltageb
                0x0000771c       0x2e src/binio.o
                0x0000771c                _Z19final_drain_voltageb
 .text._Z10BINIO_initv
                0x0000774a      0x184 src/binio.o
                0x0000774a                _Z10BINIO_initv
 .text.BOD_init
                0x000078ce       0x18 src/bod.o
                0x000078ce                BOD_init
 .text.ccp_write_io
                0x000078e6       0x2c src/clkctrl.o
 .text.CLKCTRL_init
                0x00007912       0x1a src/clkctrl.o
                0x00007912                CLKCTRL_init
 .text.CPUINT_init
                0x0000792c       0x12 src/cpuint.o
                0x0000792c                CPUINT_init
 .text._ZL9VREF_initv
                0x0000793e       0x2c src/dac0.o
 .text._Z9DAC0_initv
                0x0000796a       0x54 src/dac0.o
                0x0000796a                _Z9DAC0_initv
 .text._Z11DAC0_setValj
                0x000079be       0x40 src/dac0.o
                0x000079be                _Z11DAC0_setValj
 .text.PORTC_set_pin_dir
                0x000079fe       0xa8 src/driver_init.o
 .text.PORTC_set_pin_level
                0x00007aa6       0x74 src/driver_init.o
 .text._ZL15LED_set_RED_dir8port_dir
                0x00007b1a       0x1e src/driver_init.o
 .text._ZL17LED_set_GREEN_dir8port_dir
                0x00007b38       0x1e src/driver_init.o
 .text._ZL17LED_set_RED_levelb
                0x00007b56       0x1e src/driver_init.o
 .text._ZL19LED_set_GREEN_levelb
                0x00007b74       0x1e src/driver_init.o
 .text.mcu_init
                0x00007b92      0x130 src/driver_init.o
                0x00007b92                mcu_init
 .text.system_init
                0x00007cc2       0x64 src/driver_init.o
                0x00007cc2                system_init
 .text.ds3231_init
                0x00007d26       0x1c src/ds3231.o
                0x00007d26                ds3231_init
 .text._Z7bcd2dech
                0x00007d42       0x40 src/ds3231.o
                0x00007d42                _Z7bcd2dech
 .text._Z7dec2bcdh
                0x00007d82       0x62 src/ds3231.o
                0x00007d82                _Z7dec2bcdh
 .text._Z8char2bcdPc
                0x00007de4       0x3c src/ds3231.o
                0x00007de4                _Z8char2bcdPc
 .text.RTC_String2Epoch
                0x00007e20      0x1ac src/ds3231.o
                0x00007e20                RTC_String2Epoch
 .text._Z14epoch_from_ltmP2tm
                0x00007fcc      0x1b8 src/ds3231.o
                0x00007fcc                _Z14epoch_from_ltmP2tm
 .text.ds3231_get_epoch
                0x00008184      0x3b4 src/ds3231.o
                0x00008184                ds3231_get_epoch
 .text.ds3231_set_date_time_arducon
                0x00008538       0xd2 src/ds3231.o
                0x00008538                ds3231_set_date_time_arducon
 .text.ds3231_set_date_time
                0x0000860a      0x248 src/ds3231.o
                0x0000860a                ds3231_set_date_time
 .text.ds3231_1s_sqw
                0x00008852       0x68 src/ds3231.o
                0x00008852                ds3231_1s_sqw
 .text.ds3231_set_aging
                0x000088ba       0x5e src/ds3231.o
                0x000088ba                ds3231_set_aging
 .text.ds3231_get_aging
                0x00008918       0x58 src/ds3231.o
                0x00008918                ds3231_get_aging
 .text.ds3231_responding
                0x00008970       0x5e src/ds3231.o
                0x00008970                ds3231_responding
 .text.ds3231_sync2nearestMinute
                0x000089ce      0x1d2 src/ds3231.o
                0x000089ce                ds3231_sync2nearestMinute
 .text.convertEpochToTimeString
                0x00008ba0       0x76 src/ds3231.o
                0x00008ba0                convertEpochToTimeString
 .text._ZN13EepromManagerC2Ev
                0x00008c16       0x1a src/eeprommanager.o
                0x00008c16                _ZN13EepromManagerC1Ev
                0x00008c16                _ZN13EepromManagerC2Ev
 .text._ZN13EepromManagerD2Ev
                0x00008c30       0x1a src/eeprommanager.o
                0x00008c30                _ZN13EepromManagerD1Ev
                0x00008c30                _ZN13EepromManagerD2Ev
 .text._Z21avr_eeprom_write_bytejh
                0x00008c4a       0x5e src/eeprommanager.o
                0x00008c4a                _Z21avr_eeprom_write_bytejh
 .text._Z21avr_eeprom_write_wordjj
                0x00008ca8       0x66 src/eeprommanager.o
                0x00008ca8                _Z21avr_eeprom_write_wordjj
 .text._Z22avr_eeprom_write_dwordjm
                0x00008d0e       0x74 src/eeprommanager.o
                0x00008d0e                _Z22avr_eeprom_write_dwordjm
 .text._ZN13EepromManager15updateEEPROMVarE8EE_var_tPv
                0x00008d82      0x2d0 src/eeprommanager.o
                0x00008d82                _ZN13EepromManager15updateEEPROMVarE8EE_var_tPv
 .text._ZN13EepromManager13saveAllEEPROMEv
                0x00009052      0x360 src/eeprommanager.o
                0x00009052                _ZN13EepromManager13saveAllEEPROMEv
 .text._ZN13EepromManager11readNonVolsEv
                0x000093b2      0x498 src/eeprommanager.o
                0x000093b2                _ZN13EepromManager11readNonVolsEv
 .text._ZN13EepromManager20initializeEEPROMVarsEv
                0x0000984a      0x28e src/eeprommanager.o
                0x0000984a                _ZN13EepromManager20initializeEEPROMVarsEv
 .text._ZN8GoertzelC2Eff
                0x00009ad8      0x130 src/Goertzel.o
                0x00009ad8                _ZN8GoertzelC1Eff
                0x00009ad8                _ZN8GoertzelC2Eff
 .text._ZN8GoertzelD2Ev
                0x00009c08       0x26 src/Goertzel.o
                0x00009c08                _ZN8GoertzelD2Ev
                0x00009c08                _ZN8GoertzelD1Ev
 .text._ZN8Goertzel9DataPointEi
                0x00009c2e       0x92 src/Goertzel.o
                0x00009c2e                _ZN8Goertzel9DataPointEi
 .text.PORTA_set_pin_level
                0x00009cc0       0x74 src/huzzah.o
 .text._Z10wifi_powerb
                0x00009d34       0x2e src/huzzah.o
                0x00009d34                _Z10wifi_powerb
 .text._Z10wifi_resetb
                0x00009d62       0x2e src/huzzah.o
                0x00009d62                _Z10wifi_resetb
 .text._Z11wifiPresentv
                0x00009d90       0x1c src/huzzah.o
                0x00009d90                _Z11wifiPresentv
 .text._Z11wifiEnabledv
                0x00009dac       0x50 src/huzzah.o
                0x00009dac                _Z11wifiEnabledv
 .text.PORTC_set_pin_pull_mode
                0x00009dfc       0x62 src/i2c.o
 .text.I2C_0_Init
                0x00009e5e       0x72 src/i2c.o
                0x00009e5e                I2C_0_Init
 .text._ZL11i2c_0_WaitWv
                0x00009ed0       0xbc src/i2c.o
 .text._ZL11i2c_0_WaitRv
                0x00009f8c       0x82 src/i2c.o
 .text.I2C_0_SendData
                0x0000a00e       0xd0 src/i2c.o
                0x0000a00e                I2C_0_SendData
 .text.I2C_0_GetData
                0x0000a0de       0xfc src/i2c.o
                0x0000a0de                I2C_0_GetData
 .text.I2C_0_EndSession
                0x0000a1da       0x1a src/i2c.o
                0x0000a1da                I2C_0_EndSession
 .text.I2C_1_Shutdown
                0x0000a1f4       0x22 src/i2c.o
                0x0000a1f4                I2C_1_Shutdown
 .text._ZL11i2c_1_WaitWv
                0x0000a216       0x86 src/i2c.o
 .text._ZL11I2C_1_WaitRv
                0x0000a29c       0x82 src/i2c.o
 .text.I2C_1_SendData
                0x0000a31e       0xd2 src/i2c.o
                0x0000a31e                I2C_1_SendData
 .text.I2C_1_GetData
                0x0000a3f0       0xfc src/i2c.o
                0x0000a3f0                I2C_1_GetData
 .text.I2C_1_EndSession
                0x0000a4ec       0x1a src/i2c.o
                0x0000a4ec                I2C_1_EndSession
 .text.PORTC_set_pin_level
                0x0000a506       0x74 src/leds.o
 .text._ZL17LED_set_RED_levelb
                0x0000a57a       0x1e src/leds.o
 .text._ZL19LED_set_GREEN_levelb
                0x0000a598       0x1e src/leds.o
 .text._ZN4ledsC2Ev
                0x0000a5b6       0x1a src/leds.o
                0x0000a5b6                _ZN4ledsC2Ev
                0x0000a5b6                _ZN4ledsC1Ev
 .text._ZN4ledsD2Ev
                0x0000a5d0       0x1a src/leds.o
                0x0000a5d0                _ZN4ledsD2Ev
                0x0000a5d0                _ZN4ledsD1Ev
 .text.__vector_41
                0x0000a5ea      0x2ea src/leds.o
                0x0000a5ea                __vector_41
 .text._ZN4leds6activeEv
                0x0000a8d4       0x4a src/leds.o
                0x0000a8d4                _ZN4leds6activeEv
 .text._ZN4leds6setRedEb
                0x0000a91e       0x54 src/leds.o
                0x0000a91e                _ZN4leds6setRedEb
 .text._ZN4leds6resumeEv
                0x0000a972       0x64 src/leds.o
                0x0000a972                _ZN4leds6resumeEv
 .text._ZN4leds5blinkE7Blink_t
                0x0000a9d6      0x3a8 src/leds.o
                0x0000a9d6                _ZN4leds5blinkE7Blink_t
 .text.PORTC_set_pin_pull_mode
                0x0000ad7e       0x62 src/linkbus.o
 .text.PORTC_set_pin_dir
                0x0000ade0       0xa8 src/linkbus.o
 .text.PORTC_set_pin_level
                0x0000ae88       0x74 src/linkbus.o
 .text.PORTE_set_pin_pull_mode
                0x0000aefc       0x62 src/linkbus.o
 .text.PORTE_set_pin_dir
                0x0000af5e       0xa8 src/linkbus.o
 .text.PORTE_set_pin_level
                0x0000b006       0x74 src/linkbus.o
 .text.PC0_set_dir
                0x0000b07a       0x1e src/linkbus.o
 .text.PC0_set_level
                0x0000b098       0x1e src/linkbus.o
 .text.PC1_set_pull_mode
                0x0000b0b6       0x1e src/linkbus.o
 .text.PC1_set_dir
                0x0000b0d4       0x1e src/linkbus.o
 .text.PE0_set_dir
                0x0000b0f2       0x1e src/linkbus.o
 .text.PE0_set_level
                0x0000b110       0x1e src/linkbus.o
 .text.PE1_set_pull_mode
                0x0000b12e       0x1e src/linkbus.o
 .text.PE1_set_dir
                0x0000b14c       0x1e src/linkbus.o
 .text._Z18nextFullLBTxBufferv
                0x0000b16a       0x8e src/linkbus.o
                0x0000b16a                _Z18nextFullLBTxBufferv
 .text._Z19nextEmptyLBTxBufferv
                0x0000b1f8       0x8e src/linkbus.o
                0x0000b1f8                _Z19nextEmptyLBTxBufferv
 .text._Z19nextEmptyLBRxBufferv
                0x0000b286       0x90 src/linkbus.o
                0x0000b286                _Z19nextEmptyLBRxBufferv
 .text._Z18nextFullLBRxBufferv
                0x0000b316       0x90 src/linkbus.o
                0x0000b316                _Z18nextFullLBRxBufferv
 .text._Z19linkbusTxInProgressv
                0x0000b3a6       0x12 src/linkbus.o
                0x0000b3a6                _Z19linkbusTxInProgressv
 .text._ZL16linkbus_start_txv
                0x0000b3b8       0x3c src/linkbus.o
 .text._Z14linkbus_end_txv
                0x0000b3f4       0x4a src/linkbus.o
                0x0000b3f4                _Z14linkbus_end_txv
 .text._ZL21USART1_initializationm
                0x0000b43e       0x4a src/linkbus.o
 .text._ZL21USART4_initializationm
                0x0000b488       0x4a src/linkbus.o
 .text._Z12linkbus_initm14USART_Number_t
                0x0000b4d2       0xa6 src/linkbus.o
                0x0000b4d2                _Z12linkbus_initm14USART_Number_t
 .text._Z15linkbus_disablev
                0x0000b578       0x6a src/linkbus.o
                0x0000b578                _Z15linkbus_disablev
 .text._Z14linkbus_enablev
                0x0000b5e2       0x64 src/linkbus.o
                0x0000b5e2                _Z14linkbus_enablev
 .text._Z12lb_send_textPc
                0x0000b646       0xba src/linkbus.o
                0x0000b646                _Z12lb_send_textPc
 .text._Z11lb_send_msg13LBMessageTypePKcPc
                0x0000b700       0x9e src/linkbus.o
                0x0000b700                _Z11lb_send_msg13LBMessageTypePKcPc
 .text._Z16lb_broadcast_strPKcS0_
                0x0000b79e       0x74 src/linkbus.o
                0x0000b79e                _Z16lb_broadcast_strPKcS0_
 .text._Z9makeMorsePcPbS0_
                0x0000b812      0x2b0 src/morse.o
                0x0000b812                _Z9makeMorsePcPbS0_
 .text._Z26timeRequiredToSendStrAtWPMPcj
                0x0000bac2       0xa0 src/morse.o
                0x0000bac2                _Z26timeRequiredToSendStrAtWPMPcj
 .text._Z12getMorseCharc
                0x0000bb62      0x36c src/morse.o
                0x0000bb62                _Z12getMorseCharc
 .text.protected_write_io
                0x0000bece        0xa src/protected_io.o
                0x0000bece                protected_write_io
 .text.PORTC_set_pin_pull_mode
                0x0000bed8       0x62 src/serialbus.o
 .text.PORTC_set_pin_dir
                0x0000bf3a       0xa8 src/serialbus.o
 .text.PORTC_set_pin_level
                0x0000bfe2       0x74 src/serialbus.o
 .text.PORTE_set_pin_pull_mode
                0x0000c056       0x62 src/serialbus.o
 .text.PORTE_set_pin_dir
                0x0000c0b8       0xa8 src/serialbus.o
 .text.PORTE_set_pin_level
                0x0000c160       0x74 src/serialbus.o
 .text.PC0_set_dir
                0x0000c1d4       0x1e src/serialbus.o
 .text.PC0_set_level
                0x0000c1f2       0x1e src/serialbus.o
 .text.PC1_set_pull_mode
                0x0000c210       0x1e src/serialbus.o
 .text.PC1_set_dir
                0x0000c22e       0x1e src/serialbus.o
 .text.PE0_set_dir
                0x0000c24c       0x1e src/serialbus.o
 .text.PE0_set_level
                0x0000c26a       0x1e src/serialbus.o
 .text.PE1_set_pull_mode
                0x0000c288       0x1e src/serialbus.o
 .text.PE1_set_dir
                0x0000c2a6       0x1e src/serialbus.o
 .text.nextFullSBTxBuffer
                0x0000c2c4       0x96 src/serialbus.o
                0x0000c2c4                nextFullSBTxBuffer
 .text.nextEmptySBTxBuffer
                0x0000c35a       0x96 src/serialbus.o
                0x0000c35a                nextEmptySBTxBuffer
 .text.nextEmptySBRxBuffer
                0x0000c3f0       0x98 src/serialbus.o
                0x0000c3f0                nextEmptySBRxBuffer
 .text.nextFullSBRxBuffer
                0x0000c488       0x98 src/serialbus.o
                0x0000c488                nextFullSBRxBuffer
 .text.serialbusTxInProgress
                0x0000c520       0x12 src/serialbus.o
                0x0000c520                serialbusTxInProgress
 .text._Z18serialbus_start_txv
                0x0000c532       0x3c src/serialbus.o
                0x0000c532                _Z18serialbus_start_txv
 .text.serialbus_end_tx
                0x0000c56e       0x4a src/serialbus.o
                0x0000c56e                serialbus_end_tx
 .text._ZL21USART1_initializationm
                0x0000c5b8       0x4a src/serialbus.o
 .text._ZL21USART4_initializationm
                0x0000c602       0x4a src/serialbus.o
 .text.serialbus_init
                0x0000c64c       0xa6 src/serialbus.o
                0x0000c64c                serialbus_init
 .text._Z19serialbus_send_textPc
                0x0000c6f2       0xba src/serialbus.o
                0x0000c6f2                _Z19serialbus_send_textPc
 .text.sb_send_NewPrompt
                0x0000c7ac       0x26 src/serialbus.o
                0x0000c7ac                sb_send_NewPrompt
 .text.sb_send_NewLine
                0x0000c7d2       0x22 src/serialbus.o
                0x0000c7d2                sb_send_NewLine
 .text.sb_echo_char
                0x0000c7f4       0x32 src/serialbus.o
                0x0000c7f4                sb_echo_char
 .text.sb_send_string
                0x0000c826      0x112 src/serialbus.o
                0x0000c826                sb_send_string
 .text.si5351_shutdown
                0x0000c938       0x14 src/si5351.o
                0x0000c938                si5351_shutdown
 .text.si5351_set_freq
                0x0000c94c      0x342 src/si5351.o
                0x0000c94c                si5351_set_freq
 .text.si5351_clock_enable
                0x0000cc8e       0x96 src/si5351.o
                0x0000cc8e                si5351_clock_enable
 .text._Z7set_pllm10si5351_pll
                0x0000cd24      0x192 src/si5351.o
                0x0000cd24                _Z7set_pllm10si5351_pll
 .text._Z8pll_calcmP13u_si5351_regs
                0x0000ceb6      0x1cc src/si5351.o
                0x0000ceb6                _Z8pll_calcmP13u_si5351_regs
 .text._Z13reduce_by_gcdPmS_
                0x0000d082      0x166 src/si5351.o
                0x0000d082                _Z13reduce_by_gcdPmS_
 .text._Z15multisynth_calcmP13u_si5351_regsPbS1_
                0x0000d1e8      0x214 src/si5351.o
                0x0000d1e8                _Z15multisynth_calcmP13u_si5351_regsPbS1_
 .text._Z19multisynth_estimatemP13u_si5351_regsPbS1_
                0x0000d3fc      0x302 src/si5351.o
                0x0000d3fc                _Z19multisynth_estimatemP13u_si5351_regsPbS1_
 .text._Z17si5351_write_bulkhPhh
                0x0000d6fe       0x64 src/si5351.o
                0x0000d6fe                _Z17si5351_write_bulkhPhh
 .text._Z16si5351_read_bulkhPhh
                0x0000d762       0x64 src/si5351.o
                0x0000d762                _Z16si5351_read_bulkhPhh
 .text._Z31set_multisynth_registers_source12si5351_clock10si5351_pll
                0x0000d7c6       0x7a src/si5351.o
                0x0000d7c6                _Z31set_multisynth_registers_source12si5351_clock10si5351_pll
 .text._Z24set_multisynth_registers12si5351_clock13u_si5351_regsbhb
                0x0000d840      0x22c src/si5351.o
                0x0000d840                _Z24set_multisynth_registers12si5351_clock13u_si5351_regsbhb
 .text._Z16set_integer_mode12si5351_clockb
                0x0000da6c       0x6a src/si5351.o
                0x0000da6c                _Z16set_integer_mode12si5351_clockb
 .text._Z6ms_div12si5351_clockhb
                0x0000dad6       0xac src/si5351.o
                0x0000dad6                _Z6ms_div12si5351_clockhb
 .text.SLPCTRL_init
                0x0000db82       0x18 src/slpctrl.o
                0x0000db82                SLPCTRL_init
 .text.SLPCTRL_set_sleep_mode
                0x0000db9a       0x30 src/slpctrl.o
                0x0000db9a                SLPCTRL_set_sleep_mode
 .text.TIMERB_init
                0x0000dbca       0x94 src/tcb.o
                0x0000dbca                TIMERB_init
 .text.util_delay_ms
                0x0000dc5e      0x176 src/tcb.o
                0x0000dc5e                util_delay_ms
 .text.__vector_13
                0x0000ddd4       0xbc src/tcb.o
                0x0000ddd4                __vector_13
 .text._Z14txSetFrequencyPmb
                0x0000de90       0xa4 src/transmitter.o
                0x0000de90                _Z14txSetFrequencyPmb
 .text._Z14txGetFrequencyv
                0x0000df34       0x22 src/transmitter.o
                0x0000df34                _Z14txGetFrequencyv
 .text._Z18powerToTransmitterb
                0x0000df56       0x22 src/transmitter.o
                0x0000df56                _Z18powerToTransmitterb
 .text._Z14keyTransmitterb
                0x0000df78       0x68 src/transmitter.o
                0x0000df78                _Z14keyTransmitterb
 .text._Z12txGetPowerMwv
                0x0000dfe0       0x16 src/transmitter.o
                0x0000dfe0                _Z12txGetPowerMwv
 .text._Z15txSetParametersPjPb
                0x0000dff6      0x124 src/transmitter.o
                0x0000dff6                _Z15txSetParametersPjPb
 .text._Z20shutdown_transmitterv
                0x0000e11a       0x14 src/transmitter.o
                0x0000e11a                _Z20shutdown_transmitterv
 .text._Z22txMilliwattsToSettingsPjS_PhS0_
                0x0000e12e      0x334 src/transmitter.o
                0x0000e12e                _Z22txMilliwattsToSettingsPjS_PhS0_
 .text.USART0_get_data
                0x0000e462       0x16 src/usart_basic.o
                0x0000e462                USART0_get_data
 .text.USART1_init
                0x0000e478       0xae src/usart_basic.o
                0x0000e478                USART1_init
 .text.USART1_enable
                0x0000e526       0x22 src/usart_basic.o
                0x0000e526                USART1_enable
 .text.USART1_enable_tx
                0x0000e548       0x34 src/usart_basic.o
                0x0000e548                USART1_enable_tx
 .text.USART1_disable
                0x0000e57c       0x22 src/usart_basic.o
                0x0000e57c                USART1_disable
 .text.USART1_get_data
                0x0000e59e       0x16 src/usart_basic.o
                0x0000e59e                USART1_get_data
 .text.USART4_init
                0x0000e5b4       0xa0 src/usart_basic.o
                0x0000e5b4                USART4_init
 .text.USART4_enable
                0x0000e654       0x22 src/usart_basic.o
                0x0000e654                USART4_enable
 .text.USART4_enable_tx
                0x0000e676       0x34 src/usart_basic.o
                0x0000e676                USART4_enable_tx
 .text.USART4_disable
                0x0000e6aa       0x22 src/usart_basic.o
                0x0000e6aa                USART4_disable
 .text.USART4_get_data
                0x0000e6cc       0x16 src/usart_basic.o
                0x0000e6cc                USART4_get_data
 .text._Z7timeDifmm
                0x0000e6e2       0xb2 src/util.o
                0x0000e6e2                _Z7timeDifmm
 .text._Z11only_digitsPc
                0x0000e794       0x4e src/util.o
                0x0000e794                _Z11only_digitsPc
 .text._Z15frequencyStringPcm
                0x0000e7e2       0xf8 src/util.o
                0x0000e7e2                _Z15frequencyStringPcm
 .text._Z12frequencyValPcPm
                0x0000e8da      0x38a src/util.o
                0x0000e8da                _Z12frequencyValPcPm
 .text._Z8fox2TextPc5Fox_t
                0x0000ec64      0x1e0 src/util.o
                0x0000ec64                _Z8fox2TextPc5Fox_t
 .text.avr-libc.fplib
                0x0000ee44        0xe c:/program files (x86)/atmel/studio/7.0/toolchain/avr8/avr8-gnu-toolchain/bin/../lib/gcc/avr/5.4.0/../../../../avr/lib/avrxmega4\libm.a(addsf3.o)
                0x0000ee44                __subsf3
                0x0000ee46                __addsf3
 .text.avr-libc.fplib
                0x0000ee52       0xcc c:/program files (x86)/atmel/studio/7.0/toolchain/avr8/avr8-gnu-toolchain/bin/../lib/gcc/avr/5.4.0/../../../../avr/lib/avrxmega4\libm.a(addsf3x.o)
                0x0000ee74                __addsf3x
 .text.avr-libc.fplib
                0x0000ef1e       0x2e c:/program files (x86)/atmel/studio/7.0/toolchain/avr8/avr8-gnu-toolchain/bin/../lib/gcc/avr/5.4.0/../../../../avr/lib/avrxmega4\libm.a(ceil.o)
                0x0000ef1e                ceil
 .text.avr-libc.fplib
                0x0000ef4c        0xa c:/program files (x86)/atmel/studio/7.0/toolchain/avr8/avr8-gnu-toolchain/bin/../lib/gcc/avr/5.4.0/../../../../avr/lib/avrxmega4\libm.a(cmpsf2.o)
                0x0000ef4c                __nesf2
                0x0000ef4c                __eqsf2
                0x0000ef4c                __cmpsf2
                0x0000ef4c                __ltsf2
                0x0000ef4c                __lesf2
 .text.avr-libc.fplib
                0x0000ef56        0x8 c:/program files (x86)/atmel/studio/7.0/toolchain/avr8/avr8-gnu-toolchain/bin/../lib/gcc/avr/5.4.0/../../../../avr/lib/avrxmega4\libm.a(divsf3.o)
                0x0000ef56                __divsf3
 .text.avr-libc.fplib
                0x0000ef5e       0xdc c:/program files (x86)/atmel/studio/7.0/toolchain/avr8/avr8-gnu-toolchain/bin/../lib/gcc/avr/5.4.0/../../../../avr/lib/avrxmega4\libm.a(divsf3x.o)
                0x0000ef7e                __divsf3x
                0x0000ef84                __divsf3_pse
 .text.avr-libc.fplib
                0x0000f03a        0xe c:/program files (x86)/atmel/studio/7.0/toolchain/avr8/avr8-gnu-toolchain/bin/../lib/gcc/avr/5.4.0/../../../../avr/lib/avrxmega4\libm.a(fixsfsi.o)
                0x0000f03a                __fixsfsi
 .text.avr-libc.fplib
                0x0000f048       0x5e c:/program files (x86)/atmel/studio/7.0/toolchain/avr8/avr8-gnu-toolchain/bin/../lib/gcc/avr/5.4.0/../../../../avr/lib/avrxmega4\libm.a(fixunssfsi.o)
                0x0000f048                __fixunssfsi
 .text.avr-libc.fplib
                0x0000f0a6       0x7a c:/program files (x86)/atmel/studio/7.0/toolchain/avr8/avr8-gnu-toolchain/bin/../lib/gcc/avr/5.4.0/../../../../avr/lib/avrxmega4\libm.a(floatsisf.o)
                0x0000f0a6                __floatunsisf
                0x0000f0aa                __floatsisf
 .text.avr-libc.fplib
                0x0000f120       0x48 c:/program files (x86)/atmel/studio/7.0/toolchain/avr8/avr8-gnu-toolchain/bin/../lib/gcc/avr/5.4.0/../../../../avr/lib/avrxmega4\libm.a(fp_cmp.o)
                0x0000f120                __fp_cmp
 .text.avr-libc.fplib
                0x0000f168        0xc c:/program files (x86)/atmel/studio/7.0/toolchain/avr8/avr8-gnu-toolchain/bin/../lib/gcc/avr/5.4.0/../../../../avr/lib/avrxmega4\libm.a(fp_inf.o)
                0x0000f168                __fp_inf
 .text.avr-libc.fplib
                0x0000f174       0x36 c:/program files (x86)/atmel/studio/7.0/toolchain/avr8/avr8-gnu-toolchain/bin/../lib/gcc/avr/5.4.0/../../../../avr/lib/avrxmega4\libm.a(fp_mintl.o)
                0x0000f174                __fp_mintl
 .text.avr-libc.fplib
                0x0000f1aa       0x1c c:/program files (x86)/atmel/studio/7.0/toolchain/avr8/avr8-gnu-toolchain/bin/../lib/gcc/avr/5.4.0/../../../../avr/lib/avrxmega4\libm.a(fp_mpack.o)
                0x0000f1aa                __fp_mpack
                0x0000f1ae                __fp_mpack_finite
 .text.avr-libc.fplib
                0x0000f1c6        0x6 c:/program files (x86)/atmel/studio/7.0/toolchain/avr8/avr8-gnu-toolchain/bin/../lib/gcc/avr/5.4.0/../../../../avr/lib/avrxmega4\libm.a(fp_nan.o)
                0x0000f1c6                __fp_nan
 .text.avr-libc.fplib
                0x0000f1cc        0xe c:/program files (x86)/atmel/studio/7.0/toolchain/avr8/avr8-gnu-toolchain/bin/../lib/gcc/avr/5.4.0/../../../../avr/lib/avrxmega4\libm.a(fp_pscA.o)
                0x0000f1cc                __fp_pscA
 .text.avr-libc.fplib
                0x0000f1da        0xe c:/program files (x86)/atmel/studio/7.0/toolchain/avr8/avr8-gnu-toolchain/bin/../lib/gcc/avr/5.4.0/../../../../avr/lib/avrxmega4\libm.a(fp_pscB.o)
                0x0000f1da                __fp_pscB
 .text.avr-libc.fplib
                0x0000f1e8       0x22 c:/program files (x86)/atmel/studio/7.0/toolchain/avr8/avr8-gnu-toolchain/bin/../lib/gcc/avr/5.4.0/../../../../avr/lib/avrxmega4\libm.a(fp_round.o)
                0x0000f1e8                __fp_round
 .text.avr-libc.fplib
                0x0000f20a       0x44 c:/program files (x86)/atmel/studio/7.0/toolchain/avr8/avr8-gnu-toolchain/bin/../lib/gcc/avr/5.4.0/../../../../avr/lib/avrxmega4\libm.a(fp_split3.o)
                0x0000f20a                __fp_split3
                0x0000f21a                __fp_splitA
 .text.avr-libc.fplib
                0x0000f24e       0x30 c:/program files (x86)/atmel/studio/7.0/toolchain/avr8/avr8-gnu-toolchain/bin/../lib/gcc/avr/5.4.0/../../../../avr/lib/avrxmega4\libm.a(fp_trunc.o)
                0x0000f24e                __fp_trunc
 .text.avr-libc.fplib
                0x0000f27e        0xe c:/program files (x86)/atmel/studio/7.0/toolchain/avr8/avr8-gnu-toolchain/bin/../lib/gcc/avr/5.4.0/../../../../avr/lib/avrxmega4\libm.a(fp_zero.o)
                0x0000f27e                __fp_zero
                0x0000f280                __fp_szero
 .text.avr-libc.fplib
                0x0000f28c        0xa c:/program files (x86)/atmel/studio/7.0/toolchain/avr8/avr8-gnu-toolchain/bin/../lib/gcc/avr/5.4.0/../../../../avr/lib/avrxmega4\libm.a(gesf2.o)
                0x0000f28c                __gesf2
                0x0000f28c                __gtsf2
 .text.avr-libc.fplib
                0x0000f296        0x8 c:/program files (x86)/atmel/studio/7.0/toolchain/avr8/avr8-gnu-toolchain/bin/../lib/gcc/avr/5.4.0/../../../../avr/lib/avrxmega4\libm.a(mulsf3.o)
                0x0000f296                __mulsf3
 .text.avr-libc.fplib
                0x0000f29e       0xd2 c:/program files (x86)/atmel/studio/7.0/toolchain/avr8/avr8-gnu-toolchain/bin/../lib/gcc/avr/5.4.0/../../../../avr/lib/avrxmega4\libm.a(mulsf3x.o)
                0x0000f2bc                __mulsf3x
                0x0000f2c2                __mulsf3_pse
 .text.libgcc.mul
                0x0000f370       0x20 c:/program files (x86)/atmel/studio/7.0/toolchain/avr8/avr8-gnu-toolchain/bin/../lib/gcc/avr/5.4.0/avrxmega4\libgcc.a(_mulsi3.o)
                0x0000f370                __mulsi3
 .text.libgcc.div
                0x0000f390       0x28 c:/program files (x86)/atmel/studio/7.0/toolchain/avr8/avr8-gnu-toolchain/bin/../lib/gcc/avr/5.4.0/avrxmega4\libgcc.a(_udivmodhi4.o)
                0x0000f390                __udivmodhi4
 .text.libgcc.div
                0x0000f3b8       0x28 c:/program files (x86)/atmel/studio/7.0/toolchain/avr8/avr8-gnu-toolchain/bin/../lib/gcc/avr/5.4.0/avrxmega4\libgcc.a(_divmodhi4.o)
                0x0000f3b8                _div
                0x0000f3b8                __divmodhi4
 .text.libgcc.div
                0x0000f3e0       0x44 c:/program files (x86)/atmel/studio/7.0/toolchain/avr8/avr8-gnu-toolchain/bin/../lib/gcc/avr/5.4.0/avrxmega4\libgcc.a(_udivmodsi4.o)
                0x0000f3e0                __udivmodsi4
 .text.libgcc.div
                0x0000f424       0x2e c:/program files (x86)/atmel/studio/7.0/toolchain/avr8/avr8-gnu-toolchain/bin/../lib/gcc/avr/5.4.0/avrxmega4\libgcc.a(_divmodsi4.o)
                0x0000f424                __divmodsi4
 .text.libgcc.div
                0x0000f452       0x10 c:/program files (x86)/atmel/studio/7.0/toolchain/avr8/avr8-gnu-toolchain/bin/../lib/gcc/avr/5.4.0/avrxmega4\libgcc.a(_negsi2.o)
                0x0000f452                __negsi2
 .text.libgcc   0x0000f462       0x12 c:/program files (x86)/atmel/studio/7.0/toolchain/avr8/avr8-gnu-toolchain/bin/../lib/gcc/avr/5.4.0/avrxmega4\libgcc.a(_tablejump2.o)
                0x0000f462                __tablejump2__
 .text.libgcc.mul
                0x0000f474       0x1e c:/program files (x86)/atmel/studio/7.0/toolchain/avr8/avr8-gnu-toolchain/bin/../lib/gcc/avr/5.4.0/avrxmega4\libgcc.a(_umulhisi3.o)
                0x0000f474                __umulhisi3
 .text.libgcc.mul
                0x0000f492       0x16 c:/program files (x86)/atmel/studio/7.0/toolchain/avr8/avr8-gnu-toolchain/bin/../lib/gcc/avr/5.4.0/avrxmega4\libgcc.a(_muluhisi3.o)
                0x0000f492                __muluhisi3
 .text.avr-libc
                0x0000f4a8       0x40 c:/program files (x86)/atmel/studio/7.0/toolchain/avr8/avr8-gnu-toolchain/bin/../lib/gcc/avr/5.4.0/../../../../avr/lib/avrxmega4\libc.a(dtostrf.o)
                0x0000f4a8                dtostrf
 .text.avr-libc
                0x0000f4e8      0x242 c:/program files (x86)/atmel/studio/7.0/toolchain/avr8/avr8-gnu-toolchain/bin/../lib/gcc/avr/5.4.0/../../../../avr/lib/avrxmega4\libc.a(malloc.o)
                0x0000f4e8                malloc
                0x0000f618                free
 .text.avr-libc
                0x0000f72a        0x8 c:/program files (x86)/atmel/studio/7.0/toolchain/avr8/avr8-gnu-toolchain/bin/../lib/gcc/avr/5.4.0/../../../../avr/lib/avrxmega4\libc.a(atof.o)
                0x0000f72a                atof
 .text.avr-libc
                0x0000f732       0x3c c:/program files (x86)/atmel/studio/7.0/toolchain/avr8/avr8-gnu-toolchain/bin/../lib/gcc/avr/5.4.0/../../../../avr/lib/avrxmega4\libc.a(atoi.o)
                0x0000f732                atoi
 .text.avr-libc
                0x0000f76e       0x4e c:/program files (x86)/atmel/studio/7.0/toolchain/avr8/avr8-gnu-toolchain/bin/../lib/gcc/avr/5.4.0/../../../../avr/lib/avrxmega4\libc.a(atol.o)
                0x0000f76e                atol
 .text.avr-libc
                0x0000f7bc       0x10 c:/program files (x86)/atmel/studio/7.0/toolchain/avr8/avr8-gnu-toolchain/bin/../lib/gcc/avr/5.4.0/../../../../avr/lib/avrxmega4\libc.a(toupper.o)
                0x0000f7bc                toupper
 .text.avr-libc
                0x0000f7cc        0xe c:/program files (x86)/atmel/studio/7.0/toolchain/avr8/avr8-gnu-toolchain/bin/../lib/gcc/avr/5.4.0/../../../../avr/lib/avrxmega4\libc.a(memset.o)
                0x0000f7cc                memset
 .text.avr-libc
                0x0000f7da       0x16 c:/program files (x86)/atmel/studio/7.0/toolchain/avr8/avr8-gnu-toolchain/bin/../lib/gcc/avr/5.4.0/../../../../avr/lib/avrxmega4\libc.a(strcat.o)
                0x0000f7da                strcat
 .text.avr-libc
                0x0000f7f0       0x16 c:/program files (x86)/atmel/studio/7.0/toolchain/avr8/avr8-gnu-toolchain/bin/../lib/gcc/avr/5.4.0/../../../../avr/lib/avrxmega4\libc.a(strchr.o)
                0x0000f7f0                strchr
 .text.avr-libc
                0x0000f806       0x12 c:/program files (x86)/atmel/studio/7.0/toolchain/avr8/avr8-gnu-toolchain/bin/../lib/gcc/avr/5.4.0/../../../../avr/lib/avrxmega4\libc.a(strcmp.o)
                0x0000f806                strcmp
 .text.avr-libc
                0x0000f818        0xe c:/program files (x86)/atmel/studio/7.0/toolchain/avr8/avr8-gnu-toolchain/bin/../lib/gcc/avr/5.4.0/../../../../avr/lib/avrxmega4\libc.a(strcpy.o)
                0x0000f818                strcpy
 .text.avr-libc
                0x0000f826       0x12 c:/program files (x86)/atmel/studio/7.0/toolchain/avr8/avr8-gnu-toolchain/bin/../lib/gcc/avr/5.4.0/../../../../avr/lib/avrxmega4\libc.a(strlen.o)
                0x0000f826                strlen
 .text.avr-libc
                0x0000f838       0x1e c:/program files (x86)/atmel/studio/7.0/toolchain/avr8/avr8-gnu-toolchain/bin/../lib/gcc/avr/5.4.0/../../../../avr/lib/avrxmega4\libc.a(strncpy.o)
                0x0000f838                strncpy
 .text.avr-libc
                0x0000f856       0x2a c:/program files (x86)/atmel/studio/7.0/toolchain/avr8/avr8-gnu-toolchain/bin/../lib/gcc/avr/5.4.0/../../../../avr/lib/avrxmega4\libc.a(mulsi10.o)
                0x0000f856                __mulsi_const_10
 .text.avr-libc
                0x0000f880       0x10 c:/program files (x86)/atmel/studio/7.0/toolchain/avr8/avr8-gnu-toolchain/bin/../lib/gcc/avr/5.4.0/../../../../avr/lib/avrxmega4\libc.a(mul10.o)
                0x0000f880                __mulhi_const_10
 .text.avr-libc
                0x0000f890       0x52 c:/program files (x86)/atmel/studio/7.0/toolchain/avr8/avr8-gnu-toolchain/bin/../lib/gcc/avr/5.4.0/../../../../avr/lib/avrxmega4\libc.a(sprintf.o)
                0x0000f890                sprintf
 .text.avr-libc
                0x0000f8e2      0x408 c:/program files (x86)/atmel/studio/7.0/toolchain/avr8/avr8-gnu-toolchain/bin/../lib/gcc/avr/5.4.0/../../../../avr/lib/avrxmega4\libc.a(vfprintf_std.o)
                0x0000f8e2                vfprintf
 .text.avr-libc
                0x0000fcea      0x2e2 c:/program files (x86)/atmel/studio/7.0/toolchain/avr8/avr8-gnu-toolchain/bin/../lib/gcc/avr/5.4.0/../../../../avr/lib/avrxmega4\libc.a(dtoa_prf.o)
                0x0000fcea                dtoa_prf
 .text.avr-libc
                0x0000ffcc      0x2b8 c:/program files (x86)/atmel/studio/7.0/toolchain/avr8/avr8-gnu-toolchain/bin/../lib/gcc/avr/5.4.0/../../../../avr/lib/avrxmega4\libc.a(strtod.o)
                0x0000ffcc                strtod
 .text.avr-libc
                0x00010284      0x1b0 c:/program files (x86)/atmel/studio/7.0/toolchain/avr8/avr8-gnu-toolchain/bin/../lib/gcc/avr/5.4.0/../../../../avr/lib/avrxmega4\libc.a(ftoa_engine.o)
                0x00010284                __ftoa_engine
 .text.avr-libc
                0x00010434       0x12 c:/program files (x86)/atmel/studio/7.0/toolchain/avr8/avr8-gnu-toolchain/bin/../lib/gcc/avr/5.4.0/../../../../avr/lib/avrxmega4\libc.a(isspace.o)
                0x00010434                isspace
 .text.avr-libc
                0x00010446       0x30 c:/program files (x86)/atmel/studio/7.0/toolchain/avr8/avr8-gnu-toolchain/bin/../lib/gcc/avr/5.4.0/../../../../avr/lib/avrxmega4\libc.a(strncasecmp_P.o)
                0x00010446                strncasecmp_P
 .text.avr-libc
                0x00010476       0x16 c:/program files (x86)/atmel/studio/7.0/toolchain/avr8/avr8-gnu-toolchain/bin/../lib/gcc/avr/5.4.0/../../../../avr/lib/avrxmega4\libc.a(strnlen_P.o)
                0x00010476                strnlen_P
 .text.avr-libc
                0x0001048c       0x16 c:/program files (x86)/atmel/studio/7.0/toolchain/avr8/avr8-gnu-toolchain/bin/../lib/gcc/avr/5.4.0/../../../../avr/lib/avrxmega4\libc.a(strnlen.o)
                0x0001048c                strnlen
 .text.avr-libc
                0x000104a2       0x78 c:/program files (x86)/atmel/studio/7.0/toolchain/avr8/avr8-gnu-toolchain/bin/../lib/gcc/avr/5.4.0/../../../../avr/lib/avrxmega4\libc.a(fputc.o)
                0x000104a2                fputc
 .text.avr-libc
                0x0001051a       0xbc c:/program files (x86)/atmel/studio/7.0/toolchain/avr8/avr8-gnu-toolchain/bin/../lib/gcc/avr/5.4.0/../../../../avr/lib/avrxmega4\libc.a(ultoa_invert.o)
                0x0001051a                __ultoa_invert
 .text.avr-libc
                0x000105d6        0x6 c:/program files (x86)/atmel/studio/7.0/toolchain/avr8/avr8-gnu-toolchain/bin/../lib/gcc/avr/5.4.0/../../../../avr/lib/avrxmega4\libc.a(cty_isfalse.o)
                0x000105d6                __ctype_isfalse
                0x000105da                __ctype_istrue
 .text.avr-libc
                0x000105dc       0x10 C:/Program Files (x86)/Atmel/Studio/7.0/Packs/atmel/AVR-Dx_DFP/1.9.103/gcc/dev/avr128da48/avrxmega4\libavr128da48.a(eerd_byte.o)
                0x000105dc                eeprom_read_byte
                0x000105e4                eeprom_mapen
 .text.avr-libc
                0x000105ec        0xe C:/Program Files (x86)/Atmel/Studio/7.0/Packs/atmel/AVR-Dx_DFP/1.9.103/gcc/dev/avr128da48/avrxmega4\libavr128da48.a(eerd_dword.o)
                0x000105ec                eeprom_read_float
                0x000105ec                eeprom_read_dword
 .text.avr-libc
                0x000105fa        0xa C:/Program Files (x86)/Atmel/Studio/7.0/Packs/atmel/AVR-Dx_DFP/1.9.103/gcc/dev/avr128da48/avrxmega4\libavr128da48.a(eerd_word.o)
                0x000105fa                eeprom_read_word
 .text.libgcc.div
                0x00010604       0x1c c:/program files (x86)/atmel/studio/7.0/toolchain/avr8/avr8-gnu-toolchain/bin/../lib/gcc/avr/5.4.0/avrxmega4\libgcc.a(_divmodqi4.o)
                0x00010604                __divmodqi4
 .text.libgcc   0x00010620        0xe c:/program files (x86)/atmel/studio/7.0/toolchain/avr8/avr8-gnu-toolchain/bin/../lib/gcc/avr/5.4.0/avrxmega4\libgcc.a(_xload_1.o)
                0x00010620                __xload_1
 .text.libgcc.div
                0x0001062e       0x18 c:/program files (x86)/atmel/studio/7.0/toolchain/avr8/avr8-gnu-toolchain/bin/../lib/gcc/avr/5.4.0/avrxmega4\libgcc.a(_udivmodqi4.o)
                0x0001062e                __udivmodqi4
                0x00010646                . = ALIGN (0x2)
 *(.fini9)
 .fini9         0x00010646        0x0 c:/program files (x86)/atmel/studio/7.0/toolchain/avr8/avr8-gnu-toolchain/bin/../lib/gcc/avr/5.4.0/avrxmega4\libgcc.a(_exit.o)
                0x00010646                _exit
                0x00010646                exit
 *(.fini9)
 *(.fini8)
 *(.fini8)
 *(.fini7)
 *(.fini7)
 *(.fini6)
 .fini6         0x00010646       0x16 c:/program files (x86)/atmel/studio/7.0/toolchain/avr8/avr8-gnu-toolchain/bin/../lib/gcc/avr/5.4.0/avrxmega4\libgcc.a(_dtors.o)
                0x00010646                __do_global_dtors
 *(.fini6)
 *(.fini5)
 *(.fini5)
 *(.fini4)
 *(.fini4)
 *(.fini3)
 *(.fini3)
 *(.fini2)
 *(.fini2)
 *(.fini1)
 *(.fini1)
 *(.fini0)
 .fini0         0x0001065c        0x4 c:/program files (x86)/atmel/studio/7.0/toolchain/avr8/avr8-gnu-toolchain/bin/../lib/gcc/avr/5.4.0/avrxmega4\libgcc.a(_exit.o)
 *(.fini0)
                0x00010660                _etext = .

.data           0x00804000      0x6d0 load address 0x00010660
                0x00804000                PROVIDE (__data_start, .)
 *(.data)
 .data          0x00804000        0x6 c:/program files (x86)/atmel/studio/7.0/toolchain/avr8/avr8-gnu-toolchain/bin/../lib/gcc/avr/5.4.0/../../../../avr/lib/avrxmega4\libc.a(malloc.o)
                0x00804000                __malloc_heap_end
                0x00804002                __malloc_heap_start
                0x00804004                __malloc_margin
 *(.data*)
 .data._ZL28g_antenna_connection_changed
                0x00804006        0x1 main.o
 .data._ZL15g_code_throttle
                0x00804007        0x2 main.o
 .data._ZL23g_WiFi_shutdown_seconds
                0x00804009        0x1 main.o
 .data._ZL13g_wifi_active
                0x0080400a        0x1 main.o
 .data.g_id_codespeed
                0x0080400b        0x1 main.o
                0x0080400b                g_id_codespeed
 .data.g_pattern_codespeed
                0x0080400c        0x1 main.o
                0x0080400c                g_pattern_codespeed
 .data.g_on_air_seconds
                0x0080400d        0x2 main.o
                0x0080400d                g_on_air_seconds
 .data.g_off_air_seconds
                0x0080400f        0x2 main.o
                0x0080400f                g_off_air_seconds
 .data.g_ID_period_seconds
                0x00804011        0x2 main.o
                0x00804011                g_ID_period_seconds
 .data._ZL18g_seconds_to_sleep
                0x00804013        0x4 main.o
 .data._ZL17g_adcChannelOrder
                0x00804017        0x3 main.o
 .data._ZL19g_adcCountdownCount
                0x0080401a        0x6 main.o
 .data.g_fox    0x00804020        0x1 main.o
                0x00804020                g_fox
 .data._ZZ19updateAntennaStatusvE16antennaReadCount
                0x00804021        0x1 main.o
 .data._ZZ12temperatureCvE4wait
                0x00804022        0x4 src/adc.o
 .data.g_i2c0_timeout_ticks
                0x00804026        0x2 src/i2c.o
                0x00804026                g_i2c0_timeout_ticks
 .data.g_i2c1_timeout_ticks
                0x00804028        0x2 src/i2c.o
                0x00804028                g_i2c1_timeout_ticks
 .data._ZL14g_bus_disabled
                0x0080402a        0x1 src/linkbus.o
 .data.g_linkbus_usart_number
                0x0080402b        0x1 src/linkbus.o
                0x0080402b                g_linkbus_usart_number
 .data._ZZ9makeMorsePcPbS0_E6repeat
                0x0080402c        0x1 src/morse.o
 .data._ZZ9makeMorsePcPbS0_E1c
                0x0080402d        0x1 src/morse.o
 .data.g_serialbus_usart_number
                0x0080402e        0x1 src/serialbus.o
                0x0080402e                g_serialbus_usart_number
 .data._ZL14g_bus_disabled
                0x0080402f        0x1 src/serialbus.o
 .data._ZL9xtal_freq
                0x00804030        0x4 src/si5351.o
 .data.g_80m_frequency
                0x00804034        0x4 src/transmitter.o
                0x00804034                g_80m_frequency
 .data.g_80m_power_level_mW
                0x00804038        0x2 src/transmitter.o
                0x00804038                g_80m_power_level_mW
 .data.g_rtty_offset
                0x0080403a        0x4 src/transmitter.o
                0x0080403a                g_rtty_offset
 .data.g_tx_power_is_zero
                0x0080403e        0x1 src/transmitter.o
                0x0080403e                g_tx_power_is_zero
 .data.g_80m_power_table
                0x0080403f       0x20 src/transmitter.o
                0x0080403f                g_80m_power_table
 *(.gnu.linkonce.d*)
 *(.rodata)
 .rodata        0x0080405f      0x3f2 main.o
 .rodata        0x00804451       0x78 src/ds3231.o
 .rodata        0x008044c9        0x5 src/eeprommanager.o
 .rodata        0x008044ce       0x17 src/linkbus.o
 .rodata        0x008044e5      0x174 src/util.o
 *(.rodata*)
 .rodata._ZL34g_adcChannelConversionPeriod_ticks
                0x00804659        0x6 main.o
 .rodata._ZL4crlf
                0x0080465f        0x2 src/serialbus.o
 .rodata._ZL10textPrompt
                0x00804661        0x3 src/serialbus.o
 .rodata.str1.1
                0x00804664       0x6b c:/program files (x86)/atmel/studio/7.0/toolchain/avr8/avr8-gnu-toolchain/bin/../lib/gcc/avr/5.4.0/../../../../avr/lib/avrxmega4\libc.a(strftime.o)
                                 0x7f (size before relaxing)
 *(.gnu.linkonce.r*)
                0x008046d0                . = ALIGN (0x2)
 *fill*         0x008046cf        0x1 
                0x008046d0                _edata = .
                0x008046d0                PROVIDE (__data_end, .)

.bss            0x008046d0      0x41e
                0x008046d0                PROVIDE (__bss_start, .)
 *(.bss)
 *(.bss*)
 .bss._ZZ9serial_RxhE4buff
                0x008046d0        0x2 driver_isr.o
 .bss._ZZ9serial_RxhE11ignoreCount
                0x008046d2        0x1 driver_isr.o
 .bss._ZZ9serial_RxhE9charIndex
                0x008046d3        0x1 driver_isr.o
 .bss._ZZ9serial_RxhE8textBuff
                0x008046d4       0x32 driver_isr.o
 .bss._ZZ9serial_RxhE13receiving_msg
                0x00804706        0x1 driver_isr.o
 .bss._ZZ9serial_RxhE6msg_ID
                0x00804707        0x2 driver_isr.o
 .bss._ZZ9serial_RxhE11field_index
                0x00804709        0x1 driver_isr.o
 .bss._ZZ9serial_RxhE9field_len
                0x0080470a        0x1 driver_isr.o
 .bss._ZZ11__vector_20E4buff
                0x0080470b        0x2 driver_isr.o
 .bss._ZZ11__vector_20E9charIndex
                0x0080470d        0x1 driver_isr.o
 .bss._ZZ11__vector_20E4buff_0
                0x0080470e        0x2 driver_isr.o
 .bss._ZZ11__vector_20E9charIndex_0
                0x00804710        0x1 driver_isr.o
 .bss._ZZ11__vector_56E4buff
                0x00804711        0x2 driver_isr.o
 .bss._ZZ11__vector_56E9charIndex
                0x00804713        0x1 driver_isr.o
 .bss._ZZ11__vector_56E4buff_0
                0x00804714        0x2 driver_isr.o
 .bss._ZZ11__vector_56E9charIndex_0
                0x00804716        0x1 driver_isr.o
 .bss._ZZ10linkbus_RxhE4buff
                0x00804717        0x2 driver_isr.o
 .bss._ZZ10linkbus_RxhE9charIndex
                0x00804719        0x1 driver_isr.o
 .bss._ZZ10linkbus_RxhE9field_len
                0x0080471a        0x1 driver_isr.o
 .bss._ZZ10linkbus_RxhE10tempMsg_ID
                0x0080471b        0x4 driver_isr.o
 .bss._ZZ10linkbus_RxhE13receiving_msg
                0x0080471f        0x1 driver_isr.o
 .bss._ZZ10linkbus_RxhE11field_index
                0x00804720        0x1 driver_isr.o
 .bss._ZZ11__vector_32E4buff
                0x00804721        0x2 driver_isr.o
 .bss._ZZ11__vector_32E9charIndex
                0x00804723        0x1 driver_isr.o
 .bss._ZZ11__vector_32E4buff_0
                0x00804724        0x2 driver_isr.o
 .bss._ZZ11__vector_32E9charIndex_0
                0x00804726        0x1 driver_isr.o
 .bss._ZL9g_tempStr
                0x00804727       0x32 main.o
 .bss._ZL17g_last_error_code
                0x00804759        0x1 main.o
 .bss._ZL18g_last_status_code
                0x0080475a        0x1 main.o
 .bss._ZL33g_powerUp_initialization_complete
                0x0080475b        0x1 main.o
 .bss._ZL18g_perform_3V3_init
                0x0080475c        0x1 main.o
 .bss._ZL21g_util_tick_countdown
                0x0080475d        0x2 main.o
 .bss.g_antenna_connect_state
                0x0080475f        0x1 main.o
                0x0080475f                g_antenna_connect_state
 .bss._ZL13g_start_event
                0x00804760        0x1 main.o
 .bss._ZL11g_end_event
                0x00804761        0x1 main.o
 .bss._ZL12g_on_the_air
                0x00804762        0x4 main.o
 .bss._ZL26g_sendID_seconds_countdown
                0x00804766        0x2 main.o
 .bss._ZL16g_report_seconds
                0x00804768        0x1 main.o
 .bss._ZL19g_wifi_enable_delay
                0x00804769        0x1 main.o
 .bss._ZL20g_shutting_down_wifi
                0x0080476a        0x1 main.o
 .bss._ZL11g_sleepType
                0x0080476b        0x1 main.o
 .bss.g_messages_text
                0x0080476c       0x2a main.o
                0x0080476c                g_messages_text
 .bss.g_time_needed_for_ID
                0x00804796        0x2 main.o
                0x00804796                g_time_needed_for_ID
 .bss.g_intra_cycle_delay_time
                0x00804798        0x2 main.o
                0x00804798                g_intra_cycle_delay_time
 .bss.g_event_start_epoch
                0x0080479a        0x4 main.o
                0x0080479a                g_event_start_epoch
 .bss.g_event_finish_epoch
                0x0080479e        0x4 main.o
                0x0080479e                g_event_finish_epoch
 .bss.g_event_enabled
                0x008047a2        0x1 main.o
                0x008047a2                g_event_enabled
 .bss.g_event_commenced
                0x008047a3        0x1 main.o
                0x008047a3                g_event_commenced
 .bss.g_check_for_next_event
                0x008047a4        0x1 main.o
                0x008047a4                g_check_for_next_event
 .bss.g_waiting_for_next_event
                0x008047a5        0x1 main.o
                0x008047a5                g_waiting_for_next_event
 .bss._ZL17g_go_to_sleep_now
                0x008047a6        0x1 main.o
 .bss._ZL10g_sleeping
                0x008047a7        0x1 main.o
 .bss._ZL23g_seconds_left_to_sleep
                0x008047a8        0x4 main.o
 .bss._ZL12g_adcUpdated
                0x008047ac        0x3 main.o
 .bss._ZL22g_lastConversionResult
                0x008047af        0x6 main.o
 .bss.g_switch_closed_count
                0x008047b5        0x2 main.o
                0x008047b5                g_switch_closed_count
 .bss.g_long_button_press
                0x008047b7        0x1 main.o
                0x008047b7                g_long_button_press
 .bss.LEDS      0x008047b8        0x1 main.o
                0x008047b8                LEDS
 .bss.g_ee_mgr  0x008047b9        0x1 main.o
                0x008047b9                g_ee_mgr
 .bss.g_utc_offset
                0x008047ba        0x1 main.o
                0x008047ba                g_utc_offset
 .bss.g_unlockCode
                0x008047bb        0x8 main.o
                0x008047bb                g_unlockCode
 .bss.g_use_rtc_for_startstop
                0x008047c3        0x1 main.o
                0x008047c3                g_use_rtc_for_startstop
 .bss._ZZ11__vector_12E7codeInc
                0x008047c4        0x2 main.o
 .bss._ZZ11__vector_12E3key
                0x008047c6        0x1 main.o
 .bss._ZZ11__vector_12E19conversionInProcess
                0x008047c7        0x1 main.o
 .bss._ZZ11__vector_12E24indexConversionInProcess
                0x008047c8        0x1 main.o
 .bss._ZZ11__vector_12E20holdConversionResult
                0x008047c9        0x2 main.o
 .bss._ZZ19handleSerialBusMsgsvE6pwr_mW
                0x008047cb        0x2 main.o
 .bss._ZZ17handleLinkBusMsgsvE6pwr_mW
                0x008047cd        0x2 main.o
 .bss._ZZ17handleLinkBusMsgsvE25new_event_parameter_count
                0x008047cf        0x1 main.o
 .bss._ZZ17handleLinkBusMsgsvE35event_parameter_commands_rcvd_count
                0x008047d0        0x1 main.o
 .bss._ZZ17handleLinkBusMsgsvE8lastTime
                0x008047d1        0x4 main.o
 .bss._ZZ19updateAntennaStatusvE26lastAntennaConnectionState
                0x008047d5        0x1 main.o
 .bss.g_goertzel
                0x008047d6        0x1 src/adc.o
                0x008047d6                g_goertzel
 .bss._ZL20g_adc_initialization
                0x008047d7        0x1 src/adc.o
 .bss._SAMPLING_FREQUENCY
                0x008047d8        0x4 src/Goertzel.o
                0x008047d8                _SAMPLING_FREQUENCY
 .bss._N        0x008047dc        0x2 src/Goertzel.o
                0x008047dc                _N
 .bss._index    0x008047de        0x2 src/Goertzel.o
                0x008047de                _index
 .bss._samplesReady
                0x008047e0        0x1 src/Goertzel.o
                0x008047e0                _samplesReady
 .bss.testData  0x008047e1        0x2 src/Goertzel.o
                0x008047e1                testData
 .bss._ZL16lastBlinkSetting
                0x008047e3        0x1 src/leds.o
 .bss._ZL17led_timeout_count
                0x008047e4        0x4 src/leds.o
 .bss._ZL19red_blink_on_period
                0x008047e8        0x2 src/leds.o
 .bss._ZL20red_blink_off_period
                0x008047ea        0x2 src/leds.o
 .bss._ZL21green_blink_on_period
                0x008047ec        0x2 src/leds.o
 .bss._ZL22green_blink_off_period
                0x008047ee        0x2 src/leds.o
 .bss._ZL15red_blink_count
                0x008047f0        0x2 src/leds.o
 .bss._ZL17green_blink_count
                0x008047f2        0x2 src/leds.o
 .bss._ZL18red_led_configured
                0x008047f4        0x1 src/leds.o
 .bss._ZL20green_led_configured
                0x008047f5        0x1 src/leds.o
 .bss._ZL13g_tempMsgBuff
                0x008047f6       0x32 src/linkbus.o
 .bss._ZL17linkbus_tx_active
                0x00804828        0x1 src/linkbus.o
 .bss._ZL9tx_buffer
                0x00804829       0xc8 src/linkbus.o
 .bss._ZL9rx_buffer
                0x008048f1       0x84 src/linkbus.o
 .bss._ZZ18nextFullLBTxBuffervE11bufferIndex
                0x00804975        0x1 src/linkbus.o
 .bss._ZZ19nextEmptyLBTxBuffervE11bufferIndex
                0x00804976        0x1 src/linkbus.o
 .bss._ZZ19nextEmptyLBRxBuffervE11bufferIndex
                0x00804977        0x1 src/linkbus.o
 .bss._ZZ18nextFullLBRxBuffervE11bufferIndex
                0x00804978        0x1 src/linkbus.o
 .bss._ZZ9makeMorsePcPbS0_E11holdKeyDown
                0x00804979        0x1 src/morse.o
 .bss._ZZ9makeMorsePcPbS0_E3str
                0x0080497a        0x2 src/morse.o
 .bss._ZZ9makeMorsePcPbS0_E15morseInProgress
                0x0080497c        0x3 src/morse.o
 .bss._ZZ9makeMorsePcPbS0_E9charIndex
                0x0080497f        0x1 src/morse.o
 .bss._ZZ9makeMorsePcPbS0_E11symbolIndex
                0x00804980        0x1 src/morse.o
 .bss._ZZ9makeMorsePcPbS0_E12elementIndex
                0x00804981        0x1 src/morse.o
 .bss._ZZ9makeMorsePcPbS0_E10addedSpace
                0x00804982        0x1 src/morse.o
 .bss._ZZ9makeMorsePcPbS0_E15completedString
                0x00804983        0x1 src/morse.o
 .bss._ZZ9makeMorsePcPbS0_E9carrierOn
                0x00804984        0x1 src/morse.o
 .bss._ZL13g_tempMsgBuff
                0x00804985       0x32 src/serialbus.o
 .bss._ZL19serialbus_tx_active
                0x008049b7        0x1 src/serialbus.o
 .bss._ZL9tx_buffer
                0x008049b8       0x7b src/serialbus.o
 .bss._ZL9rx_buffer
                0x00804a33       0x7e src/serialbus.o
 .bss._ZZ18nextFullSBTxBufferE11bufferIndex
                0x00804ab1        0x1 src/serialbus.o
 .bss._ZZ19nextEmptySBTxBufferE11bufferIndex
                0x00804ab2        0x1 src/serialbus.o
 .bss._ZZ19nextEmptySBRxBufferE11bufferIndex
                0x00804ab3        0x1 src/serialbus.o
 .bss._ZZ18nextFullSBRxBufferE11bufferIndex
                0x00804ab4        0x1 src/serialbus.o
 .bss._ZL8freqVCOB
                0x00804ab5        0x4 src/si5351.o
 .bss._ZL17enabledClocksMask
                0x00804ab9        0x1 src/si5351.o
 .bss._ZL9clock_out
                0x00804aba        0xc src/si5351.o
 .bss.g_si5351_initialized
                0x00804ac6        0x1 src/si5351.o
                0x00804ac6                g_si5351_initialized
 .bss._ZL12g_ms_counter
                0x00804ac7        0x4 src/tcb.o
 .bss._ZZ13util_delay_msE8counting
                0x00804acb        0x1 src/tcb.o
 .bss._ZZ13util_delay_msE14countdownValue
                0x00804acc        0x4 src/tcb.o
 .bss._ZL16g_tx_initialized
                0x00804ad0        0x1 src/transmitter.o
 .bss._ZL19g_transmitter_keyed
                0x00804ad1        0x1 src/transmitter.o
 *(COMMON)
 COMMON         0x00804ad2        0x4 c:/program files (x86)/atmel/studio/7.0/toolchain/avr8/avr8-gnu-toolchain/bin/../lib/gcc/avr/5.4.0/../../../../avr/lib/avrxmega4\libc.a(malloc.o)
                0x00804ad2                __brkval
                0x00804ad4                __flp
 COMMON         0x00804ad6        0x4 c:/program files (x86)/atmel/studio/7.0/toolchain/avr8/avr8-gnu-toolchain/bin/../lib/gcc/avr/5.4.0/../../../../avr/lib/avrxmega4\libc.a(system_time.o)
                0x00804ad6                __system_time
 COMMON         0x00804ada        0xc c:/program files (x86)/atmel/studio/7.0/toolchain/avr8/avr8-gnu-toolchain/bin/../lib/gcc/avr/5.4.0/../../../../avr/lib/avrxmega4\libc.a(tm_store.o)
                0x00804ada                __tm_store
 COMMON         0x00804ae6        0x4 c:/program files (x86)/atmel/studio/7.0/toolchain/avr8/avr8-gnu-toolchain/bin/../lib/gcc/avr/5.4.0/../../../../avr/lib/avrxmega4\libc.a(utc_offset.o)
                0x00804ae6                __utc_offset
 COMMON         0x00804aea        0x2 c:/program files (x86)/atmel/studio/7.0/toolchain/avr8/avr8-gnu-toolchain/bin/../lib/gcc/avr/5.4.0/../../../../avr/lib/avrxmega4\libc.a(dst_pointer.o)
                0x00804aea                __dst_ptr
 COMMON         0x00804aec        0x2 c:/program files (x86)/atmel/studio/7.0/toolchain/avr8/avr8-gnu-toolchain/bin/../lib/gcc/avr/5.4.0/../../../../avr/lib/avrxmega4\libc.a(errno.o)
                0x00804aec                errno
                0x00804aee                PROVIDE (__bss_end, .)
                0x00010660                __data_load_start = LOADADDR (.data)
                0x00010d30                __data_load_end = (__data_load_start + SIZEOF (.data))

.noinit         0x00804aee        0x0
                [!provide]                PROVIDE (__noinit_start, .)
 *(.noinit*)
                [!provide]                PROVIDE (__noinit_end, .)
                0x00804aee                _end = .
                0x00804aee                PROVIDE (__heap_start, .)

.eeprom         0x00810000       0x53
 *(.eeprom*)
 .eeprom        0x00810000       0x53 src/eeprommanager.o
                0x00810000                _ZN13EepromManager7ee_varsE
                0x00810053                __eeprom_end = .

.fuse
 *(.fuse)
 *(.lfuse)
 *(.hfuse)
 *(.efuse)

.lock
 *(.lock*)

.signature
 *(.signature*)

.user_signatures
 *(.user_signatures*)

.stab
 *(.stab)

.stabstr
 *(.stabstr)

.stab.excl
 *(.stab.excl)

.stab.exclstr
 *(.stab.exclstr)

.stab.index
 *(.stab.index)

.stab.indexstr
 *(.stab.indexstr)

.comment        0x00000000       0x5c
 *(.comment)
 .comment       0x00000000       0x30 atmel_start.o
                                 0x31 (size before relaxing)
 .comment       0x00000030       0x31 driver_isr.o
 .comment       0x00000030       0x31 main.o
 .comment       0x00000030       0x31 src/adc.o
 .comment       0x00000030       0x31 src/binio.o
 .comment       0x00000030       0x31 src/bod.o
 .comment       0x00000030       0x31 src/clkctrl.o
 .comment       0x00000030       0x31 src/cpuint.o
 .comment       0x00000030       0x31 src/dac0.o
 .comment       0x00000030       0x31 src/driver_init.o
 .comment       0x00000030       0x31 src/ds3231.o
 .comment       0x00000030       0x31 src/eeprommanager.o
 .comment       0x00000030       0x31 src/Goertzel.o
 .comment       0x00000030       0x31 src/huzzah.o
 .comment       0x00000030       0x31 src/i2c.o
 .comment       0x00000030       0x31 src/leds.o
 .comment       0x00000030       0x31 src/linkbus.o
 .comment       0x00000030       0x31 src/morse.o
 .comment       0x00000030       0x31 src/serialbus.o
 .comment       0x00000030       0x31 src/si5351.o
 .comment       0x00000030       0x31 src/slpctrl.o
 .comment       0x00000030       0x31 src/tcb.o
 .comment       0x00000030       0x31 src/transmitter.o
 .comment       0x00000030       0x31 src/usart_basic.o
 .comment       0x00000030       0x31 src/util.o
 .comment       0x00000030       0x31 c:/program files (x86)/atmel/studio/7.0/toolchain/avr8/avr8-gnu-toolchain/bin/../lib/gcc/avr/5.4.0/../../../../avr/lib/avrxmega4\libc.a(dtostrf.o)
 .comment       0x00000030       0x31 c:/program files (x86)/atmel/studio/7.0/toolchain/avr8/avr8-gnu-toolchain/bin/../lib/gcc/avr/5.4.0/../../../../avr/lib/avrxmega4\libc.a(malloc.o)
 .comment       0x00000030       0x31 c:/program files (x86)/atmel/studio/7.0/toolchain/avr8/avr8-gnu-toolchain/bin/../lib/gcc/avr/5.4.0/../../../../avr/lib/avrxmega4\libc.a(sprintf.o)
 .comment       0x00000030       0x31 c:/program files (x86)/atmel/studio/7.0/toolchain/avr8/avr8-gnu-toolchain/bin/../lib/gcc/avr/5.4.0/../../../../avr/lib/avrxmega4\libc.a(isLeap.o)
 .comment       0x00000030       0x31 c:/program files (x86)/atmel/studio/7.0/toolchain/avr8/avr8-gnu-toolchain/bin/../lib/gcc/avr/5.4.0/../../../../avr/lib/avrxmega4\libc.a(localtime.o)
 .comment       0x00000030       0x31 c:/program files (x86)/atmel/studio/7.0/toolchain/avr8/avr8-gnu-toolchain/bin/../lib/gcc/avr/5.4.0/../../../../avr/lib/avrxmega4\libc.a(localtime_r.o)
 .comment       0x00000030       0x31 c:/program files (x86)/atmel/studio/7.0/toolchain/avr8/avr8-gnu-toolchain/bin/../lib/gcc/avr/5.4.0/../../../../avr/lib/avrxmega4\libc.a(month_length.o)
 .comment       0x00000030       0x31 c:/program files (x86)/atmel/studio/7.0/toolchain/avr8/avr8-gnu-toolchain/bin/../lib/gcc/avr/5.4.0/../../../../avr/lib/avrxmega4\libc.a(set_system_time.o)
 .comment       0x00000030       0x31 c:/program files (x86)/atmel/studio/7.0/toolchain/avr8/avr8-gnu-toolchain/bin/../lib/gcc/avr/5.4.0/../../../../avr/lib/avrxmega4\libc.a(strftime.o)
 .comment       0x00000030       0x31 c:/program files (x86)/atmel/studio/7.0/toolchain/avr8/avr8-gnu-toolchain/bin/../lib/gcc/avr/5.4.0/../../../../avr/lib/avrxmega4\libc.a(system_time.o)
 .comment       0x00000030       0x31 c:/program files (x86)/atmel/studio/7.0/toolchain/avr8/avr8-gnu-toolchain/bin/../lib/gcc/avr/5.4.0/../../../../avr/lib/avrxmega4\libc.a(time.o)
 .comment       0x00000030       0x31 c:/program files (x86)/atmel/studio/7.0/toolchain/avr8/avr8-gnu-toolchain/bin/../lib/gcc/avr/5.4.0/../../../../avr/lib/avrxmega4\libc.a(tm_store.o)
 .comment       0x00000030       0x2c c:/program files (x86)/atmel/studio/7.0/toolchain/avr8/avr8-gnu-toolchain/bin/../lib/gcc/avr/5.4.0/../../../../avr/lib/avrxmega4\libc.a(utc_offset.o)
                                 0x2d (size before relaxing)
 .comment       0x0000005c       0x31 c:/program files (x86)/atmel/studio/7.0/toolchain/avr8/avr8-gnu-toolchain/bin/../lib/gcc/avr/5.4.0/../../../../avr/lib/avrxmega4\libc.a(week_of_year.o)
 .comment       0x0000005c       0x2d c:/program files (x86)/atmel/studio/7.0/toolchain/avr8/avr8-gnu-toolchain/bin/../lib/gcc/avr/5.4.0/../../../../avr/lib/avrxmega4\libc.a(vfprintf_std.o)
 .comment       0x0000005c       0x31 c:/program files (x86)/atmel/studio/7.0/toolchain/avr8/avr8-gnu-toolchain/bin/../lib/gcc/avr/5.4.0/../../../../avr/lib/avrxmega4\libc.a(dtoa_prf.o)
 .comment       0x0000005c       0x31 c:/program files (x86)/atmel/studio/7.0/toolchain/avr8/avr8-gnu-toolchain/bin/../lib/gcc/avr/5.4.0/../../../../avr/lib/avrxmega4\libc.a(strtod.o)
 .comment       0x0000005c       0x31 c:/program files (x86)/atmel/studio/7.0/toolchain/avr8/avr8-gnu-toolchain/bin/../lib/gcc/avr/5.4.0/../../../../avr/lib/avrxmega4\libc.a(fputc.o)
 .comment       0x0000005c       0x31 c:/program files (x86)/atmel/studio/7.0/toolchain/avr8/avr8-gnu-toolchain/bin/../lib/gcc/avr/5.4.0/../../../../avr/lib/avrxmega4\libc.a(asctime_r.o)
 .comment       0x0000005c       0x31 c:/program files (x86)/atmel/studio/7.0/toolchain/avr8/avr8-gnu-toolchain/bin/../lib/gcc/avr/5.4.0/../../../../avr/lib/avrxmega4\libc.a(dst_pointer.o)
 .comment       0x0000005c       0x31 c:/program files (x86)/atmel/studio/7.0/toolchain/avr8/avr8-gnu-toolchain/bin/../lib/gcc/avr/5.4.0/../../../../avr/lib/avrxmega4\libc.a(gmtime_r.o)
 .comment       0x0000005c       0x31 c:/program files (x86)/atmel/studio/7.0/toolchain/avr8/avr8-gnu-toolchain/bin/../lib/gcc/avr/5.4.0/../../../../avr/lib/avrxmega4\libc.a(iso_week_date_r.o)
 .comment       0x0000005c       0x31 c:/program files (x86)/atmel/studio/7.0/toolchain/avr8/avr8-gnu-toolchain/bin/../lib/gcc/avr/5.4.0/../../../../avr/lib/avrxmega4\libc.a(print_lz.o)
 .comment       0x0000005c       0x2d c:/program files (x86)/atmel/studio/7.0/toolchain/avr8/avr8-gnu-toolchain/bin/../lib/gcc/avr/5.4.0/../../../../avr/lib/avrxmega4\libc.a(errno.o)

.note.gnu.avr.deviceinfo
                0x00000000       0x40
 .note.gnu.avr.deviceinfo
                0x00000000       0x40 C:/Program Files (x86)/Atmel/Studio/7.0/Packs/atmel/AVR-Dx_DFP/1.9.103/gcc/dev/avr128da48/avrxmega4/crtavr128da48.o

.note.gnu.build-id
 *(.note.gnu.build-id)

.debug
 *(.debug)

.line
 *(.line)

.debug_srcinfo
 *(.debug_srcinfo)

.debug_sfnames
 *(.debug_sfnames)

.debug_aranges  0x00000000      0xc60
 *(.debug_aranges)
 .debug_aranges
                0x00000000       0x20 atmel_start.o
 .debug_aranges
                0x00000020       0x60 driver_isr.o
 .debug_aranges
                0x00000080      0x138 main.o
 .debug_aranges
                0x000001b8       0x88 src/adc.o
 .debug_aranges
                0x00000240       0xb8 src/binio.o
 .debug_aranges
                0x000002f8       0x20 src/bod.o
 .debug_aranges
                0x00000318       0x28 src/clkctrl.o
 .debug_aranges
                0x00000340       0x20 src/cpuint.o
 .debug_aranges
                0x00000360       0x30 src/dac0.o
 .debug_aranges
                0x00000390       0x60 src/driver_init.o
 .debug_aranges
                0x000003f0       0xa0 src/ds3231.o
 .debug_aranges
                0x00000490       0x60 src/eeprommanager.o
 .debug_aranges
                0x000004f0       0x60 src/Goertzel.o
 .debug_aranges
                0x00000550       0x40 src/huzzah.o
 .debug_aranges
                0x00000590       0x98 src/i2c.o
 .debug_aranges
                0x00000628       0x70 src/leds.o
 .debug_aranges
                0x00000698      0x110 src/linkbus.o
 .debug_aranges
                0x000007a8       0x30 src/morse.o
 .debug_aranges
                0x000007d8       0x20 src/protected_io.o
 .debug_aranges
                0x000007f8      0x118 src/serialbus.o
 .debug_aranges
                0x00000910       0xc0 src/si5351.o
 .debug_aranges
                0x000009d0       0x28 src/slpctrl.o
 .debug_aranges
                0x000009f8       0x38 src/tcb.o
 .debug_aranges
                0x00000a30       0x60 src/transmitter.o
 .debug_aranges
                0x00000a90      0x120 src/usart_basic.o
 .debug_aranges
                0x00000bb0       0x50 src/util.o
 .debug_aranges
                0x00000c00       0x20 C:/Program Files (x86)/Atmel/Studio/7.0/Packs/atmel/AVR-Dx_DFP/1.9.103/gcc/dev/avr128da48/avrxmega4\libavr128da48.a(eerd_byte.o)
 .debug_aranges
                0x00000c20       0x20 C:/Program Files (x86)/Atmel/Studio/7.0/Packs/atmel/AVR-Dx_DFP/1.9.103/gcc/dev/avr128da48/avrxmega4\libavr128da48.a(eerd_dword.o)
 .debug_aranges
                0x00000c40       0x20 C:/Program Files (x86)/Atmel/Studio/7.0/Packs/atmel/AVR-Dx_DFP/1.9.103/gcc/dev/avr128da48/avrxmega4\libavr128da48.a(eerd_word.o)

.debug_pubnames
 *(.debug_pubnames)

.debug_info     0x00000000     0xf601
 *(.debug_info .gnu.linkonce.wi.*)
 .debug_info    0x00000000     0x2c24 C:/Program Files (x86)/Atmel/Studio/7.0/Packs/atmel/AVR-Dx_DFP/1.9.103/gcc/dev/avr128da48/avrxmega4/crtavr128da48.o
 .debug_info    0x00002c24       0x7e atmel_start.o
 .debug_info    0x00002ca2      0x9fa driver_isr.o
 .debug_info    0x0000369c     0x258f main.o
 .debug_info    0x00005c2b      0xd8e src/adc.o
 .debug_info    0x000069b9      0x87e src/binio.o
 .debug_info    0x00007237      0x188 src/bod.o
 .debug_info    0x000073bf      0x28a src/clkctrl.o
 .debug_info    0x00007649       0x8d src/cpuint.o
 .debug_info    0x000076d6      0x411 src/dac0.o
 .debug_info    0x00007ae7      0x50b src/driver_init.o
 .debug_info    0x00007ff2      0xab1 src/ds3231.o
 .debug_info    0x00008aa3      0xd71 src/eeprommanager.o
 .debug_info    0x00009814      0x5c3 src/Goertzel.o
 .debug_info    0x00009dd7      0x36b src/huzzah.o
 .debug_info    0x0000a142      0x927 src/i2c.o
 .debug_info    0x0000aa69      0x793 src/leds.o
 .debug_info    0x0000b1fc      0xdd8 src/linkbus.o
 .debug_info    0x0000bfd4      0x2c4 src/morse.o
 .debug_info    0x0000c298       0x8a src/protected_io.o
 .debug_info    0x0000c322      0xe7a src/serialbus.o
 .debug_info    0x0000d19c      0xd43 src/si5351.o
 .debug_info    0x0000dedf      0x134 src/slpctrl.o
 .debug_info    0x0000e013      0x2f2 src/tcb.o
 .debug_info    0x0000e305      0x645 src/transmitter.o
 .debug_info    0x0000e94a      0x5d8 src/usart_basic.o
 .debug_info    0x0000ef22      0x501 src/util.o
 .debug_info    0x0000f423       0x9f C:/Program Files (x86)/Atmel/Studio/7.0/Packs/atmel/AVR-Dx_DFP/1.9.103/gcc/dev/avr128da48/avrxmega4\libavr128da48.a(eerd_byte.o)
 .debug_info    0x0000f4c2       0xa0 C:/Program Files (x86)/Atmel/Studio/7.0/Packs/atmel/AVR-Dx_DFP/1.9.103/gcc/dev/avr128da48/avrxmega4\libavr128da48.a(eerd_dword.o)
 .debug_info    0x0000f562       0x9f C:/Program Files (x86)/Atmel/Studio/7.0/Packs/atmel/AVR-Dx_DFP/1.9.103/gcc/dev/avr128da48/avrxmega4\libavr128da48.a(eerd_word.o)

.debug_abbrev   0x00000000     0x56b5
 *(.debug_abbrev)
 .debug_abbrev  0x00000000     0x29ce C:/Program Files (x86)/Atmel/Studio/7.0/Packs/atmel/AVR-Dx_DFP/1.9.103/gcc/dev/avr128da48/avrxmega4/crtavr128da48.o
 .debug_abbrev  0x000029ce       0x42 atmel_start.o
 .debug_abbrev  0x00002a10      0x20f driver_isr.o
 .debug_abbrev  0x00002c1f      0x446 main.o
 .debug_abbrev  0x00003065      0x30e src/adc.o
 .debug_abbrev  0x00003373      0x22b src/binio.o
 .debug_abbrev  0x0000359e       0xaf src/bod.o
 .debug_abbrev  0x0000364d       0xdb src/clkctrl.o
 .debug_abbrev  0x00003728       0x51 src/cpuint.o
 .debug_abbrev  0x00003779      0x132 src/dac0.o
 .debug_abbrev  0x000038ab      0x17f src/driver_init.o
 .debug_abbrev  0x00003a2a      0x1e5 src/ds3231.o
 .debug_abbrev  0x00003c0f      0x2f5 src/eeprommanager.o
 .debug_abbrev  0x00003f04      0x1eb src/Goertzel.o
 .debug_abbrev  0x000040ef       0xfd src/huzzah.o
 .debug_abbrev  0x000041ec      0x21c src/i2c.o
 .debug_abbrev  0x00004408      0x280 src/leds.o
 .debug_abbrev  0x00004688      0x2d0 src/linkbus.o
 .debug_abbrev  0x00004958       0xe9 src/morse.o
 .debug_abbrev  0x00004a41       0x14 src/protected_io.o
 .debug_abbrev  0x00004a55      0x2ba src/serialbus.o
 .debug_abbrev  0x00004d0f      0x26e src/si5351.o
 .debug_abbrev  0x00004f7d       0xc2 src/slpctrl.o
 .debug_abbrev  0x0000503f      0x141 src/tcb.o
 .debug_abbrev  0x00005180      0x1bd src/transmitter.o
 .debug_abbrev  0x0000533d      0x1c9 src/usart_basic.o
 .debug_abbrev  0x00005506      0x173 src/util.o
 .debug_abbrev  0x00005679       0x14 C:/Program Files (x86)/Atmel/Studio/7.0/Packs/atmel/AVR-Dx_DFP/1.9.103/gcc/dev/avr128da48/avrxmega4\libavr128da48.a(eerd_byte.o)
 .debug_abbrev  0x0000568d       0x14 C:/Program Files (x86)/Atmel/Studio/7.0/Packs/atmel/AVR-Dx_DFP/1.9.103/gcc/dev/avr128da48/avrxmega4\libavr128da48.a(eerd_dword.o)