Archive member included to satisfy reference by file (symbol)

c:/program files (x86)/atmel/studio/7.0/toolchain/avr8/avr8-gnu-toolchain/bin/../lib/gcc/avr/5.4.0/../../../../avr/lib/avrxmega4\libm.a(addsf3.o)
                              src/Goertzel.o (__subsf3)
c:/program files (x86)/atmel/studio/7.0/toolchain/avr8/avr8-gnu-toolchain/bin/../lib/gcc/avr/5.4.0/../../../../avr/lib/avrxmega4\libm.a(addsf3x.o)
                              c:/program files (x86)/atmel/studio/7.0/toolchain/avr8/avr8-gnu-toolchain/bin/../lib/gcc/avr/5.4.0/../../../../avr/lib/avrxmega4\libm.a(addsf3.o) (__addsf3x)
c:/program files (x86)/atmel/studio/7.0/toolchain/avr8/avr8-gnu-toolchain/bin/../lib/gcc/avr/5.4.0/../../../../avr/lib/avrxmega4\libm.a(ceil.o)
                              src/util.o (ceil)
c:/program files (x86)/atmel/studio/7.0/toolchain/avr8/avr8-gnu-toolchain/bin/../lib/gcc/avr/5.4.0/../../../../avr/lib/avrxmega4\libm.a(cmpsf2.o)
                              src/Goertzel.o (__ltsf2)
c:/program files (x86)/atmel/studio/7.0/toolchain/avr8/avr8-gnu-toolchain/bin/../lib/gcc/avr/5.4.0/../../../../avr/lib/avrxmega4\libm.a(cos.o)
                              src/Goertzel.o (cos)
c:/program files (x86)/atmel/studio/7.0/toolchain/avr8/avr8-gnu-toolchain/bin/../lib/gcc/avr/5.4.0/../../../../avr/lib/avrxmega4\libm.a(divsf3.o)
                              src/Goertzel.o (__divsf3)
c:/program files (x86)/atmel/studio/7.0/toolchain/avr8/avr8-gnu-toolchain/bin/../lib/gcc/avr/5.4.0/../../../../avr/lib/avrxmega4\libm.a(divsf3x.o)
                              c:/program files (x86)/atmel/studio/7.0/toolchain/avr8/avr8-gnu-toolchain/bin/../lib/gcc/avr/5.4.0/../../../../avr/lib/avrxmega4\libm.a(divsf3.o) (__divsf3x)
c:/program files (x86)/atmel/studio/7.0/toolchain/avr8/avr8-gnu-toolchain/bin/../lib/gcc/avr/5.4.0/../../../../avr/lib/avrxmega4\libm.a(fixsfsi.o)
                              src/Goertzel.o (__fixsfsi)
c:/program files (x86)/atmel/studio/7.0/toolchain/avr8/avr8-gnu-toolchain/bin/../lib/gcc/avr/5.4.0/../../../../avr/lib/avrxmega4\libm.a(fixunssfsi.o)
                              main.o (__fixunssfsi)
c:/program files (x86)/atmel/studio/7.0/toolchain/avr8/avr8-gnu-toolchain/bin/../lib/gcc/avr/5.4.0/../../../../avr/lib/avrxmega4\libm.a(floatsisf.o)
                              main.o (__floatunsisf)
c:/program files (x86)/atmel/studio/7.0/toolchain/avr8/avr8-gnu-toolchain/bin/../lib/gcc/avr/5.4.0/../../../../avr/lib/avrxmega4\libm.a(fp_cmp.o)
                              c:/program files (x86)/atmel/studio/7.0/toolchain/avr8/avr8-gnu-toolchain/bin/../lib/gcc/avr/5.4.0/../../../../avr/lib/avrxmega4\libm.a(cmpsf2.o) (__fp_cmp)
c:/program files (x86)/atmel/studio/7.0/toolchain/avr8/avr8-gnu-toolchain/bin/../lib/gcc/avr/5.4.0/../../../../avr/lib/avrxmega4\libm.a(fp_inf.o)
                              c:/program files (x86)/atmel/studio/7.0/toolchain/avr8/avr8-gnu-toolchain/bin/../lib/gcc/avr/5.4.0/../../../../avr/lib/avrxmega4\libm.a(addsf3x.o) (__fp_inf)
c:/program files (x86)/atmel/studio/7.0/toolchain/avr8/avr8-gnu-toolchain/bin/../lib/gcc/avr/5.4.0/../../../../avr/lib/avrxmega4\libm.a(fp_mintl.o)
                              c:/program files (x86)/atmel/studio/7.0/toolchain/avr8/avr8-gnu-toolchain/bin/../lib/gcc/avr/5.4.0/../../../../avr/lib/avrxmega4\libm.a(ceil.o) (__fp_mintl)
c:/program files (x86)/atmel/studio/7.0/toolchain/avr8/avr8-gnu-toolchain/bin/../lib/gcc/avr/5.4.0/../../../../avr/lib/avrxmega4\libm.a(fp_mpack.o)
                              c:/program files (x86)/atmel/studio/7.0/toolchain/avr8/avr8-gnu-toolchain/bin/../lib/gcc/avr/5.4.0/../../../../avr/lib/avrxmega4\libm.a(ceil.o) (__fp_mpack)
c:/program files (x86)/atmel/studio/7.0/toolchain/avr8/avr8-gnu-toolchain/bin/../lib/gcc/avr/5.4.0/../../../../avr/lib/avrxmega4\libm.a(fp_nan.o)
                              c:/program files (x86)/atmel/studio/7.0/toolchain/avr8/avr8-gnu-toolchain/bin/../lib/gcc/avr/5.4.0/../../../../avr/lib/avrxmega4\libm.a(addsf3x.o) (__fp_nan)
c:/program files (x86)/atmel/studio/7.0/toolchain/avr8/avr8-gnu-toolchain/bin/../lib/gcc/avr/5.4.0/../../../../avr/lib/avrxmega4\libm.a(fp_pscA.o)
                              c:/program files (x86)/atmel/studio/7.0/toolchain/avr8/avr8-gnu-toolchain/bin/../lib/gcc/avr/5.4.0/../../../../avr/lib/avrxmega4\libm.a(addsf3x.o) (__fp_pscA)
c:/program files (x86)/atmel/studio/7.0/toolchain/avr8/avr8-gnu-toolchain/bin/../lib/gcc/avr/5.4.0/../../../../avr/lib/avrxmega4\libm.a(fp_pscB.o)
                              c:/program files (x86)/atmel/studio/7.0/toolchain/avr8/avr8-gnu-toolchain/bin/../lib/gcc/avr/5.4.0/../../../../avr/lib/avrxmega4\libm.a(addsf3x.o) (__fp_pscB)
c:/program files (x86)/atmel/studio/7.0/toolchain/avr8/avr8-gnu-toolchain/bin/../lib/gcc/avr/5.4.0/../../../../avr/lib/avrxmega4\libm.a(fp_rempio2.o)
[...]
Memory Configuration

Name             Origin             Length             Attributes
text             0x00000000         0x00020000         xr
data             0x00804000         0x00004000         rw !x
eeprom           0x00810000         0x00000200         rw !x
fuse             0x00820000         0x00000010         rw !x
lock             0x00830000         0x00000400         rw !x
signature        0x00840000         0x00000400         rw !x
user_signatures  0x00850000         0x00000400         rw !x
*default*        0x00000000         0xffffffff

Linker script and memory map

Address of section .data set to 0x804000
                0x00008000                __RODATA_PM_OFFSET__ = 0x8000
LOAD C:/Program Files (x86)/Atmel/Studio/7.0/Packs/atmel/AVR-Dx_DFP/1.9.103/gcc/dev/avr128da48/avrxmega4/crtavr128da48.o
LOAD atmel_start.o
LOAD driver_isr.o
LOAD main.o
LOAD src/adc.o
LOAD src/binio.o
LOAD src/bod.o
LOAD src/clkctrl.o
LOAD src/cpuint.o
LOAD src/dac0.o
LOAD src/driver_init.o
LOAD src/ds3231.o
LOAD src/eeprommanager.o
LOAD src/Goertzel.o
LOAD src/huzzah.o
LOAD src/i2c.o
LOAD src/leds.o
LOAD src/linkbus.o
LOAD src/morse.o
LOAD src/protected_io.o
LOAD src/serialbus.o
LOAD src/si5351.o
LOAD src/slpctrl.o
LOAD src/tcb.o
LOAD src/transmitter.o
LOAD src/usart_basic.o
LOAD src/util.o
START GROUP
LOAD c:/program files (x86)/atmel/studio/7.0/toolchain/avr8/avr8-gnu-toolchain/bin/../lib/gcc/avr/5.4.0/../../../../avr/lib/avrxmega4\libm.a
END GROUP
LOAD c:/program files (x86)/atmel/studio/7.0/toolchain/avr8/avr8-gnu-toolchain/bin/../lib/gcc/avr/5.4.0/avrxmega4\libgcc.a
LOAD c:/program files (x86)/atmel/studio/7.0/toolchain/avr8/avr8-gnu-toolchain/bin/../lib/gcc/avr/5.4.0/../../../../avr/lib/avrxmega4\libm.a
START GROUP
LOAD c:/program files (x86)/atmel/studio/7.0/toolchain/avr8/avr8-gnu-toolchain/bin/../lib/gcc/avr/5.4.0/avrxmega4\libgcc.a
LOAD c:/program files (x86)/atmel/studio/7.0/toolchain/avr8/avr8-gnu-toolchain/bin/../lib/gcc/avr/5.4.0/../../../../avr/lib/avrxmega4\libm.a
LOAD c:/program files (x86)/atmel/studio/7.0/toolchain/avr8/avr8-gnu-toolchain/bin/../lib/gcc/avr/5.4.0/../../../../avr/lib/avrxmega4\libc.a
LOAD C:/Program Files (x86)/Atmel/Studio/7.0/Packs/atmel/AVR-Dx_DFP/1.9.103/gcc/dev/avr128da48/avrxmega4\libavr128da48.a
END GROUP
                [0x00000000]                __TEXT_REGION_ORIGIN__ = DEFINED (__TEXT_REGION_ORIGIN__)?__TEXT_REGION_ORIGIN__:0x0
                [0x00804000]                __DATA_REGION_ORIGIN__ = DEFINED (__DATA_REGION_ORIGIN__)?__DATA_REGION_ORIGIN__:0x802000
                [0x00020000]                __TEXT_REGION_LENGTH__ = DEFINED (__TEXT_REGION_LENGTH__)?__TEXT_REGION_LENGTH__:0x100000
                [0x00004000]                __DATA_REGION_LENGTH__ = DEFINED (__DATA_REGION_LENGTH__)?__DATA_REGION_LENGTH__:0xffa0
                [0x00000200]                __EEPROM_REGION_LENGTH__ = DEFINED (__EEPROM_REGION_LENGTH__)?__EEPROM_REGION_LENGTH__:0x10000
                [0x00000010]                __FUSE_REGION_LENGTH__ = DEFINED (__FUSE_REGION_LENGTH__)?__FUSE_REGION_LENGTH__:0x400
                0x00000400                __LOCK_REGION_LENGTH__ = DEFINED (__LOCK_REGION_LENGTH__)?__LOCK_REGION_LENGTH__:0x400
                0x00000400                __SIGNATURE_REGION_LENGTH__ = DEFINED (__SIGNATURE_REGION_LENGTH__)?__SIGNATURE_REGION_LENGTH__:0x400
                0x00000400                __USER_SIGNATURE_REGION_LENGTH__ = DEFINED (__USER_SIGNATURE_REGION_LENGTH__)?__USER_SIGNATURE_REGION_LENGTH__:0x400

.hash
 *(.hash)

.dynsym
 *(.dynsym)

.dynstr
 *(.dynstr)

.gnu.version
 *(.gnu.version)

.gnu.version_d
 *(.gnu.version_d)

.gnu.version_r
 *(.gnu.version_r)

.rel.init
 *(.rel.init)

.rela.init
 *(.rela.init)

.rel.text
 *(.rel.text)
 *(.rel.text.*)
 *(.rel.gnu.linkonce.t*)

.rela.text
 *(.rela.text)
 *(.rela.text.*)
 *(.rela.gnu.linkonce.t*)

.rel.fini
 *(.rel.fini)

.rela.fini
 *(.rela.fini)

.rel.rodata
 *(.rel.rodata)
 *(.rel.rodata.*)
 *(.rel.gnu.linkonce.r*)

.rela.rodata
 *(.rela.rodata)
 *(.rela.rodata.*)
 *(.rela.gnu.linkonce.r*)

.rel.data
 *(.rel.data)
 *(.rel.data.*)
 *(.rel.gnu.linkonce.d*)

.rela.data
 *(.rela.data)
 *(.rela.data.*)
 *(.rela.gnu.linkonce.d*)

.rel.ctors
 *(.rel.ctors)

.rela.ctors
 *(.rela.ctors)

.rel.dtors
 *(.rel.dtors)

.rela.dtors
 *(.rela.dtors)

.rel.got
 *(.rel.got)

.rela.got
 *(.rela.got)

.rel.bss
 *(.rel.bss)

.rela.bss
 *(.rela.bss)

.rel.plt
 *(.rel.plt)

.rela.plt
 *(.rela.plt)

.text           0x00000000    0x10744
 *(.vectors)
 .vectors       0x00000000       0xe8 C:/Program Files (x86)/Atmel/Studio/7.0/Packs/atmel/AVR-Dx_DFP/1.9.103/gcc/dev/avr128da48/avrxmega4/crtavr128da48.o
                0x00000000                __vector_default
                0x00000000                __vectors
 *(.vectors)
 *(.progmem.gcc*)
 .progmem.gcc_sw_table._Z11setupForFoxP5Fox_t13EventAction_t
                0x000000e8       0x22 main.o
 .progmem.gcc_sw_table._ZN13EepromManager15updateEEPROMVarE8EE_var_tPv
                0x0000010a       0xa4 src/eeprommanager.o
 .progmem.gcc_sw_table._ZN4leds5blinkE7Blink_t
                0x000001ae       0x1a src/leds.o
 .progmem.gcc_sw_table._Z12getMorseCharc
                0x000001c8       0xba src/morse.o
 .progmem.gcc_sw_table._Z8fox2TextPc5Fox_t
                0x00000282       0x24 src/util.o
                0x000002a6                . = ALIGN (0x2)
                0x000002a6                __trampolines_start = .
 *(.trampolines)
 .trampolines   0x000002a6        0x0 linker stubs
 *(.trampolines*)
                0x000002a6                __trampolines_end = .
 *libprintf_flt.a:*(.progmem.data)
 *libc.a:*(.progmem.data)
 .progmem.data  0x000002a6       0x3b c:/program files (x86)/atmel/studio/7.0/toolchain/avr8/avr8-gnu-toolchain/bin/../lib/gcc/avr/5.4.0/../../../../avr/lib/avrxmega4\libc.a(strtod.o)
 .progmem.data  0x000002e1       0xfa c:/program files (x86)/atmel/studio/7.0/toolchain/avr8/avr8-gnu-toolchain/bin/../lib/gcc/avr/5.4.0/../../../../avr/lib/avrxmega4\libc.a(ftoa_engine.o)
 *(.progmem*)
 .progmemx.data
                0x000003db       0x91 c:/program files (x86)/atmel/studio/7.0/toolchain/avr8/avr8-gnu-toolchain/bin/../lib/gcc/avr/5.4.0/../../../../avr/lib/avrxmega4\libc.a(strftime.o)
                0x000003db                strfmonths
                0x00000432                strfwkdays
 .progmemx.data
                0x0000046c       0x3b c:/program files (x86)/atmel/studio/7.0/toolchain/avr8/avr8-gnu-toolchain/bin/../lib/gcc/avr/5.4.0/../../../../avr/lib/avrxmega4\libc.a(asctime_r.o)
                0x0000046c                ascdays
                0x00000482                ascmonths
                0x000004a8                . = ALIGN (0x2)
 *fill*         0x000004a7        0x1 
 *(.jumptables)
 *(.jumptables*)
 *(.lowtext)
 *(.lowtext*)
                0x000004a8                __ctors_start = .
 *(.ctors)
 .ctors         0x000004a8        0x2 main.o
 .ctors         0x000004aa        0x2 src/adc.o
                0x000004ac                __ctors_end = .
                0x000004ac                __dtors_start = .
 *(.dtors)
 .dtors         0x000004ac        0x2 main.o
 .dtors         0x000004ae        0x2 src/adc.o
                0x000004b0                __dtors_end = .
 SORT(*)(.ctors)
 SORT(*)(.dtors)
 *(.init0)
 .init0         0x000004b0        0x0 C:/Program Files (x86)/Atmel/Studio/7.0/Packs/atmel/AVR-Dx_DFP/1.9.103/gcc/dev/avr128da48/avrxmega4/crtavr128da48.o
                0x000004b0                __init
 *(.init0)
 *(.init1)
 *(.init1)
 *(.init2)
 .init2         0x000004b0        0xc C:/Program Files (x86)/Atmel/Studio/7.0/Packs/atmel/AVR-Dx_DFP/1.9.103/gcc/dev/avr128da48/avrxmega4/crtavr128da48.o
 *(.init2)
 *(.init3)
 *(.init3)
 *(.init4)
 .init4         0x000004bc       0x1a c:/program files (x86)/atmel/studio/7.0/toolchain/avr8/avr8-gnu-toolchain/bin/../lib/gcc/avr/5.4.0/avrxmega4\libgcc.a(_copy_data.o)
                0x000004bc                __do_copy_data
 .init4         0x000004d6       0x10 c:/program files (x86)/atmel/studio/7.0/toolchain/avr8/avr8-gnu-toolchain/bin/../lib/gcc/avr/5.4.0/avrxmega4\libgcc.a(_clear_bss.o)
                0x000004d6                __do_clear_bss
 *(.init4)
 *(.init5)
 *(.init5)
 *(.init6)
 .init6         0x000004e6       0x16 c:/program files (x86)/atmel/studio/7.0/toolchain/avr8/avr8-gnu-toolchain/bin/../lib/gcc/avr/5.4.0/avrxmega4\libgcc.a(_ctors.o)
                0x000004e6                __do_global_ctors
 *(.init6)
 *(.init7)
 *(.init7)
 *(.init8)
 *(.init8)
 *(.init9)
 .init9         0x000004fc        0x8 C:/Program Files (x86)/Atmel/Studio/7.0/Packs/atmel/AVR-Dx_DFP/1.9.103/gcc/dev/avr128da48/avrxmega4/crtavr128da48.o
 *(.init9)
 *(.text)
 .text          0x00000504        0x4 C:/Program Files (x86)/Atmel/Studio/7.0/Packs/atmel/AVR-Dx_DFP/1.9.103/gcc/dev/avr128da48/avrxmega4/crtavr128da48.o
                0x00000504                __vector_38
                0x00000504                __vector_28
                0x00000504                __vector_1
                0x00000504                __vector_34
                0x00000504                __vector_46
                0x00000504                __bad_interrupt
                0x00000504                __vector_35
                0x00000504                __vector_39
                0x00000504                __vector_3
                0x00000504                __vector_23
                0x00000504                __vector_45
                0x00000504                __vector_25
                0x00000504                __vector_11
                0x00000504                __vector_54
                0x00000504                __vector_17
                0x00000504                __vector_7
                0x00000504                __vector_49
                0x00000504                __vector_43
                0x00000504                __vector_27
                0x00000504                __vector_5
                0x00000504                __vector_33
                0x00000504                __vector_47
                0x00000504                __vector_52
                0x00000504                __vector_37
                0x00000504                __vector_4
                0x00000504                __vector_44
                0x00000504                __vector_51
                0x00000504                __vector_9
                0x00000504                __vector_2
                0x00000504                __vector_21
                0x00000504                __vector_15
                0x00000504                __vector_36
                0x00000504                __vector_40
                0x00000504                __vector_8
                0x00000504                __vector_26
                0x00000504                __vector_48
                0x00000504                __vector_14
                0x00000504                __vector_57
                0x00000504                __vector_53
                0x00000504                __vector_10
                0x00000504                __vector_50
                0x00000504                __vector_16
                0x00000504                __vector_18
                0x00000504                __vector_42
 .text          0x00000508       0x28 c:/program files (x86)/atmel/studio/7.0/toolchain/avr8/avr8-gnu-toolchain/bin/../lib/gcc/avr/5.4.0/../../../../avr/lib/avrxmega4\libc.a(isLeap.o)
                0x00000508                is_leap_year
 .text          0x00000530        0xe c:/program files (x86)/atmel/studio/7.0/toolchain/avr8/avr8-gnu-toolchain/bin/../lib/gcc/avr/5.4.0/../../../../avr/lib/avrxmega4\libc.a(localtime.o)
                0x00000530                localtime
 .text          0x0000053e       0xa0 c:/program files (x86)/atmel/studio/7.0/toolchain/avr8/avr8-gnu-toolchain/bin/../lib/gcc/avr/5.4.0/../../../../avr/lib/avrxmega4\libc.a(localtime_r.o)
                0x0000053e                localtime_r
 .text          0x000005de       0x1a c:/program files (x86)/atmel/studio/7.0/toolchain/avr8/avr8-gnu-toolchain/bin/../lib/gcc/avr/5.4.0/../../../../avr/lib/avrxmega4\libc.a(month_length.o)
                0x000005de                month_length
 .text          0x000005f8       0x18 c:/program files (x86)/atmel/studio/7.0/toolchain/avr8/avr8-gnu-toolchain/bin/../lib/gcc/avr/5.4.0/../../../../avr/lib/avrxmega4\libc.a(set_system_time.o)
                0x000005f8                set_system_time
 .text          0x00000610      0x69c c:/program files (x86)/atmel/studio/7.0/toolchain/avr8/avr8-gnu-toolchain/bin/../lib/gcc/avr/5.4.0/../../../../avr/lib/avrxmega4\libc.a(strftime.o)
                0x00000610                pgm_copystring
                0x00000682                strftime
 .text          0x00000cac       0x26 c:/program files (x86)/atmel/studio/7.0/toolchain/avr8/avr8-gnu-toolchain/bin/../lib/gcc/avr/5.4.0/../../../../avr/lib/avrxmega4\libc.a(time.o)
                0x00000cac                time
 .text          0x00000cd2       0x3e c:/program files (x86)/atmel/studio/7.0/toolchain/avr8/avr8-gnu-toolchain/bin/../lib/gcc/avr/5.4.0/../../../../avr/lib/avrxmega4\libc.a(week_of_year.o)
                0x00000cd2                week_of_year
 .text          0x00000d10       0x38 c:/program files (x86)/atmel/studio/7.0/toolchain/avr8/avr8-gnu-toolchain/bin/../lib/gcc/avr/5.4.0/../../../../avr/lib/avrxmega4\libc.a(system_tick.o)
                0x00000d10                system_tick
 .text          0x00000d48      0x106 c:/program files (x86)/atmel/studio/7.0/toolchain/avr8/avr8-gnu-toolchain/bin/../lib/gcc/avr/5.4.0/../../../../avr/lib/avrxmega4\libc.a(asctime_r.o)
                0x00000d48                asctime_r
 .text          0x00000e4e      0x1ac c:/program files (x86)/atmel/studio/7.0/toolchain/avr8/avr8-gnu-toolchain/bin/../lib/gcc/avr/5.4.0/../../../../avr/lib/avrxmega4\libc.a(gmtime_r.o)
                0x00000e4e                gmtime_r
 .text          0x00000ffa       0xf4 c:/program files (x86)/atmel/studio/7.0/toolchain/avr8/avr8-gnu-toolchain/bin/../lib/gcc/avr/5.4.0/../../../../avr/lib/avrxmega4\libc.a(iso_week_date_r.o)
                0x00000ffa                iso_week_date_r
 .text          0x000010ee       0x24 c:/program files (x86)/atmel/studio/7.0/toolchain/avr8/avr8-gnu-toolchain/bin/../lib/gcc/avr/5.4.0/../../../../avr/lib/avrxmega4\libc.a(print_lz.o)
                0x000010ee                __print_lz
                0x00001112                . = ALIGN (0x2)
 *(.text.*)
 .text.atmel_start_init
                0x00001112       0x14 atmel_start.o
                0x00001112                atmel_start_init
 .text.__vector_30
                0x00001126       0x6c driver_isr.o
                0x00001126                __vector_30
 .text.__vector_19
                0x00001192       0x88 driver_isr.o
                0x00001192                __vector_19
 .text.__vector_55
                0x0000121a       0x88 driver_isr.o
                0x0000121a                __vector_55
 .text._Z9serial_Rxh
                0x000012a2      0x500 driver_isr.o
                0x000012a2                _Z9serial_Rxh
 .text.__vector_20
                0x000017a2      0x18a driver_isr.o
                0x000017a2                __vector_20
 .text.__vector_56
                0x0000192c      0x18a driver_isr.o
                0x0000192c                __vector_56
 .text.__vector_31
                0x00001ab6       0x88 driver_isr.o
                0x00001ab6                __vector_31
 .text._Z10linkbus_Rxh
                0x00001b3e      0x2c2 driver_isr.o
                0x00001b3e                _Z10linkbus_Rxh
 .text.__vector_32
                0x00001e00      0x18a driver_isr.o
                0x00001e00                __vector_32
 .text.PORTA_set_pin_level
                0x00001f8a       0x74 main.o
 .text.PORTB_set_pin_level
                0x00001ffe       0x74 main.o
 .text.PORTC_set_pin_pull_mode
                0x00002072       0x62 main.o
 .text.PORTC_set_pin_level
                0x000020d4       0x74 main.o
 .text.PORTC_get_pin_level
                0x00002148       0x3e main.o
 .text.PORTD_get_pin_level
                0x00002186       0x3e main.o
 .text.LED_set_RED_level
                0x000021c4       0x1e main.o
 .text.__vector_6
                0x000021e2      0x84a main.o
                0x000021e2                __vector_6
 .text.__vector_22
                0x00002a2c       0xb8 main.o
                0x00002a2c                __vector_22
 .text.__vector_12
                0x00002ae4      0x43e main.o
                0x00002ae4                __vector_12
 .text.__vector_29
                0x00002f22       0xf4 main.o
                0x00002f22                __vector_29
 .text._Z10powerUp3V3v
                0x00003016       0x26 main.o
                0x00003016                _Z10powerUp3V3v
 .text.main     0x0000303c      0x2ca main.o
                0x0000303c                main
 .text._Z19handleSerialBusMsgsv
                0x00003306      0xece main.o
                0x00003306                _Z19handleSerialBusMsgsv
 .text._Z17handleLinkBusMsgsv
                0x000041d4      0xebe main.o
                0x000041d4                _Z17handleLinkBusMsgsv
 .text._Z19updateAntennaStatusv
                0x00005092       0x9c main.o
                0x00005092                _Z19updateAntennaStatusv
 .text._Z12eventEnabledv
                0x0000512e      0x154 main.o
                0x0000512e                _Z12eventEnabledv
 .text._Z8wdt_init7WDReset
                0x00005282       0x16 main.o
                0x00005282                _Z8wdt_init7WDReset
 .text._Z13throttleValueh
                0x00005298       0xb4 main.o
                0x00005298                _Z13throttleValueh
 .text._Z11launchEventP2SC
                0x0000534c       0x56 main.o
                0x0000534c                _Z11launchEventP2SC
 .text._Z33activateEventUsingCurrentSettingsP2SC
                0x000053a2      0x472 main.o
                0x000053a2                _Z33activateEventUsingCurrentSettingsP2SC
 .text._Z8rtc_initv
                0x00005814       0x32 main.o
                0x00005814                _Z8rtc_initv
 .text._Z18antennaIsConnectedv
                0x00005846       0x20 main.o
                0x00005846                _Z18antennaIsConnectedv
 .text._Z12suspendEventv
                0x00005866       0x34 main.o
                0x00005866                _Z12suspendEventv
 .text._Z13startEventNow19EventActionSource_t
                0x0000589a       0xc4 main.o
                0x0000589a                _Z13startEventNow19EventActionSource_t
 .text._Z12stopEventNow19EventActionSource_t
                0x0000595e       0x5c main.o
                0x0000595e                _Z12stopEventNow19EventActionSource_t
 .text._Z18startEventUsingRTCv
                0x000059ba      0x126 main.o
                0x000059ba                _Z18startEventUsingRTCv
 .text._Z11setupForFoxP5Fox_t13EventAction_t
                0x00005ae0      0x5c6 main.o
                0x00005ae0                _Z11setupForFoxP5Fox_t13EventAction_t
 .text._Z18validateTimeStringPcPma
                0x000060a6      0x26c main.o
                0x000060a6                _Z18validateTimeStringPcPma
 .text._Z14reportTimeTillmmPKcS0_
                0x00006312      0x344 main.o
                0x00006312                _Z14reportTimeTillmmPKcS0_
 .text._Z23clockConfigurationCheckv
                0x00006656      0x134 main.o
                0x00006656                _Z23clockConfigurationCheckv
 .text._Z18reportConfigErrorsv
                0x0000678a      0x130 main.o
                0x0000678a                _Z18reportConfigErrorsv
 .text._Z41__static_initialization_and_destruction_0ii
                0x000068ba       0x62 main.o
 .text._GLOBAL__sub_I_g_antenna_connect_state
                0x0000691c       0x1a main.o
 .text._GLOBAL__sub_D_g_antenna_connect_state
                0x00006936       0x1a main.o
 .text._Z18ADC0_setADCChannel20ADC_Active_Channel_t
                0x00006950       0xc6 src/adc.o
                0x00006950                _Z18ADC0_setADCChannel20ADC_Active_Channel_t
 .text._Z20ADC0_startConversionv
                0x00006a16       0x2a src/adc.o
                0x00006a16                _Z20ADC0_startConversionv
 .text._Z19ADC0_conversionDonev
                0x00006a40       0x28 src/adc.o
                0x00006a40                _Z19ADC0_conversionDonev
 .text._Z9ADC0_readv
                0x00006a68       0x18 src/adc.o
                0x00006a68                _Z9ADC0_readv
 .text._Z12temperatureCv
                0x00006a80      0x198 src/adc.o
                0x00006a80                _Z12temperatureCv
 .text._ZL9PORT_initv
                0x00006c18       0xe8 src/adc.o
 .text._ZL10VREF0_initv
                0x00006d00       0x1a src/adc.o
 .text._ZL9ADC0_initb
                0x00006d1a       0x64 src/adc.o
 .text._ZL16ADC0_SYSTEM_initb
                0x00006d7e       0x24 src/adc.o
 .text._ZL20ADC0_SYSTEM_shutdownv
                0x00006da2       0x24 src/adc.o
 .text.__vector_24
                0x00006dc6       0x8a src/adc.o
                0x00006dc6                __vector_24
 .text._Z41__static_initialization_and_destruction_0ii
                0x00006e50       0x6e src/adc.o
 .text._GLOBAL__sub_I_g_adcVal
                0x00006ebe       0x1a src/adc.o
 .text._GLOBAL__sub_D_g_adcVal
                0x00006ed8       0x1a src/adc.o
 .text.PORTA_set_pin_pull_mode
                0x00006ef2       0x62 src/binio.o
 .text.PORTA_pin_set_isc
                0x00006f54       0x46 src/binio.o
 .text.PORTA_set_pin_dir
                0x00006f9a       0xa8 src/binio.o
 .text.PORTA_set_pin_level
                0x00007042       0x74 src/binio.o
 .text.PORTB_set_pin_dir
                0x000070b6       0xa8 src/binio.o
 .text.PORTB_set_pin_level
                0x0000715e       0x74 src/binio.o
 .text.PORTC_set_pin_pull_mode
                0x000071d2       0x62 src/binio.o
 .text.PORTC_pin_set_isc
                0x00007234       0x46 src/binio.o
 .text.PORTC_set_pin_dir
                0x0000727a       0xa8 src/binio.o
 .text.PORTC_set_pin_level
                0x00007322       0x74 src/binio.o
 .text.PORTD_set_pin_pull_mode
                0x00007396       0x62 src/binio.o
 .text.PORTD_pin_set_isc
                0x000073f8       0x46 src/binio.o
 .text.PORTD_set_pin_dir
                0x0000743e       0xa8 src/binio.o
 .text.PORTE_set_pin_dir
                0x000074e6       0xa8 src/binio.o
 .text.PORTF_set_pin_dir
                0x0000758e       0xa8 src/binio.o
 .text._Z10fet_driverb
                0x00007636       0x2e src/binio.o
                0x00007636                _Z10fet_driverb
 .text._Z10BINIO_initv
                0x00007664      0x184 src/binio.o
                0x00007664                _Z10BINIO_initv
 .text.BOD_init
                0x000077e8       0x18 src/bod.o
                0x000077e8                BOD_init
 .text.ccp_write_io
                0x00007800       0x2c src/clkctrl.o
 .text.CLKCTRL_init
                0x0000782c       0x1a src/clkctrl.o
                0x0000782c                CLKCTRL_init
 .text.CPUINT_init
                0x00007846       0x12 src/cpuint.o
                0x00007846                CPUINT_init
 .text._ZL9VREF_initv
                0x00007858       0x2c src/dac0.o
 .text._Z9DAC0_initv
                0x00007884       0x5c src/dac0.o
                0x00007884                _Z9DAC0_initv
 .text._Z11DAC0_setValj
                0x000078e0       0x40 src/dac0.o
                0x000078e0                _Z11DAC0_setValj
 .text.PORTC_set_pin_dir
                0x00007920       0xa8 src/driver_init.o
 .text.PORTC_set_pin_level
                0x000079c8       0x74 src/driver_init.o
 .text._ZL15LED_set_RED_dir8port_dir
                0x00007a3c       0x1e src/driver_init.o
 .text._ZL17LED_set_GREEN_dir8port_dir
                0x00007a5a       0x1e src/driver_init.o
 .text._ZL17LED_set_RED_levelb
                0x00007a78       0x1e src/driver_init.o
 .text._ZL19LED_set_GREEN_levelb
                0x00007a96       0x1e src/driver_init.o
 .text.mcu_init
                0x00007ab4      0x130 src/driver_init.o
                0x00007ab4                mcu_init
 .text.system_init
                0x00007be4       0x64 src/driver_init.o
                0x00007be4                system_init
 .text.ds3231_init
                0x00007c48       0x1c src/ds3231.o
                0x00007c48                ds3231_init
 .text._Z7bcd2dech
                0x00007c64       0x40 src/ds3231.o
                0x00007c64                _Z7bcd2dech
 .text._Z7dec2bcdh
                0x00007ca4       0x62 src/ds3231.o
                0x00007ca4                _Z7dec2bcdh
 .text._Z8char2bcdPc
                0x00007d06       0x3c src/ds3231.o
                0x00007d06                _Z8char2bcdPc
 .text.RTC_String2Epoch
                0x00007d42      0x1ac src/ds3231.o
                0x00007d42                RTC_String2Epoch
 .text._Z14epoch_from_ltmP2tm
                0x00007eee      0x1b8 src/ds3231.o
                0x00007eee                _Z14epoch_from_ltmP2tm
 .text.ds3231_get_epoch
                0x000080a6      0x3b4 src/ds3231.o
                0x000080a6                ds3231_get_epoch
 .text.ds3231_set_date_time_arducon
                0x0000845a       0xd2 src/ds3231.o
                0x0000845a                ds3231_set_date_time_arducon
 .text.ds3231_set_date_time
                0x0000852c      0x248 src/ds3231.o
                0x0000852c                ds3231_set_date_time
 .text.ds3231_1s_sqw
                0x00008774       0x68 src/ds3231.o
                0x00008774                ds3231_1s_sqw
 .text.ds3231_set_aging
                0x000087dc       0x5e src/ds3231.o
                0x000087dc                ds3231_set_aging
 .text.ds3231_get_aging
                0x0000883a       0x58 src/ds3231.o
                0x0000883a                ds3231_get_aging
 .text.ds3231_responding
                0x00008892       0x5e src/ds3231.o
                0x00008892                ds3231_responding
 .text.ds3231_sync2nearestMinute
                0x000088f0      0x1d2 src/ds3231.o
                0x000088f0                ds3231_sync2nearestMinute
 .text.convertEpochToTimeString
                0x00008ac2       0x76 src/ds3231.o
                0x00008ac2                convertEpochToTimeString
 .text._ZN13EepromManagerC2Ev
                0x00008b38       0x1a src/eeprommanager.o
                0x00008b38                _ZN13EepromManagerC1Ev
                0x00008b38                _ZN13EepromManagerC2Ev
 .text._ZN13EepromManagerD2Ev
                0x00008b52       0x1a src/eeprommanager.o
                0x00008b52                _ZN13EepromManagerD1Ev
                0x00008b52                _ZN13EepromManagerD2Ev
 .text._Z21avr_eeprom_write_bytejh
                0x00008b6c       0x5e src/eeprommanager.o
                0x00008b6c                _Z21avr_eeprom_write_bytejh
 .text._Z21avr_eeprom_write_wordjj
                0x00008bca       0x66 src/eeprommanager.o
                0x00008bca                _Z21avr_eeprom_write_wordjj
 .text._Z22avr_eeprom_write_dwordjm
                0x00008c30       0x74 src/eeprommanager.o
                0x00008c30                _Z22avr_eeprom_write_dwordjm
 .text._ZN13EepromManager15updateEEPROMVarE8EE_var_tPv
                0x00008ca4      0x2d0 src/eeprommanager.o
                0x00008ca4                _ZN13EepromManager15updateEEPROMVarE8EE_var_tPv
 .text._ZN13EepromManager13saveAllEEPROMEv
                0x00008f74      0x360 src/eeprommanager.o
                0x00008f74                _ZN13EepromManager13saveAllEEPROMEv
 .text._ZN13EepromManager11readNonVolsEv
                0x000092d4      0x498 src/eeprommanager.o
                0x000092d4                _ZN13EepromManager11readNonVolsEv
 .text._ZN13EepromManager20initializeEEPROMVarsEv
                0x0000976c      0x28e src/eeprommanager.o
                0x0000976c                _ZN13EepromManager20initializeEEPROMVarsEv
 .text._ZN8GoertzelC2Eff
                0x000099fa      0x130 src/Goertzel.o
                0x000099fa                _ZN8GoertzelC1Eff
                0x000099fa                _ZN8GoertzelC2Eff
 .text._ZN8GoertzelD2Ev
                0x00009b2a       0x26 src/Goertzel.o
                0x00009b2a                _ZN8GoertzelD2Ev
                0x00009b2a                _ZN8GoertzelD1Ev
 .text._ZN8Goertzel9DataPointEi
                0x00009b50       0x92 src/Goertzel.o
                0x00009b50                _ZN8Goertzel9DataPointEi
 .text.PORTA_set_pin_level
                0x00009be2       0x74 src/huzzah.o
 .text._Z10wifi_powerb
                0x00009c56       0x2e src/huzzah.o
                0x00009c56                _Z10wifi_powerb
 .text._Z10wifi_resetb
                0x00009c84       0x2e src/huzzah.o
                0x00009c84                _Z10wifi_resetb
 .text._Z11wifiPresentv
                0x00009cb2       0x1c src/huzzah.o
                0x00009cb2                _Z11wifiPresentv
 .text._Z11wifiEnabledv
                0x00009cce       0x50 src/huzzah.o
                0x00009cce                _Z11wifiEnabledv
 .text.PORTB_set_pin_pull_mode
                0x00009d1e       0x62 src/i2c.o
 .text.PORTC_set_pin_pull_mode
                0x00009d80       0x62 src/i2c.o
 .text.I2C_0_Init
                0x00009de2       0x72 src/i2c.o
                0x00009de2                I2C_0_Init
 .text._ZL11i2c_0_WaitWv
                0x00009e54       0xbc src/i2c.o
 .text._ZL11i2c_0_WaitRv
                0x00009f10       0x82 src/i2c.o
 .text.I2C_0_SendData
                0x00009f92       0xd0 src/i2c.o
                0x00009f92                I2C_0_SendData
 .text.I2C_0_GetData
                0x0000a062       0xfc src/i2c.o
                0x0000a062                I2C_0_GetData
 .text.I2C_0_EndSession
                0x0000a15e       0x1a src/i2c.o
                0x0000a15e                I2C_0_EndSession
 .text.I2C_1_Init
                0x0000a178       0x72 src/i2c.o
                0x0000a178                I2C_1_Init
 .text._ZL11i2c_1_WaitWv
                0x0000a1ea       0x86 src/i2c.o
 .text._ZL11I2C_1_WaitRv
                0x0000a270       0x82 src/i2c.o
 .text.I2C_1_SendData
                0x0000a2f2       0xd2 src/i2c.o
                0x0000a2f2                I2C_1_SendData
 .text.I2C_1_GetData
                0x0000a3c4       0xfc src/i2c.o
                0x0000a3c4                I2C_1_GetData
 .text.I2C_1_EndSession
                0x0000a4c0       0x1a src/i2c.o
                0x0000a4c0                I2C_1_EndSession
 .text.PORTC_set_pin_level
                0x0000a4da       0x74 src/leds.o
 .text._ZL17LED_set_RED_levelb
                0x0000a54e       0x1e src/leds.o
 .text._ZL19LED_set_GREEN_levelb
                0x0000a56c       0x1e src/leds.o
 .text._ZN4ledsC2Ev
                0x0000a58a       0x1a src/leds.o
                0x0000a58a                _ZN4ledsC2Ev
                0x0000a58a                _ZN4ledsC1Ev
 .text._ZN4ledsD2Ev
                0x0000a5a4       0x1a src/leds.o
                0x0000a5a4                _ZN4ledsD2Ev
                0x0000a5a4                _ZN4ledsD1Ev
 .text.__vector_41
                0x0000a5be      0x2f2 src/leds.o
                0x0000a5be                __vector_41
 .text._ZN4leds5blinkE7Blink_t
                0x0000a8b0      0x3a8 src/leds.o
                0x0000a8b0                _ZN4leds5blinkE7Blink_t
 .text.PORTC_set_pin_pull_mode
                0x0000ac58       0x62 src/linkbus.o
 .text.PORTC_set_pin_dir
                0x0000acba       0xa8 src/linkbus.o
 .text.PORTC_set_pin_level
                0x0000ad62       0x74 src/linkbus.o
 .text.PORTE_set_pin_pull_mode
                0x0000add6       0x62 src/linkbus.o
 .text.PORTE_set_pin_dir
                0x0000ae38       0xa8 src/linkbus.o
 .text.PORTE_set_pin_level
                0x0000aee0       0x74 src/linkbus.o
 .text.PC0_set_dir
                0x0000af54       0x1e src/linkbus.o
 .text.PC0_set_level
                0x0000af72       0x1e src/linkbus.o
 .text.PC1_set_pull_mode
                0x0000af90       0x1e src/linkbus.o
 .text.PC1_set_dir
                0x0000afae       0x1e src/linkbus.o
 .text.PE0_set_dir
                0x0000afcc       0x1e src/linkbus.o
 .text.PE0_set_level
                0x0000afea       0x1e src/linkbus.o
 .text.PE1_set_pull_mode
                0x0000b008       0x1e src/linkbus.o
 .text.PE1_set_dir
                0x0000b026       0x1e src/linkbus.o
 .text._Z18nextFullLBTxBufferv
                0x0000b044       0x8e src/linkbus.o
                0x0000b044                _Z18nextFullLBTxBufferv
 .text._Z19nextEmptyLBTxBufferv
                0x0000b0d2       0x8e src/linkbus.o
                0x0000b0d2                _Z19nextEmptyLBTxBufferv
 .text._Z19nextEmptyLBRxBufferv
                0x0000b160       0x90 src/linkbus.o
                0x0000b160                _Z19nextEmptyLBRxBufferv
 .text._Z18nextFullLBRxBufferv
                0x0000b1f0       0x90 src/linkbus.o
                0x0000b1f0                _Z18nextFullLBRxBufferv
 .text._Z19linkbusTxInProgressv
                0x0000b280       0x12 src/linkbus.o
                0x0000b280                _Z19linkbusTxInProgressv
 .text._ZL16linkbus_start_txv
                0x0000b292       0x3c src/linkbus.o
 .text._Z14linkbus_end_txv
                0x0000b2ce       0x4a src/linkbus.o
                0x0000b2ce                _Z14linkbus_end_txv
 .text._ZL21USART1_initializationm
                0x0000b318       0x4a src/linkbus.o
 .text._ZL21USART4_initializationm
                0x0000b362       0x4a src/linkbus.o
 .text._Z12linkbus_initm14USART_Number_t
                0x0000b3ac       0xa6 src/linkbus.o
                0x0000b3ac                _Z12linkbus_initm14USART_Number_t
 .text._Z15linkbus_disablev
                0x0000b452       0x6a src/linkbus.o
                0x0000b452                _Z15linkbus_disablev
 .text._Z12lb_send_textPc
                0x0000b4bc       0xba src/linkbus.o
                0x0000b4bc                _Z12lb_send_textPc
 .text._Z11lb_send_msg13LBMessageTypePKcPc
                0x0000b576       0x9e src/linkbus.o
                0x0000b576                _Z11lb_send_msg13LBMessageTypePKcPc
 .text._Z16lb_broadcast_strPKcS0_
                0x0000b614       0x74 src/linkbus.o
                0x0000b614                _Z16lb_broadcast_strPKcS0_
 .text._Z9makeMorsePcPbS0_
                0x0000b688      0x2b0 src/morse.o
                0x0000b688                _Z9makeMorsePcPbS0_
 .text._Z26timeRequiredToSendStrAtWPMPcj
                0x0000b938       0xa0 src/morse.o
                0x0000b938                _Z26timeRequiredToSendStrAtWPMPcj
 .text._Z12getMorseCharc
                0x0000b9d8      0x36c src/morse.o
                0x0000b9d8                _Z12getMorseCharc
 .text.protected_write_io
                0x0000bd44        0xa src/protected_io.o
                0x0000bd44                protected_write_io
 .text.PORTC_set_pin_pull_mode
                0x0000bd4e       0x62 src/serialbus.o
 .text.PORTC_set_pin_dir
                0x0000bdb0       0xa8 src/serialbus.o
 .text.PORTC_set_pin_level
                0x0000be58       0x74 src/serialbus.o
 .text.PORTE_set_pin_pull_mode
                0x0000becc       0x62 src/serialbus.o
 .text.PORTE_set_pin_dir
                0x0000bf2e       0xa8 src/serialbus.o
 .text.PORTE_set_pin_level
                0x0000bfd6       0x74 src/serialbus.o
 .text.PC0_set_dir
                0x0000c04a       0x1e src/serialbus.o
 .text.PC0_set_level
                0x0000c068       0x1e src/serialbus.o
 .text.PC1_set_pull_mode
                0x0000c086       0x1e src/serialbus.o
 .text.PC1_set_dir
                0x0000c0a4       0x1e src/serialbus.o
 .text.PE0_set_dir
                0x0000c0c2       0x1e src/serialbus.o
 .text.PE0_set_level
                0x0000c0e0       0x1e src/serialbus.o
 .text.PE1_set_pull_mode
                0x0000c0fe       0x1e src/serialbus.o
 .text.PE1_set_dir
                0x0000c11c       0x1e src/serialbus.o
 .text.nextFullSBTxBuffer
                0x0000c13a       0x96 src/serialbus.o
                0x0000c13a                nextFullSBTxBuffer
 .text.nextEmptySBTxBuffer
                0x0000c1d0       0x96 src/serialbus.o
                0x0000c1d0                nextEmptySBTxBuffer
 .text.nextEmptySBRxBuffer
                0x0000c266       0x98 src/serialbus.o
                0x0000c266                nextEmptySBRxBuffer
 .text.nextFullSBRxBuffer
                0x0000c2fe       0x98 src/serialbus.o
                0x0000c2fe                nextFullSBRxBuffer
 .text.serialbusTxInProgress
                0x0000c396       0x12 src/serialbus.o
                0x0000c396                serialbusTxInProgress
 .text._Z18serialbus_start_txv
                0x0000c3a8       0x3c src/serialbus.o
                0x0000c3a8                _Z18serialbus_start_txv
 .text.serialbus_end_tx
                0x0000c3e4       0x4a src/serialbus.o
                0x0000c3e4                serialbus_end_tx
 .text._ZL21USART1_initializationm
                0x0000c42e       0x4a src/serialbus.o
 .text._ZL21USART4_initializationm
                0x0000c478       0x4a src/serialbus.o
 .text.serialbus_init
                0x0000c4c2       0xa6 src/serialbus.o
                0x0000c4c2                serialbus_init
 .text._Z19serialbus_send_textPc
                0x0000c568       0xba src/serialbus.o
                0x0000c568                _Z19serialbus_send_textPc
 .text.sb_send_NewPrompt
                0x0000c622       0x26 src/serialbus.o
                0x0000c622                sb_send_NewPrompt
 .text.sb_send_NewLine
                0x0000c648       0x22 src/serialbus.o
                0x0000c648                sb_send_NewLine
 .text.sb_echo_char
                0x0000c66a       0x32 src/serialbus.o
                0x0000c66a                sb_echo_char
 .text.sb_send_string
                0x0000c69c      0x112 src/serialbus.o
                0x0000c69c                sb_send_string
 .text.si5351_init
                0x0000c7ae      0x19c src/si5351.o
                0x0000c7ae                si5351_init
 .text.si5351_set_freq
                0x0000c94a      0x342 src/si5351.o
                0x0000c94a                si5351_set_freq
 .text.si5351_clock_enable
                0x0000cc8c       0x96 src/si5351.o
                0x0000cc8c                si5351_clock_enable
 .text.si5351_drive_strength
                0x0000cd22       0xba src/si5351.o
                0x0000cd22                si5351_drive_strength
 .text._Z7set_pllm10si5351_pll
                0x0000cddc      0x192 src/si5351.o
                0x0000cddc                _Z7set_pllm10si5351_pll
 .text._Z8pll_calcmP13u_si5351_regs
                0x0000cf6e      0x1cc src/si5351.o
                0x0000cf6e                _Z8pll_calcmP13u_si5351_regs
 .text._Z13reduce_by_gcdPmS_
                0x0000d13a      0x166 src/si5351.o
                0x0000d13a                _Z13reduce_by_gcdPmS_
 .text._Z15multisynth_calcmP13u_si5351_regsPbS1_
                0x0000d2a0      0x214 src/si5351.o
                0x0000d2a0                _Z15multisynth_calcmP13u_si5351_regsPbS1_
 .text._Z19multisynth_estimatemP13u_si5351_regsPbS1_
                0x0000d4b4      0x302 src/si5351.o
                0x0000d4b4                _Z19multisynth_estimatemP13u_si5351_regsPbS1_
 .text._Z17si5351_write_bulkhPhh
                0x0000d7b6       0x64 src/si5351.o
                0x0000d7b6                _Z17si5351_write_bulkhPhh
 .text._Z16si5351_read_bulkhPhh
                0x0000d81a       0x64 src/si5351.o
                0x0000d81a                _Z16si5351_read_bulkhPhh
 .text._Z31set_multisynth_registers_source12si5351_clock10si5351_pll
                0x0000d87e       0x7a src/si5351.o
                0x0000d87e                _Z31set_multisynth_registers_source12si5351_clock10si5351_pll
 .text._Z24set_multisynth_registers12si5351_clock13u_si5351_regsbhb
                0x0000d8f8      0x22c src/si5351.o
                0x0000d8f8                _Z24set_multisynth_registers12si5351_clock13u_si5351_regsbhb
 .text._Z16set_integer_mode12si5351_clockb
                0x0000db24       0x6a src/si5351.o
                0x0000db24                _Z16set_integer_mode12si5351_clockb
 .text._Z6ms_div12si5351_clockhb
                0x0000db8e       0xac src/si5351.o
                0x0000db8e                _Z6ms_div12si5351_clockhb
 .text.SLPCTRL_init
                0x0000dc3a       0x10 src/slpctrl.o
                0x0000dc3a                SLPCTRL_init
 .text.TIMERB_init
                0x0000dc4a       0x94 src/tcb.o
                0x0000dc4a                TIMERB_init
 .text.util_delay_ms
                0x0000dcde      0x176 src/tcb.o
                0x0000dcde                util_delay_ms
 .text.__vector_13
                0x0000de54       0xbc src/tcb.o
                0x0000de54                __vector_13
 .text._Z14txSetFrequencyPmb
                0x0000df10       0xa4 src/transmitter.o
                0x0000df10                _Z14txSetFrequencyPmb
 .text._Z14txGetFrequencyv
                0x0000dfb4       0x22 src/transmitter.o
                0x0000dfb4                _Z14txGetFrequencyv
 .text._Z18powerToTransmitterb
                0x0000dfd6       0x1c src/transmitter.o
                0x0000dfd6                _Z18powerToTransmitterb
 .text._Z14keyTransmitterb
                0x0000dff2       0x68 src/transmitter.o
                0x0000dff2                _Z14keyTransmitterb
 .text._Z12txGetPowerMwv
                0x0000e05a       0x16 src/transmitter.o
                0x0000e05a                _Z12txGetPowerMwv
 .text._Z15txSetParametersPjPb
                0x0000e070      0x124 src/transmitter.o
                0x0000e070                _Z15txSetParametersPjPb
 .text._Z16init_transmitterv
                0x0000e194       0xd0 src/transmitter.o
                0x0000e194                _Z16init_transmitterv
 .text._Z22txMilliwattsToSettingsPjPhS0_S0_
                0x0000e264      0x326 src/transmitter.o
                0x0000e264                _Z22txMilliwattsToSettingsPjPhS0_S0_
 .text.USART0_get_data
                0x0000e58a       0x16 src/usart_basic.o
                0x0000e58a                USART0_get_data
 .text.USART1_init
                0x0000e5a0       0xae src/usart_basic.o
                0x0000e5a0                USART1_init
 .text.USART1_enable_tx
                0x0000e64e       0x34 src/usart_basic.o
                0x0000e64e                USART1_enable_tx
 .text.USART1_disable
                0x0000e682       0x22 src/usart_basic.o
                0x0000e682                USART1_disable
 .text.USART1_get_data
                0x0000e6a4       0x16 src/usart_basic.o
                0x0000e6a4                USART1_get_data
 .text.USART4_init
                0x0000e6ba       0xa0 src/usart_basic.o
                0x0000e6ba                USART4_init
 .text.USART4_enable_tx
                0x0000e75a       0x34 src/usart_basic.o
                0x0000e75a                USART4_enable_tx
 .text.USART4_disable
                0x0000e78e       0x22 src/usart_basic.o
                0x0000e78e                USART4_disable
 .text.USART4_get_data
                0x0000e7b0       0x16 src/usart_basic.o
                0x0000e7b0                USART4_get_data
 .text._Z7timeDifmm
                0x0000e7c6       0xb2 src/util.o
                0x0000e7c6                _Z7timeDifmm
 .text._Z11only_digitsPc
                0x0000e878       0x4e src/util.o
                0x0000e878                _Z11only_digitsPc
 .text._Z15frequencyStringPcm
                0x0000e8c6       0xf8 src/util.o
                0x0000e8c6                _Z15frequencyStringPcm
 .text._Z12frequencyValPcPm
                0x0000e9be      0x38a src/util.o
                0x0000e9be                _Z12frequencyValPcPm
 .text._Z8fox2TextPc5Fox_t
                0x0000ed48      0x1e0 src/util.o
                0x0000ed48                _Z8fox2TextPc5Fox_t
 .text.avr-libc.fplib
                0x0000ef28        0xe c:/program files (x86)/atmel/studio/7.0/toolchain/avr8/avr8-gnu-toolchain/bin/../lib/gcc/avr/5.4.0/../../../../avr/lib/avrxmega4\libm.a(addsf3.o)
                0x0000ef28                __subsf3
                0x0000ef2a                __addsf3
 .text.avr-libc.fplib
                0x0000ef36       0xcc c:/program files (x86)/atmel/studio/7.0/toolchain/avr8/avr8-gnu-toolchain/bin/../lib/gcc/avr/5.4.0/../../../../avr/lib/avrxmega4\libm.a(addsf3x.o)
                0x0000ef58                __addsf3x
 .text.avr-libc.fplib
                0x0000f002       0x2e c:/program files (x86)/atmel/studio/7.0/toolchain/avr8/avr8-gnu-toolchain/bin/../lib/gcc/avr/5.4.0/../../../../avr/lib/avrxmega4\libm.a(ceil.o)
                0x0000f002                ceil
 .text.avr-libc.fplib
                0x0000f030        0xa c:/program files (x86)/atmel/studio/7.0/toolchain/avr8/avr8-gnu-toolchain/bin/../lib/gcc/avr/5.4.0/../../../../avr/lib/avrxmega4\libm.a(cmpsf2.o)
                0x0000f030                __nesf2
                0x0000f030                __eqsf2
                0x0000f030                __cmpsf2
                0x0000f030                __ltsf2
                0x0000f030                __lesf2
 .text.avr-libc.fplib
                0x0000f03a        0x8 c:/program files (x86)/atmel/studio/7.0/toolchain/avr8/avr8-gnu-toolchain/bin/../lib/gcc/avr/5.4.0/../../../../avr/lib/avrxmega4\libm.a(divsf3.o)
                0x0000f03a                __divsf3
 .text.avr-libc.fplib
                0x0000f042       0xdc c:/program files (x86)/atmel/studio/7.0/toolchain/avr8/avr8-gnu-toolchain/bin/../lib/gcc/avr/5.4.0/../../../../avr/lib/avrxmega4\libm.a(divsf3x.o)
                0x0000f062                __divsf3x
                0x0000f068                __divsf3_pse
 .text.avr-libc.fplib
                0x0000f11e        0xe c:/program files (x86)/atmel/studio/7.0/toolchain/avr8/avr8-gnu-toolchain/bin/../lib/gcc/avr/5.4.0/../../../../avr/lib/avrxmega4\libm.a(fixsfsi.o)
                0x0000f11e                __fixsfsi
 .text.avr-libc.fplib
                0x0000f12c       0x5e c:/program files (x86)/atmel/studio/7.0/toolchain/avr8/avr8-gnu-toolchain/bin/../lib/gcc/avr/5.4.0/../../../../avr/lib/avrxmega4\libm.a(fixunssfsi.o)
                0x0000f12c                __fixunssfsi
 .text.avr-libc.fplib
                0x0000f18a       0x7a c:/program files (x86)/atmel/studio/7.0/toolchain/avr8/avr8-gnu-toolchain/bin/../lib/gcc/avr/5.4.0/../../../../avr/lib/avrxmega4\libm.a(floatsisf.o)
                0x0000f18a                __floatunsisf
                0x0000f18e                __floatsisf
 .text.avr-libc.fplib
                0x0000f204       0x48 c:/program files (x86)/atmel/studio/7.0/toolchain/avr8/avr8-gnu-toolchain/bin/../lib/gcc/avr/5.4.0/../../../../avr/lib/avrxmega4\libm.a(fp_cmp.o)
                0x0000f204                __fp_cmp
 .text.avr-libc.fplib
                0x0000f24c        0xc c:/program files (x86)/atmel/studio/7.0/toolchain/avr8/avr8-gnu-toolchain/bin/../lib/gcc/avr/5.4.0/../../../../avr/lib/avrxmega4\libm.a(fp_inf.o)
                0x0000f24c                __fp_inf
 .text.avr-libc.fplib
                0x0000f258       0x36 c:/program files (x86)/atmel/studio/7.0/toolchain/avr8/avr8-gnu-toolchain/bin/../lib/gcc/avr/5.4.0/../../../../avr/lib/avrxmega4\libm.a(fp_mintl.o)
                0x0000f258                __fp_mintl
 .text.avr-libc.fplib
                0x0000f28e       0x1c c:/program files (x86)/atmel/studio/7.0/toolchain/avr8/avr8-gnu-toolchain/bin/../lib/gcc/avr/5.4.0/../../../../avr/lib/avrxmega4\libm.a(fp_mpack.o)
                0x0000f28e                __fp_mpack
                0x0000f292                __fp_mpack_finite
 .text.avr-libc.fplib
                0x0000f2aa        0x6 c:/program files (x86)/atmel/studio/7.0/toolchain/avr8/avr8-gnu-toolchain/bin/../lib/gcc/avr/5.4.0/../../../../avr/lib/avrxmega4\libm.a(fp_nan.o)
                0x0000f2aa                __fp_nan
 .text.avr-libc.fplib
                0x0000f2b0        0xe c:/program files (x86)/atmel/studio/7.0/toolchain/avr8/avr8-gnu-toolchain/bin/../lib/gcc/avr/5.4.0/../../../../avr/lib/avrxmega4\libm.a(fp_pscA.o)
                0x0000f2b0                __fp_pscA
 .text.avr-libc.fplib
                0x0000f2be        0xe c:/program files (x86)/atmel/studio/7.0/toolchain/avr8/avr8-gnu-toolchain/bin/../lib/gcc/avr/5.4.0/../../../../avr/lib/avrxmega4\libm.a(fp_pscB.o)
                0x0000f2be                __fp_pscB
 .text.avr-libc.fplib
                0x0000f2cc       0x22 c:/program files (x86)/atmel/studio/7.0/toolchain/avr8/avr8-gnu-toolchain/bin/../lib/gcc/avr/5.4.0/../../../../avr/lib/avrxmega4\libm.a(fp_round.o)
                0x0000f2cc                __fp_round
 .text.avr-libc.fplib
                0x0000f2ee       0x44 c:/program files (x86)/atmel/studio/7.0/toolchain/avr8/avr8-gnu-toolchain/bin/../lib/gcc/avr/5.4.0/../../../../avr/lib/avrxmega4\libm.a(fp_split3.o)
                0x0000f2ee                __fp_split3
                0x0000f2fe                __fp_splitA
 .text.avr-libc.fplib
                0x0000f332       0x30 c:/program files (x86)/atmel/studio/7.0/toolchain/avr8/avr8-gnu-toolchain/bin/../lib/gcc/avr/5.4.0/../../../../avr/lib/avrxmega4\libm.a(fp_trunc.o)
                0x0000f332                __fp_trunc
 .text.avr-libc.fplib
                0x0000f362        0xe c:/program files (x86)/atmel/studio/7.0/toolchain/avr8/avr8-gnu-toolchain/bin/../lib/gcc/avr/5.4.0/../../../../avr/lib/avrxmega4\libm.a(fp_zero.o)
                0x0000f362                __fp_zero
                0x0000f364                __fp_szero
 .text.avr-libc.fplib
                0x0000f370        0xa c:/program files (x86)/atmel/studio/7.0/toolchain/avr8/avr8-gnu-toolchain/bin/../lib/gcc/avr/5.4.0/../../../../avr/lib/avrxmega4\libm.a(gesf2.o)
                0x0000f370                __gesf2
                0x0000f370                __gtsf2
 .text.avr-libc.fplib
                0x0000f37a        0x8 c:/program files (x86)/atmel/studio/7.0/toolchain/avr8/avr8-gnu-toolchain/bin/../lib/gcc/avr/5.4.0/../../../../avr/lib/avrxmega4\libm.a(mulsf3.o)
                0x0000f37a                __mulsf3
 .text.avr-libc.fplib
                0x0000f382       0xd2 c:/program files (x86)/atmel/studio/7.0/toolchain/avr8/avr8-gnu-toolchain/bin/../lib/gcc/avr/5.4.0/../../../../avr/lib/avrxmega4\libm.a(mulsf3x.o)
                0x0000f3a0                __mulsf3x
                0x0000f3a6                __mulsf3_pse
 .text.libgcc.mul
                0x0000f454       0x20 c:/program files (x86)/atmel/studio/7.0/toolchain/avr8/avr8-gnu-toolchain/bin/../lib/gcc/avr/5.4.0/avrxmega4\libgcc.a(_mulsi3.o)
                0x0000f454                __mulsi3
 .text.libgcc.div
                0x0000f474       0x28 c:/program files (x86)/atmel/studio/7.0/toolchain/avr8/avr8-gnu-toolchain/bin/../lib/gcc/avr/5.4.0/avrxmega4\libgcc.a(_udivmodhi4.o)
                0x0000f474                __udivmodhi4
 .text.libgcc.div
                0x0000f49c       0x28 c:/program files (x86)/atmel/studio/7.0/toolchain/avr8/avr8-gnu-toolchain/bin/../lib/gcc/avr/5.4.0/avrxmega4\libgcc.a(_divmodhi4.o)
                0x0000f49c                _div
                0x0000f49c                __divmodhi4
 .text.libgcc.div
                0x0000f4c4       0x44 c:/program files (x86)/atmel/studio/7.0/toolchain/avr8/avr8-gnu-toolchain/bin/../lib/gcc/avr/5.4.0/avrxmega4\libgcc.a(_udivmodsi4.o)
                0x0000f4c4                __udivmodsi4
 .text.libgcc.div
                0x0000f508       0x2e c:/program files (x86)/atmel/studio/7.0/toolchain/avr8/avr8-gnu-toolchain/bin/../lib/gcc/avr/5.4.0/avrxmega4\libgcc.a(_divmodsi4.o)
                0x0000f508                __divmodsi4
 .text.libgcc.div
                0x0000f536       0x10 c:/program files (x86)/atmel/studio/7.0/toolchain/avr8/avr8-gnu-toolchain/bin/../lib/gcc/avr/5.4.0/avrxmega4\libgcc.a(_negsi2.o)
                0x0000f536                __negsi2
 .text.libgcc   0x0000f546       0x12 c:/program files (x86)/atmel/studio/7.0/toolchain/avr8/avr8-gnu-toolchain/bin/../lib/gcc/avr/5.4.0/avrxmega4\libgcc.a(_tablejump2.o)
                0x0000f546                __tablejump2__
 .text.libgcc.mul
                0x0000f558       0x1e c:/program files (x86)/atmel/studio/7.0/toolchain/avr8/avr8-gnu-toolchain/bin/../lib/gcc/avr/5.4.0/avrxmega4\libgcc.a(_umulhisi3.o)
                0x0000f558                __umulhisi3
 .text.libgcc.mul
                0x0000f576       0x16 c:/program files (x86)/atmel/studio/7.0/toolchain/avr8/avr8-gnu-toolchain/bin/../lib/gcc/avr/5.4.0/avrxmega4\libgcc.a(_muluhisi3.o)
                0x0000f576                __muluhisi3
 .text.avr-libc
                0x0000f58c       0x40 c:/program files (x86)/atmel/studio/7.0/toolchain/avr8/avr8-gnu-toolchain/bin/../lib/gcc/avr/5.4.0/../../../../avr/lib/avrxmega4\libc.a(dtostrf.o)
                0x0000f58c                dtostrf
 .text.avr-libc
                0x0000f5cc      0x242 c:/program files (x86)/atmel/studio/7.0/toolchain/avr8/avr8-gnu-toolchain/bin/../lib/gcc/avr/5.4.0/../../../../avr/lib/avrxmega4\libc.a(malloc.o)
                0x0000f5cc                malloc
                0x0000f6fc                free
 .text.avr-libc
                0x0000f80e        0x8 c:/program files (x86)/atmel/studio/7.0/toolchain/avr8/avr8-gnu-toolchain/bin/../lib/gcc/avr/5.4.0/../../../../avr/lib/avrxmega4\libc.a(atof.o)
                0x0000f80e                atof
 .text.avr-libc
                0x0000f816       0x3c c:/program files (x86)/atmel/studio/7.0/toolchain/avr8/avr8-gnu-toolchain/bin/../lib/gcc/avr/5.4.0/../../../../avr/lib/avrxmega4\libc.a(atoi.o)
                0x0000f816                atoi
 .text.avr-libc
                0x0000f852       0x4e c:/program files (x86)/atmel/studio/7.0/toolchain/avr8/avr8-gnu-toolchain/bin/../lib/gcc/avr/5.4.0/../../../../avr/lib/avrxmega4\libc.a(atol.o)
                0x0000f852                atol
 .text.avr-libc
                0x0000f8a0       0x10 c:/program files (x86)/atmel/studio/7.0/toolchain/avr8/avr8-gnu-toolchain/bin/../lib/gcc/avr/5.4.0/../../../../avr/lib/avrxmega4\libc.a(toupper.o)
                0x0000f8a0                toupper
 .text.avr-libc
                0x0000f8b0        0xe c:/program files (x86)/atmel/studio/7.0/toolchain/avr8/avr8-gnu-toolchain/bin/../lib/gcc/avr/5.4.0/../../../../avr/lib/avrxmega4\libc.a(memset.o)
                0x0000f8b0                memset
 .text.avr-libc
                0x0000f8be       0x16 c:/program files (x86)/atmel/studio/7.0/toolchain/avr8/avr8-gnu-toolchain/bin/../lib/gcc/avr/5.4.0/../../../../avr/lib/avrxmega4\libc.a(strcat.o)
                0x0000f8be                strcat
 .text.avr-libc
                0x0000f8d4       0x16 c:/program files (x86)/atmel/studio/7.0/toolchain/avr8/avr8-gnu-toolchain/bin/../lib/gcc/avr/5.4.0/../../../../avr/lib/avrxmega4\libc.a(strchr.o)
                0x0000f8d4                strchr
 .text.avr-libc
                0x0000f8ea       0x12 c:/program files (x86)/atmel/studio/7.0/toolchain/avr8/avr8-gnu-toolchain/bin/../lib/gcc/avr/5.4.0/../../../../avr/lib/avrxmega4\libc.a(strcmp.o)
                0x0000f8ea                strcmp
 .text.avr-libc
                0x0000f8fc        0xe c:/program files (x86)/atmel/studio/7.0/toolchain/avr8/avr8-gnu-toolchain/bin/../lib/gcc/avr/5.4.0/../../../../avr/lib/avrxmega4\libc.a(strcpy.o)
                0x0000f8fc                strcpy
 .text.avr-libc
                0x0000f90a       0x12 c:/program files (x86)/atmel/studio/7.0/toolchain/avr8/avr8-gnu-toolchain/bin/../lib/gcc/avr/5.4.0/../../../../avr/lib/avrxmega4\libc.a(strlen.o)
                0x0000f90a                strlen
 .text.avr-libc
                0x0000f91c       0x1e c:/program files (x86)/atmel/studio/7.0/toolchain/avr8/avr8-gnu-toolchain/bin/../lib/gcc/avr/5.4.0/../../../../avr/lib/avrxmega4\libc.a(strncpy.o)
                0x0000f91c                strncpy
 .text.avr-libc
                0x0000f93a       0x2a c:/program files (x86)/atmel/studio/7.0/toolchain/avr8/avr8-gnu-toolchain/bin/../lib/gcc/avr/5.4.0/../../../../avr/lib/avrxmega4\libc.a(mulsi10.o)
                0x0000f93a                __mulsi_const_10
 .text.avr-libc
                0x0000f964       0x10 c:/program files (x86)/atmel/studio/7.0/toolchain/avr8/avr8-gnu-toolchain/bin/../lib/gcc/avr/5.4.0/../../../../avr/lib/avrxmega4\libc.a(mul10.o)
                0x0000f964                __mulhi_const_10
 .text.avr-libc
                0x0000f974       0x52 c:/program files (x86)/atmel/studio/7.0/toolchain/avr8/avr8-gnu-toolchain/bin/../lib/gcc/avr/5.4.0/../../../../avr/lib/avrxmega4\libc.a(sprintf.o)
                0x0000f974                sprintf
 .text.avr-libc
                0x0000f9c6      0x408 c:/program files (x86)/atmel/studio/7.0/toolchain/avr8/avr8-gnu-toolchain/bin/../lib/gcc/avr/5.4.0/../../../../avr/lib/avrxmega4\libc.a(vfprintf_std.o)
                0x0000f9c6                vfprintf
 .text.avr-libc
                0x0000fdce      0x2e2 c:/program files (x86)/atmel/studio/7.0/toolchain/avr8/avr8-gnu-toolchain/bin/../lib/gcc/avr/5.4.0/../../../../avr/lib/avrxmega4\libc.a(dtoa_prf.o)
                0x0000fdce                dtoa_prf
 .text.avr-libc
                0x000100b0      0x2b8 c:/program files (x86)/atmel/studio/7.0/toolchain/avr8/avr8-gnu-toolchain/bin/../lib/gcc/avr/5.4.0/../../../../avr/lib/avrxmega4\libc.a(strtod.o)
                0x000100b0                strtod
 .text.avr-libc
                0x00010368      0x1b0 c:/program files (x86)/atmel/studio/7.0/toolchain/avr8/avr8-gnu-toolchain/bin/../lib/gcc/avr/5.4.0/../../../../avr/lib/avrxmega4\libc.a(ftoa_engine.o)
                0x00010368                __ftoa_engine
 .text.avr-libc
                0x00010518       0x12 c:/program files (x86)/atmel/studio/7.0/toolchain/avr8/avr8-gnu-toolchain/bin/../lib/gcc/avr/5.4.0/../../../../avr/lib/avrxmega4\libc.a(isspace.o)
                0x00010518                isspace
 .text.avr-libc
                0x0001052a       0x30 c:/program files (x86)/atmel/studio/7.0/toolchain/avr8/avr8-gnu-toolchain/bin/../lib/gcc/avr/5.4.0/../../../../avr/lib/avrxmega4\libc.a(strncasecmp_P.o)
                0x0001052a                strncasecmp_P
 .text.avr-libc
                0x0001055a       0x16 c:/program files (x86)/atmel/studio/7.0/toolchain/avr8/avr8-gnu-toolchain/bin/../lib/gcc/avr/5.4.0/../../../../avr/lib/avrxmega4\libc.a(strnlen_P.o)
                0x0001055a                strnlen_P
 .text.avr-libc
                0x00010570       0x16 c:/program files (x86)/atmel/studio/7.0/toolchain/avr8/avr8-gnu-toolchain/bin/../lib/gcc/avr/5.4.0/../../../../avr/lib/avrxmega4\libc.a(strnlen.o)
                0x00010570                strnlen
 .text.avr-libc
                0x00010586       0x78 c:/program files (x86)/atmel/studio/7.0/toolchain/avr8/avr8-gnu-toolchain/bin/../lib/gcc/avr/5.4.0/../../../../avr/lib/avrxmega4\libc.a(fputc.o)
                0x00010586                fputc
 .text.avr-libc
                0x000105fe       0xbc c:/program files (x86)/atmel/studio/7.0/toolchain/avr8/avr8-gnu-toolchain/bin/../lib/gcc/avr/5.4.0/../../../../avr/lib/avrxmega4\libc.a(ultoa_invert.o)
                0x000105fe                __ultoa_invert
 .text.avr-libc
                0x000106ba        0x6 c:/program files (x86)/atmel/studio/7.0/toolchain/avr8/avr8-gnu-toolchain/bin/../lib/gcc/avr/5.4.0/../../../../avr/lib/avrxmega4\libc.a(cty_isfalse.o)
                0x000106ba                __ctype_isfalse
                0x000106be                __ctype_istrue
 .text.avr-libc
                0x000106c0       0x10 C:/Program Files (x86)/Atmel/Studio/7.0/Packs/atmel/AVR-Dx_DFP/1.9.103/gcc/dev/avr128da48/avrxmega4\libavr128da48.a(eerd_byte.o)
                0x000106c0                eeprom_read_byte
                0x000106c8                eeprom_mapen
 .text.avr-libc
                0x000106d0        0xe C:/Program Files (x86)/Atmel/Studio/7.0/Packs/atmel/AVR-Dx_DFP/1.9.103/gcc/dev/avr128da48/avrxmega4\libavr128da48.a(eerd_dword.o)
                0x000106d0                eeprom_read_float
                0x000106d0                eeprom_read_dword
 .text.avr-libc
                0x000106de        0xa C:/Program Files (x86)/Atmel/Studio/7.0/Packs/atmel/AVR-Dx_DFP/1.9.103/gcc/dev/avr128da48/avrxmega4\libavr128da48.a(eerd_word.o)
                0x000106de                eeprom_read_word
 .text.libgcc.div
                0x000106e8       0x1c c:/program files (x86)/atmel/studio/7.0/toolchain/avr8/avr8-gnu-toolchain/bin/../lib/gcc/avr/5.4.0/avrxmega4\libgcc.a(_divmodqi4.o)
                0x000106e8                __divmodqi4
 .text.libgcc   0x00010704        0xe c:/program files (x86)/atmel/studio/7.0/toolchain/avr8/avr8-gnu-toolchain/bin/../lib/gcc/avr/5.4.0/avrxmega4\libgcc.a(_xload_1.o)
                0x00010704                __xload_1
 .text.libgcc.div
                0x00010712       0x18 c:/program files (x86)/atmel/studio/7.0/toolchain/avr8/avr8-gnu-toolchain/bin/../lib/gcc/avr/5.4.0/avrxmega4\libgcc.a(_udivmodqi4.o)
                0x00010712                __udivmodqi4
                0x0001072a                . = ALIGN (0x2)
 *(.fini9)
 .fini9         0x0001072a        0x0 c:/program files (x86)/atmel/studio/7.0/toolchain/avr8/avr8-gnu-toolchain/bin/../lib/gcc/avr/5.4.0/avrxmega4\libgcc.a(_exit.o)
                0x0001072a                _exit
                0x0001072a                exit
 *(.fini9)
 *(.fini8)
 *(.fini8)
 *(.fini7)
 *(.fini7)
 *(.fini6)
 .fini6         0x0001072a       0x16 c:/program files (x86)/atmel/studio/7.0/toolchain/avr8/avr8-gnu-toolchain/bin/../lib/gcc/avr/5.4.0/avrxmega4\libgcc.a(_dtors.o)
                0x0001072a                __do_global_dtors
 *(.fini6)
 *(.fini5)
 *(.fini5)
 *(.fini4)
 *(.fini4)
 *(.fini3)
 *(.fini3)
 *(.fini2)
 *(.fini2)
 *(.fini1)
 *(.fini1)
 *(.fini0)
 .fini0         0x00010740        0x4 c:/program files (x86)/atmel/studio/7.0/toolchain/avr8/avr8-gnu-toolchain/bin/../lib/gcc/avr/5.4.0/avrxmega4\libgcc.a(_exit.o)
 *(.fini0)
                0x00010744                _etext = .

.data           0x00804000      0x6c2 load address 0x00010744
                0x00804000                PROVIDE (__data_start, .)
 *(.data)
 .data          0x00804000        0x6 c:/program files (x86)/atmel/studio/7.0/toolchain/avr8/avr8-gnu-toolchain/bin/../lib/gcc/avr/5.4.0/../../../../avr/lib/avrxmega4\libc.a(malloc.o)
                0x00804000                __malloc_heap_end
                0x00804002                __malloc_heap_start
                0x00804004                __malloc_margin
 *(.data*)
 .data._ZL28g_antenna_connection_changed
                0x00804006        0x1 main.o
 .data._ZL15g_code_throttle
                0x00804007        0x2 main.o
 .data._ZL23g_WiFi_shutdown_seconds
                0x00804009        0x1 main.o
 .data._ZL13g_wifi_active
                0x0080400a        0x1 main.o
 .data.g_id_codespeed
                0x0080400b        0x1 main.o
                0x0080400b                g_id_codespeed
 .data.g_pattern_codespeed
                0x0080400c        0x1 main.o
                0x0080400c                g_pattern_codespeed
 .data.g_on_air_seconds
                0x0080400d        0x2 main.o
                0x0080400d                g_on_air_seconds
 .data.g_off_air_seconds
                0x0080400f        0x2 main.o
                0x0080400f                g_off_air_seconds
 .data.g_ID_period_seconds
                0x00804011        0x2 main.o
                0x00804011                g_ID_period_seconds
 .data.g_update_timeout_seconds
                0x00804013        0x2 main.o
                0x00804013                g_update_timeout_seconds
 .data._ZL18g_seconds_to_sleep
                0x00804015        0x4 main.o
 .data._ZL17g_adcChannelOrder
                0x00804019        0x3 main.o
 .data._ZL19g_adcCountdownCount
                0x0080401c        0x6 main.o
 .data.g_fox    0x00804022        0x1 main.o
                0x00804022                g_fox
 .data._ZZ19updateAntennaStatusvE16antennaReadCount
                0x00804023        0x1 main.o
 .data._ZZ12temperatureCvE4wait
                0x00804024        0x4 src/adc.o
 .data.g_i2c0_timeout_ticks
                0x00804028        0x2 src/i2c.o
                0x00804028                g_i2c0_timeout_ticks
 .data.g_i2c1_timeout_ticks
                0x0080402a        0x2 src/i2c.o
                0x0080402a                g_i2c1_timeout_ticks
 .data._ZL14g_bus_disabled
                0x0080402c        0x1 src/linkbus.o
 .data.g_linkbus_usart_number
                0x0080402d        0x1 src/linkbus.o
                0x0080402d                g_linkbus_usart_number
 .data._ZZ9makeMorsePcPbS0_E6repeat
                0x0080402e        0x1 src/morse.o
 .data._ZZ9makeMorsePcPbS0_E1c
                0x0080402f        0x1 src/morse.o
 .data.g_serialbus_usart_number
                0x00804030        0x1 src/serialbus.o
                0x00804030                g_serialbus_usart_number
 .data._ZL14g_bus_disabled
                0x00804031        0x1 src/serialbus.o
 .data._ZL9xtal_freq
                0x00804032        0x4 src/si5351.o
 .data.g_80m_frequency
                0x00804036        0x4 src/transmitter.o
                0x00804036                g_80m_frequency
 .data.g_80m_power_level_mW
                0x0080403a        0x2 src/transmitter.o
                0x0080403a                g_80m_power_level_mW
 .data.g_rtty_offset
                0x0080403c        0x4 src/transmitter.o
                0x0080403c                g_rtty_offset
 .data.g_tx_power_is_zero
                0x00804040        0x1 src/transmitter.o
                0x00804040                g_tx_power_is_zero
 .data.g_80m_power_table
                0x00804041       0x10 src/transmitter.o
                0x00804041                g_80m_power_table
 *(.gnu.linkonce.d*)
 *(.rodata)
 .rodata        0x00804051      0x3f2 main.o
 .rodata        0x00804443       0x78 src/ds3231.o
 .rodata        0x008044bb        0x5 src/eeprommanager.o
 .rodata        0x008044c0       0x17 src/linkbus.o
 .rodata        0x008044d7      0x174 src/util.o
 *(.rodata*)
 .rodata._ZL34g_adcChannelConversionPeriod_ticks
                0x0080464b        0x6 main.o
 .rodata._ZL4crlf
                0x00804651        0x2 src/serialbus.o
 .rodata._ZL10textPrompt
                0x00804653        0x3 src/serialbus.o
 .rodata.str1.1
                0x00804656       0x6b c:/program files (x86)/atmel/studio/7.0/toolchain/avr8/avr8-gnu-toolchain/bin/../lib/gcc/avr/5.4.0/../../../../avr/lib/avrxmega4\libc.a(strftime.o)
                                 0x7f (size before relaxing)
 *(.gnu.linkonce.r*)
                0x008046c2                . = ALIGN (0x2)
 *fill*         0x008046c1        0x1 
                0x008046c2                _edata = .
                0x008046c2                PROVIDE (__data_end, .)

.bss            0x008046c2      0x41f
                0x008046c2                PROVIDE (__bss_start, .)
 *(.bss)
 *(.bss*)
 .bss._ZZ9serial_RxhE4buff
                0x008046c2        0x2 driver_isr.o
 .bss._ZZ9serial_RxhE11ignoreCount
                0x008046c4        0x1 driver_isr.o
 .bss._ZZ9serial_RxhE9charIndex
                0x008046c5        0x1 driver_isr.o
 .bss._ZZ9serial_RxhE8textBuff
                0x008046c6       0x32 driver_isr.o
 .bss._ZZ9serial_RxhE13receiving_msg
                0x008046f8        0x1 driver_isr.o
 .bss._ZZ9serial_RxhE6msg_ID
                0x008046f9        0x2 driver_isr.o
 .bss._ZZ9serial_RxhE11field_index
                0x008046fb        0x1 driver_isr.o
 .bss._ZZ9serial_RxhE9field_len
                0x008046fc        0x1 driver_isr.o
 .bss._ZZ11__vector_20E4buff
                0x008046fd        0x2 driver_isr.o
 .bss._ZZ11__vector_20E9charIndex
                0x008046ff        0x1 driver_isr.o
 .bss._ZZ11__vector_20E4buff_0
                0x00804700        0x2 driver_isr.o
 .bss._ZZ11__vector_20E9charIndex_0
                0x00804702        0x1 driver_isr.o
 .bss._ZZ11__vector_56E4buff
                0x00804703        0x2 driver_isr.o
 .bss._ZZ11__vector_56E9charIndex
                0x00804705        0x1 driver_isr.o
 .bss._ZZ11__vector_56E4buff_0
                0x00804706        0x2 driver_isr.o
 .bss._ZZ11__vector_56E9charIndex_0
                0x00804708        0x1 driver_isr.o
 .bss._ZZ10linkbus_RxhE4buff
                0x00804709        0x2 driver_isr.o
 .bss._ZZ10linkbus_RxhE9charIndex
                0x0080470b        0x1 driver_isr.o
 .bss._ZZ10linkbus_RxhE9field_len
                0x0080470c        0x1 driver_isr.o
 .bss._ZZ10linkbus_RxhE10tempMsg_ID
                0x0080470d        0x4 driver_isr.o
 .bss._ZZ10linkbus_RxhE13receiving_msg
                0x00804711        0x1 driver_isr.o
 .bss._ZZ10linkbus_RxhE11field_index
                0x00804712        0x1 driver_isr.o
 .bss._ZZ11__vector_32E4buff
                0x00804713        0x2 driver_isr.o
 .bss._ZZ11__vector_32E9charIndex
                0x00804715        0x1 driver_isr.o
 .bss._ZZ11__vector_32E4buff_0
                0x00804716        0x2 driver_isr.o
 .bss._ZZ11__vector_32E9charIndex_0
                0x00804718        0x1 driver_isr.o
 .bss._ZL9g_tempStr
                0x00804719       0x32 main.o
 .bss._ZL17g_last_error_code
                0x0080474b        0x1 main.o
 .bss._ZL18g_last_status_code
                0x0080474c        0x1 main.o
 .bss._ZL33g_powerUp_initialization_complete
                0x0080474d        0x1 main.o
 .bss._ZL18g_perform_3V3_init
                0x0080474e        0x1 main.o
 .bss._ZL21g_util_tick_countdown
                0x0080474f        0x2 main.o
 .bss.g_antenna_connect_state
                0x00804751        0x1 main.o
                0x00804751                g_antenna_connect_state
 .bss._ZL13g_start_event
                0x00804752        0x1 main.o
 .bss._ZL11g_end_event
                0x00804753        0x1 main.o
 .bss._ZL12g_on_the_air
                0x00804754        0x4 main.o
 .bss._ZL26g_sendID_seconds_countdown
                0x00804758        0x2 main.o
 .bss._ZL16g_report_seconds
                0x0080475a        0x1 main.o
 .bss._ZL19g_wifi_enable_delay
                0x0080475b        0x1 main.o
 .bss._ZL20g_shutting_down_wifi
                0x0080475c        0x1 main.o
 .bss._ZL11g_sleepType
                0x0080475d        0x1 main.o
 .bss.g_messages_text
                0x0080475e       0x2a main.o
                0x0080475e                g_messages_text
 .bss.g_time_needed_for_ID
                0x00804788        0x2 main.o
                0x00804788                g_time_needed_for_ID
 .bss.g_intra_cycle_delay_time
                0x0080478a        0x2 main.o
                0x0080478a                g_intra_cycle_delay_time
 .bss.g_event_start_epoch
                0x0080478c        0x4 main.o
                0x0080478c                g_event_start_epoch
 .bss.g_event_finish_epoch
                0x00804790        0x4 main.o
                0x00804790                g_event_finish_epoch
 .bss.g_event_enabled
                0x00804794        0x1 main.o
                0x00804794                g_event_enabled
 .bss.g_event_commenced
                0x00804795        0x1 main.o
                0x00804795                g_event_commenced
 .bss.g_check_for_next_event
                0x00804796        0x1 main.o
                0x00804796                g_check_for_next_event
 .bss.g_waiting_for_next_event
                0x00804797        0x1 main.o
                0x00804797                g_waiting_for_next_event
 .bss._ZL13g_go_to_sleep
                0x00804798        0x1 main.o
 .bss._ZL10g_sleeping
                0x00804799        0x1 main.o
 .bss._ZL23g_seconds_left_to_sleep
                0x0080479a        0x4 main.o
 .bss._ZL12g_adcUpdated
                0x0080479e        0x3 main.o
 .bss._ZL22g_lastConversionResult
                0x008047a1        0x6 main.o
 .bss.g_switch_closed_count
                0x008047a7        0x2 main.o
                0x008047a7                g_switch_closed_count
 .bss.g_long_button_press
                0x008047a9        0x1 main.o
                0x008047a9                g_long_button_press
 .bss.LEDS      0x008047aa        0x1 main.o
                0x008047aa                LEDS
 .bss.g_ee_mgr  0x008047ab        0x1 main.o
                0x008047ab                g_ee_mgr
 .bss.g_utc_offset
                0x008047ac        0x1 main.o
                0x008047ac                g_utc_offset
 .bss.g_unlockCode
                0x008047ad        0x8 main.o
                0x008047ad                g_unlockCode
 .bss.g_use_rtc_for_startstop
                0x008047b5        0x1 main.o
                0x008047b5                g_use_rtc_for_startstop
 .bss._ZZ11__vector_12E7codeInc
                0x008047b6        0x2 main.o
 .bss._ZZ11__vector_12E3key
                0x008047b8        0x1 main.o
 .bss._ZZ11__vector_12E19conversionInProcess
                0x008047b9        0x1 main.o
 .bss._ZZ11__vector_12E24indexConversionInProcess
                0x008047ba        0x1 main.o
 .bss._ZZ11__vector_12E20holdConversionResult
                0x008047bb        0x2 main.o
 .bss._ZZ19handleSerialBusMsgsvE6pwr_mW
                0x008047bd        0x2 main.o
 .bss._ZZ17handleLinkBusMsgsvE6pwr_mW
                0x008047bf        0x2 main.o
 .bss._ZZ17handleLinkBusMsgsvE25new_event_parameter_count
                0x008047c1        0x1 main.o
 .bss._ZZ17handleLinkBusMsgsvE35event_parameter_commands_rcvd_count
                0x008047c2        0x1 main.o
 .bss._ZZ17handleLinkBusMsgsvE8lastTime
                0x008047c3        0x4 main.o
 .bss._ZZ19updateAntennaStatusvE26lastAntennaConnectionState
                0x008047c7        0x1 main.o
 .bss.g_goertzel
                0x008047c8        0x1 src/adc.o
                0x008047c8                g_goertzel
 .bss._ZL20g_adc_initialization
                0x008047c9        0x1 src/adc.o
 .bss._SAMPLING_FREQUENCY
                0x008047ca        0x4 src/Goertzel.o
                0x008047ca                _SAMPLING_FREQUENCY
 .bss._N        0x008047ce        0x2 src/Goertzel.o
                0x008047ce                _N
 .bss._index    0x008047d0        0x2 src/Goertzel.o
                0x008047d0                _index
 .bss._samplesReady
                0x008047d2        0x1 src/Goertzel.o
                0x008047d2                _samplesReady
 .bss.testData  0x008047d3        0x2 src/Goertzel.o
                0x008047d3                testData
 .bss._ZL16lastBlinkSetting
                0x008047d5        0x1 src/leds.o
 .bss._ZL17led_timeout_count
                0x008047d6        0x4 src/leds.o
 .bss._ZL19red_blink_on_period
                0x008047da        0x2 src/leds.o
 .bss._ZL20red_blink_off_period
                0x008047dc        0x2 src/leds.o
 .bss._ZL21green_blink_on_period
                0x008047de        0x2 src/leds.o
 .bss._ZL22green_blink_off_period
                0x008047e0        0x2 src/leds.o
 .bss._ZL15red_blink_count
                0x008047e2        0x2 src/leds.o
 .bss._ZL17green_blink_count
                0x008047e4        0x2 src/leds.o
 .bss._ZL18red_led_configured
                0x008047e6        0x1 src/leds.o
 .bss._ZL20green_led_configured
                0x008047e7        0x1 src/leds.o
 .bss._ZL13g_tempMsgBuff
                0x008047e8       0x32 src/linkbus.o
 .bss._ZL17linkbus_tx_active
                0x0080481a        0x1 src/linkbus.o
 .bss._ZL9tx_buffer
                0x0080481b       0xc8 src/linkbus.o
 .bss._ZL9rx_buffer
                0x008048e3       0x84 src/linkbus.o
 .bss._ZZ18nextFullLBTxBuffervE11bufferIndex
                0x00804967        0x1 src/linkbus.o
 .bss._ZZ19nextEmptyLBTxBuffervE11bufferIndex
                0x00804968        0x1 src/linkbus.o
 .bss._ZZ19nextEmptyLBRxBuffervE11bufferIndex
                0x00804969        0x1 src/linkbus.o
 .bss._ZZ18nextFullLBRxBuffervE11bufferIndex
                0x0080496a        0x1 src/linkbus.o
 .bss._ZZ9makeMorsePcPbS0_E11holdKeyDown
                0x0080496b        0x1 src/morse.o
 .bss._ZZ9makeMorsePcPbS0_E3str
                0x0080496c        0x2 src/morse.o
 .bss._ZZ9makeMorsePcPbS0_E15morseInProgress
                0x0080496e        0x3 src/morse.o
 .bss._ZZ9makeMorsePcPbS0_E9charIndex
                0x00804971        0x1 src/morse.o
 .bss._ZZ9makeMorsePcPbS0_E11symbolIndex
                0x00804972        0x1 src/morse.o
 .bss._ZZ9makeMorsePcPbS0_E12elementIndex
                0x00804973        0x1 src/morse.o
 .bss._ZZ9makeMorsePcPbS0_E10addedSpace
                0x00804974        0x1 src/morse.o
 .bss._ZZ9makeMorsePcPbS0_E15completedString
                0x00804975        0x1 src/morse.o
 .bss._ZZ9makeMorsePcPbS0_E9carrierOn
                0x00804976        0x1 src/morse.o
 .bss._ZL13g_tempMsgBuff
                0x00804977       0x32 src/serialbus.o
 .bss._ZL19serialbus_tx_active
                0x008049a9        0x1 src/serialbus.o
 .bss._ZL9tx_buffer
                0x008049aa       0x7b src/serialbus.o
 .bss._ZL9rx_buffer
                0x00804a25       0x7e src/serialbus.o
 .bss._ZZ18nextFullSBTxBufferE11bufferIndex
                0x00804aa3        0x1 src/serialbus.o
 .bss._ZZ19nextEmptySBTxBufferE11bufferIndex
                0x00804aa4        0x1 src/serialbus.o
 .bss._ZZ19nextEmptySBRxBufferE11bufferIndex
                0x00804aa5        0x1 src/serialbus.o
 .bss._ZZ18nextFullSBRxBufferE11bufferIndex
                0x00804aa6        0x1 src/serialbus.o
 .bss._ZL8freqVCOB
                0x00804aa7        0x4 src/si5351.o
 .bss._ZL17enabledClocksMask
                0x00804aab        0x1 src/si5351.o
 .bss._ZL9clock_out
                0x00804aac        0xc src/si5351.o
 .bss.g_si5351_initialized
                0x00804ab8        0x1 src/si5351.o
                0x00804ab8                g_si5351_initialized
 .bss._ZZ11si5351_initE3err
                0x00804ab9        0x1 src/si5351.o
 .bss._ZL12g_ms_counter
                0x00804aba        0x4 src/tcb.o
 .bss._ZZ13util_delay_msE8counting
                0x00804abe        0x1 src/tcb.o
 .bss._ZZ13util_delay_msE14countdownValue
                0x00804abf        0x4 src/tcb.o
 .bss._ZL16g_tx_initialized
                0x00804ac3        0x1 src/transmitter.o
 .bss._ZL19g_transmitter_keyed
                0x00804ac4        0x1 src/transmitter.o
 *(COMMON)
 COMMON         0x00804ac5        0x4 c:/program files (x86)/atmel/studio/7.0/toolchain/avr8/avr8-gnu-toolchain/bin/../lib/gcc/avr/5.4.0/../../../../avr/lib/avrxmega4\libc.a(malloc.o)
                0x00804ac5                __brkval
                0x00804ac7                __flp
 COMMON         0x00804ac9        0x4 c:/program files (x86)/atmel/studio/7.0/toolchain/avr8/avr8-gnu-toolchain/bin/../lib/gcc/avr/5.4.0/../../../../avr/lib/avrxmega4\libc.a(system_time.o)
                0x00804ac9                __system_time
 COMMON         0x00804acd        0xc c:/program files (x86)/atmel/studio/7.0/toolchain/avr8/avr8-gnu-toolchain/bin/../lib/gcc/avr/5.4.0/../../../../avr/lib/avrxmega4\libc.a(tm_store.o)
                0x00804acd                __tm_store
 COMMON         0x00804ad9        0x4 c:/program files (x86)/atmel/studio/7.0/toolchain/avr8/avr8-gnu-toolchain/bin/../lib/gcc/avr/5.4.0/../../../../avr/lib/avrxmega4\libc.a(utc_offset.o)
                0x00804ad9                __utc_offset
 COMMON         0x00804add        0x2 c:/program files (x86)/atmel/studio/7.0/toolchain/avr8/avr8-gnu-toolchain/bin/../lib/gcc/avr/5.4.0/../../../../avr/lib/avrxmega4\libc.a(dst_pointer.o)
                0x00804add                __dst_ptr
 COMMON         0x00804adf        0x2 c:/program files (x86)/atmel/studio/7.0/toolchain/avr8/avr8-gnu-toolchain/bin/../lib/gcc/avr/5.4.0/../../../../avr/lib/avrxmega4\libc.a(errno.o)
                0x00804adf                errno
                0x00804ae1                PROVIDE (__bss_end, .)
                0x00010744                __data_load_start = LOADADDR (.data)
                0x00010e06                __data_load_end = (__data_load_start + SIZEOF (.data))

.noinit         0x00804ae1        0x0
                [!provide]                PROVIDE (__noinit_start, .)
 *(.noinit*)
                [!provide]                PROVIDE (__noinit_end, .)
                0x00804ae1                _end = .
                0x00804ae1                PROVIDE (__heap_start, .)

.eeprom         0x00810000       0x53
 *(.eeprom*)
 .eeprom        0x00810000       0x53 src/eeprommanager.o
                0x00810000                _ZN13EepromManager7ee_varsE
                0x00810053                __eeprom_end = .

.fuse
 *(.fuse)
 *(.lfuse)
 *(.hfuse)
 *(.efuse)

.lock
 *(.lock*)

.signature
 *(.signature*)

.user_signatures
 *(.user_signatures*)

.stab
 *(.stab)

.stabstr
 *(.stabstr)

.stab.excl
 *(.stab.excl)

.stab.exclstr
 *(.stab.exclstr)

.stab.index
 *(.stab.index)

.stab.indexstr
 *(.stab.indexstr)

.comment        0x00000000       0x5c
 *(.comment)
 .comment       0x00000000       0x30 atmel_start.o
                                 0x31 (size before relaxing)
 .comment       0x00000030       0x31 driver_isr.o
 .comment       0x00000030       0x31 main.o
 .comment       0x00000030       0x31 src/adc.o
 .comment       0x00000030       0x31 src/binio.o
 .comment       0x00000030       0x31 src/bod.o
 .comment       0x00000030       0x31 src/clkctrl.o
 .comment       0x00000030       0x31 src/cpuint.o
 .comment       0x00000030       0x31 src/dac0.o
 .comment       0x00000030       0x31 src/driver_init.o
 .comment       0x00000030       0x31 src/ds3231.o
 .comment       0x00000030       0x31 src/eeprommanager.o
 .comment       0x00000030       0x31 src/Goertzel.o
 .comment       0x00000030       0x31 src/huzzah.o
 .comment       0x00000030       0x31 src/i2c.o
 .comment       0x00000030       0x31 src/leds.o
 .comment       0x00000030       0x31 src/linkbus.o
 .comment       0x00000030       0x31 src/morse.o
 .comment       0x00000030       0x31 src/serialbus.o
 .comment       0x00000030       0x31 src/si5351.o
 .comment       0x00000030       0x31 src/slpctrl.o
 .comment       0x00000030       0x31 src/tcb.o
 .comment       0x00000030       0x31 src/transmitter.o
 .comment       0x00000030       0x31 src/usart_basic.o
 .comment       0x00000030       0x31 src/util.o
 .comment       0x00000030       0x31 c:/program files (x86)/atmel/studio/7.0/toolchain/avr8/avr8-gnu-toolchain/bin/../lib/gcc/avr/5.4.0/../../../../avr/lib/avrxmega4\libc.a(dtostrf.o)
 .comment       0x00000030       0x31 c:/program files (x86)/atmel/studio/7.0/toolchain/avr8/avr8-gnu-toolchain/bin/../lib/gcc/avr/5.4.0/../../../../avr/lib/avrxmega4\libc.a(malloc.o)
 .comment       0x00000030       0x31 c:/program files (x86)/atmel/studio/7.0/toolchain/avr8/avr8-gnu-toolchain/bin/../lib/gcc/avr/5.4.0/../../../../avr/lib/avrxmega4\libc.a(sprintf.o)
 .comment       0x00000030       0x31 c:/program files (x86)/atmel/studio/7.0/toolchain/avr8/avr8-gnu-toolchain/bin/../lib/gcc/avr/5.4.0/../../../../avr/lib/avrxmega4\libc.a(isLeap.o)
 .comment       0x00000030       0x31 c:/program files (x86)/atmel/studio/7.0/toolchain/avr8/avr8-gnu-toolchain/bin/../lib/gcc/avr/5.4.0/../../../../avr/lib/avrxmega4\libc.a(localtime.o)
 .comment       0x00000030       0x31 c:/program files (x86)/atmel/studio/7.0/toolchain/avr8/avr8-gnu-toolchain/bin/../lib/gcc/avr/5.4.0/../../../../avr/lib/avrxmega4\libc.a(localtime_r.o)
 .comment       0x00000030       0x31 c:/program files (x86)/atmel/studio/7.0/toolchain/avr8/avr8-gnu-toolchain/bin/../lib/gcc/avr/5.4.0/../../../../avr/lib/avrxmega4\libc.a(month_length.o)
 .comment       0x00000030       0x31 c:/program files (x86)/atmel/studio/7.0/toolchain/avr8/avr8-gnu-toolchain/bin/../lib/gcc/avr/5.4.0/../../../../avr/lib/avrxmega4\libc.a(set_system_time.o)
 .comment       0x00000030       0x31 c:/program files (x86)/atmel/studio/7.0/toolchain/avr8/avr8-gnu-toolchain/bin/../lib/gcc/avr/5.4.0/../../../../avr/lib/avrxmega4\libc.a(strftime.o)
 .comment       0x00000030       0x31 c:/program files (x86)/atmel/studio/7.0/toolchain/avr8/avr8-gnu-toolchain/bin/../lib/gcc/avr/5.4.0/../../../../avr/lib/avrxmega4\libc.a(system_time.o)
 .comment       0x00000030       0x31 c:/program files (x86)/atmel/studio/7.0/toolchain/avr8/avr8-gnu-toolchain/bin/../lib/gcc/avr/5.4.0/../../../../avr/lib/avrxmega4\libc.a(time.o)
 .comment       0x00000030       0x31 c:/program files (x86)/atmel/studio/7.0/toolchain/avr8/avr8-gnu-toolchain/bin/../lib/gcc/avr/5.4.0/../../../../avr/lib/avrxmega4\libc.a(tm_store.o)
 .comment       0x00000030       0x2c c:/program files (x86)/atmel/studio/7.0/toolchain/avr8/avr8-gnu-toolchain/bin/../lib/gcc/avr/5.4.0/../../../../avr/lib/avrxmega4\libc.a(utc_offset.o)
                                 0x2d (size before relaxing)
 .comment       0x0000005c       0x31 c:/program files (x86)/atmel/studio/7.0/toolchain/avr8/avr8-gnu-toolchain/bin/../lib/gcc/avr/5.4.0/../../../../avr/lib/avrxmega4\libc.a(week_of_year.o)
 .comment       0x0000005c       0x2d c:/program files (x86)/atmel/studio/7.0/toolchain/avr8/avr8-gnu-toolchain/bin/../lib/gcc/avr/5.4.0/../../../../avr/lib/avrxmega4\libc.a(vfprintf_std.o)
 .comment       0x0000005c       0x31 c:/program files (x86)/atmel/studio/7.0/toolchain/avr8/avr8-gnu-toolchain/bin/../lib/gcc/avr/5.4.0/../../../../avr/lib/avrxmega4\libc.a(dtoa_prf.o)
 .comment       0x0000005c       0x31 c:/program files (x86)/atmel/studio/7.0/toolchain/avr8/avr8-gnu-toolchain/bin/../lib/gcc/avr/5.4.0/../../../../avr/lib/avrxmega4\libc.a(strtod.o)
 .comment       0x0000005c       0x31 c:/program files (x86)/atmel/studio/7.0/toolchain/avr8/avr8-gnu-toolchain/bin/../lib/gcc/avr/5.4.0/../../../../avr/lib/avrxmega4\libc.a(fputc.o)
 .comment       0x0000005c       0x31 c:/program files (x86)/atmel/studio/7.0/toolchain/avr8/avr8-gnu-toolchain/bin/../lib/gcc/avr/5.4.0/../../../../avr/lib/avrxmega4\libc.a(asctime_r.o)
 .comment       0x0000005c       0x31 c:/program files (x86)/atmel/studio/7.0/toolchain/avr8/avr8-gnu-toolchain/bin/../lib/gcc/avr/5.4.0/../../../../avr/lib/avrxmega4\libc.a(dst_pointer.o)
 .comment       0x0000005c       0x31 c:/program files (x86)/atmel/studio/7.0/toolchain/avr8/avr8-gnu-toolchain/bin/../lib/gcc/avr/5.4.0/../../../../avr/lib/avrxmega4\libc.a(gmtime_r.o)
 .comment       0x0000005c       0x31 c:/program files (x86)/atmel/studio/7.0/toolchain/avr8/avr8-gnu-toolchain/bin/../lib/gcc/avr/5.4.0/../../../../avr/lib/avrxmega4\libc.a(iso_week_date_r.o)
 .comment       0x0000005c       0x31 c:/program files (x86)/atmel/studio/7.0/toolchain/avr8/avr8-gnu-toolchain/bin/../lib/gcc/avr/5.4.0/../../../../avr/lib/avrxmega4\libc.a(print_lz.o)
 .comment       0x0000005c       0x2d c:/program files (x86)/atmel/studio/7.0/toolchain/avr8/avr8-gnu-toolchain/bin/../lib/gcc/avr/5.4.0/../../../../avr/lib/avrxmega4\libc.a(errno.o)

.note.gnu.avr.deviceinfo
                0x00000000       0x40
 .note.gnu.avr.deviceinfo
                0x00000000       0x40 C:/Program Files (x86)/Atmel/Studio/7.0/Packs/atmel/AVR-Dx_DFP/1.9.103/gcc/dev/avr128da48/avrxmega4/crtavr128da48.o

.note.gnu.build-id
 *(.note.gnu.build-id)

.debug
 *(.debug)

.line
 *(.line)

.debug_srcinfo
 *(.debug_srcinfo)

.debug_sfnames
 *(.debug_sfnames)

.debug_aranges  0x00000000      0xc28
 *(.debug_aranges)
 .debug_aranges
                0x00000000       0x20 atmel_start.o
 .debug_aranges
                0x00000020       0x60 driver_isr.o
 .debug_aranges
                0x00000080      0x150 main.o
 .debug_aranges
                0x000001d0       0x88 src/adc.o
 .debug_aranges
                0x00000258       0xb0 src/binio.o
 .debug_aranges
                0x00000308       0x20 src/bod.o
 .debug_aranges
                0x00000328       0x28 src/clkctrl.o
 .debug_aranges
                0x00000350       0x20 src/cpuint.o
 .debug_aranges
                0x00000370       0x30 src/dac0.o
 .debug_aranges
                0x000003a0       0x58 src/driver_init.o
 .debug_aranges
                0x000003f8       0xa0 src/ds3231.o
 .debug_aranges
                0x00000498       0x60 src/eeprommanager.o
 .debug_aranges
                0x000004f8       0x60 src/Goertzel.o
 .debug_aranges
                0x00000558       0x40 src/huzzah.o
 .debug_aranges
                0x00000598       0x88 src/i2c.o
 .debug_aranges
                0x00000620       0x58 src/leds.o
 .debug_aranges
                0x00000678      0x110 src/linkbus.o
 .debug_aranges
                0x00000788       0x30 src/morse.o
 .debug_aranges
                0x000007b8       0x20 src/protected_io.o
 .debug_aranges
                0x000007d8      0x118 src/serialbus.o
 .debug_aranges
                0x000008f0       0xb8 src/si5351.o
 .debug_aranges
                0x000009a8       0x28 src/slpctrl.o
 .debug_aranges
                0x000009d0       0x30 src/tcb.o
 .debug_aranges
                0x00000a00       0x58 src/transmitter.o
 .debug_aranges
                0x00000a58      0x120 src/usart_basic.o
 .debug_aranges
                0x00000b78       0x50 src/util.o
 .debug_aranges
                0x00000bc8       0x20 C:/Program Files (x86)/Atmel/Studio/7.0/Packs/atmel/AVR-Dx_DFP/1.9.103/gcc/dev/avr128da48/avrxmega4\libavr128da48.a(eerd_byte.o)
 .debug_aranges
                0x00000be8       0x20 C:/Program Files (x86)/Atmel/Studio/7.0/Packs/atmel/AVR-Dx_DFP/1.9.103/gcc/dev/avr128da48/avrxmega4\libavr128da48.a(eerd_dword.o)
 .debug_aranges
                0x00000c08       0x20 C:/Program Files (x86)/Atmel/Studio/7.0/Packs/atmel/AVR-Dx_DFP/1.9.103/gcc/dev/avr128da48/avrxmega4\libavr128da48.a(eerd_word.o)

.debug_pubnames
 *(.debug_pubnames)

.debug_info     0x00000000     0xf481
 *(.debug_info .gnu.linkonce.wi.*)
 .debug_info    0x00000000     0x2c24 C:/Program Files (x86)/Atmel/Studio/7.0/Packs/atmel/AVR-Dx_DFP/1.9.103/gcc/dev/avr128da48/avrxmega4/crtavr128da48.o
 .debug_info    0x00002c24       0x7e atmel_start.o
 .debug_info    0x00002ca2      0x9fa driver_isr.o
 .debug_info    0x0000369c     0x25ae main.o
 .debug_info    0x00005c4a      0xd8e src/adc.o
 .debug_info    0x000069d8      0x852 src/binio.o
 .debug_info    0x0000722a      0x188 src/bod.o
 .debug_info    0x000073b2      0x28a src/clkctrl.o
 .debug_info    0x0000763c       0x8d src/cpuint.o
 .debug_info    0x000076c9      0x411 src/dac0.o
 .debug_info    0x00007ada      0x4f6 src/driver_init.o
 .debug_info    0x00007fd0      0xab1 src/ds3231.o
 .debug_info    0x00008a81      0xd71 src/eeprommanager.o
 .debug_info    0x000097f2      0x5c3 src/Goertzel.o
 .debug_info    0x00009db5      0x36b src/huzzah.o
 .debug_info    0x0000a120      0x8fb src/i2c.o
 .debug_info    0x0000aa1b      0x69d src/leds.o
 .debug_info    0x0000b0b8      0xdd8 src/linkbus.o
 .debug_info    0x0000be90      0x2c4 src/morse.o
 .debug_info    0x0000c154       0x8a src/protected_io.o
 .debug_info    0x0000c1de      0xe7a src/serialbus.o
 .debug_info    0x0000d058      0xd2e src/si5351.o
 .debug_info    0x0000dd86      0x134 src/slpctrl.o
 .debug_info    0x0000deba      0x2d9 src/tcb.o
 .debug_info    0x0000e193      0x637 src/transmitter.o
 .debug_info    0x0000e7ca      0x5d8 src/usart_basic.o
 .debug_info    0x0000eda2      0x501 src/util.o
 .debug_info    0x0000f2a3       0x9f C:/Program Files (x86)/Atmel/Studio/7.0/Packs/atmel/AVR-Dx_DFP/1.9.103/gcc/dev/avr128da48/avrxmega4\libavr128da48.a(eerd_byte.o)
 .debug_info    0x0000f342       0xa0 C:/Program Files (x86)/Atmel/Studio/7.0/Packs/atmel/AVR-Dx_DFP/1.9.103/gcc/dev/avr128da48/avrxmega4\libavr128da48.a(eerd_dword.o)
 .debug_info    0x0000f3e2       0x9f C:/Program Files (x86)/Atmel/Studio/7.0/Packs/atmel/AVR-Dx_DFP/1.9.103/gcc/dev/avr128da48/avrxmega4\libavr128da48.a(eerd_word.o)

.debug_abbrev   0x00000000     0x5666
 *(.debug_abbrev)
 .debug_abbrev  0x00000000     0x29ce C:/Program Files (x86)/Atmel/Studio/7.0/Packs/atmel/AVR-Dx_DFP/1.9.103/gcc/dev/avr128da48/avrxmega4/crtavr128da48.o
 .debug_abbrev  0x000029ce       0x42 atmel_start.o
 .debug_abbrev  0x00002a10      0x20f driver_isr.o
 .debug_abbrev  0x00002c1f      0x44b main.o
 .debug_abbrev  0x0000306a      0x30e src/adc.o
 .debug_abbrev  0x00003378      0x22b src/binio.o
 .debug_abbrev  0x000035a3       0xaf src/bod.o
 .debug_abbrev  0x00003652       0xdb src/clkctrl.o
 .debug_abbrev  0x0000372d       0x51 src/cpuint.o
 .debug_abbrev  0x0000377e      0x132 src/dac0.o
 .debug_abbrev  0x000038b0      0x17f src/driver_init.o
 .debug_abbrev  0x00003a2f      0x1e5 src/ds3231.o
 .debug_abbrev  0x00003c14      0x2f5 src/eeprommanager.o
 .debug_abbrev  0x00003f09      0x1eb src/Goertzel.o
 .debug_abbrev  0x000040f4       0xfd src/huzzah.o
 .debug_abbrev  0x000041f1      0x206 src/i2c.o
 .debug_abbrev  0x000043f7      0x271 src/leds.o
 .debug_abbrev  0x00004668      0x2d0 src/linkbus.o
 .debug_abbrev  0x00004938       0xe9 src/morse.o
 .debug_abbrev  0x00004a21       0x14 src/protected_io.o
 .debug_abbrev  0x00004a35      0x2ba src/serialbus.o
 .debug_abbrev  0x00004cef      0x258 src/si5351.o
 .debug_abbrev  0x00004f47       0xc2 src/slpctrl.o
 .debug_abbrev  0x00005009      0x141 src/tcb.o
 .debug_abbrev  0x0000514a      0x1a4 src/transmitter.o
 .debug_abbrev  0x000052ee      0x1c9 src/usart_basic.o
 .debug_abbrev  0x000054b7      0x173 src/util.o
 .debug_abbrev  0x0000562a       0x14 C:/Program Files (x86)/Atmel/Studio/7.0/Packs/atmel/AVR-Dx_DFP/1.9.103/gcc/dev/avr128da48/avrxmega4\libavr128da48.a(eerd_byte.o)
 .debug_abbrev  0x0000563e       0x14 C:/Program Files (x86)/Atmel/Studio/7.0/Packs/atmel/AVR-Dx_DFP/1.9.103/gcc/dev/avr128da48/avrxmega4\libavr128da48.a(eerd_dword.o)
 .debug_abbrev  0x00005652       0x14 C:/Program Files (x86)/Atmel/Studio/7.0/Packs/atmel/AVR-Dx_DFP/1.9.103/gcc/dev/avr128da48/avrxmega4\libavr128da48.a(eerd_word.o)

.debug_line     0x00000000     0xa362
 *(.debug_line .debug_line.* .debug_line_end)
 .debug_line    0x00000000      0x1f3 C:/Program Files (x86)/Atmel/Studio/7.0/Packs/atmel/AVR-Dx_DFP/1.9.103/gcc/dev/avr128da48/avrxmega4/crtavr128da48.o
 .debug_line    0x000001f3       0x4c atmel_start.o
 .debug_line    0x0000023f      0x79d driver_isr.o
 .debug_line    0x000009dc     0x2544 main.o
 .debug_line    0x00002f20      0x4a7 src/adc.o
 .debug_line    0x000033c7      0x5f2 src/binio.o
 .debug_line    0x000039b9      0x11b src/bod.o
 .debug_line    0x00003ad4      0x14b src/clkctrl.o