Archive member included to satisfy reference by file (symbol)

c:/program files (x86)/atmel/studio/7.0/toolchain/avr8/avr8-gnu-toolchain/bin/../lib/gcc/avr/5.4.0/../../../../avr/lib/avrxmega4\libm.a(addsf3.o)
                              src/Goertzel.o (__subsf3)
c:/program files (x86)/atmel/studio/7.0/toolchain/avr8/avr8-gnu-toolchain/bin/../lib/gcc/avr/5.4.0/../../../../avr/lib/avrxmega4\libm.a(addsf3x.o)
                              c:/program files (x86)/atmel/studio/7.0/toolchain/avr8/avr8-gnu-toolchain/bin/../lib/gcc/avr/5.4.0/../../../../avr/lib/avrxmega4\libm.a(addsf3.o) (__addsf3x)
c:/program files (x86)/atmel/studio/7.0/toolchain/avr8/avr8-gnu-toolchain/bin/../lib/gcc/avr/5.4.0/../../../../avr/lib/avrxmega4\libm.a(ceil.o)
                              src/util.o (ceil)
c:/program files (x86)/atmel/studio/7.0/toolchain/avr8/avr8-gnu-toolchain/bin/../lib/gcc/avr/5.4.0/../../../../avr/lib/avrxmega4\libm.a(cmpsf2.o)
                              src/Goertzel.o (__ltsf2)
c:/program files (x86)/atmel/studio/7.0/toolchain/avr8/avr8-gnu-toolchain/bin/../lib/gcc/avr/5.4.0/../../../../avr/lib/avrxmega4\libm.a(cos.o)
                              src/Goertzel.o (cos)
c:/program files (x86)/atmel/studio/7.0/toolchain/avr8/avr8-gnu-toolchain/bin/../lib/gcc/avr/5.4.0/../../../../avr/lib/avrxmega4\libm.a(divsf3.o)
                              src/Goertzel.o (__divsf3)
c:/program files (x86)/atmel/studio/7.0/toolchain/avr8/avr8-gnu-toolchain/bin/../lib/gcc/avr/5.4.0/../../../../avr/lib/avrxmega4\libm.a(divsf3x.o)
                              c:/program files (x86)/atmel/studio/7.0/toolchain/avr8/avr8-gnu-toolchain/bin/../lib/gcc/avr/5.4.0/../../../../avr/lib/avrxmega4\libm.a(divsf3.o) (__divsf3x)
c:/program files (x86)/atmel/studio/7.0/toolchain/avr8/avr8-gnu-toolchain/bin/../lib/gcc/avr/5.4.0/../../../../avr/lib/avrxmega4\libm.a(fixsfsi.o)
                              src/Goertzel.o (__fixsfsi)
c:/program files (x86)/atmel/studio/7.0/toolchain/avr8/avr8-gnu-toolchain/bin/../lib/gcc/avr/5.4.0/../../../../avr/lib/avrxmega4\libm.a(fixunssfsi.o)
                              main.o (__fixunssfsi)
c:/program files (x86)/atmel/studio/7.0/toolchain/avr8/avr8-gnu-toolchain/bin/../lib/gcc/avr/5.4.0/../../../../avr/lib/avrxmega4\libm.a(floatsisf.o)
                              src/usart_basic.o (__floatunsisf)
c:/program files (x86)/atmel/studio/7.0/toolchain/avr8/avr8-gnu-toolchain/bin/../lib/gcc/avr/5.4.0/../../../../avr/lib/avrxmega4\libm.a(fp_cmp.o)
                              c:/program files (x86)/atmel/studio/7.0/toolchain/avr8/avr8-gnu-toolchain/bin/../lib/gcc/avr/5.4.0/../../../../avr/lib/avrxmega4\libm.a(cmpsf2.o) (__fp_cmp)
c:/program files (x86)/atmel/studio/7.0/toolchain/avr8/avr8-gnu-toolchain/bin/../lib/gcc/avr/5.4.0/../../../../avr/lib/avrxmega4\libm.a(fp_inf.o)
                              c:/program files (x86)/atmel/studio/7.0/toolchain/avr8/avr8-gnu-toolchain/bin/../lib/gcc/avr/5.4.0/../../../../avr/lib/avrxmega4\libm.a(addsf3x.o) (__fp_inf)
c:/program files (x86)/atmel/studio/7.0/toolchain/avr8/avr8-gnu-toolchain/bin/../lib/gcc/avr/5.4.0/../../../../avr/lib/avrxmega4\libm.a(fp_mintl.o)
                              c:/program files (x86)/atmel/studio/7.0/toolchain/avr8/avr8-gnu-toolchain/bin/../lib/gcc/avr/5.4.0/../../../../avr/lib/avrxmega4\libm.a(ceil.o) (__fp_mintl)
c:/program files (x86)/atmel/studio/7.0/toolchain/avr8/avr8-gnu-toolchain/bin/../lib/gcc/avr/5.4.0/../../../../avr/lib/avrxmega4\libm.a(fp_mpack.o)
                              c:/program files (x86)/atmel/studio/7.0/toolchain/avr8/avr8-gnu-toolchain/bin/../lib/gcc/avr/5.4.0/../../../../avr/lib/avrxmega4\libm.a(ceil.o) (__fp_mpack)
c:/program files (x86)/atmel/studio/7.0/toolchain/avr8/avr8-gnu-toolchain/bin/../lib/gcc/avr/5.4.0/../../../../avr/lib/avrxmega4\libm.a(fp_nan.o)
                              c:/program files (x86)/atmel/studio/7.0/toolchain/avr8/avr8-gnu-toolchain/bin/../lib/gcc/avr/5.4.0/../../../../avr/lib/avrxmega4\libm.a(addsf3x.o) (__fp_nan)
c:/program files (x86)/atmel/studio/7.0/toolchain/avr8/avr8-gnu-toolchain/bin/../lib/gcc/avr/5.4.0/../../../../avr/lib/avrxmega4\libm.a(fp_pscA.o)
                              c:/program files (x86)/atmel/studio/7.0/toolchain/avr8/avr8-gnu-toolchain/bin/../lib/gcc/avr/5.4.0/../../../../avr/lib/avrxmega4\libm.a(addsf3x.o) (__fp_pscA)
c:/program files (x86)/atmel/studio/7.0/toolchain/avr8/avr8-gnu-toolchain/bin/../lib/gcc/avr/5.4.0/../../../../avr/lib/avrxmega4\libm.a(fp_pscB.o)
                              c:/program files (x86)/atmel/studio/7.0/toolchain/avr8/avr8-gnu-toolchain/bin/../lib/gcc/avr/5.4.0/../../../../avr/lib/avrxmega4\libm.a(addsf3x.o) (__fp_pscB)
c:/program files (x86)/atmel/studio/7.0/toolchain/avr8/avr8-gnu-toolchain/bin/../lib/gcc/avr/5.4.0/../../../../avr/lib/avrxmega4\libm.a(fp_rempio2.o)
[...]
Memory Configuration

Name             Origin             Length             Attributes
text             0x00000000         0x00020000         xr
data             0x00804000         0x00004000         rw !x
eeprom           0x00810000         0x00000200         rw !x
fuse             0x00820000         0x00000010         rw !x
lock             0x00830000         0x00000400         rw !x
signature        0x00840000         0x00000400         rw !x
user_signatures  0x00850000         0x00000400         rw !x
*default*        0x00000000         0xffffffff

Linker script and memory map

Address of section .data set to 0x804000
                0x00008000                __RODATA_PM_OFFSET__ = 0x8000
LOAD C:/Program Files (x86)/Atmel/Studio/7.0/Packs/atmel/AVR-Dx_DFP/1.9.103/gcc/dev/avr128da48/avrxmega4/crtavr128da48.o
LOAD atmel_start.o
LOAD driver_isr.o
LOAD main.o
LOAD src/adc.o
LOAD src/binio.o
LOAD src/bod.o
LOAD src/clkctrl.o
LOAD src/cpuint.o
LOAD src/dac0.o
LOAD src/driver_init.o
LOAD src/ds3231.o
LOAD src/eeprommanager.o
LOAD src/Goertzel.o
LOAD src/huzzah.o
LOAD src/i2c.o
LOAD src/leds.o
LOAD src/linkbus.o
LOAD src/morse.o
LOAD src/protected_io.o
LOAD src/serialbus.o
LOAD src/si5351.o
LOAD src/slpctrl.o
LOAD src/tcb.o
LOAD src/transmitter.o
LOAD src/usart_basic.o
LOAD src/util.o
START GROUP
LOAD c:/program files (x86)/atmel/studio/7.0/toolchain/avr8/avr8-gnu-toolchain/bin/../lib/gcc/avr/5.4.0/../../../../avr/lib/avrxmega4\libm.a
END GROUP
LOAD c:/program files (x86)/atmel/studio/7.0/toolchain/avr8/avr8-gnu-toolchain/bin/../lib/gcc/avr/5.4.0/avrxmega4\libgcc.a
LOAD c:/program files (x86)/atmel/studio/7.0/toolchain/avr8/avr8-gnu-toolchain/bin/../lib/gcc/avr/5.4.0/../../../../avr/lib/avrxmega4\libm.a
START GROUP
LOAD c:/program files (x86)/atmel/studio/7.0/toolchain/avr8/avr8-gnu-toolchain/bin/../lib/gcc/avr/5.4.0/avrxmega4\libgcc.a
LOAD c:/program files (x86)/atmel/studio/7.0/toolchain/avr8/avr8-gnu-toolchain/bin/../lib/gcc/avr/5.4.0/../../../../avr/lib/avrxmega4\libm.a
LOAD c:/program files (x86)/atmel/studio/7.0/toolchain/avr8/avr8-gnu-toolchain/bin/../lib/gcc/avr/5.4.0/../../../../avr/lib/avrxmega4\libc.a
LOAD C:/Program Files (x86)/Atmel/Studio/7.0/Packs/atmel/AVR-Dx_DFP/1.9.103/gcc/dev/avr128da48/avrxmega4\libavr128da48.a
END GROUP
                [0x00000000]                __TEXT_REGION_ORIGIN__ = DEFINED (__TEXT_REGION_ORIGIN__)?__TEXT_REGION_ORIGIN__:0x0
                [0x00804000]                __DATA_REGION_ORIGIN__ = DEFINED (__DATA_REGION_ORIGIN__)?__DATA_REGION_ORIGIN__:0x802000
                [0x00020000]                __TEXT_REGION_LENGTH__ = DEFINED (__TEXT_REGION_LENGTH__)?__TEXT_REGION_LENGTH__:0x100000
                [0x00004000]                __DATA_REGION_LENGTH__ = DEFINED (__DATA_REGION_LENGTH__)?__DATA_REGION_LENGTH__:0xffa0
                [0x00000200]                __EEPROM_REGION_LENGTH__ = DEFINED (__EEPROM_REGION_LENGTH__)?__EEPROM_REGION_LENGTH__:0x10000
                [0x00000010]                __FUSE_REGION_LENGTH__ = DEFINED (__FUSE_REGION_LENGTH__)?__FUSE_REGION_LENGTH__:0x400
                0x00000400                __LOCK_REGION_LENGTH__ = DEFINED (__LOCK_REGION_LENGTH__)?__LOCK_REGION_LENGTH__:0x400
                0x00000400                __SIGNATURE_REGION_LENGTH__ = DEFINED (__SIGNATURE_REGION_LENGTH__)?__SIGNATURE_REGION_LENGTH__:0x400
                0x00000400                __USER_SIGNATURE_REGION_LENGTH__ = DEFINED (__USER_SIGNATURE_REGION_LENGTH__)?__USER_SIGNATURE_REGION_LENGTH__:0x400

.hash
 *(.hash)

.dynsym
 *(.dynsym)

.dynstr
 *(.dynstr)

.gnu.version
 *(.gnu.version)

.gnu.version_d
 *(.gnu.version_d)

.gnu.version_r
 *(.gnu.version_r)

.rel.init
 *(.rel.init)

.rela.init
 *(.rela.init)

.rel.text
 *(.rel.text)
 *(.rel.text.*)
 *(.rel.gnu.linkonce.t*)

.rela.text
 *(.rela.text)
 *(.rela.text.*)
 *(.rela.gnu.linkonce.t*)

.rel.fini
 *(.rel.fini)

.rela.fini
 *(.rela.fini)

.rel.rodata
 *(.rel.rodata)
 *(.rel.rodata.*)
 *(.rel.gnu.linkonce.r*)

.rela.rodata
 *(.rela.rodata)
 *(.rela.rodata.*)
 *(.rela.gnu.linkonce.r*)

.rel.data
 *(.rel.data)
 *(.rel.data.*)
 *(.rel.gnu.linkonce.d*)

.rela.data
 *(.rela.data)
 *(.rela.data.*)
 *(.rela.gnu.linkonce.d*)

.rel.ctors
 *(.rel.ctors)

.rela.ctors
 *(.rela.ctors)

.rel.dtors
 *(.rel.dtors)

.rela.dtors
 *(.rela.dtors)

.rel.got
 *(.rel.got)

.rela.got
 *(.rela.got)

.rel.bss
 *(.rel.bss)

.rela.bss
 *(.rela.bss)

.rel.plt
 *(.rel.plt)

.rela.plt
 *(.rela.plt)

.text           0x00000000     0xf6f8
 *(.vectors)
 .vectors       0x00000000       0xe8 C:/Program Files (x86)/Atmel/Studio/7.0/Packs/atmel/AVR-Dx_DFP/1.9.103/gcc/dev/avr128da48/avrxmega4/crtavr128da48.o
                0x00000000                __vector_default
                0x00000000                __vectors
 *(.vectors)
 *(.progmem.gcc*)
 .progmem.gcc_sw_table._Z11setupForFoxP5Fox_t13EventAction_t
                0x000000e8       0x22 main.o
 .progmem.gcc_sw_table._ZN13EepromManager15updateEEPROMVarE8EE_var_tPv
                0x0000010a       0x68 src/eeprommanager.o
 .progmem.gcc_sw_table._ZN4leds5blinkE7Blink_t
                0x00000172       0x1a src/leds.o
 .progmem.gcc_sw_table._Z12getMorseCharc
                0x0000018c       0xba src/morse.o
 .progmem.gcc_sw_table._Z8fox2TextPc5Fox_t
                0x00000246       0x24 src/util.o
                0x0000026a                . = ALIGN (0x2)
                0x0000026a                __trampolines_start = .
 *(.trampolines)
 .trampolines   0x0000026a        0x0 linker stubs
 *(.trampolines*)
                0x0000026a                __trampolines_end = .
 *libprintf_flt.a:*(.progmem.data)
 *libc.a:*(.progmem.data)
 .progmem.data  0x0000026a       0x3b c:/program files (x86)/atmel/studio/7.0/toolchain/avr8/avr8-gnu-toolchain/bin/../lib/gcc/avr/5.4.0/../../../../avr/lib/avrxmega4\libc.a(strtod.o)
 *(.progmem*)
 .progmemx.data
                0x000002a5       0x91 c:/program files (x86)/atmel/studio/7.0/toolchain/avr8/avr8-gnu-toolchain/bin/../lib/gcc/avr/5.4.0/../../../../avr/lib/avrxmega4\libc.a(strftime.o)
                0x000002a5                strfmonths
                0x000002fc                strfwkdays
 .progmemx.data
                0x00000336       0x3b c:/program files (x86)/atmel/studio/7.0/toolchain/avr8/avr8-gnu-toolchain/bin/../lib/gcc/avr/5.4.0/../../../../avr/lib/avrxmega4\libc.a(asctime_r.o)
                0x00000336                ascdays
                0x0000034c                ascmonths
                0x00000372                . = ALIGN (0x2)
 *fill*         0x00000371        0x1 
 *(.jumptables)
 *(.jumptables*)
 *(.lowtext)
 *(.lowtext*)
                0x00000372                __ctors_start = .
 *(.ctors)
 .ctors         0x00000372        0x2 main.o
 .ctors         0x00000374        0x2 src/adc.o
                0x00000376                __ctors_end = .
                0x00000376                __dtors_start = .
 *(.dtors)
 .dtors         0x00000376        0x2 main.o
 .dtors         0x00000378        0x2 src/adc.o
                0x0000037a                __dtors_end = .
 SORT(*)(.ctors)
 SORT(*)(.dtors)
 *(.init0)
 .init0         0x0000037a        0x0 C:/Program Files (x86)/Atmel/Studio/7.0/Packs/atmel/AVR-Dx_DFP/1.9.103/gcc/dev/avr128da48/avrxmega4/crtavr128da48.o
                0x0000037a                __init
 *(.init0)
 *(.init1)
 *(.init1)
 *(.init2)
 .init2         0x0000037a        0xc C:/Program Files (x86)/Atmel/Studio/7.0/Packs/atmel/AVR-Dx_DFP/1.9.103/gcc/dev/avr128da48/avrxmega4/crtavr128da48.o
 *(.init2)
 *(.init3)
 *(.init3)
 *(.init4)
 .init4         0x00000386       0x1a c:/program files (x86)/atmel/studio/7.0/toolchain/avr8/avr8-gnu-toolchain/bin/../lib/gcc/avr/5.4.0/avrxmega4\libgcc.a(_copy_data.o)
                0x00000386                __do_copy_data
 .init4         0x000003a0       0x10 c:/program files (x86)/atmel/studio/7.0/toolchain/avr8/avr8-gnu-toolchain/bin/../lib/gcc/avr/5.4.0/avrxmega4\libgcc.a(_clear_bss.o)
                0x000003a0                __do_clear_bss
 *(.init4)
 *(.init5)
 *(.init5)
 *(.init6)
 .init6         0x000003b0       0x16 c:/program files (x86)/atmel/studio/7.0/toolchain/avr8/avr8-gnu-toolchain/bin/../lib/gcc/avr/5.4.0/avrxmega4\libgcc.a(_ctors.o)
                0x000003b0                __do_global_ctors
 *(.init6)
 *(.init7)
 *(.init7)
 *(.init8)
 *(.init8)
 *(.init9)
 .init9         0x000003c6        0x8 C:/Program Files (x86)/Atmel/Studio/7.0/Packs/atmel/AVR-Dx_DFP/1.9.103/gcc/dev/avr128da48/avrxmega4/crtavr128da48.o
 *(.init9)
 *(.text)
 .text          0x000003ce        0x4 C:/Program Files (x86)/Atmel/Studio/7.0/Packs/atmel/AVR-Dx_DFP/1.9.103/gcc/dev/avr128da48/avrxmega4/crtavr128da48.o
                0x000003ce                __vector_38
                0x000003ce                __vector_28
                0x000003ce                __vector_1
                0x000003ce                __vector_34
                0x000003ce                __vector_46
                0x000003ce                __bad_interrupt
                0x000003ce                __vector_35
                0x000003ce                __vector_39
                0x000003ce                __vector_3
                0x000003ce                __vector_23
                0x000003ce                __vector_45
                0x000003ce                __vector_25
                0x000003ce                __vector_11
                0x000003ce                __vector_54
                0x000003ce                __vector_17
                0x000003ce                __vector_7
                0x000003ce                __vector_49
                0x000003ce                __vector_43
                0x000003ce                __vector_27
                0x000003ce                __vector_5
                0x000003ce                __vector_33
                0x000003ce                __vector_47
                0x000003ce                __vector_52
                0x000003ce                __vector_37
                0x000003ce                __vector_4
                0x000003ce                __vector_44
                0x000003ce                __vector_51
                0x000003ce                __vector_9
                0x000003ce                __vector_2
                0x000003ce                __vector_21
                0x000003ce                __vector_15
                0x000003ce                __vector_36
                0x000003ce                __vector_40
                0x000003ce                __vector_8
                0x000003ce                __vector_26
                0x000003ce                __vector_48
                0x000003ce                __vector_14
                0x000003ce                __vector_57
                0x000003ce                __vector_53
                0x000003ce                __vector_10
                0x000003ce                __vector_50
                0x000003ce                __vector_16
                0x000003ce                __vector_18
                0x000003ce                __vector_42
 .text          0x000003d2       0x28 c:/program files (x86)/atmel/studio/7.0/toolchain/avr8/avr8-gnu-toolchain/bin/../lib/gcc/avr/5.4.0/../../../../avr/lib/avrxmega4\libc.a(isLeap.o)
                0x000003d2                is_leap_year
 .text          0x000003fa        0xe c:/program files (x86)/atmel/studio/7.0/toolchain/avr8/avr8-gnu-toolchain/bin/../lib/gcc/avr/5.4.0/../../../../avr/lib/avrxmega4\libc.a(localtime.o)
                0x000003fa                localtime
 .text          0x00000408       0xa0 c:/program files (x86)/atmel/studio/7.0/toolchain/avr8/avr8-gnu-toolchain/bin/../lib/gcc/avr/5.4.0/../../../../avr/lib/avrxmega4\libc.a(localtime_r.o)
                0x00000408                localtime_r
 .text          0x000004a8       0x1a c:/program files (x86)/atmel/studio/7.0/toolchain/avr8/avr8-gnu-toolchain/bin/../lib/gcc/avr/5.4.0/../../../../avr/lib/avrxmega4\libc.a(month_length.o)
                0x000004a8                month_length
 .text          0x000004c2       0x18 c:/program files (x86)/atmel/studio/7.0/toolchain/avr8/avr8-gnu-toolchain/bin/../lib/gcc/avr/5.4.0/../../../../avr/lib/avrxmega4\libc.a(set_system_time.o)
                0x000004c2                set_system_time
 .text          0x000004da      0x69c c:/program files (x86)/atmel/studio/7.0/toolchain/avr8/avr8-gnu-toolchain/bin/../lib/gcc/avr/5.4.0/../../../../avr/lib/avrxmega4\libc.a(strftime.o)
                0x000004da                pgm_copystring
                0x0000054c                strftime
 .text          0x00000b76       0x26 c:/program files (x86)/atmel/studio/7.0/toolchain/avr8/avr8-gnu-toolchain/bin/../lib/gcc/avr/5.4.0/../../../../avr/lib/avrxmega4\libc.a(time.o)
                0x00000b76                time
 .text          0x00000b9c       0x3e c:/program files (x86)/atmel/studio/7.0/toolchain/avr8/avr8-gnu-toolchain/bin/../lib/gcc/avr/5.4.0/../../../../avr/lib/avrxmega4\libc.a(week_of_year.o)
                0x00000b9c                week_of_year
 .text          0x00000bda       0x38 c:/program files (x86)/atmel/studio/7.0/toolchain/avr8/avr8-gnu-toolchain/bin/../lib/gcc/avr/5.4.0/../../../../avr/lib/avrxmega4\libc.a(system_tick.o)
                0x00000bda                system_tick
 .text          0x00000c12      0x106 c:/program files (x86)/atmel/studio/7.0/toolchain/avr8/avr8-gnu-toolchain/bin/../lib/gcc/avr/5.4.0/../../../../avr/lib/avrxmega4\libc.a(asctime_r.o)
                0x00000c12                asctime_r
 .text          0x00000d18      0x1ac c:/program files (x86)/atmel/studio/7.0/toolchain/avr8/avr8-gnu-toolchain/bin/../lib/gcc/avr/5.4.0/../../../../avr/lib/avrxmega4\libc.a(gmtime_r.o)
                0x00000d18                gmtime_r
 .text          0x00000ec4       0xf4 c:/program files (x86)/atmel/studio/7.0/toolchain/avr8/avr8-gnu-toolchain/bin/../lib/gcc/avr/5.4.0/../../../../avr/lib/avrxmega4\libc.a(iso_week_date_r.o)
                0x00000ec4                iso_week_date_r
 .text          0x00000fb8       0x24 c:/program files (x86)/atmel/studio/7.0/toolchain/avr8/avr8-gnu-toolchain/bin/../lib/gcc/avr/5.4.0/../../../../avr/lib/avrxmega4\libc.a(print_lz.o)
                0x00000fb8                __print_lz
                0x00000fdc                . = ALIGN (0x2)
 *(.text.*)
 .text.atmel_start_init
                0x00000fdc       0x14 atmel_start.o
                0x00000fdc                atmel_start_init
 .text.__vector_30
                0x00000ff0       0x6c driver_isr.o
                0x00000ff0                __vector_30
 .text.__vector_19
                0x0000105c       0x88 driver_isr.o
                0x0000105c                __vector_19
 .text.__vector_55
                0x000010e4       0x88 driver_isr.o
                0x000010e4                __vector_55
 .text._Z9serial_Rxh
                0x0000116c      0x500 driver_isr.o
                0x0000116c                _Z9serial_Rxh
 .text.__vector_20
                0x0000166c      0x18a driver_isr.o
                0x0000166c                __vector_20
 .text.__vector_56
                0x000017f6      0x18a driver_isr.o
                0x000017f6                __vector_56
 .text.__vector_31
                0x00001980       0x88 driver_isr.o
                0x00001980                __vector_31
 .text._Z10linkbus_Rxh
                0x00001a08      0x2c2 driver_isr.o
                0x00001a08                _Z10linkbus_Rxh
 .text.__vector_32
                0x00001cca      0x18a driver_isr.o
                0x00001cca                __vector_32
 .text.PORTA_set_pin_level
                0x00001e54       0x74 main.o
 .text.PORTB_set_pin_level
                0x00001ec8       0x74 main.o
 .text.PORTC_set_pin_pull_mode
                0x00001f3c       0x62 main.o
 .text.PORTC_set_pin_level
                0x00001f9e       0x74 main.o
 .text.PORTC_get_pin_level
                0x00002012       0x3e main.o
 .text.PORTD_get_pin_level
                0x00002050       0x3e main.o
 .text.LED_set_RED_level
                0x0000208e       0x1e main.o
 .text.__vector_6
                0x000020ac      0x84a main.o
                0x000020ac                __vector_6
 .text.__vector_22
                0x000028f6       0xb8 main.o
                0x000028f6                __vector_22
 .text.__vector_12
                0x000029ae      0x294 main.o
                0x000029ae                __vector_12
 .text.__vector_29
                0x00002c42      0x100 main.o
                0x00002c42                __vector_29
 .text._Z10powerUp3V3v
                0x00002d42       0x26 main.o
                0x00002d42                _Z10powerUp3V3v
 .text.main     0x00002d68      0x176 main.o
                0x00002d68                main
 .text._Z19handleSerialBusMsgsv
                0x00002ede      0xee0 main.o
                0x00002ede                _Z19handleSerialBusMsgsv
 .text._Z17handleLinkBusMsgsv
                0x00003dbe      0xd9e main.o
                0x00003dbe                _Z17handleLinkBusMsgsv
 .text._Z19updateAntennaStatusv
                0x00004b5c       0x9c main.o
                0x00004b5c                _Z19updateAntennaStatusv
 .text._Z12eventEnabledv
                0x00004bf8      0x154 main.o
                0x00004bf8                _Z12eventEnabledv
 .text._Z8wdt_init7WDReset
                0x00004d4c       0x16 main.o
                0x00004d4c                _Z8wdt_init7WDReset
 .text._Z13throttleValueh
                0x00004d62       0xa0 main.o
                0x00004d62                _Z13throttleValueh
 .text._Z11launchEventP2SC
                0x00004e02       0x56 main.o
                0x00004e02                _Z11launchEventP2SC
 .text._Z33activateEventUsingCurrentSettingsP2SC
                0x00004e58      0x476 main.o
                0x00004e58                _Z33activateEventUsingCurrentSettingsP2SC
 .text._Z8rtc_initv
                0x000052ce       0x32 main.o
                0x000052ce                _Z8rtc_initv
 .text._Z18antennaIsConnectedv
                0x00005300       0x20 main.o
                0x00005300                _Z18antennaIsConnectedv
 .text._Z12suspendEventv
                0x00005320       0x10 main.o
                0x00005320                _Z12suspendEventv
 .text._Z13startEventNow19EventActionSource_t
                0x00005330       0xc4 main.o
                0x00005330                _Z13startEventNow19EventActionSource_t
 .text._Z12stopEventNow19EventActionSource_t
                0x000053f4       0x5c main.o
                0x000053f4                _Z12stopEventNow19EventActionSource_t
 .text._Z18startEventUsingRTCv
                0x00005450      0x12a main.o
                0x00005450                _Z18startEventUsingRTCv
 .text._Z11setupForFoxP5Fox_t13EventAction_t
                0x0000557a      0x5ca main.o
                0x0000557a                _Z11setupForFoxP5Fox_t13EventAction_t
 .text._Z18validateTimeStringPcPma
                0x00005b44      0x264 main.o
                0x00005b44                _Z18validateTimeStringPcPma
 .text._Z14reportTimeTillmmPKcS0_
                0x00005da8      0x344 main.o
                0x00005da8                _Z14reportTimeTillmmPKcS0_
 .text._Z23clockConfigurationCheckv
                0x000060ec      0x12e main.o
                0x000060ec                _Z23clockConfigurationCheckv
 .text._Z18reportConfigErrorsv
                0x0000621a      0x13a main.o
                0x0000621a                _Z18reportConfigErrorsv
 .text._Z41__static_initialization_and_destruction_0ii
                0x00006354       0x62 main.o
 .text._GLOBAL__sub_I_g_battery_type
                0x000063b6       0x1a main.o
 .text._GLOBAL__sub_D_g_battery_type
                0x000063d0       0x1a main.o
 .text._Z18ADC0_setADCChannel20ADC_Active_Channel_t
                0x000063ea       0xa0 src/adc.o
                0x000063ea                _Z18ADC0_setADCChannel20ADC_Active_Channel_t
 .text._Z9ADC0_readv
                0x0000648a       0x18 src/adc.o
                0x0000648a                _Z9ADC0_readv
 .text._ZL9PORT_initv
                0x000064a2       0xe8 src/adc.o
 .text._ZL10VREF0_initv
                0x0000658a       0x1a src/adc.o
 .text._ZL9ADC0_initb
                0x000065a4       0x58 src/adc.o
 .text._ZL16ADC0_SYSTEM_initb
                0x000065fc       0x2a src/adc.o
 .text._ZL20ADC0_SYSTEM_shutdownv
                0x00006626       0x24 src/adc.o
 .text.__vector_24
                0x0000664a       0x8a src/adc.o
                0x0000664a                __vector_24
 .text._Z41__static_initialization_and_destruction_0ii
                0x000066d4       0x6e src/adc.o
 .text._GLOBAL__sub_I_g_activeADCChannel
                0x00006742       0x1a src/adc.o
 .text._GLOBAL__sub_D_g_activeADCChannel
                0x0000675c       0x1a src/adc.o
 .text.PORTA_set_pin_pull_mode
                0x00006776       0x62 src/binio.o
 .text.PORTA_pin_set_isc
                0x000067d8       0x46 src/binio.o
 .text.PORTA_set_pin_dir
                0x0000681e       0xa8 src/binio.o
 .text.PORTA_set_pin_level
                0x000068c6       0x74 src/binio.o
 .text.PORTB_set_pin_dir
                0x0000693a       0xa8 src/binio.o
 .text.PORTB_set_pin_level
                0x000069e2       0x74 src/binio.o
 .text.PORTC_set_pin_pull_mode
                0x00006a56       0x62 src/binio.o
 .text.PORTC_pin_set_isc
                0x00006ab8       0x46 src/binio.o
 .text.PORTC_set_pin_dir
                0x00006afe       0xa8 src/binio.o
 .text.PORTC_set_pin_level
                0x00006ba6       0x74 src/binio.o
 .text.PORTD_set_pin_pull_mode
                0x00006c1a       0x62 src/binio.o
 .text.PORTD_pin_set_isc
                0x00006c7c       0x46 src/binio.o
 .text.PORTD_set_pin_dir
                0x00006cc2       0xa8 src/binio.o
 .text.PORTD_get_pin_level
                0x00006d6a       0x3e src/binio.o
 .text.PORTE_set_pin_dir
                0x00006da8       0xa8 src/binio.o
 .text.PORTF_set_pin_dir
                0x00006e50       0xa8 src/binio.o
 .text._Z10fet_driverb
                0x00006ef8       0x2e src/binio.o
                0x00006ef8                _Z10fet_driverb
 .text._Z10wifi_powerb
                0x00006f26       0x2e src/binio.o
                0x00006f26                _Z10wifi_powerb
 .text._Z10wifi_resetb
                0x00006f54       0x2e src/binio.o
                0x00006f54                _Z10wifi_resetb
 .text._Z11wifiPresentv
                0x00006f82       0x14 src/binio.o
                0x00006f82                _Z11wifiPresentv
 .text._Z10BINIO_initv
                0x00006f96      0x184 src/binio.o
                0x00006f96                _Z10BINIO_initv
 .text.BOD_init
                0x0000711a       0x18 src/bod.o
                0x0000711a                BOD_init
 .text.ccp_write_io
                0x00007132       0x2c src/clkctrl.o
 .text.CLKCTRL_init
                0x0000715e       0x1a src/clkctrl.o
                0x0000715e                CLKCTRL_init
 .text.CPUINT_init
                0x00007178       0x12 src/cpuint.o
                0x00007178                CPUINT_init
 .text._ZL9VREF_initv
                0x0000718a       0x2c src/dac0.o
 .text._Z9DAC0_initv
                0x000071b6       0x5c src/dac0.o
                0x000071b6                _Z9DAC0_initv
 .text._Z11DAC0_setValj
                0x00007212       0x40 src/dac0.o
                0x00007212                _Z11DAC0_setValj
 .text.PORTC_set_pin_dir
                0x00007252       0xa8 src/driver_init.o
 .text.PORTC_set_pin_level
                0x000072fa       0x74 src/driver_init.o
 .text._ZL15LED_set_RED_dir8port_dir
                0x0000736e       0x1e src/driver_init.o
 .text._ZL17LED_set_GREEN_dir8port_dir
                0x0000738c       0x1e src/driver_init.o
 .text._ZL17LED_set_RED_levelb
                0x000073aa       0x1e src/driver_init.o
 .text._ZL19LED_set_GREEN_levelb
                0x000073c8       0x1e src/driver_init.o
 .text.mcu_init
                0x000073e6      0x130 src/driver_init.o
                0x000073e6                mcu_init
 .text.system_init
                0x00007516       0x64 src/driver_init.o
                0x00007516                system_init
 .text.ds3231_init
                0x0000757a       0x1c src/ds3231.o
                0x0000757a                ds3231_init
 .text._Z7bcd2dech
                0x00007596       0x40 src/ds3231.o
                0x00007596                _Z7bcd2dech
 .text._Z7dec2bcdh
                0x000075d6       0x62 src/ds3231.o
                0x000075d6                _Z7dec2bcdh
 .text._Z8char2bcdPc
                0x00007638       0x3c src/ds3231.o
                0x00007638                _Z8char2bcdPc
 .text.RTC_String2Epoch
                0x00007674      0x1ac src/ds3231.o
                0x00007674                RTC_String2Epoch
 .text._Z14epoch_from_ltmP2tm
                0x00007820      0x1b8 src/ds3231.o
                0x00007820                _Z14epoch_from_ltmP2tm
 .text.ds3231_get_epoch
                0x000079d8      0x3b4 src/ds3231.o
                0x000079d8                ds3231_get_epoch
 .text.ds3231_get_temp
                0x00007d8c       0xb2 src/ds3231.o
                0x00007d8c                ds3231_get_temp
 .text.ds3231_set_date_time_arducon
                0x00007e3e       0xd2 src/ds3231.o
                0x00007e3e                ds3231_set_date_time_arducon
 .text.ds3231_set_date_time
                0x00007f10      0x248 src/ds3231.o
                0x00007f10                ds3231_set_date_time
 .text.ds3231_1s_sqw
                0x00008158       0x68 src/ds3231.o
                0x00008158                ds3231_1s_sqw
 .text.ds3231_set_aging
                0x000081c0       0x5e src/ds3231.o
                0x000081c0                ds3231_set_aging
 .text.ds3231_get_aging
                0x0000821e       0x58 src/ds3231.o
                0x0000821e                ds3231_get_aging
 .text.ds3231_responding
                0x00008276       0x5e src/ds3231.o
                0x00008276                ds3231_responding
 .text.ds3231_sync2nearestMinute
                0x000082d4      0x1d2 src/ds3231.o
                0x000082d4                ds3231_sync2nearestMinute
 .text.convertEpochToTimeString
                0x000084a6       0x76 src/ds3231.o
                0x000084a6                convertEpochToTimeString
 .text._ZN13EepromManagerC2Ev
                0x0000851c       0x1a src/eeprommanager.o
                0x0000851c                _ZN13EepromManagerC1Ev
                0x0000851c                _ZN13EepromManagerC2Ev
 .text._ZN13EepromManagerD2Ev
                0x00008536       0x1a src/eeprommanager.o
                0x00008536                _ZN13EepromManagerD1Ev
                0x00008536                _ZN13EepromManagerD2Ev
 .text._Z21avr_eeprom_write_bytejh
                0x00008550       0x5e src/eeprommanager.o
                0x00008550                _Z21avr_eeprom_write_bytejh
 .text._Z21avr_eeprom_write_wordjj
                0x000085ae       0x66 src/eeprommanager.o
                0x000085ae                _Z21avr_eeprom_write_wordjj
 .text._Z22avr_eeprom_write_dwordjm
                0x00008614       0x74 src/eeprommanager.o
                0x00008614                _Z22avr_eeprom_write_dwordjm
 .text._ZN13EepromManager15updateEEPROMVarE8EE_var_tPv
                0x00008688      0x204 src/eeprommanager.o
                0x00008688                _ZN13EepromManager15updateEEPROMVarE8EE_var_tPv
 .text._ZN13EepromManager13saveAllEEPROMEv
                0x0000888c      0x23a src/eeprommanager.o
                0x0000888c                _ZN13EepromManager13saveAllEEPROMEv
 .text._ZN13EepromManager11readNonVolsEv
                0x00008ac6      0x2dc src/eeprommanager.o
                0x00008ac6                _ZN13EepromManager11readNonVolsEv
 .text._ZN13EepromManager20initializeEEPROMVarsEv
                0x00008da2      0x1ec src/eeprommanager.o
                0x00008da2                _ZN13EepromManager20initializeEEPROMVarsEv
 .text._ZN8GoertzelC2Eff
                0x00008f8e      0x130 src/Goertzel.o
                0x00008f8e                _ZN8GoertzelC1Eff
                0x00008f8e                _ZN8GoertzelC2Eff
 .text._ZN8GoertzelD2Ev
                0x000090be       0x26 src/Goertzel.o
                0x000090be                _ZN8GoertzelD2Ev
                0x000090be                _ZN8GoertzelD1Ev
 .text._ZN8Goertzel9DataPointEi
                0x000090e4       0x92 src/Goertzel.o
                0x000090e4                _ZN8Goertzel9DataPointEi
 .text.PORTB_set_pin_pull_mode
                0x00009176       0x62 src/i2c.o
 .text.PORTC_set_pin_pull_mode
                0x000091d8       0x62 src/i2c.o
 .text.I2C_0_Init
                0x0000923a       0x72 src/i2c.o
                0x0000923a                I2C_0_Init
 .text._ZL11i2c_0_WaitWv
                0x000092ac       0xbc src/i2c.o
 .text._ZL11i2c_0_WaitRv
                0x00009368       0x82 src/i2c.o
 .text.I2C_0_SendData
                0x000093ea       0xd0 src/i2c.o
                0x000093ea                I2C_0_SendData
 .text.I2C_0_GetData
                0x000094ba       0xfc src/i2c.o
                0x000094ba                I2C_0_GetData
 .text.I2C_0_EndSession
                0x000095b6       0x1a src/i2c.o
                0x000095b6                I2C_0_EndSession
 .text.I2C_1_Init
                0x000095d0       0x72 src/i2c.o
                0x000095d0                I2C_1_Init
 .text._ZL11i2c_1_WaitWv
                0x00009642       0x86 src/i2c.o
 .text._ZL11I2C_1_WaitRv
                0x000096c8       0x82 src/i2c.o
 .text.I2C_1_SendData
                0x0000974a       0xd2 src/i2c.o
                0x0000974a                I2C_1_SendData
 .text.I2C_1_GetData
                0x0000981c       0xfc src/i2c.o
                0x0000981c                I2C_1_GetData
 .text.I2C_1_EndSession
                0x00009918       0x1a src/i2c.o
                0x00009918                I2C_1_EndSession
 .text.PORTC_set_pin_level
                0x00009932       0x74 src/leds.o
 .text._ZL17LED_set_RED_levelb
                0x000099a6       0x1e src/leds.o
 .text._ZL19LED_set_GREEN_levelb
                0x000099c4       0x1e src/leds.o
 .text._ZN4ledsC2Ev
                0x000099e2       0x1a src/leds.o
                0x000099e2                _ZN4ledsC2Ev
                0x000099e2                _ZN4ledsC1Ev
 .text._ZN4ledsD2Ev
                0x000099fc       0x1a src/leds.o
                0x000099fc                _ZN4ledsD2Ev
                0x000099fc                _ZN4ledsD1Ev
 .text.__vector_41
                0x00009a16      0x2f2 src/leds.o
                0x00009a16                __vector_41
 .text._ZN4leds5blinkE7Blink_t
                0x00009d08      0x3a8 src/leds.o
                0x00009d08                _ZN4leds5blinkE7Blink_t
 .text.PORTC_set_pin_pull_mode
                0x0000a0b0       0x62 src/linkbus.o
 .text.PORTC_set_pin_dir
                0x0000a112       0xa8 src/linkbus.o
 .text.PORTC_set_pin_level
                0x0000a1ba       0x74 src/linkbus.o
 .text.PORTE_set_pin_pull_mode
                0x0000a22e       0x62 src/linkbus.o
 .text.PORTE_set_pin_dir
                0x0000a290       0xa8 src/linkbus.o
 .text.PORTE_set_pin_level
                0x0000a338       0x74 src/linkbus.o
 .text.PC0_set_dir
                0x0000a3ac       0x1e src/linkbus.o
 .text.PC0_set_level
                0x0000a3ca       0x1e src/linkbus.o
 .text.PC1_set_pull_mode
                0x0000a3e8       0x1e src/linkbus.o
 .text.PC1_set_dir
                0x0000a406       0x1e src/linkbus.o
 .text.PE0_set_dir
                0x0000a424       0x1e src/linkbus.o
 .text.PE0_set_level
                0x0000a442       0x1e src/linkbus.o
 .text.PE1_set_pull_mode
                0x0000a460       0x1e src/linkbus.o
 .text.PE1_set_dir
                0x0000a47e       0x1e src/linkbus.o
 .text._Z18nextFullLBTxBufferv
                0x0000a49c       0x8e src/linkbus.o
                0x0000a49c                _Z18nextFullLBTxBufferv
 .text._Z19nextEmptyLBTxBufferv
                0x0000a52a       0x8e src/linkbus.o
                0x0000a52a                _Z19nextEmptyLBTxBufferv
 .text._Z19nextEmptyLBRxBufferv
                0x0000a5b8       0x90 src/linkbus.o
                0x0000a5b8                _Z19nextEmptyLBRxBufferv
 .text._Z18nextFullLBRxBufferv
                0x0000a648       0x90 src/linkbus.o
                0x0000a648                _Z18nextFullLBRxBufferv
 .text._Z19linkbusTxInProgressv
                0x0000a6d8       0x12 src/linkbus.o
                0x0000a6d8                _Z19linkbusTxInProgressv
 .text._ZL16linkbus_start_txv
                0x0000a6ea       0x3c src/linkbus.o
 .text._Z14linkbus_end_txv
                0x0000a726       0x4a src/linkbus.o
                0x0000a726                _Z14linkbus_end_txv
 .text._ZL21USART1_initializationm
                0x0000a770       0x4a src/linkbus.o
 .text._ZL21USART4_initializationm
                0x0000a7ba       0x4a src/linkbus.o
 .text._Z12linkbus_initm14USART_Number_t
                0x0000a804       0xa6 src/linkbus.o
                0x0000a804                _Z12linkbus_initm14USART_Number_t
 .text._Z15linkbus_disablev
                0x0000a8aa       0x6a src/linkbus.o
                0x0000a8aa                _Z15linkbus_disablev
 .text._Z12lb_send_textPc
                0x0000a914       0xba src/linkbus.o
                0x0000a914                _Z12lb_send_textPc
 .text._Z11lb_send_msg13LBMessageTypePKcPc
                0x0000a9ce       0x9e src/linkbus.o
                0x0000a9ce                _Z11lb_send_msg13LBMessageTypePKcPc
 .text._Z16lb_broadcast_numjPKc
                0x0000aa6c       0xc4 src/linkbus.o
                0x0000aa6c                _Z16lb_broadcast_numjPKc
 .text._Z9makeMorsePcPbS0_
                0x0000ab30      0x2b0 src/morse.o
                0x0000ab30                _Z9makeMorsePcPbS0_
 .text._Z26timeRequiredToSendStrAtWPMPcj
                0x0000ade0       0xa0 src/morse.o
                0x0000ade0                _Z26timeRequiredToSendStrAtWPMPcj
 .text._Z12getMorseCharc
                0x0000ae80      0x36c src/morse.o
                0x0000ae80                _Z12getMorseCharc
 .text.protected_write_io
                0x0000b1ec        0xa src/protected_io.o
                0x0000b1ec                protected_write_io
 .text.PORTC_set_pin_pull_mode
                0x0000b1f6       0x62 src/serialbus.o
 .text.PORTC_set_pin_dir
                0x0000b258       0xa8 src/serialbus.o
 .text.PORTC_set_pin_level
                0x0000b300       0x74 src/serialbus.o
 .text.PORTE_set_pin_pull_mode
                0x0000b374       0x62 src/serialbus.o
 .text.PORTE_set_pin_dir
                0x0000b3d6       0xa8 src/serialbus.o
 .text.PORTE_set_pin_level
                0x0000b47e       0x74 src/serialbus.o
 .text.PC0_set_dir
                0x0000b4f2       0x1e src/serialbus.o
 .text.PC0_set_level
                0x0000b510       0x1e src/serialbus.o
 .text.PC1_set_pull_mode
                0x0000b52e       0x1e src/serialbus.o
 .text.PC1_set_dir
                0x0000b54c       0x1e src/serialbus.o
 .text.PE0_set_dir
                0x0000b56a       0x1e src/serialbus.o
 .text.PE0_set_level
                0x0000b588       0x1e src/serialbus.o
 .text.PE1_set_pull_mode
                0x0000b5a6       0x1e src/serialbus.o
 .text.PE1_set_dir
                0x0000b5c4       0x1e src/serialbus.o
 .text.nextFullSBTxBuffer
                0x0000b5e2       0x96 src/serialbus.o
                0x0000b5e2                nextFullSBTxBuffer
 .text.nextEmptySBTxBuffer
                0x0000b678       0x96 src/serialbus.o
                0x0000b678                nextEmptySBTxBuffer
 .text.nextEmptySBRxBuffer
                0x0000b70e       0x98 src/serialbus.o
                0x0000b70e                nextEmptySBRxBuffer
 .text.nextFullSBRxBuffer
                0x0000b7a6       0x98 src/serialbus.o
                0x0000b7a6                nextFullSBRxBuffer
 .text.serialbusTxInProgress
                0x0000b83e       0x12 src/serialbus.o
                0x0000b83e                serialbusTxInProgress
 .text._Z18serialbus_start_txv
                0x0000b850       0x3c src/serialbus.o
                0x0000b850                _Z18serialbus_start_txv
 .text.serialbus_end_tx
                0x0000b88c       0x4a src/serialbus.o
                0x0000b88c                serialbus_end_tx
 .text._ZL21USART1_initializationm
                0x0000b8d6       0x4a src/serialbus.o
 .text._ZL21USART4_initializationm
                0x0000b920       0x4a src/serialbus.o
 .text.serialbus_init
                0x0000b96a       0xa6 src/serialbus.o
                0x0000b96a                serialbus_init
 .text._Z19serialbus_send_textPc
                0x0000ba10       0xba src/serialbus.o
                0x0000ba10                _Z19serialbus_send_textPc
 .text.sb_send_NewPrompt
                0x0000baca       0x26 src/serialbus.o
                0x0000baca                sb_send_NewPrompt
 .text.sb_send_NewLine
                0x0000baf0       0x22 src/serialbus.o
                0x0000baf0                sb_send_NewLine
 .text.sb_echo_char
                0x0000bb12       0x32 src/serialbus.o
                0x0000bb12                sb_echo_char
 .text.sb_send_string
                0x0000bb44      0x112 src/serialbus.o
                0x0000bb44                sb_send_string
 .text.si5351_init
                0x0000bc56      0x19c src/si5351.o
                0x0000bc56                si5351_init
 .text.si5351_set_freq
                0x0000bdf2      0x342 src/si5351.o
                0x0000bdf2                si5351_set_freq
 .text.si5351_clock_enable
                0x0000c134       0x96 src/si5351.o
                0x0000c134                si5351_clock_enable
 .text.si5351_drive_strength
                0x0000c1ca       0xba src/si5351.o
                0x0000c1ca                si5351_drive_strength
 .text._Z7set_pllm10si5351_pll
                0x0000c284      0x192 src/si5351.o
                0x0000c284                _Z7set_pllm10si5351_pll
 .text._Z8pll_calcmP13u_si5351_regs
                0x0000c416      0x1cc src/si5351.o
                0x0000c416                _Z8pll_calcmP13u_si5351_regs
 .text._Z13reduce_by_gcdPmS_
                0x0000c5e2      0x166 src/si5351.o
                0x0000c5e2                _Z13reduce_by_gcdPmS_
 .text._Z15multisynth_calcmP13u_si5351_regsPbS1_
                0x0000c748      0x214 src/si5351.o
                0x0000c748                _Z15multisynth_calcmP13u_si5351_regsPbS1_
 .text._Z19multisynth_estimatemP13u_si5351_regsPbS1_
                0x0000c95c      0x302 src/si5351.o
                0x0000c95c                _Z19multisynth_estimatemP13u_si5351_regsPbS1_
 .text._Z17si5351_write_bulkhPhh
                0x0000cc5e       0x64 src/si5351.o
                0x0000cc5e                _Z17si5351_write_bulkhPhh
 .text._Z16si5351_read_bulkhPhh
                0x0000ccc2       0x64 src/si5351.o
                0x0000ccc2                _Z16si5351_read_bulkhPhh
 .text._Z31set_multisynth_registers_source12si5351_clock10si5351_pll
                0x0000cd26       0x7a src/si5351.o
                0x0000cd26                _Z31set_multisynth_registers_source12si5351_clock10si5351_pll
 .text._Z24set_multisynth_registers12si5351_clock13u_si5351_regsbhb
                0x0000cda0      0x22c src/si5351.o
                0x0000cda0                _Z24set_multisynth_registers12si5351_clock13u_si5351_regsbhb
 .text._Z16set_integer_mode12si5351_clockb
                0x0000cfcc       0x6a src/si5351.o
                0x0000cfcc                _Z16set_integer_mode12si5351_clockb
 .text._Z6ms_div12si5351_clockhb
                0x0000d036       0xac src/si5351.o
                0x0000d036                _Z6ms_div12si5351_clockhb
 .text.SLPCTRL_init
                0x0000d0e2       0x10 src/slpctrl.o
                0x0000d0e2                SLPCTRL_init
 .text.TIMERB_init
                0x0000d0f2       0x94 src/tcb.o
                0x0000d0f2                TIMERB_init
 .text.util_delay_ms
                0x0000d186      0x176 src/tcb.o
                0x0000d186                util_delay_ms
 .text.__vector_13
                0x0000d2fc       0xbc src/tcb.o
                0x0000d2fc                __vector_13
 .text._Z14txSetFrequencyPmb
                0x0000d3b8       0x94 src/transmitter.o
                0x0000d3b8                _Z14txSetFrequencyPmb
 .text._Z14txGetFrequencyv
                0x0000d44c       0x22 src/transmitter.o
                0x0000d44c                _Z14txGetFrequencyv
 .text._Z18powerToTransmitterb
                0x0000d46e       0x1c src/transmitter.o
                0x0000d46e                _Z18powerToTransmitterb
 .text._Z14keyTransmitterb
                0x0000d48a       0x68 src/transmitter.o
                0x0000d48a                _Z14keyTransmitterb
 .text._Z12txGetPowerMwv
                0x0000d4f2       0x16 src/transmitter.o
                0x0000d4f2                _Z12txGetPowerMwv
 .text._Z15txSetParametersPjPb
                0x0000d508      0x124 src/transmitter.o
                0x0000d508                _Z15txSetParametersPjPb
 .text._Z16init_transmitterv
                0x0000d62c       0xd0 src/transmitter.o
                0x0000d62c                _Z16init_transmitterv
 .text._Z22txMilliwattsToSettingsPjPhS0_S0_
                0x0000d6fc      0x326 src/transmitter.o
                0x0000d6fc                _Z22txMilliwattsToSettingsPjPhS0_S0_
 .text.USART0_get_data
                0x0000da22       0x16 src/usart_basic.o
                0x0000da22                USART0_get_data
 .text.USART1_init
                0x0000da38       0xae src/usart_basic.o
                0x0000da38                USART1_init
 .text.USART1_enable_tx
                0x0000dae6       0x34 src/usart_basic.o
                0x0000dae6                USART1_enable_tx
 .text.USART1_disable
                0x0000db1a       0x22 src/usart_basic.o
                0x0000db1a                USART1_disable
 .text.USART1_get_data
                0x0000db3c       0x16 src/usart_basic.o
                0x0000db3c                USART1_get_data
 .text.USART4_init
                0x0000db52       0xa0 src/usart_basic.o
                0x0000db52                USART4_init
 .text.USART4_enable_tx
                0x0000dbf2       0x34 src/usart_basic.o
                0x0000dbf2                USART4_enable_tx
 .text.USART4_disable
                0x0000dc26       0x22 src/usart_basic.o
                0x0000dc26                USART4_disable
 .text.USART4_get_data
                0x0000dc48       0x16 src/usart_basic.o
                0x0000dc48                USART4_get_data
 .text._Z7timeDifmm
                0x0000dc5e       0xb2 src/util.o
                0x0000dc5e                _Z7timeDifmm
 .text._Z11only_digitsPc
                0x0000dd10       0x4e src/util.o
                0x0000dd10                _Z11only_digitsPc
 .text._Z15frequencyStringPcm
                0x0000dd5e       0xf8 src/util.o
                0x0000dd5e                _Z15frequencyStringPcm
 .text._Z12frequencyValPcPm
                0x0000de56      0x38a src/util.o
                0x0000de56                _Z12frequencyValPcPm
 .text._Z8fox2TextPc5Fox_t
                0x0000e1e0      0x1e0 src/util.o
                0x0000e1e0                _Z8fox2TextPc5Fox_t
 .text.avr-libc.fplib
                0x0000e3c0        0xe c:/program files (x86)/atmel/studio/7.0/toolchain/avr8/avr8-gnu-toolchain/bin/../lib/gcc/avr/5.4.0/../../../../avr/lib/avrxmega4\libm.a(addsf3.o)
                0x0000e3c0                __subsf3
                0x0000e3c2                __addsf3
 .text.avr-libc.fplib
                0x0000e3ce       0xcc c:/program files (x86)/atmel/studio/7.0/toolchain/avr8/avr8-gnu-toolchain/bin/../lib/gcc/avr/5.4.0/../../../../avr/lib/avrxmega4\libm.a(addsf3x.o)
                0x0000e3f0                __addsf3x
 .text.avr-libc.fplib
                0x0000e49a       0x2e c:/program files (x86)/atmel/studio/7.0/toolchain/avr8/avr8-gnu-toolchain/bin/../lib/gcc/avr/5.4.0/../../../../avr/lib/avrxmega4\libm.a(ceil.o)
                0x0000e49a                ceil
 .text.avr-libc.fplib
                0x0000e4c8        0xa c:/program files (x86)/atmel/studio/7.0/toolchain/avr8/avr8-gnu-toolchain/bin/../lib/gcc/avr/5.4.0/../../../../avr/lib/avrxmega4\libm.a(cmpsf2.o)
                0x0000e4c8                __nesf2
                0x0000e4c8                __eqsf2
                0x0000e4c8                __cmpsf2
                0x0000e4c8                __ltsf2
                0x0000e4c8                __lesf2
 .text.avr-libc.fplib
                0x0000e4d2        0x8 c:/program files (x86)/atmel/studio/7.0/toolchain/avr8/avr8-gnu-toolchain/bin/../lib/gcc/avr/5.4.0/../../../../avr/lib/avrxmega4\libm.a(divsf3.o)
                0x0000e4d2                __divsf3
 .text.avr-libc.fplib
                0x0000e4da       0xdc c:/program files (x86)/atmel/studio/7.0/toolchain/avr8/avr8-gnu-toolchain/bin/../lib/gcc/avr/5.4.0/../../../../avr/lib/avrxmega4\libm.a(divsf3x.o)
                0x0000e4fa                __divsf3x
                0x0000e500                __divsf3_pse
 .text.avr-libc.fplib
                0x0000e5b6        0xe c:/program files (x86)/atmel/studio/7.0/toolchain/avr8/avr8-gnu-toolchain/bin/../lib/gcc/avr/5.4.0/../../../../avr/lib/avrxmega4\libm.a(fixsfsi.o)
                0x0000e5b6                __fixsfsi
 .text.avr-libc.fplib
                0x0000e5c4       0x5e c:/program files (x86)/atmel/studio/7.0/toolchain/avr8/avr8-gnu-toolchain/bin/../lib/gcc/avr/5.4.0/../../../../avr/lib/avrxmega4\libm.a(fixunssfsi.o)
                0x0000e5c4                __fixunssfsi
 .text.avr-libc.fplib
                0x0000e622       0x7a c:/program files (x86)/atmel/studio/7.0/toolchain/avr8/avr8-gnu-toolchain/bin/../lib/gcc/avr/5.4.0/../../../../avr/lib/avrxmega4\libm.a(floatsisf.o)
                0x0000e622                __floatunsisf
                0x0000e626                __floatsisf
 .text.avr-libc.fplib
                0x0000e69c       0x48 c:/program files (x86)/atmel/studio/7.0/toolchain/avr8/avr8-gnu-toolchain/bin/../lib/gcc/avr/5.4.0/../../../../avr/lib/avrxmega4\libm.a(fp_cmp.o)
                0x0000e69c                __fp_cmp
 .text.avr-libc.fplib
                0x0000e6e4        0xc c:/program files (x86)/atmel/studio/7.0/toolchain/avr8/avr8-gnu-toolchain/bin/../lib/gcc/avr/5.4.0/../../../../avr/lib/avrxmega4\libm.a(fp_inf.o)
                0x0000e6e4                __fp_inf
 .text.avr-libc.fplib
                0x0000e6f0       0x36 c:/program files (x86)/atmel/studio/7.0/toolchain/avr8/avr8-gnu-toolchain/bin/../lib/gcc/avr/5.4.0/../../../../avr/lib/avrxmega4\libm.a(fp_mintl.o)
                0x0000e6f0                __fp_mintl
 .text.avr-libc.fplib
                0x0000e726       0x1c c:/program files (x86)/atmel/studio/7.0/toolchain/avr8/avr8-gnu-toolchain/bin/../lib/gcc/avr/5.4.0/../../../../avr/lib/avrxmega4\libm.a(fp_mpack.o)
                0x0000e726                __fp_mpack
                0x0000e72a                __fp_mpack_finite
 .text.avr-libc.fplib
                0x0000e742        0x6 c:/program files (x86)/atmel/studio/7.0/toolchain/avr8/avr8-gnu-toolchain/bin/../lib/gcc/avr/5.4.0/../../../../avr/lib/avrxmega4\libm.a(fp_nan.o)
                0x0000e742                __fp_nan
 .text.avr-libc.fplib
                0x0000e748        0xe c:/program files (x86)/atmel/studio/7.0/toolchain/avr8/avr8-gnu-toolchain/bin/../lib/gcc/avr/5.4.0/../../../../avr/lib/avrxmega4\libm.a(fp_pscA.o)
                0x0000e748                __fp_pscA
 .text.avr-libc.fplib
                0x0000e756        0xe c:/program files (x86)/atmel/studio/7.0/toolchain/avr8/avr8-gnu-toolchain/bin/../lib/gcc/avr/5.4.0/../../../../avr/lib/avrxmega4\libm.a(fp_pscB.o)
                0x0000e756                __fp_pscB
 .text.avr-libc.fplib
                0x0000e764       0x22 c:/program files (x86)/atmel/studio/7.0/toolchain/avr8/avr8-gnu-toolchain/bin/../lib/gcc/avr/5.4.0/../../../../avr/lib/avrxmega4\libm.a(fp_round.o)
                0x0000e764                __fp_round
 .text.avr-libc.fplib
                0x0000e786       0x44 c:/program files (x86)/atmel/studio/7.0/toolchain/avr8/avr8-gnu-toolchain/bin/../lib/gcc/avr/5.4.0/../../../../avr/lib/avrxmega4\libm.a(fp_split3.o)
                0x0000e786                __fp_split3
                0x0000e796                __fp_splitA
 .text.avr-libc.fplib
                0x0000e7ca       0x30 c:/program files (x86)/atmel/studio/7.0/toolchain/avr8/avr8-gnu-toolchain/bin/../lib/gcc/avr/5.4.0/../../../../avr/lib/avrxmega4\libm.a(fp_trunc.o)
                0x0000e7ca                __fp_trunc
 .text.avr-libc.fplib
                0x0000e7fa        0xe c:/program files (x86)/atmel/studio/7.0/toolchain/avr8/avr8-gnu-toolchain/bin/../lib/gcc/avr/5.4.0/../../../../avr/lib/avrxmega4\libm.a(fp_zero.o)
                0x0000e7fa                __fp_zero
                0x0000e7fc                __fp_szero
 .text.avr-libc.fplib
                0x0000e808        0xa c:/program files (x86)/atmel/studio/7.0/toolchain/avr8/avr8-gnu-toolchain/bin/../lib/gcc/avr/5.4.0/../../../../avr/lib/avrxmega4\libm.a(gesf2.o)
                0x0000e808                __gesf2
                0x0000e808                __gtsf2
 .text.avr-libc.fplib
                0x0000e812        0x8 c:/program files (x86)/atmel/studio/7.0/toolchain/avr8/avr8-gnu-toolchain/bin/../lib/gcc/avr/5.4.0/../../../../avr/lib/avrxmega4\libm.a(mulsf3.o)
                0x0000e812                __mulsf3
 .text.avr-libc.fplib
                0x0000e81a       0xd2 c:/program files (x86)/atmel/studio/7.0/toolchain/avr8/avr8-gnu-toolchain/bin/../lib/gcc/avr/5.4.0/../../../../avr/lib/avrxmega4\libm.a(mulsf3x.o)
                0x0000e838                __mulsf3x
                0x0000e83e                __mulsf3_pse
 .text.libgcc.mul
                0x0000e8ec       0x20 c:/program files (x86)/atmel/studio/7.0/toolchain/avr8/avr8-gnu-toolchain/bin/../lib/gcc/avr/5.4.0/avrxmega4\libgcc.a(_mulsi3.o)
                0x0000e8ec                __mulsi3
 .text.libgcc.div
                0x0000e90c       0x28 c:/program files (x86)/atmel/studio/7.0/toolchain/avr8/avr8-gnu-toolchain/bin/../lib/gcc/avr/5.4.0/avrxmega4\libgcc.a(_udivmodhi4.o)
                0x0000e90c                __udivmodhi4
 .text.libgcc.div
                0x0000e934       0x28 c:/program files (x86)/atmel/studio/7.0/toolchain/avr8/avr8-gnu-toolchain/bin/../lib/gcc/avr/5.4.0/avrxmega4\libgcc.a(_divmodhi4.o)
                0x0000e934                _div
                0x0000e934                __divmodhi4
 .text.libgcc.div
                0x0000e95c       0x44 c:/program files (x86)/atmel/studio/7.0/toolchain/avr8/avr8-gnu-toolchain/bin/../lib/gcc/avr/5.4.0/avrxmega4\libgcc.a(_udivmodsi4.o)
                0x0000e95c                __udivmodsi4
 .text.libgcc.div
                0x0000e9a0       0x2e c:/program files (x86)/atmel/studio/7.0/toolchain/avr8/avr8-gnu-toolchain/bin/../lib/gcc/avr/5.4.0/avrxmega4\libgcc.a(_divmodsi4.o)
                0x0000e9a0                __divmodsi4
 .text.libgcc.div
                0x0000e9ce       0x10 c:/program files (x86)/atmel/studio/7.0/toolchain/avr8/avr8-gnu-toolchain/bin/../lib/gcc/avr/5.4.0/avrxmega4\libgcc.a(_negsi2.o)
                0x0000e9ce                __negsi2
 .text.libgcc   0x0000e9de       0x12 c:/program files (x86)/atmel/studio/7.0/toolchain/avr8/avr8-gnu-toolchain/bin/../lib/gcc/avr/5.4.0/avrxmega4\libgcc.a(_tablejump2.o)
                0x0000e9de                __tablejump2__
 .text.libgcc.mul
                0x0000e9f0       0x1e c:/program files (x86)/atmel/studio/7.0/toolchain/avr8/avr8-gnu-toolchain/bin/../lib/gcc/avr/5.4.0/avrxmega4\libgcc.a(_umulhisi3.o)
                0x0000e9f0                __umulhisi3
 .text.libgcc.mul
                0x0000ea0e       0x16 c:/program files (x86)/atmel/studio/7.0/toolchain/avr8/avr8-gnu-toolchain/bin/../lib/gcc/avr/5.4.0/avrxmega4\libgcc.a(_muluhisi3.o)
                0x0000ea0e                __muluhisi3
 .text.avr-libc
                0x0000ea24      0x242 c:/program files (x86)/atmel/studio/7.0/toolchain/avr8/avr8-gnu-toolchain/bin/../lib/gcc/avr/5.4.0/../../../../avr/lib/avrxmega4\libc.a(malloc.o)
                0x0000ea24                malloc
                0x0000eb54                free
 .text.avr-libc
                0x0000ec66        0x8 c:/program files (x86)/atmel/studio/7.0/toolchain/avr8/avr8-gnu-toolchain/bin/../lib/gcc/avr/5.4.0/../../../../avr/lib/avrxmega4\libc.a(atof.o)
                0x0000ec66                atof
 .text.avr-libc
                0x0000ec6e       0x3c c:/program files (x86)/atmel/studio/7.0/toolchain/avr8/avr8-gnu-toolchain/bin/../lib/gcc/avr/5.4.0/../../../../avr/lib/avrxmega4\libc.a(atoi.o)
                0x0000ec6e                atoi
 .text.avr-libc
                0x0000ecaa       0x4e c:/program files (x86)/atmel/studio/7.0/toolchain/avr8/avr8-gnu-toolchain/bin/../lib/gcc/avr/5.4.0/../../../../avr/lib/avrxmega4\libc.a(atol.o)
                0x0000ecaa                atol
 .text.avr-libc
                0x0000ecf8       0x10 c:/program files (x86)/atmel/studio/7.0/toolchain/avr8/avr8-gnu-toolchain/bin/../lib/gcc/avr/5.4.0/../../../../avr/lib/avrxmega4\libc.a(toupper.o)
                0x0000ecf8                toupper
 .text.avr-libc
                0x0000ed08        0xe c:/program files (x86)/atmel/studio/7.0/toolchain/avr8/avr8-gnu-toolchain/bin/../lib/gcc/avr/5.4.0/../../../../avr/lib/avrxmega4\libc.a(memset.o)
                0x0000ed08                memset
 .text.avr-libc
                0x0000ed16       0x16 c:/program files (x86)/atmel/studio/7.0/toolchain/avr8/avr8-gnu-toolchain/bin/../lib/gcc/avr/5.4.0/../../../../avr/lib/avrxmega4\libc.a(strcat.o)
                0x0000ed16                strcat
 .text.avr-libc
                0x0000ed2c       0x16 c:/program files (x86)/atmel/studio/7.0/toolchain/avr8/avr8-gnu-toolchain/bin/../lib/gcc/avr/5.4.0/../../../../avr/lib/avrxmega4\libc.a(strchr.o)
                0x0000ed2c                strchr
 .text.avr-libc
                0x0000ed42        0xe c:/program files (x86)/atmel/studio/7.0/toolchain/avr8/avr8-gnu-toolchain/bin/../lib/gcc/avr/5.4.0/../../../../avr/lib/avrxmega4\libc.a(strcpy.o)
                0x0000ed42                strcpy
 .text.avr-libc
                0x0000ed50       0x12 c:/program files (x86)/atmel/studio/7.0/toolchain/avr8/avr8-gnu-toolchain/bin/../lib/gcc/avr/5.4.0/../../../../avr/lib/avrxmega4\libc.a(strlen.o)
                0x0000ed50                strlen
 .text.avr-libc
                0x0000ed62       0x1e c:/program files (x86)/atmel/studio/7.0/toolchain/avr8/avr8-gnu-toolchain/bin/../lib/gcc/avr/5.4.0/../../../../avr/lib/avrxmega4\libc.a(strncpy.o)
                0x0000ed62                strncpy
 .text.avr-libc
                0x0000ed80       0x2a c:/program files (x86)/atmel/studio/7.0/toolchain/avr8/avr8-gnu-toolchain/bin/../lib/gcc/avr/5.4.0/../../../../avr/lib/avrxmega4\libc.a(mulsi10.o)
                0x0000ed80                __mulsi_const_10
 .text.avr-libc
                0x0000edaa       0x10 c:/program files (x86)/atmel/studio/7.0/toolchain/avr8/avr8-gnu-toolchain/bin/../lib/gcc/avr/5.4.0/../../../../avr/lib/avrxmega4\libc.a(mul10.o)
                0x0000edaa                __mulhi_const_10
 .text.avr-libc
                0x0000edba       0x52 c:/program files (x86)/atmel/studio/7.0/toolchain/avr8/avr8-gnu-toolchain/bin/../lib/gcc/avr/5.4.0/../../../../avr/lib/avrxmega4\libc.a(sprintf.o)
                0x0000edba                sprintf
 .text.avr-libc
                0x0000ee0c      0x408 c:/program files (x86)/atmel/studio/7.0/toolchain/avr8/avr8-gnu-toolchain/bin/../lib/gcc/avr/5.4.0/../../../../avr/lib/avrxmega4\libc.a(vfprintf_std.o)
                0x0000ee0c                vfprintf
 .text.avr-libc
                0x0000f214      0x2b8 c:/program files (x86)/atmel/studio/7.0/toolchain/avr8/avr8-gnu-toolchain/bin/../lib/gcc/avr/5.4.0/../../../../avr/lib/avrxmega4\libc.a(strtod.o)
                0x0000f214                strtod
 .text.avr-libc
                0x0000f4cc       0x12 c:/program files (x86)/atmel/studio/7.0/toolchain/avr8/avr8-gnu-toolchain/bin/../lib/gcc/avr/5.4.0/../../../../avr/lib/avrxmega4\libc.a(isspace.o)
                0x0000f4cc                isspace
 .text.avr-libc
                0x0000f4de       0x30 c:/program files (x86)/atmel/studio/7.0/toolchain/avr8/avr8-gnu-toolchain/bin/../lib/gcc/avr/5.4.0/../../../../avr/lib/avrxmega4\libc.a(strncasecmp_P.o)
                0x0000f4de                strncasecmp_P
 .text.avr-libc
                0x0000f50e       0x16 c:/program files (x86)/atmel/studio/7.0/toolchain/avr8/avr8-gnu-toolchain/bin/../lib/gcc/avr/5.4.0/../../../../avr/lib/avrxmega4\libc.a(strnlen_P.o)
                0x0000f50e                strnlen_P
 .text.avr-libc
                0x0000f524       0x16 c:/program files (x86)/atmel/studio/7.0/toolchain/avr8/avr8-gnu-toolchain/bin/../lib/gcc/avr/5.4.0/../../../../avr/lib/avrxmega4\libc.a(strnlen.o)
                0x0000f524                strnlen
 .text.avr-libc
                0x0000f53a       0x78 c:/program files (x86)/atmel/studio/7.0/toolchain/avr8/avr8-gnu-toolchain/bin/../lib/gcc/avr/5.4.0/../../../../avr/lib/avrxmega4\libc.a(fputc.o)
                0x0000f53a                fputc
 .text.avr-libc
                0x0000f5b2       0xbc c:/program files (x86)/atmel/studio/7.0/toolchain/avr8/avr8-gnu-toolchain/bin/../lib/gcc/avr/5.4.0/../../../../avr/lib/avrxmega4\libc.a(ultoa_invert.o)
                0x0000f5b2                __ultoa_invert
 .text.avr-libc
                0x0000f66e        0x6 c:/program files (x86)/atmel/studio/7.0/toolchain/avr8/avr8-gnu-toolchain/bin/../lib/gcc/avr/5.4.0/../../../../avr/lib/avrxmega4\libc.a(cty_isfalse.o)
                0x0000f66e                __ctype_isfalse
                0x0000f672                __ctype_istrue
 .text.avr-libc
                0x0000f674       0x10 C:/Program Files (x86)/Atmel/Studio/7.0/Packs/atmel/AVR-Dx_DFP/1.9.103/gcc/dev/avr128da48/avrxmega4\libavr128da48.a(eerd_byte.o)
                0x0000f674                eeprom_read_byte
                0x0000f67c                eeprom_mapen
 .text.avr-libc
                0x0000f684        0xe C:/Program Files (x86)/Atmel/Studio/7.0/Packs/atmel/AVR-Dx_DFP/1.9.103/gcc/dev/avr128da48/avrxmega4\libavr128da48.a(eerd_dword.o)
                0x0000f684                eeprom_read_float
                0x0000f684                eeprom_read_dword
 .text.avr-libc
                0x0000f692        0xa C:/Program Files (x86)/Atmel/Studio/7.0/Packs/atmel/AVR-Dx_DFP/1.9.103/gcc/dev/avr128da48/avrxmega4\libavr128da48.a(eerd_word.o)
                0x0000f692                eeprom_read_word
 .text.libgcc.div
                0x0000f69c       0x1c c:/program files (x86)/atmel/studio/7.0/toolchain/avr8/avr8-gnu-toolchain/bin/../lib/gcc/avr/5.4.0/avrxmega4\libgcc.a(_divmodqi4.o)
                0x0000f69c                __divmodqi4
 .text.libgcc   0x0000f6b8        0xe c:/program files (x86)/atmel/studio/7.0/toolchain/avr8/avr8-gnu-toolchain/bin/../lib/gcc/avr/5.4.0/avrxmega4\libgcc.a(_xload_1.o)
                0x0000f6b8                __xload_1
 .text.libgcc.div
                0x0000f6c6       0x18 c:/program files (x86)/atmel/studio/7.0/toolchain/avr8/avr8-gnu-toolchain/bin/../lib/gcc/avr/5.4.0/avrxmega4\libgcc.a(_udivmodqi4.o)
                0x0000f6c6                __udivmodqi4
                0x0000f6de                . = ALIGN (0x2)
 *(.fini9)
 .fini9         0x0000f6de        0x0 c:/program files (x86)/atmel/studio/7.0/toolchain/avr8/avr8-gnu-toolchain/bin/../lib/gcc/avr/5.4.0/avrxmega4\libgcc.a(_exit.o)
                0x0000f6de                _exit
                0x0000f6de                exit
 *(.fini9)
 *(.fini8)
 *(.fini8)
 *(.fini7)
 *(.fini7)
 *(.fini6)
 .fini6         0x0000f6de       0x16 c:/program files (x86)/atmel/studio/7.0/toolchain/avr8/avr8-gnu-toolchain/bin/../lib/gcc/avr/5.4.0/avrxmega4\libgcc.a(_dtors.o)
                0x0000f6de                __do_global_dtors
 *(.fini6)
 *(.fini5)
 *(.fini5)
 *(.fini4)
 *(.fini4)
 *(.fini3)
 *(.fini3)
 *(.fini2)
 *(.fini2)
 *(.fini1)
 *(.fini1)
 *(.fini0)
 .fini0         0x0000f6f4        0x4 c:/program files (x86)/atmel/studio/7.0/toolchain/avr8/avr8-gnu-toolchain/bin/../lib/gcc/avr/5.4.0/avrxmega4\libgcc.a(_exit.o)
 *(.fini0)
                0x0000f6f8                _etext = .

.data           0x00804000      0x6a8 load address 0x0000f6f8
                0x00804000                PROVIDE (__data_start, .)
 *(.data)
 .data          0x00804000        0x6 c:/program files (x86)/atmel/studio/7.0/toolchain/avr8/avr8-gnu-toolchain/bin/../lib/gcc/avr/5.4.0/../../../../avr/lib/avrxmega4\libc.a(malloc.o)
                0x00804000                __malloc_heap_end
                0x00804002                __malloc_heap_start
                0x00804004                __malloc_margin
 *(.data*)
 .data._ZL28g_antenna_connection_changed
                0x00804006        0x1 main.o
 .data._ZL15g_code_throttle
                0x00804007        0x2 main.o
 .data._ZL23g_WiFi_shutdown_seconds
                0x00804009        0x1 main.o
 .data._ZL13g_wifi_active
                0x0080400a        0x1 main.o
 .data.g_id_codespeed
                0x0080400b        0x1 main.o
                0x0080400b                g_id_codespeed
 .data.g_pattern_codespeed
                0x0080400c        0x1 main.o
                0x0080400c                g_pattern_codespeed
 .data.g_on_air_seconds
                0x0080400d        0x2 main.o
                0x0080400d                g_on_air_seconds
 .data.g_off_air_seconds
                0x0080400f        0x2 main.o
                0x0080400f                g_off_air_seconds
 .data.g_ID_period_seconds
                0x00804011        0x2 main.o
                0x00804011                g_ID_period_seconds
 .data.g_update_timeout_seconds
                0x00804013        0x2 main.o
                0x00804013                g_update_timeout_seconds
 .data.g_battery_empty_mV
                0x00804015        0x2 main.o
                0x00804015                g_battery_empty_mV
 .data._ZL18g_seconds_to_sleep
                0x00804017        0x4 main.o
 .data.g_fox    0x0080401b        0x1 main.o
                0x0080401b                g_fox
 .data._ZZ19updateAntennaStatusvE16antennaReadCount
                0x0080401c        0x1 main.o
 .data.g_i2c0_timeout_ticks
                0x0080401d        0x2 src/i2c.o
                0x0080401d                g_i2c0_timeout_ticks
 .data.g_i2c1_timeout_ticks
                0x0080401f        0x2 src/i2c.o
                0x0080401f                g_i2c1_timeout_ticks
 .data._ZL14g_bus_disabled
                0x00804021        0x1 src/linkbus.o
 .data.g_linkbus_usart_number
                0x00804022        0x1 src/linkbus.o
                0x00804022                g_linkbus_usart_number
 .data._ZZ9makeMorsePcPbS0_E6repeat
                0x00804023        0x1 src/morse.o
 .data._ZZ9makeMorsePcPbS0_E1c
                0x00804024        0x1 src/morse.o
 .data.g_serialbus_usart_number
                0x00804025        0x1 src/serialbus.o
                0x00804025                g_serialbus_usart_number
 .data._ZL14g_bus_disabled
                0x00804026        0x1 src/serialbus.o
 .data._ZL9xtal_freq
                0x00804027        0x4 src/si5351.o
 .data.g_80m_frequency
                0x0080402b        0x4 src/transmitter.o
                0x0080402b                g_80m_frequency
 .data.g_80m_power_level_mW
                0x0080402f        0x2 src/transmitter.o
                0x0080402f                g_80m_power_level_mW
 .data.g_rtty_offset
                0x00804031        0x4 src/transmitter.o
                0x00804031                g_rtty_offset
 .data.g_tx_power_is_zero
                0x00804035        0x1 src/transmitter.o
                0x00804035                g_tx_power_is_zero
 .data.g_80m_power_table
                0x00804036       0x10 src/transmitter.o
                0x00804036                g_80m_power_table
 *(.gnu.linkonce.d*)
 *(.rodata)
 .rodata        0x00804046      0x3e1 main.o
 .rodata        0x00804427       0x78 src/ds3231.o
 .rodata        0x0080449f        0x5 src/eeprommanager.o
 .rodata        0x008044a4       0x20 src/linkbus.o
 .rodata        0x008044c4      0x174 src/util.o
 *(.rodata*)
 .rodata._ZL4crlf
                0x00804638        0x2 src/serialbus.o
 .rodata._ZL10textPrompt
                0x0080463a        0x3 src/serialbus.o
 .rodata.str1.1
                0x0080463d       0x6b c:/program files (x86)/atmel/studio/7.0/toolchain/avr8/avr8-gnu-toolchain/bin/../lib/gcc/avr/5.4.0/../../../../avr/lib/avrxmega4\libc.a(strftime.o)
                                 0x7f (size before relaxing)
 *(.gnu.linkonce.r*)
                0x008046a8                . = ALIGN (0x2)
                0x008046a8                _edata = .
                0x008046a8                PROVIDE (__data_end, .)

.bss            0x008046a8      0x425
                0x008046a8                PROVIDE (__bss_start, .)
 *(.bss)
 *(.bss*)
 .bss._ZZ9serial_RxhE4buff
                0x008046a8        0x2 driver_isr.o
 .bss._ZZ9serial_RxhE11ignoreCount
                0x008046aa        0x1 driver_isr.o
 .bss._ZZ9serial_RxhE9charIndex
                0x008046ab        0x1 driver_isr.o
 .bss._ZZ9serial_RxhE8textBuff
                0x008046ac       0x32 driver_isr.o
 .bss._ZZ9serial_RxhE13receiving_msg
                0x008046de        0x1 driver_isr.o
 .bss._ZZ9serial_RxhE6msg_ID
                0x008046df        0x2 driver_isr.o
 .bss._ZZ9serial_RxhE11field_index
                0x008046e1        0x1 driver_isr.o
 .bss._ZZ9serial_RxhE9field_len
                0x008046e2        0x1 driver_isr.o
 .bss._ZZ11__vector_20E4buff
                0x008046e3        0x2 driver_isr.o
 .bss._ZZ11__vector_20E9charIndex
                0x008046e5        0x1 driver_isr.o
 .bss._ZZ11__vector_20E4buff_0
                0x008046e6        0x2 driver_isr.o
 .bss._ZZ11__vector_20E9charIndex_0
                0x008046e8        0x1 driver_isr.o
 .bss._ZZ11__vector_56E4buff
                0x008046e9        0x2 driver_isr.o
 .bss._ZZ11__vector_56E9charIndex
                0x008046eb        0x1 driver_isr.o
 .bss._ZZ11__vector_56E4buff_0
                0x008046ec        0x2 driver_isr.o
 .bss._ZZ11__vector_56E9charIndex_0
                0x008046ee        0x1 driver_isr.o
 .bss._ZZ10linkbus_RxhE4buff
                0x008046ef        0x2 driver_isr.o
 .bss._ZZ10linkbus_RxhE9charIndex
                0x008046f1        0x1 driver_isr.o
 .bss._ZZ10linkbus_RxhE9field_len
                0x008046f2        0x1 driver_isr.o
 .bss._ZZ10linkbus_RxhE10tempMsg_ID
                0x008046f3        0x4 driver_isr.o
 .bss._ZZ10linkbus_RxhE13receiving_msg
                0x008046f7        0x1 driver_isr.o
 .bss._ZZ10linkbus_RxhE11field_index
                0x008046f8        0x1 driver_isr.o
 .bss._ZZ11__vector_32E4buff
                0x008046f9        0x2 driver_isr.o
 .bss._ZZ11__vector_32E9charIndex
                0x008046fb        0x1 driver_isr.o
 .bss._ZZ11__vector_32E4buff_0
                0x008046fc        0x2 driver_isr.o
 .bss._ZZ11__vector_32E9charIndex_0
                0x008046fe        0x1 driver_isr.o
 .bss._ZL9g_tempStr
                0x008046ff       0x32 main.o
 .bss._ZL17g_last_error_code
                0x00804731        0x1 main.o
 .bss._ZL18g_last_status_code
                0x00804732        0x1 main.o
 .bss._ZL33g_powerUp_initialization_complete
                0x00804733        0x1 main.o
 .bss._ZL18g_perform_3V3_init
                0x00804734        0x1 main.o
 .bss._ZL21g_util_tick_countdown
                0x00804735        0x2 main.o
 .bss.g_antenna_connect_state
                0x00804737        0x1 main.o
                0x00804737                g_antenna_connect_state
 .bss._ZL13g_start_event
                0x00804738        0x1 main.o
 .bss._ZL11g_end_event
                0x00804739        0x1 main.o
 .bss._ZL12g_on_the_air
                0x0080473a        0x4 main.o
 .bss._ZL26g_sendID_seconds_countdown
                0x0080473e        0x2 main.o
 .bss._ZL16g_report_seconds
                0x00804740        0x1 main.o
 .bss._ZL19g_wifi_enable_delay
                0x00804741        0x1 main.o
 .bss._ZL20g_shutting_down_wifi
                0x00804742        0x1 main.o
 .bss._ZL11g_sleepType
                0x00804743        0x1 main.o
 .bss.g_messages_text
                0x00804744       0x2a main.o
                0x00804744                g_messages_text
 .bss.g_time_needed_for_ID
                0x0080476e        0x2 main.o
                0x0080476e                g_time_needed_for_ID
 .bss.g_intra_cycle_delay_time
                0x00804770        0x2 main.o
                0x00804770                g_intra_cycle_delay_time
 .bss.g_event_start_epoch
                0x00804772        0x4 main.o
                0x00804772                g_event_start_epoch
 .bss.g_event_finish_epoch
                0x00804776        0x4 main.o
                0x00804776                g_event_finish_epoch
 .bss.g_event_enabled
                0x0080477a        0x1 main.o
                0x0080477a                g_event_enabled
 .bss.g_event_commenced
                0x0080477b        0x1 main.o
                0x0080477b                g_event_commenced
 .bss.g_check_for_next_event
                0x0080477c        0x1 main.o
                0x0080477c                g_check_for_next_event
 .bss.g_waiting_for_next_event
                0x0080477d        0x1 main.o
                0x0080477d                g_waiting_for_next_event
 .bss._ZL13g_go_to_sleep
                0x0080477e        0x1 main.o
 .bss._ZL10g_sleeping
                0x0080477f        0x1 main.o
 .bss._ZL23g_seconds_left_to_sleep
                0x00804780        0x4 main.o
 .bss._ZL22g_lastConversionResult
                0x00804784        0xa main.o
 .bss.g_switch_closed_count
                0x0080478e        0x2 main.o
                0x0080478e                g_switch_closed_count
 .bss.LEDS      0x00804790        0x1 main.o
                0x00804790                LEDS
 .bss.g_ee_mgr  0x00804791        0x1 main.o
                0x00804791                g_ee_mgr
 .bss.g_utc_offset
                0x00804792        0x1 main.o
                0x00804792                g_utc_offset
 .bss.g_unlockCode
                0x00804793        0x8 main.o
                0x00804793                g_unlockCode
 .bss.g_current_epoch
                0x0080479b        0x4 main.o
                0x0080479b                g_current_epoch
 .bss.g_use_rtc_for_startstop
                0x0080479f        0x1 main.o
                0x0080479f                g_use_rtc_for_startstop
 .bss._ZZ11__vector_12E7codeInc
                0x008047a0        0x2 main.o
 .bss._ZZ11__vector_12E3key
                0x008047a2        0x1 main.o
 .bss._ZZ11__vector_29E5count
                0x008047a3        0x2 main.o
 .bss._ZZ19handleSerialBusMsgsvE6pwr_mW
                0x008047a5        0x2 main.o
 .bss._ZZ17handleLinkBusMsgsvE6pwr_mW
                0x008047a7        0x2 main.o
 .bss._ZZ17handleLinkBusMsgsvE21event_parameter_count
                0x008047a9        0x1 main.o
 .bss._ZZ17handleLinkBusMsgsvE2ec
                0x008047aa        0x1 main.o
 .bss._ZZ17handleLinkBusMsgsvE8lastTime
                0x008047ab        0x4 main.o
 .bss._ZZ17handleLinkBusMsgsvE1f
                0x008047af        0x4 main.o
 .bss._ZZ19updateAntennaStatusvE26lastAntennaConnectionState
                0x008047b3        0x1 main.o
 .bss._ZL17g_adc_initialized
                0x008047b4        0x1 src/adc.o
 .bss.g_goertzel
                0x008047b5        0x1 src/adc.o
                0x008047b5                g_goertzel
 .bss._SAMPLING_FREQUENCY
                0x008047b6        0x4 src/Goertzel.o
                0x008047b6                _SAMPLING_FREQUENCY
 .bss._N        0x008047ba        0x2 src/Goertzel.o
                0x008047ba                _N
 .bss._index    0x008047bc        0x2 src/Goertzel.o
                0x008047bc                _index
 .bss._samplesReady
                0x008047be        0x1 src/Goertzel.o
                0x008047be                _samplesReady
 .bss.testData  0x008047bf        0x2 src/Goertzel.o
                0x008047bf                testData
 .bss._ZL16lastBlinkSetting
                0x008047c1        0x1 src/leds.o
 .bss._ZL17led_timeout_count
                0x008047c2        0x4 src/leds.o
 .bss._ZL19red_blink_on_period
                0x008047c6        0x2 src/leds.o
 .bss._ZL20red_blink_off_period
                0x008047c8        0x2 src/leds.o
 .bss._ZL21green_blink_on_period
                0x008047ca        0x2 src/leds.o
 .bss._ZL22green_blink_off_period
                0x008047cc        0x2 src/leds.o
 .bss._ZL15red_blink_count
                0x008047ce        0x2 src/leds.o
 .bss._ZL17green_blink_count
                0x008047d0        0x2 src/leds.o
 .bss._ZL18red_led_configured
                0x008047d2        0x1 src/leds.o
 .bss._ZL20green_led_configured
                0x008047d3        0x1 src/leds.o
 .bss._ZL13g_tempMsgBuff
                0x008047d4       0x32 src/linkbus.o
 .bss._ZL17linkbus_tx_active
                0x00804806        0x1 src/linkbus.o
 .bss._ZL9tx_buffer
                0x00804807       0xc8 src/linkbus.o
 .bss._ZL9rx_buffer
                0x008048cf       0x84 src/linkbus.o
 .bss._ZZ18nextFullLBTxBuffervE11bufferIndex
                0x00804953        0x1 src/linkbus.o
 .bss._ZZ19nextEmptyLBTxBuffervE11bufferIndex
                0x00804954        0x1 src/linkbus.o
 .bss._ZZ19nextEmptyLBRxBuffervE11bufferIndex
                0x00804955        0x1 src/linkbus.o
 .bss._ZZ18nextFullLBRxBuffervE11bufferIndex
                0x00804956        0x1 src/linkbus.o
 .bss._ZZ9makeMorsePcPbS0_E11holdKeyDown
                0x00804957        0x1 src/morse.o
 .bss._ZZ9makeMorsePcPbS0_E3str
                0x00804958        0x2 src/morse.o
 .bss._ZZ9makeMorsePcPbS0_E15morseInProgress
                0x0080495a        0x3 src/morse.o
 .bss._ZZ9makeMorsePcPbS0_E9charIndex
                0x0080495d        0x1 src/morse.o
 .bss._ZZ9makeMorsePcPbS0_E11symbolIndex
                0x0080495e        0x1 src/morse.o
 .bss._ZZ9makeMorsePcPbS0_E12elementIndex
                0x0080495f        0x1 src/morse.o
 .bss._ZZ9makeMorsePcPbS0_E10addedSpace
                0x00804960        0x1 src/morse.o
 .bss._ZZ9makeMorsePcPbS0_E15completedString
                0x00804961        0x1 src/morse.o
 .bss._ZZ9makeMorsePcPbS0_E9carrierOn
                0x00804962        0x1 src/morse.o
 .bss._ZL13g_tempMsgBuff
                0x00804963       0x32 src/serialbus.o
 .bss._ZL19serialbus_tx_active
                0x00804995        0x1 src/serialbus.o
 .bss._ZL9tx_buffer
                0x00804996       0x7b src/serialbus.o
 .bss._ZL9rx_buffer
                0x00804a11       0x7e src/serialbus.o
 .bss._ZZ18nextFullSBTxBufferE11bufferIndex
                0x00804a8f        0x1 src/serialbus.o
 .bss._ZZ19nextEmptySBTxBufferE11bufferIndex
                0x00804a90        0x1 src/serialbus.o
 .bss._ZZ19nextEmptySBRxBufferE11bufferIndex
                0x00804a91        0x1 src/serialbus.o
 .bss._ZZ18nextFullSBRxBufferE11bufferIndex
                0x00804a92        0x1 src/serialbus.o
 .bss._ZL8freqVCOB
                0x00804a93        0x4 src/si5351.o
 .bss._ZL17enabledClocksMask
                0x00804a97        0x1 src/si5351.o
 .bss._ZL9clock_out
                0x00804a98        0xc src/si5351.o
 .bss.g_si5351_initialized
                0x00804aa4        0x1 src/si5351.o
                0x00804aa4                g_si5351_initialized
 .bss._ZZ11si5351_initE3err
                0x00804aa5        0x1 src/si5351.o
 .bss._ZL12g_ms_counter
                0x00804aa6        0x4 src/tcb.o
 .bss._ZZ13util_delay_msE8counting
                0x00804aaa        0x1 src/tcb.o
 .bss._ZZ13util_delay_msE14countdownValue
                0x00804aab        0x4 src/tcb.o
 .bss._ZL16g_tx_initialized
                0x00804aaf        0x1 src/transmitter.o
 .bss._ZL19g_transmitter_keyed
                0x00804ab0        0x1 src/transmitter.o
 *(COMMON)
 COMMON         0x00804ab1        0x4 c:/program files (x86)/atmel/studio/7.0/toolchain/avr8/avr8-gnu-toolchain/bin/../lib/gcc/avr/5.4.0/../../../../avr/lib/avrxmega4\libc.a(malloc.o)
                0x00804ab1                __brkval
                0x00804ab3                __flp
 COMMON         0x00804ab5        0x4 c:/program files (x86)/atmel/studio/7.0/toolchain/avr8/avr8-gnu-toolchain/bin/../lib/gcc/avr/5.4.0/../../../../avr/lib/avrxmega4\libc.a(system_time.o)
                0x00804ab5                __system_time
 COMMON         0x00804ab9        0xc c:/program files (x86)/atmel/studio/7.0/toolchain/avr8/avr8-gnu-toolchain/bin/../lib/gcc/avr/5.4.0/../../../../avr/lib/avrxmega4\libc.a(tm_store.o)
                0x00804ab9                __tm_store
 COMMON         0x00804ac5        0x4 c:/program files (x86)/atmel/studio/7.0/toolchain/avr8/avr8-gnu-toolchain/bin/../lib/gcc/avr/5.4.0/../../../../avr/lib/avrxmega4\libc.a(utc_offset.o)
                0x00804ac5                __utc_offset
 COMMON         0x00804ac9        0x2 c:/program files (x86)/atmel/studio/7.0/toolchain/avr8/avr8-gnu-toolchain/bin/../lib/gcc/avr/5.4.0/../../../../avr/lib/avrxmega4\libc.a(dst_pointer.o)
                0x00804ac9                __dst_ptr
 COMMON         0x00804acb        0x2 c:/program files (x86)/atmel/studio/7.0/toolchain/avr8/avr8-gnu-toolchain/bin/../lib/gcc/avr/5.4.0/../../../../avr/lib/avrxmega4\libc.a(errno.o)
                0x00804acb                errno
                0x00804acd                PROVIDE (__bss_end, .)
                0x0000f6f8                __data_load_start = LOADADDR (.data)
                0x0000fda0                __data_load_end = (__data_load_start + SIZEOF (.data))

.noinit         0x00804acd        0x0
                [!provide]                PROVIDE (__noinit_start, .)
 *(.noinit*)
                [!provide]                PROVIDE (__noinit_end, .)
                0x00804acd                _end = .
                0x00804acd                PROVIDE (__heap_start, .)

.eeprom         0x00810000       0x35
 *(.eeprom*)
 .eeprom        0x00810000       0x35 src/eeprommanager.o
                0x00810000                _ZN13EepromManager7ee_varsE
                0x00810035                __eeprom_end = .

.fuse
 *(.fuse)
 *(.lfuse)
 *(.hfuse)
 *(.efuse)

.lock
 *(.lock*)

.signature
 *(.signature*)

.user_signatures
 *(.user_signatures*)

.stab
 *(.stab)

.stabstr
 *(.stabstr)

.stab.excl
 *(.stab.excl)

.stab.exclstr
 *(.stab.exclstr)

.stab.index
 *(.stab.index)

.stab.indexstr
 *(.stab.indexstr)

.comment        0x00000000       0x5c
 *(.comment)
 .comment       0x00000000       0x30 atmel_start.o
                                 0x31 (size before relaxing)
 .comment       0x00000030       0x31 driver_isr.o
 .comment       0x00000030       0x31 main.o
 .comment       0x00000030       0x31 src/adc.o
 .comment       0x00000030       0x31 src/binio.o
 .comment       0x00000030       0x31 src/bod.o
 .comment       0x00000030       0x31 src/clkctrl.o
 .comment       0x00000030       0x31 src/cpuint.o
 .comment       0x00000030       0x31 src/dac0.o
 .comment       0x00000030       0x31 src/driver_init.o
 .comment       0x00000030       0x31 src/ds3231.o
 .comment       0x00000030       0x31 src/eeprommanager.o
 .comment       0x00000030       0x31 src/Goertzel.o
 .comment       0x00000030       0x31 src/i2c.o
 .comment       0x00000030       0x31 src/leds.o
 .comment       0x00000030       0x31 src/linkbus.o
 .comment       0x00000030       0x31 src/morse.o
 .comment       0x00000030       0x31 src/serialbus.o
 .comment       0x00000030       0x31 src/si5351.o
 .comment       0x00000030       0x31 src/slpctrl.o
 .comment       0x00000030       0x31 src/tcb.o
 .comment       0x00000030       0x31 src/transmitter.o
 .comment       0x00000030       0x31 src/usart_basic.o
 .comment       0x00000030       0x31 src/util.o
 .comment       0x00000030       0x31 c:/program files (x86)/atmel/studio/7.0/toolchain/avr8/avr8-gnu-toolchain/bin/../lib/gcc/avr/5.4.0/../../../../avr/lib/avrxmega4\libc.a(malloc.o)
 .comment       0x00000030       0x31 c:/program files (x86)/atmel/studio/7.0/toolchain/avr8/avr8-gnu-toolchain/bin/../lib/gcc/avr/5.4.0/../../../../avr/lib/avrxmega4\libc.a(sprintf.o)
 .comment       0x00000030       0x31 c:/program files (x86)/atmel/studio/7.0/toolchain/avr8/avr8-gnu-toolchain/bin/../lib/gcc/avr/5.4.0/../../../../avr/lib/avrxmega4\libc.a(isLeap.o)
 .comment       0x00000030       0x31 c:/program files (x86)/atmel/studio/7.0/toolchain/avr8/avr8-gnu-toolchain/bin/../lib/gcc/avr/5.4.0/../../../../avr/lib/avrxmega4\libc.a(localtime.o)
 .comment       0x00000030       0x31 c:/program files (x86)/atmel/studio/7.0/toolchain/avr8/avr8-gnu-toolchain/bin/../lib/gcc/avr/5.4.0/../../../../avr/lib/avrxmega4\libc.a(localtime_r.o)
 .comment       0x00000030       0x31 c:/program files (x86)/atmel/studio/7.0/toolchain/avr8/avr8-gnu-toolchain/bin/../lib/gcc/avr/5.4.0/../../../../avr/lib/avrxmega4\libc.a(month_length.o)
 .comment       0x00000030       0x31 c:/program files (x86)/atmel/studio/7.0/toolchain/avr8/avr8-gnu-toolchain/bin/../lib/gcc/avr/5.4.0/../../../../avr/lib/avrxmega4\libc.a(set_system_time.o)
 .comment       0x00000030       0x31 c:/program files (x86)/atmel/studio/7.0/toolchain/avr8/avr8-gnu-toolchain/bin/../lib/gcc/avr/5.4.0/../../../../avr/lib/avrxmega4\libc.a(strftime.o)
 .comment       0x00000030       0x31 c:/program files (x86)/atmel/studio/7.0/toolchain/avr8/avr8-gnu-toolchain/bin/../lib/gcc/avr/5.4.0/../../../../avr/lib/avrxmega4\libc.a(system_time.o)
 .comment       0x00000030       0x31 c:/program files (x86)/atmel/studio/7.0/toolchain/avr8/avr8-gnu-toolchain/bin/../lib/gcc/avr/5.4.0/../../../../avr/lib/avrxmega4\libc.a(time.o)
 .comment       0x00000030       0x31 c:/program files (x86)/atmel/studio/7.0/toolchain/avr8/avr8-gnu-toolchain/bin/../lib/gcc/avr/5.4.0/../../../../avr/lib/avrxmega4\libc.a(tm_store.o)
 .comment       0x00000030       0x2c c:/program files (x86)/atmel/studio/7.0/toolchain/avr8/avr8-gnu-toolchain/bin/../lib/gcc/avr/5.4.0/../../../../avr/lib/avrxmega4\libc.a(utc_offset.o)
                                 0x2d (size before relaxing)
 .comment       0x0000005c       0x31 c:/program files (x86)/atmel/studio/7.0/toolchain/avr8/avr8-gnu-toolchain/bin/../lib/gcc/avr/5.4.0/../../../../avr/lib/avrxmega4\libc.a(week_of_year.o)
 .comment       0x0000005c       0x2d c:/program files (x86)/atmel/studio/7.0/toolchain/avr8/avr8-gnu-toolchain/bin/../lib/gcc/avr/5.4.0/../../../../avr/lib/avrxmega4\libc.a(vfprintf_std.o)
 .comment       0x0000005c       0x31 c:/program files (x86)/atmel/studio/7.0/toolchain/avr8/avr8-gnu-toolchain/bin/../lib/gcc/avr/5.4.0/../../../../avr/lib/avrxmega4\libc.a(strtod.o)
 .comment       0x0000005c       0x31 c:/program files (x86)/atmel/studio/7.0/toolchain/avr8/avr8-gnu-toolchain/bin/../lib/gcc/avr/5.4.0/../../../../avr/lib/avrxmega4\libc.a(fputc.o)
 .comment       0x0000005c       0x31 c:/program files (x86)/atmel/studio/7.0/toolchain/avr8/avr8-gnu-toolchain/bin/../lib/gcc/avr/5.4.0/../../../../avr/lib/avrxmega4\libc.a(asctime_r.o)
 .comment       0x0000005c       0x31 c:/program files (x86)/atmel/studio/7.0/toolchain/avr8/avr8-gnu-toolchain/bin/../lib/gcc/avr/5.4.0/../../../../avr/lib/avrxmega4\libc.a(dst_pointer.o)
 .comment       0x0000005c       0x31 c:/program files (x86)/atmel/studio/7.0/toolchain/avr8/avr8-gnu-toolchain/bin/../lib/gcc/avr/5.4.0/../../../../avr/lib/avrxmega4\libc.a(gmtime_r.o)
 .comment       0x0000005c       0x31 c:/program files (x86)/atmel/studio/7.0/toolchain/avr8/avr8-gnu-toolchain/bin/../lib/gcc/avr/5.4.0/../../../../avr/lib/avrxmega4\libc.a(iso_week_date_r.o)
 .comment       0x0000005c       0x31 c:/program files (x86)/atmel/studio/7.0/toolchain/avr8/avr8-gnu-toolchain/bin/../lib/gcc/avr/5.4.0/../../../../avr/lib/avrxmega4\libc.a(print_lz.o)
 .comment       0x0000005c       0x2d c:/program files (x86)/atmel/studio/7.0/toolchain/avr8/avr8-gnu-toolchain/bin/../lib/gcc/avr/5.4.0/../../../../avr/lib/avrxmega4\libc.a(errno.o)

.note.gnu.avr.deviceinfo
                0x00000000       0x40
 .note.gnu.avr.deviceinfo
                0x00000000       0x40 C:/Program Files (x86)/Atmel/Studio/7.0/Packs/atmel/AVR-Dx_DFP/1.9.103/gcc/dev/avr128da48/avrxmega4/crtavr128da48.o

.note.gnu.build-id
 *(.note.gnu.build-id)

.debug
 *(.debug)

.line
 *(.line)

.debug_srcinfo
 *(.debug_srcinfo)

.debug_sfnames
 *(.debug_sfnames)

.debug_aranges  0x00000000      0xc10
 *(.debug_aranges)
 .debug_aranges
                0x00000000       0x20 atmel_start.o
 .debug_aranges
                0x00000020       0x60 driver_isr.o
 .debug_aranges
                0x00000080      0x150 main.o
 .debug_aranges
                0x000001d0       0x88 src/adc.o
 .debug_aranges
                0x00000258       0xd0 src/binio.o
 .debug_aranges
                0x00000328       0x20 src/bod.o
 .debug_aranges
                0x00000348       0x28 src/clkctrl.o
 .debug_aranges
                0x00000370       0x20 src/cpuint.o
 .debug_aranges
                0x00000390       0x30 src/dac0.o
 .debug_aranges
                0x000003c0       0x58 src/driver_init.o
 .debug_aranges
                0x00000418       0xa0 src/ds3231.o
 .debug_aranges
                0x000004b8       0x60 src/eeprommanager.o
 .debug_aranges
                0x00000518       0x60 src/Goertzel.o
 .debug_aranges
                0x00000578       0x88 src/i2c.o
 .debug_aranges
                0x00000600       0x60 src/leds.o
 .debug_aranges
                0x00000660      0x110 src/linkbus.o
 .debug_aranges
                0x00000770       0x30 src/morse.o
 .debug_aranges
                0x000007a0       0x20 src/protected_io.o
 .debug_aranges
                0x000007c0      0x118 src/serialbus.o
 .debug_aranges
                0x000008d8       0xb8 src/si5351.o
 .debug_aranges
                0x00000990       0x28 src/slpctrl.o
 .debug_aranges
                0x000009b8       0x30 src/tcb.o
 .debug_aranges
                0x000009e8       0x58 src/transmitter.o
 .debug_aranges
                0x00000a40      0x120 src/usart_basic.o
 .debug_aranges
                0x00000b60       0x50 src/util.o
 .debug_aranges
                0x00000bb0       0x20 C:/Program Files (x86)/Atmel/Studio/7.0/Packs/atmel/AVR-Dx_DFP/1.9.103/gcc/dev/avr128da48/avrxmega4\libavr128da48.a(eerd_byte.o)
 .debug_aranges
                0x00000bd0       0x20 C:/Program Files (x86)/Atmel/Studio/7.0/Packs/atmel/AVR-Dx_DFP/1.9.103/gcc/dev/avr128da48/avrxmega4\libavr128da48.a(eerd_dword.o)
 .debug_aranges
                0x00000bf0       0x20 C:/Program Files (x86)/Atmel/Studio/7.0/Packs/atmel/AVR-Dx_DFP/1.9.103/gcc/dev/avr128da48/avrxmega4\libavr128da48.a(eerd_word.o)

.debug_pubnames
 *(.debug_pubnames)

.debug_info     0x00000000     0xeee3
 *(.debug_info .gnu.linkonce.wi.*)
 .debug_info    0x00000000     0x2c24 C:/Program Files (x86)/Atmel/Studio/7.0/Packs/atmel/AVR-Dx_DFP/1.9.103/gcc/dev/avr128da48/avrxmega4/crtavr128da48.o
 .debug_info    0x00002c24       0x7e atmel_start.o
 .debug_info    0x00002ca2      0x9fa driver_isr.o
 .debug_info    0x0000369c     0x24b0 main.o
 .debug_info    0x00005b4c      0xd7d src/adc.o
 .debug_info    0x000068c9      0x8f4 src/binio.o
 .debug_info    0x000071bd      0x188 src/bod.o
 .debug_info    0x00007345      0x28a src/clkctrl.o
 .debug_info    0x000075cf       0x8d src/cpuint.o
 .debug_info    0x0000765c      0x411 src/dac0.o
 .debug_info    0x00007a6d      0x4f6 src/driver_init.o
 .debug_info    0x00007f63      0xab1 src/ds3231.o
 .debug_info    0x00008a14      0xb4c src/eeprommanager.o
 .debug_info    0x00009560      0x5c3 src/Goertzel.o
 .debug_info    0x00009b23      0x8fb src/i2c.o
 .debug_info    0x0000a41e      0x6e7 src/leds.o
 .debug_info    0x0000ab05      0xdf5 src/linkbus.o
 .debug_info    0x0000b8fa      0x2c4 src/morse.o
 .debug_info    0x0000bbbe       0x7f src/protected_io.o
 .debug_info    0x0000bc3d      0xe7a src/serialbus.o
 .debug_info    0x0000cab7      0xd2e src/si5351.o
 .debug_info    0x0000d7e5      0x134 src/slpctrl.o
 .debug_info    0x0000d919      0x2d9 src/tcb.o
 .debug_info    0x0000dbf2      0x63a src/transmitter.o
 .debug_info    0x0000e22c      0x5d8 src/usart_basic.o
 .debug_info    0x0000e804      0x501 src/util.o
 .debug_info    0x0000ed05       0x9f C:/Program Files (x86)/Atmel/Studio/7.0/Packs/atmel/AVR-Dx_DFP/1.9.103/gcc/dev/avr128da48/avrxmega4\libavr128da48.a(eerd_byte.o)
 .debug_info    0x0000eda4       0xa0 C:/Program Files (x86)/Atmel/Studio/7.0/Packs/atmel/AVR-Dx_DFP/1.9.103/gcc/dev/avr128da48/avrxmega4\libavr128da48.a(eerd_dword.o)
 .debug_info    0x0000ee44       0x9f C:/Program Files (x86)/Atmel/Studio/7.0/Packs/atmel/AVR-Dx_DFP/1.9.103/gcc/dev/avr128da48/avrxmega4\libavr128da48.a(eerd_word.o)

.debug_abbrev   0x00000000     0x55b0
 *(.debug_abbrev)
 .debug_abbrev  0x00000000     0x29ce C:/Program Files (x86)/Atmel/Studio/7.0/Packs/atmel/AVR-Dx_DFP/1.9.103/gcc/dev/avr128da48/avrxmega4/crtavr128da48.o
 .debug_abbrev  0x000029ce       0x42 atmel_start.o
 .debug_abbrev  0x00002a10      0x20f driver_isr.o
 .debug_abbrev  0x00002c1f      0x45f main.o
 .debug_abbrev  0x0000307e      0x30e src/adc.o
 .debug_abbrev  0x0000338c      0x25e src/binio.o
 .debug_abbrev  0x000035ea       0xaf src/bod.o
 .debug_abbrev  0x00003699       0xdb src/clkctrl.o
 .debug_abbrev  0x00003774       0x51 src/cpuint.o
 .debug_abbrev  0x000037c5      0x132 src/dac0.o
 .debug_abbrev  0x000038f7      0x17f src/driver_init.o
 .debug_abbrev  0x00003a76      0x1e5 src/ds3231.o
 .debug_abbrev  0x00003c5b      0x2e6 src/eeprommanager.o
 .debug_abbrev  0x00003f41      0x1eb src/Goertzel.o
 .debug_abbrev  0x0000412c      0x206 src/i2c.o
 .debug_abbrev  0x00004332      0x271 src/leds.o
 .debug_abbrev  0x000045a3      0x2d0 src/linkbus.o
 .debug_abbrev  0x00004873       0xe9 src/morse.o
 .debug_abbrev  0x0000495c       0x14 src/protected_io.o
 .debug_abbrev  0x00004970      0x2ba src/serialbus.o
 .debug_abbrev  0x00004c2a      0x258 src/si5351.o
 .debug_abbrev  0x00004e82       0xc2 src/slpctrl.o
 .debug_abbrev  0x00004f44      0x141 src/tcb.o
 .debug_abbrev  0x00005085      0x1b3 src/transmitter.o
 .debug_abbrev  0x00005238      0x1c9 src/usart_basic.o
 .debug_abbrev  0x00005401      0x173 src/util.o
 .debug_abbrev  0x00005574       0x14 C:/Program Files (x86)/Atmel/Studio/7.0/Packs/atmel/AVR-Dx_DFP/1.9.103/gcc/dev/avr128da48/avrxmega4\libavr128da48.a(eerd_byte.o)
 .debug_abbrev  0x00005588       0x14 C:/Program Files (x86)/Atmel/Studio/7.0/Packs/atmel/AVR-Dx_DFP/1.9.103/gcc/dev/avr128da48/avrxmega4\libavr128da48.a(eerd_dword.o)
 .debug_abbrev  0x0000559c       0x14 C:/Program Files (x86)/Atmel/Studio/7.0/Packs/atmel/AVR-Dx_DFP/1.9.103/gcc/dev/avr128da48/avrxmega4\libavr128da48.a(eerd_word.o)

.debug_line     0x00000000     0x9d7a
 *(.debug_line .debug_line.* .debug_line_end)
 .debug_line    0x00000000      0x1f3 C:/Program Files (x86)/Atmel/Studio/7.0/Packs/atmel/AVR-Dx_DFP/1.9.103/gcc/dev/avr128da48/avrxmega4/crtavr128da48.o
 .debug_line    0x000001f3       0x4c atmel_start.o
 .debug_line    0x0000023f      0x79d driver_isr.o
 .debug_line    0x000009dc     0x231c main.o
 .debug_line    0x00002cf8      0x489 src/adc.o
 .debug_line    0x00003181      0x69f src/binio.o
 .debug_line    0x00003820      0x11b src/bod.o
 .debug_line    0x0000393b      0x14b src/clkctrl.o
 .debug_line    0x00003a86       0xb3 src/cpuint.o
 .debug_line    0x00003b39      0x179 src/dac0.o
 .debug_line    0x00003cb2      0x39d src/driver_init.o
 .debug_line    0x0000404f      0xb36 src/ds3231.o
 .debug_line    0x00004b85      0x6ab src/eeprommanager.o
 .debug_line    0x00005230      0x25c src/Goertzel.o
 .debug_line    0x0000548c      0x745 src/i2c.o
 .debug_line    0x00005bd1      0x590 src/leds.o
 .debug_line    0x00006161      0x955 src/linkbus.o
 .debug_line    0x00006ab6      0x878 src/morse.o
 .debug_line    0x0000732e       0x5b src/protected_io.o
 .debug_line    0x00007389      0x9ed src/serialbus.o
 .debug_line    0x00007d76      0xa85 src/si5351.o
 .debug_line    0x000087fb      0x12f src/slpctrl.o
 .debug_line    0x0000892a      0x26f src/tcb.o
 .debug_line    0x00008b99      0x4bd src/transmitter.o
 .debug_line    0x00009056      0x5bf src/usart_basic.o
 .debug_line    0x00009615      0x61d src/util.o
 .debug_line    0x00009c32       0x79 C:/Program Files (x86)/Atmel/Studio/7.0/Packs/atmel/AVR-Dx_DFP/1.9.103/gcc/dev/avr128da48/avrxmega4\libavr128da48.a(eerd_byte.o)
 .debug_line    0x00009cab       0x6e C:/Program Files (x86)/Atmel/Studio/7.0/Packs/atmel/AVR-Dx_DFP/1.9.103/gcc/dev/avr128da48/avrxmega4\libavr128da48.a(eerd_dword.o)
 .debug_line    0x00009d19       0x61 C:/Program Files (x86)/Atmel/Studio/7.0/Packs/atmel/AVR-Dx_DFP/1.9.103/gcc/dev/avr128da48/avrxmega4\libavr128da48.a(eerd_word.o)

.debug_frame    0x00000000     0x2cc0
 *(.debug_frame)
 .debug_frame   0x00000000       0x34 atmel_start.o
 .debug_frame   0x00000034      0x2f8 driver_isr.o
 .debug_frame   0x0000032c      0x68c main.o
 .debug_frame   0x000009b8      0x228 src/adc.o
 .debug_frame   0x00000be0      0x2f4 src/binio.o
 .debug_frame   0x00000ed4       0x34 src/bod.o
 .debug_frame   0x00000f08       0x54 src/clkctrl.o
 .debug_frame   0x00000f5c       0x34 src/cpuint.o
 .debug_frame   0x00000f90       0x74 src/dac0.o
 .debug_frame   0x00001004      0x114 src/driver_init.o
 .debug_frame   0x00001118      0x278 src/ds3231.o
 .debug_frame   0x00001390      0x140 src/eeprommanager.o
 .debug_frame   0x000014d0      0x19c src/Goertzel.o
 .debug_frame   0x0000166c      0x1d4 src/i2c.o
 .debug_frame   0x00001840      0x178 src/leds.o
 .debug_frame   0x000019b8      0x3f4 src/linkbus.o
 .debug_frame   0x00001dac       0x74 src/morse.o
 .debug_frame   0x00001e20      0x414 src/serialbus.o
 .debug_frame   0x00002234      0x2fc src/si5351.o
 .debug_frame   0x00002530       0x54 src/slpctrl.o
 .debug_frame   0x00002584       0xa0 src/tcb.o
 .debug_frame   0x00002624      0x114 src/transmitter.o
 .debug_frame   0x00002738      0x458 src/usart_basic.o