Archive member included to satisfy reference by file (symbol)

c:/program files (x86)/atmel/studio/7.0/toolchain/avr8/avr8-gnu-toolchain/bin/../lib/gcc/avr/7.3.0/../../../../avr/lib/avrxmega4\libm.a(addsf3.o)
                              src/Goertzel.o (__subsf3)
c:/program files (x86)/atmel/studio/7.0/toolchain/avr8/avr8-gnu-toolchain/bin/../lib/gcc/avr/7.3.0/../../../../avr/lib/avrxmega4\libm.a(addsf3x.o)
                              c:/program files (x86)/atmel/studio/7.0/toolchain/avr8/avr8-gnu-toolchain/bin/../lib/gcc/avr/7.3.0/../../../../avr/lib/avrxmega4\libm.a(addsf3.o) (__addsf3x)
c:/program files (x86)/atmel/studio/7.0/toolchain/avr8/avr8-gnu-toolchain/bin/../lib/gcc/avr/7.3.0/../../../../avr/lib/avrxmega4\libm.a(ceil.o)
                              src/util.o (ceil)
c:/program files (x86)/atmel/studio/7.0/toolchain/avr8/avr8-gnu-toolchain/bin/../lib/gcc/avr/7.3.0/../../../../avr/lib/avrxmega4\libm.a(cmpsf2.o)
                              src/eeprommanager.o (__nesf2)
c:/program files (x86)/atmel/studio/7.0/toolchain/avr8/avr8-gnu-toolchain/bin/../lib/gcc/avr/7.3.0/../../../../avr/lib/avrxmega4\libm.a(cos.o)
                              src/Goertzel.o (cos)
c:/program files (x86)/atmel/studio/7.0/toolchain/avr8/avr8-gnu-toolchain/bin/../lib/gcc/avr/7.3.0/../../../../avr/lib/avrxmega4\libm.a(divsf3.o)
                              main.o (__divsf3)
c:/program files (x86)/atmel/studio/7.0/toolchain/avr8/avr8-gnu-toolchain/bin/../lib/gcc/avr/7.3.0/../../../../avr/lib/avrxmega4\libm.a(divsf3x.o)
                              c:/program files (x86)/atmel/studio/7.0/toolchain/avr8/avr8-gnu-toolchain/bin/../lib/gcc/avr/7.3.0/../../../../avr/lib/avrxmega4\libm.a(divsf3.o) (__divsf3x)
c:/program files (x86)/atmel/studio/7.0/toolchain/avr8/avr8-gnu-toolchain/bin/../lib/gcc/avr/7.3.0/../../../../avr/lib/avrxmega4\libm.a(fixsfsi.o)
                              src/Goertzel.o (__fixsfsi)
c:/program files (x86)/atmel/studio/7.0/toolchain/avr8/avr8-gnu-toolchain/bin/../lib/gcc/avr/7.3.0/../../../../avr/lib/avrxmega4\libm.a(fixunssfsi.o)
                              main.o (__fixunssfsi)
c:/program files (x86)/atmel/studio/7.0/toolchain/avr8/avr8-gnu-toolchain/bin/../lib/gcc/avr/7.3.0/../../../../avr/lib/avrxmega4\libm.a(floatsisf.o)
                              main.o (__floatunsisf)
c:/program files (x86)/atmel/studio/7.0/toolchain/avr8/avr8-gnu-toolchain/bin/../lib/gcc/avr/7.3.0/../../../../avr/lib/avrxmega4\libm.a(fp_cmp.o)
                              c:/program files (x86)/atmel/studio/7.0/toolchain/avr8/avr8-gnu-toolchain/bin/../lib/gcc/avr/7.3.0/../../../../avr/lib/avrxmega4\libm.a(cmpsf2.o) (__fp_cmp)
c:/program files (x86)/atmel/studio/7.0/toolchain/avr8/avr8-gnu-toolchain/bin/../lib/gcc/avr/7.3.0/../../../../avr/lib/avrxmega4\libm.a(fp_inf.o)
                              c:/program files (x86)/atmel/studio/7.0/toolchain/avr8/avr8-gnu-toolchain/bin/../lib/gcc/avr/7.3.0/../../../../avr/lib/avrxmega4\libm.a(addsf3x.o) (__fp_inf)
c:/program files (x86)/atmel/studio/7.0/toolchain/avr8/avr8-gnu-toolchain/bin/../lib/gcc/avr/7.3.0/../../../../avr/lib/avrxmega4\libm.a(fp_mintl.o)
                              c:/program files (x86)/atmel/studio/7.0/toolchain/avr8/avr8-gnu-toolchain/bin/../lib/gcc/avr/7.3.0/../../../../avr/lib/avrxmega4\libm.a(ceil.o) (__fp_mintl)
c:/program files (x86)/atmel/studio/7.0/toolchain/avr8/avr8-gnu-toolchain/bin/../lib/gcc/avr/7.3.0/../../../../avr/lib/avrxmega4\libm.a(fp_mpack.o)
                              c:/program files (x86)/atmel/studio/7.0/toolchain/avr8/avr8-gnu-toolchain/bin/../lib/gcc/avr/7.3.0/../../../../avr/lib/avrxmega4\libm.a(ceil.o) (__fp_mpack)
c:/program files (x86)/atmel/studio/7.0/toolchain/avr8/avr8-gnu-toolchain/bin/../lib/gcc/avr/7.3.0/../../../../avr/lib/avrxmega4\libm.a(fp_nan.o)
                              c:/program files (x86)/atmel/studio/7.0/toolchain/avr8/avr8-gnu-toolchain/bin/../lib/gcc/avr/7.3.0/../../../../avr/lib/avrxmega4\libm.a(addsf3x.o) (__fp_nan)
c:/program files (x86)/atmel/studio/7.0/toolchain/avr8/avr8-gnu-toolchain/bin/../lib/gcc/avr/7.3.0/../../../../avr/lib/avrxmega4\libm.a(fp_pscA.o)
                              c:/program files (x86)/atmel/studio/7.0/toolchain/avr8/avr8-gnu-toolchain/bin/../lib/gcc/avr/7.3.0/../../../../avr/lib/avrxmega4\libm.a(addsf3x.o) (__fp_pscA)
c:/program files (x86)/atmel/studio/7.0/toolchain/avr8/avr8-gnu-toolchain/bin/../lib/gcc/avr/7.3.0/../../../../avr/lib/avrxmega4\libm.a(fp_pscB.o)
                              c:/program files (x86)/atmel/studio/7.0/toolchain/avr8/avr8-gnu-toolchain/bin/../lib/gcc/avr/7.3.0/../../../../avr/lib/avrxmega4\libm.a(addsf3x.o) (__fp_pscB)
c:/program files (x86)/atmel/studio/7.0/toolchain/avr8/avr8-gnu-toolchain/bin/../lib/gcc/avr/7.3.0/../../../../avr/lib/avrxmega4\libm.a(fp_rempio2.o)
[...]
Memory Configuration

Name             Origin             Length             Attributes
text             0x0000000000000000 0x0000000000020000 xr
data             0x0000000000804000 0x0000000000004000 rw !x
eeprom           0x0000000000810000 0x0000000000000200 rw !x
fuse             0x0000000000820000 0x0000000000000010 rw !x
lock             0x0000000000830000 0x0000000000000400 rw !x
signature        0x0000000000840000 0x0000000000000400 rw !x
user_signatures  0x0000000000850000 0x0000000000000400 rw !x
*default*        0x0000000000000000 0xffffffffffffffff

Linker script and memory map

Address of section .data set to 0x804000
                0x0000000000008000                __RODATA_PM_OFFSET__ = 0x8000
LOAD C:/Program Files (x86)/Atmel/Studio/7.0/Packs/atmel/AVR-Dx_DFP/1.9.103/gcc/dev/avr128da48/avrxmega4/crtavr128da48.o
LOAD atmel_start.o
LOAD driver_isr.o
LOAD main.o
LOAD src/adc.o
LOAD src/binio.o
LOAD src/bod.o
LOAD src/CircularStringBuff.o
LOAD src/clkctrl.o
LOAD src/cpuint.o
LOAD src/dac0.o
LOAD src/driver_init.o
LOAD src/ds3231.o
LOAD src/eeprommanager.o
LOAD src/Goertzel.o
LOAD src/huzzah.o
LOAD src/i2c.o
LOAD src/leds.o
LOAD src/linkbus.o
LOAD src/morse.o
LOAD src/protected_io.o
LOAD src/serialbus.o
LOAD src/si5351.o
LOAD src/slpctrl.o
LOAD src/tcb.o
LOAD src/transmitter.o
LOAD src/usart_basic.o
LOAD src/util.o
START GROUP
LOAD c:/program files (x86)/atmel/studio/7.0/toolchain/avr8/avr8-gnu-toolchain/bin/../lib/gcc/avr/7.3.0/../../../../avr/lib/avrxmega4\libm.a
END GROUP
LOAD c:/program files (x86)/atmel/studio/7.0/toolchain/avr8/avr8-gnu-toolchain/bin/../lib/gcc/avr/7.3.0/avrxmega4\libgcc.a
LOAD c:/program files (x86)/atmel/studio/7.0/toolchain/avr8/avr8-gnu-toolchain/bin/../lib/gcc/avr/7.3.0/../../../../avr/lib/avrxmega4\libm.a
START GROUP
LOAD c:/program files (x86)/atmel/studio/7.0/toolchain/avr8/avr8-gnu-toolchain/bin/../lib/gcc/avr/7.3.0/avrxmega4\libgcc.a
LOAD c:/program files (x86)/atmel/studio/7.0/toolchain/avr8/avr8-gnu-toolchain/bin/../lib/gcc/avr/7.3.0/../../../../avr/lib/avrxmega4\libm.a
LOAD c:/program files (x86)/atmel/studio/7.0/toolchain/avr8/avr8-gnu-toolchain/bin/../lib/gcc/avr/7.3.0/../../../../avr/lib/avrxmega4\libc.a
LOAD C:/Program Files (x86)/Atmel/Studio/7.0/Packs/atmel/AVR-Dx_DFP/1.9.103/gcc/dev/avr128da48/avrxmega4\libavr128da48.a
END GROUP
                [0x0000000000000000]                __TEXT_REGION_ORIGIN__ = DEFINED (__TEXT_REGION_ORIGIN__)?__TEXT_REGION_ORIGIN__:0x0
                [0x0000000000804000]                __DATA_REGION_ORIGIN__ = DEFINED (__DATA_REGION_ORIGIN__)?__DATA_REGION_ORIGIN__:0x802000
                [0x0000000000020000]                __TEXT_REGION_LENGTH__ = DEFINED (__TEXT_REGION_LENGTH__)?__TEXT_REGION_LENGTH__:0x100000
                [0x0000000000004000]                __DATA_REGION_LENGTH__ = DEFINED (__DATA_REGION_LENGTH__)?__DATA_REGION_LENGTH__:0xffa0
                [0x0000000000000200]                __EEPROM_REGION_LENGTH__ = DEFINED (__EEPROM_REGION_LENGTH__)?__EEPROM_REGION_LENGTH__:0x10000
                [0x0000000000000010]                __FUSE_REGION_LENGTH__ = DEFINED (__FUSE_REGION_LENGTH__)?__FUSE_REGION_LENGTH__:0x400
                0x0000000000000400                __LOCK_REGION_LENGTH__ = DEFINED (__LOCK_REGION_LENGTH__)?__LOCK_REGION_LENGTH__:0x400
                0x0000000000000400                __SIGNATURE_REGION_LENGTH__ = DEFINED (__SIGNATURE_REGION_LENGTH__)?__SIGNATURE_REGION_LENGTH__:0x400
                0x0000000000000400                __USER_SIGNATURE_REGION_LENGTH__ = DEFINED (__USER_SIGNATURE_REGION_LENGTH__)?__USER_SIGNATURE_REGION_LENGTH__:0x400

.hash
 *(.hash)

.dynsym
 *(.dynsym)

.dynstr
 *(.dynstr)

.gnu.version
 *(.gnu.version)

.gnu.version_d
 *(.gnu.version_d)

.gnu.version_r
 *(.gnu.version_r)

.rel.init
 *(.rel.init)

.rela.init
 *(.rela.init)

.rel.text
 *(.rel.text)
 *(.rel.text.*)
 *(.rel.gnu.linkonce.t*)

.rela.text
 *(.rela.text)
 *(.rela.text.*)
 *(.rela.gnu.linkonce.t*)

.rel.fini
 *(.rel.fini)

.rela.fini
 *(.rela.fini)

.rel.rodata
 *(.rel.rodata)
 *(.rel.rodata.*)
 *(.rel.gnu.linkonce.r*)

.rela.rodata
 *(.rela.rodata)
 *(.rela.rodata.*)
 *(.rela.gnu.linkonce.r*)

.rel.data
 *(.rel.data)
 *(.rel.data.*)
 *(.rel.gnu.linkonce.d*)

.rela.data
 *(.rela.data)
 *(.rela.data.*)
 *(.rela.gnu.linkonce.d*)

.rel.ctors
 *(.rel.ctors)

.rela.ctors
 *(.rela.ctors)

.rel.dtors
 *(.rel.dtors)

.rela.dtors
 *(.rela.dtors)

.rel.got
 *(.rel.got)

.rela.got
 *(.rela.got)

.rel.bss
 *(.rel.bss)

.rela.bss
 *(.rela.bss)

.rel.plt
 *(.rel.plt)

.rela.plt
 *(.rela.plt)

.text           0x0000000000000000     0xabb8
 *(.vectors)
 .vectors       0x0000000000000000       0xe8 C:/Program Files (x86)/Atmel/Studio/7.0/Packs/atmel/AVR-Dx_DFP/1.9.103/gcc/dev/avr128da48/avrxmega4/crtavr128da48.o
                0x0000000000000000                __vector_default
                0x0000000000000000                __vectors
 *(.vectors)
 *(.progmem.gcc*)
                0x00000000000000e8                . = ALIGN (0x2)
                0x00000000000000e8                __trampolines_start = .
 *(.trampolines)
 .trampolines   0x00000000000000e8        0x0 linker stubs
 *(.trampolines*)
                0x00000000000000e8                __trampolines_end = .
 *libprintf_flt.a:*(.progmem.data)
 *libc.a:*(.progmem.data)
 .progmem.data  0x00000000000000e8       0xfa c:/program files (x86)/atmel/studio/7.0/toolchain/avr8/avr8-gnu-toolchain/bin/../lib/gcc/avr/7.3.0/../../../../avr/lib/avrxmega4\libc.a(ftoa_engine.o)
 *(.progmem*)
 .progmemx.data
                0x00000000000001e2       0x91 c:/program files (x86)/atmel/studio/7.0/toolchain/avr8/avr8-gnu-toolchain/bin/../lib/gcc/avr/7.3.0/../../../../avr/lib/avrxmega4\libc.a(strftime.o)
                0x00000000000001e2                strfmonths
                0x0000000000000239                strfwkdays
 .progmemx.data
                0x0000000000000273       0x3b c:/program files (x86)/atmel/studio/7.0/toolchain/avr8/avr8-gnu-toolchain/bin/../lib/gcc/avr/7.3.0/../../../../avr/lib/avrxmega4\libc.a(asctime_r.o)
                0x0000000000000273                ascdays
                0x0000000000000289                ascmonths
                0x00000000000002ae                . = ALIGN (0x2)
 *(.jumptables)
 *(.jumptables*)
 *(.lowtext)
 *(.lowtext*)
                0x00000000000002ae                __ctors_start = .
 *(.ctors)
 .ctors         0x00000000000002ae        0x2 main.o
 .ctors         0x00000000000002b0        0x2 src/adc.o
                0x00000000000002b2                __ctors_end = .
                0x00000000000002b2                __dtors_start = .
 *(.dtors)
 .dtors         0x00000000000002b2        0x2 main.o
 .dtors         0x00000000000002b4        0x2 src/adc.o
                0x00000000000002b6                __dtors_end = .
 SORT(*)(.ctors)
 SORT(*)(.dtors)
 *(.init0)
 .init0         0x00000000000002b6        0x0 C:/Program Files (x86)/Atmel/Studio/7.0/Packs/atmel/AVR-Dx_DFP/1.9.103/gcc/dev/avr128da48/avrxmega4/crtavr128da48.o
                0x00000000000002b6                __init
 *(.init0)
 *(.init1)
 *(.init1)
 *(.init2)
 .init2         0x00000000000002b6        0xc C:/Program Files (x86)/Atmel/Studio/7.0/Packs/atmel/AVR-Dx_DFP/1.9.103/gcc/dev/avr128da48/avrxmega4/crtavr128da48.o
 *(.init2)
 *(.init3)
 *(.init3)
 *(.init4)
 .init4         0x00000000000002c2       0x1a c:/program files (x86)/atmel/studio/7.0/toolchain/avr8/avr8-gnu-toolchain/bin/../lib/gcc/avr/7.3.0/avrxmega4\libgcc.a(_copy_data.o)
                0x00000000000002c2                __do_copy_data
 .init4         0x00000000000002dc       0x10 c:/program files (x86)/atmel/studio/7.0/toolchain/avr8/avr8-gnu-toolchain/bin/../lib/gcc/avr/7.3.0/avrxmega4\libgcc.a(_clear_bss.o)
                0x00000000000002dc                __do_clear_bss
 *(.init4)
 *(.init5)
 *(.init5)
 *(.init6)
 .init6         0x00000000000002ec       0x16 c:/program files (x86)/atmel/studio/7.0/toolchain/avr8/avr8-gnu-toolchain/bin/../lib/gcc/avr/7.3.0/avrxmega4\libgcc.a(_ctors.o)
                0x00000000000002ec                __do_global_ctors
 *(.init6)
 *(.init7)
 *(.init7)
 *(.init8)
 *(.init8)
 *(.init9)
 .init9         0x0000000000000302        0x8 C:/Program Files (x86)/Atmel/Studio/7.0/Packs/atmel/AVR-Dx_DFP/1.9.103/gcc/dev/avr128da48/avrxmega4/crtavr128da48.o
 *(.init9)
 *(.text)
 .text          0x000000000000030a        0x4 C:/Program Files (x86)/Atmel/Studio/7.0/Packs/atmel/AVR-Dx_DFP/1.9.103/gcc/dev/avr128da48/avrxmega4/crtavr128da48.o
                0x000000000000030a                __vector_38
                0x000000000000030a                __vector_28
                0x000000000000030a                __vector_1
                0x000000000000030a                __vector_34
                0x000000000000030a                __vector_46
                0x000000000000030a                __bad_interrupt
                0x000000000000030a                __vector_35
                0x000000000000030a                __vector_39
                0x000000000000030a                __vector_3
                0x000000000000030a                __vector_23
                0x000000000000030a                __vector_45
                0x000000000000030a                __vector_25
                0x000000000000030a                __vector_11
                0x000000000000030a                __vector_54
                0x000000000000030a                __vector_17
                0x000000000000030a                __vector_7
                0x000000000000030a                __vector_49
                0x000000000000030a                __vector_43
                0x000000000000030a                __vector_27
                0x000000000000030a                __vector_5
                0x000000000000030a                __vector_33
                0x000000000000030a                __vector_47
                0x000000000000030a                __vector_52
                0x000000000000030a                __vector_37
                0x000000000000030a                __vector_4
                0x000000000000030a                __vector_44
                0x000000000000030a                __vector_51
                0x000000000000030a                __vector_9
                0x000000000000030a                __vector_2
                0x000000000000030a                __vector_21
                0x000000000000030a                __vector_15
                0x000000000000030a                __vector_36
                0x000000000000030a                __vector_40
                0x000000000000030a                __vector_8
                0x000000000000030a                __vector_26
                0x000000000000030a                __vector_48
                0x000000000000030a                __vector_14
                0x000000000000030a                __vector_57
                0x000000000000030a                __vector_53
                0x000000000000030a                __vector_10
                0x000000000000030a                __vector_50
                0x000000000000030a                __vector_16
                0x000000000000030a                __vector_18
                0x000000000000030a                __vector_42
 .text          0x000000000000030e       0x28 c:/program files (x86)/atmel/studio/7.0/toolchain/avr8/avr8-gnu-toolchain/bin/../lib/gcc/avr/7.3.0/../../../../avr/lib/avrxmega4\libc.a(isLeap.o)
                0x000000000000030e                is_leap_year
 .text          0x0000000000000336        0xe c:/program files (x86)/atmel/studio/7.0/toolchain/avr8/avr8-gnu-toolchain/bin/../lib/gcc/avr/7.3.0/../../../../avr/lib/avrxmega4\libc.a(localtime.o)
                0x0000000000000336                localtime
 .text          0x0000000000000344       0xa0 c:/program files (x86)/atmel/studio/7.0/toolchain/avr8/avr8-gnu-toolchain/bin/../lib/gcc/avr/7.3.0/../../../../avr/lib/avrxmega4\libc.a(localtime_r.o)
                0x0000000000000344                localtime_r
 .text          0x00000000000003e4       0x1a c:/program files (x86)/atmel/studio/7.0/toolchain/avr8/avr8-gnu-toolchain/bin/../lib/gcc/avr/7.3.0/../../../../avr/lib/avrxmega4\libc.a(month_length.o)
                0x00000000000003e4                month_length
 .text          0x00000000000003fe       0x18 c:/program files (x86)/atmel/studio/7.0/toolchain/avr8/avr8-gnu-toolchain/bin/../lib/gcc/avr/7.3.0/../../../../avr/lib/avrxmega4\libc.a(set_system_time.o)
                0x00000000000003fe                set_system_time
 .text          0x0000000000000416      0x64a c:/program files (x86)/atmel/studio/7.0/toolchain/avr8/avr8-gnu-toolchain/bin/../lib/gcc/avr/7.3.0/../../../../avr/lib/avrxmega4\libc.a(strftime.o)
                0x0000000000000416                pgm_copystring
                0x000000000000046c                strftime
 .text          0x0000000000000a60       0x26 c:/program files (x86)/atmel/studio/7.0/toolchain/avr8/avr8-gnu-toolchain/bin/../lib/gcc/avr/7.3.0/../../../../avr/lib/avrxmega4\libc.a(time.o)
                0x0000000000000a60                time
 .text          0x0000000000000a86       0x3e c:/program files (x86)/atmel/studio/7.0/toolchain/avr8/avr8-gnu-toolchain/bin/../lib/gcc/avr/7.3.0/../../../../avr/lib/avrxmega4\libc.a(week_of_year.o)
                0x0000000000000a86                week_of_year
 .text          0x0000000000000ac4       0x38 c:/program files (x86)/atmel/studio/7.0/toolchain/avr8/avr8-gnu-toolchain/bin/../lib/gcc/avr/7.3.0/../../../../avr/lib/avrxmega4\libc.a(system_tick.o)
                0x0000000000000ac4                system_tick
 .text          0x0000000000000afc      0x106 c:/program files (x86)/atmel/studio/7.0/toolchain/avr8/avr8-gnu-toolchain/bin/../lib/gcc/avr/7.3.0/../../../../avr/lib/avrxmega4\libc.a(asctime_r.o)
                0x0000000000000afc                asctime_r
 .text          0x0000000000000c02      0x1a6 c:/program files (x86)/atmel/studio/7.0/toolchain/avr8/avr8-gnu-toolchain/bin/../lib/gcc/avr/7.3.0/../../../../avr/lib/avrxmega4\libc.a(gmtime_r.o)
                0x0000000000000c02                gmtime_r
 .text          0x0000000000000da8       0xf4 c:/program files (x86)/atmel/studio/7.0/toolchain/avr8/avr8-gnu-toolchain/bin/../lib/gcc/avr/7.3.0/../../../../avr/lib/avrxmega4\libc.a(iso_week_date_r.o)
                0x0000000000000da8                iso_week_date_r
 .text          0x0000000000000e9c       0x24 c:/program files (x86)/atmel/studio/7.0/toolchain/avr8/avr8-gnu-toolchain/bin/../lib/gcc/avr/7.3.0/../../../../avr/lib/avrxmega4\libc.a(print_lz.o)
                0x0000000000000e9c                __print_lz
                0x0000000000000ec0                . = ALIGN (0x2)
 *(.text.*)
 .text.atmel_start_init
                0x0000000000000ec0        0x6 atmel_start.o
                0x0000000000000ec0                atmel_start_init
 .text.__vector_20
                0x0000000000000ec6      0x118 driver_isr.o
                0x0000000000000ec6                __vector_20
 .text.__vector_56
                0x0000000000000fde      0x11e driver_isr.o
                0x0000000000000fde                __vector_56
 .text._Z10linkbus_Rxh
                0x00000000000010fc      0x274 driver_isr.o
                0x00000000000010fc                _Z10linkbus_Rxh
 .text.__vector_19
                0x0000000000001370       0x62 driver_isr.o
                0x0000000000001370                __vector_19
 .text.__vector_55
                0x00000000000013d2       0x64 driver_isr.o
                0x00000000000013d2                __vector_55
 .text.__vector_31
                0x0000000000001436       0x64 driver_isr.o
                0x0000000000001436                __vector_31
 .text.__vector_32
                0x000000000000149a      0x11e driver_isr.o
                0x000000000000149a                __vector_32
 .text.__vector_6
                0x00000000000015b8      0x1a8 main.o
                0x00000000000015b8                __vector_6
 .text._Z17handle_1sec_tasksv
                0x0000000000001760      0x220 main.o
                0x0000000000001760                _Z17handle_1sec_tasksv
 .text.__vector_22
                0x0000000000001980       0x44 main.o
                0x0000000000001980                __vector_22
 .text.__vector_12
                0x00000000000019c4      0xa3a main.o
                0x00000000000019c4                __vector_12
 .text.__vector_29
                0x00000000000023fe       0x46 main.o
                0x00000000000023fe                __vector_29
 .text._Z12powerDown3V3v
                0x0000000000002444        0xc main.o
                0x0000000000002444                _Z12powerDown3V3v
 .text._Z10powerUp3V3v
                0x0000000000002450        0xc main.o
                0x0000000000002450                _Z10powerUp3V3v
 .text._Z6setFanb
                0x000000000000245c        0xc main.o
                0x000000000000245c                _Z6setFanb
 .text._Z7fanIsOnv
                0x0000000000002468        0x8 main.o
                0x0000000000002468                _Z7fanIsOnv
 .text.main     0x0000000000002470      0x7d4 main.o
                0x0000000000002470                main
 .text._Z17handleLinkBusMsgsv
                0x0000000000002c44      0xf56 main.o
                0x0000000000002c44                _Z17handleLinkBusMsgsv
 .text._Z12eventEnabledv
                0x0000000000003b9a      0x140 main.o
                0x0000000000003b9a                _Z12eventEnabledv
 .text._Z13throttleValueh
                0x0000000000003cda       0x4e main.o
                0x0000000000003cda                _Z13throttleValueh
 .text._Z19syncSystemTimeToRTCv
                0x0000000000003d28       0x3a main.o
                0x0000000000003d28                _Z19syncSystemTimeToRTCv
 .text._Z11launchEventP2SC
                0x0000000000003d62       0x6a main.o
                0x0000000000003d62                _Z11launchEventP2SC
 .text._Z33activateEventUsingCurrentSettingsP2SC
                0x0000000000003dcc      0x342 main.o
                0x0000000000003dcc                _Z33activateEventUsingCurrentSettingsP2SC
 .text._Z8rtc_initv
                0x000000000000410e       0x74 main.o
                0x000000000000410e                _Z8rtc_initv
 .text._Z25setAntennaStateEnunciatorv
                0x0000000000004182       0x6c main.o
                0x0000000000004182                _Z25setAntennaStateEnunciatorv
 .text._Z12suspendEventv
                0x00000000000041ee       0x2e main.o
                0x00000000000041ee                _Z12suspendEventv
 .text._Z13startEventNow19EventActionSource_t
                0x000000000000421c       0xba main.o
                0x000000000000421c                _Z13startEventNow19EventActionSource_t
 .text._Z11setupForFox5Fox_t13EventAction_t
                0x00000000000042d6      0x34a main.o
                0x00000000000042d6                _Z11setupForFox5Fox_t13EventAction_t
 .text._Z23clockConfigurationCheckv
                0x0000000000004620      0x10e main.o
                0x0000000000004620                _Z23clockConfigurationCheckv
 .text._Z15timeNeededForIDv
                0x000000000000472e       0x2c main.o
                0x000000000000472e                _Z15timeNeededForIDv
 .text._Z20eventScheduledForNowv
                0x000000000000475a       0x92 main.o
                0x000000000000475a                _Z20eventScheduledForNowv
 .text._Z26eventScheduledForTheFuturev
                0x00000000000047ec       0x72 main.o
                0x00000000000047ec                _Z26eventScheduledForTheFuturev
 .text._Z14eventScheduledv
                0x000000000000485e       0x24 main.o
                0x000000000000485e                _Z14eventScheduledv
 .text._Z15externBatStringb
                0x0000000000004882       0xc8 main.o
                0x0000000000004882                _Z15externBatStringb
 .text._Z7repCharPccc
                0x000000000000494a       0x36 main.o
                0x000000000000494a                _Z7repCharPccc
 .text._Z14trimwhitespacePc
                0x0000000000004980       0x54 main.o
                0x0000000000004980                _Z14trimwhitespacePc
 .text._GLOBAL__sub_I_g_antenna_connect_state
                0x00000000000049d4       0x1e main.o
 .text._GLOBAL__sub_D_g_antenna_connect_state
                0x00000000000049f2       0x1a main.o
 .text._ZL16ADC0_SYSTEM_initb
                0x0000000000004a0c       0x90 src/adc.o
 .text._Z18ADC0_setADCChannel20ADC_Active_Channel_t
                0x0000000000004a9c       0xb0 src/adc.o
                0x0000000000004a9c                _Z18ADC0_setADCChannel20ADC_Active_Channel_t
 .text._Z20ADC0_startConversionv
                0x0000000000004b4c       0x18 src/adc.o
                0x0000000000004b4c                _Z20ADC0_startConversionv
 .text._Z19ADC0_conversionDonev
                0x0000000000004b64        0x8 src/adc.o
                0x0000000000004b64                _Z19ADC0_conversionDonev
 .text._Z9ADC0_readv
                0x0000000000004b6c        0xa src/adc.o
                0x0000000000004b6c                _Z9ADC0_readv
 .text._Z12temperatureCv
                0x0000000000004b76       0xda src/adc.o
                0x0000000000004b76                _Z12temperatureCv
 .text.__vector_24
                0x0000000000004c50       0x62 src/adc.o
                0x0000000000004c50                __vector_24
 .text._GLOBAL__sub_I_g_adcVal
                0x0000000000004cb2       0x22 src/adc.o
 .text._GLOBAL__sub_D_g_adcVal
                0x0000000000004cd4        0xa src/adc.o
 .text._Z8debouncev
                0x0000000000004cde       0x56 src/binio.o
                0x0000000000004cde                _Z8debouncev
 .text._Z18portCdebouncedValsv
                0x0000000000004d34        0x6 src/binio.o
                0x0000000000004d34                _Z18portCdebouncedValsv
 .text._Z18portDdebouncedValsv
                0x0000000000004d3a        0x6 src/binio.o
                0x0000000000004d3a                _Z18portDdebouncedValsv
 .text._Z10BINIO_initv
                0x0000000000004d40      0x10a src/binio.o
                0x0000000000004d40                _Z10BINIO_initv
 .text._Z11BINIO_sleepv
                0x0000000000004e4a       0xa8 src/binio.o
                0x0000000000004e4a                _Z11BINIO_sleepv
 .text.BOD_init
                0x0000000000004ef2        0x8 src/bod.o
                0x0000000000004ef2                BOD_init
 .text._ZN18CircularStringBuffC2Ej
                0x0000000000004efa       0x30 src/CircularStringBuff.o
                0x0000000000004efa                _ZN18CircularStringBuffC1Ej
                0x0000000000004efa                _ZN18CircularStringBuffC2Ej
 .text._ZN18CircularStringBuffD2Ev
                0x0000000000004f2a        0xc src/CircularStringBuff.o
                0x0000000000004f2a                _ZN18CircularStringBuffD2Ev
                0x0000000000004f2a                _ZN18CircularStringBuffD1Ev
 .text._ZN18CircularStringBuff5resetEv
                0x0000000000004f36       0x10 src/CircularStringBuff.o
                0x0000000000004f36                _ZN18CircularStringBuff5resetEv
 .text._ZNK18CircularStringBuff5emptyEv
                0x0000000000004f46       0x20 src/CircularStringBuff.o
                0x0000000000004f46                _ZNK18CircularStringBuff5emptyEv
 .text._ZN18CircularStringBuff7setBusyEb
                0x0000000000004f66       0x12 src/CircularStringBuff.o
                0x0000000000004f66                _ZN18CircularStringBuff7setBusyEb
 .text._ZN18CircularStringBuff6isBusyEv
                0x0000000000004f78        0x6 src/CircularStringBuff.o
                0x0000000000004f78                _ZN18CircularStringBuff6isBusyEv
 .text._ZNK18CircularStringBuff4fullEv
                0x0000000000004f7e        0x6 src/CircularStringBuff.o
                0x0000000000004f7e                _ZNK18CircularStringBuff4fullEv
 .text._ZN18CircularStringBuff3putEc
                0x0000000000004f84       0x5c src/CircularStringBuff.o
                0x0000000000004f84                _ZN18CircularStringBuff3putEc
 .text._ZN18CircularStringBuff3popEv
                0x0000000000004fe0       0x44 src/CircularStringBuff.o
                0x0000000000004fe0                _ZN18CircularStringBuff3popEv
 .text._ZN18CircularStringBuff3getEv
                0x0000000000005024       0x36 src/CircularStringBuff.o
                0x0000000000005024                _ZN18CircularStringBuff3getEv
 .text.CLKCTRL_init
                0x000000000000505a       0x10 src/clkctrl.o
                0x000000000000505a                CLKCTRL_init
 .text.CPUINT_init
                0x000000000000506a        0x6 src/cpuint.o
                0x000000000000506a                CPUINT_init
 .text._Z9DAC0_initv
                0x0000000000005070       0x34 src/dac0.o
                0x0000000000005070                _Z9DAC0_initv
 .text._Z11DAC0_setValj
                0x00000000000050a4       0x1c src/dac0.o
                0x00000000000050a4                _Z11DAC0_setValj
 .text.mcu_init
                0x00000000000050c0       0x6e src/driver_init.o
                0x00000000000050c0                mcu_init
 .text.system_init
                0x000000000000512e       0x4a src/driver_init.o
                0x000000000000512e                system_init
 .text.system_sleep_settings
                0x0000000000005178       0x16 src/driver_init.o
                0x0000000000005178                system_sleep_settings
 .text.ds3231_get_epoch
                0x000000000000518e      0x266 src/ds3231.o
                0x000000000000518e                ds3231_get_epoch
 .text.ds3231_set_date_time
                0x00000000000053f4       0xa0 src/ds3231.o
                0x00000000000053f4                ds3231_set_date_time
 .text.ds3231_1s_sqw
                0x0000000000005494       0x42 src/ds3231.o
                0x0000000000005494                ds3231_1s_sqw
 .text.ds3231_set_aging
                0x00000000000054d6       0x38 src/ds3231.o
                0x00000000000054d6                ds3231_set_aging
 .text.ds3231_get_aging
                0x000000000000550e       0x32 src/ds3231.o
                0x000000000000550e                ds3231_get_aging
 .text.ds3231_responding
                0x0000000000005540       0x3a src/ds3231.o
                0x0000000000005540                ds3231_responding
 .text.ds3231_init
                0x000000000000557a        0xe src/ds3231.o
                0x000000000000557a                ds3231_init
 .text.convertEpochToTimeString
                0x0000000000005588       0x6a src/ds3231.o
                0x0000000000005588                convertEpochToTimeString
 .text._ZN13EepromManagerC2Ev
                0x00000000000055f2        0x2 src/eeprommanager.o
                0x00000000000055f2                _ZN13EepromManagerC1Ev
                0x00000000000055f2                _ZN13EepromManagerC2Ev
 .text._ZN13EepromManagerD2Ev
                0x00000000000055f4        0x2 src/eeprommanager.o
                0x00000000000055f4                _ZN13EepromManagerD1Ev
                0x00000000000055f4                _ZN13EepromManagerD2Ev
 .text._Z21avr_eeprom_write_bytejh
                0x00000000000055f6       0x26 src/eeprommanager.o
                0x00000000000055f6                _Z21avr_eeprom_write_bytejh
 .text._Z21avr_eeprom_write_wordjj
                0x000000000000561c       0x28 src/eeprommanager.o
                0x000000000000561c                _Z21avr_eeprom_write_wordjj
 .text._Z22avr_eeprom_write_dwordjm
                0x0000000000005644       0x2c src/eeprommanager.o
                0x0000000000005644                _Z22avr_eeprom_write_dwordjm
 .text._Z22avr_eeprom_write_floatjf
                0x0000000000005670       0x2c src/eeprommanager.o
                0x0000000000005670                _Z22avr_eeprom_write_floatjf
 .text._ZN13EepromManager15updateEEPROMVarE8EE_var_tPv
                0x000000000000569c      0x74e src/eeprommanager.o
                0x000000000000569c                _ZN13EepromManager15updateEEPROMVarE8EE_var_tPv
 .text._ZN13EepromManager13saveAllEEPROMEv
                0x0000000000005dea      0x1bc src/eeprommanager.o
                0x0000000000005dea                _ZN13EepromManager13saveAllEEPROMEv
 .text._ZN13EepromManager11readNonVolsEv
                0x0000000000005fa6      0x50c src/eeprommanager.o
                0x0000000000005fa6                _ZN13EepromManager11readNonVolsEv
 .text._ZN13EepromManager20initializeEEPROMVarsEv
                0x00000000000064b2      0x40c src/eeprommanager.o
                0x00000000000064b2                _ZN13EepromManager20initializeEEPROMVarsEv
 .text._ZN8GoertzelC2Eff
                0x00000000000068be       0xa0 src/Goertzel.o
                0x00000000000068be                _ZN8GoertzelC1Eff
                0x00000000000068be                _ZN8GoertzelC2Eff
 .text._ZN8GoertzelD2Ev
                0x000000000000695e        0xe src/Goertzel.o
                0x000000000000695e                _ZN8GoertzelD2Ev
                0x000000000000695e                _ZN8GoertzelD1Ev
 .text._ZN8Goertzel9DataPointEi
                0x000000000000696c       0x66 src/Goertzel.o
                0x000000000000696c                _ZN8Goertzel9DataPointEi
 .text._Z10wifi_powerb
                0x00000000000069d2        0xc src/huzzah.o
                0x00000000000069d2                _Z10wifi_powerb
 .text._Z10wifi_resetb
                0x00000000000069de        0xc src/huzzah.o
                0x00000000000069de                _Z10wifi_resetb
 .text._Z11wifiPresentv
                0x00000000000069ea        0xa src/huzzah.o
                0x00000000000069ea                _Z11wifiPresentv
 .text._ZL11i2c_0_WaitWv
                0x00000000000069f4       0x50 src/i2c.o
 .text._ZL11i2c_1_WaitWv
                0x0000000000006a44       0x3c src/i2c.o
 .text.I2C_0_Init
                0x0000000000006a80       0x24 src/i2c.o
                0x0000000000006a80                I2C_0_Init
 .text.I2C_0_SendData
                0x0000000000006aa4       0x88 src/i2c.o
                0x0000000000006aa4                I2C_0_SendData
 .text.I2C_0_GetData
                0x0000000000006b2c       0xaa src/i2c.o
                0x0000000000006b2c                I2C_0_GetData
 .text.I2C_1_Shutdown
                0x0000000000006bd6        0xc src/i2c.o
                0x0000000000006bd6                I2C_1_Shutdown
 .text.I2C_1_Init
                0x0000000000006be2       0x38 src/i2c.o
                0x0000000000006be2                I2C_1_Init
 .text.I2C_1_SendData
                0x0000000000006c1a       0x8c src/i2c.o
                0x0000000000006c1a                I2C_1_SendData
 .text.I2C_1_GetData
                0x0000000000006ca6       0xaa src/i2c.o
                0x0000000000006ca6                I2C_1_GetData
 .text._ZN4ledsC2Ev
                0x0000000000006d50        0x2 src/leds.o
                0x0000000000006d50                _ZN4ledsC2Ev
                0x0000000000006d50                _ZN4ledsC1Ev
 .text._ZN4ledsD2Ev
                0x0000000000006d52        0x2 src/leds.o
                0x0000000000006d52                _ZN4ledsD2Ev
                0x0000000000006d52                _ZN4ledsD1Ev
 .text.__vector_41
                0x0000000000006d54      0x22a src/leds.o
                0x0000000000006d54                __vector_41
 .text._ZN4leds6activeEv
                0x0000000000006f7e       0x24 src/leds.o
                0x0000000000006f7e                _ZN4leds6activeEv
 .text._ZN4leds10deactivateEv
                0x0000000000006fa2       0x36 src/leds.o
                0x0000000000006fa2                _ZN4leds10deactivateEv
 .text._ZN4leds6setRedEb
                0x0000000000006fd8       0x2a src/leds.o
                0x0000000000006fd8                _ZN4leds6setRedEb
 .text._ZN4leds8sendCodeEPc
                0x0000000000007002       0xbe src/leds.o
                0x0000000000007002                _ZN4leds8sendCodeEPc
 .text._ZN4leds5blinkE7Blink_tb
                0x00000000000070c0      0x43a src/leds.o
                0x00000000000070c0                _ZN4leds5blinkE7Blink_tb
 .text._ZN4leds5blinkE7Blink_t
                0x00000000000074fa        0x8 src/leds.o
                0x00000000000074fa                _ZN4leds5blinkE7Blink_t
 .text._ZN4leds5resetEv
                0x0000000000007502       0x36 src/leds.o
                0x0000000000007502                _ZN4leds5resetEv
 .text._ZN4leds4initE7Blink_t
                0x0000000000007538       0x46 src/leds.o
                0x0000000000007538                _ZN4leds4initE7Blink_t
 .text._ZN4leds4initEv
                0x000000000000757e        0xa src/leds.o
                0x000000000000757e                _ZN4leds4initEv
 .text._Z18nextFullLBTxBufferv
                0x0000000000007588       0x44 src/linkbus.o
                0x0000000000007588                _Z18nextFullLBTxBufferv
 .text._Z19nextEmptyLBTxBufferv
                0x00000000000075cc       0x44 src/linkbus.o
                0x00000000000075cc                _Z19nextEmptyLBTxBufferv
 .text._Z19nextEmptyLBRxBufferv
                0x0000000000007610       0x96 src/linkbus.o
                0x0000000000007610                _Z19nextEmptyLBRxBufferv
 .text._Z18nextFullLBRxBufferv
                0x00000000000076a6       0x96 src/linkbus.o
                0x00000000000076a6                _Z18nextFullLBRxBufferv
 .text._Z14linkbus_end_txv
                0x000000000000773c       0x30 src/linkbus.o
                0x000000000000773c                _Z14linkbus_end_txv
 .text._Z12linkbus_initm14USART_Number_t
                0x000000000000776c       0x80 src/linkbus.o
                0x000000000000776c                _Z12linkbus_initm14USART_Number_t
 .text._Z15linkbus_disablev
                0x00000000000077ec       0x40 src/linkbus.o
                0x00000000000077ec                _Z15linkbus_disablev
 .text._Z14linkbus_enablev
                0x000000000000782c       0x3a src/linkbus.o
                0x000000000000782c                _Z14linkbus_enablev
 .text._Z12lb_send_textPc
                0x0000000000007866       0xae src/linkbus.o
                0x0000000000007866                _Z12lb_send_textPc
 .text._Z11lb_send_msg13LBMessageTypePKcPc
                0x0000000000007914       0x52 src/linkbus.o
                0x0000000000007914                _Z11lb_send_msg13LBMessageTypePKcPc
 .text._Z16lb_broadcast_strPKcS0_
                0x0000000000007966       0x40 src/linkbus.o
                0x0000000000007966                _Z16lb_broadcast_strPKcS0_
 .text._Z15lastMorseCallerv
                0x00000000000079a6        0xa src/morse.o
                0x00000000000079a6                _Z15lastMorseCallerv
 .text._Z12getMorseCharc
                0x00000000000079b0      0x2aa src/morse.o
                0x00000000000079b0                _Z12getMorseCharc
 .text._Z9makeMorsePcPbS0_10callerID_t
                0x0000000000007c5a      0x21a src/morse.o
                0x0000000000007c5a                _Z9makeMorsePcPbS0_10callerID_t
 .text._Z26timeRequiredToSendStrAtWPMPcj
                0x0000000000007e74       0x6e src/morse.o
                0x0000000000007e74                _Z26timeRequiredToSendStrAtWPMPcj
 .text.protected_write_io
                0x0000000000007ee2        0xa src/protected_io.o
                0x0000000000007ee2                protected_write_io
 .text.nextFullSBTxBuffer
                0x0000000000007eec       0x8c src/serialbus.o
                0x0000000000007eec                nextFullSBTxBuffer
 .text.serialbus_end_tx
                0x0000000000007f78       0x30 src/serialbus.o
                0x0000000000007f78                serialbus_end_tx
 .text.serialbus_init
                0x0000000000007fa8       0x9a src/serialbus.o
                0x0000000000007fa8                serialbus_init
 .text.si5351_shutdown_comms
                0x0000000000008042        0x6 src/si5351.o
                0x0000000000008042                si5351_shutdown_comms
 .text.si5351_start_comms
                0x0000000000008048        0x6 src/si5351.o
                0x0000000000008048                si5351_start_comms
 .text._Z13reduce_by_gcdPmS_
                0x000000000000804e       0xe8 src/si5351.o
                0x000000000000804e                _Z13reduce_by_gcdPmS_
 .text._Z8pll_calcmP13u_si5351_regs
                0x0000000000008136      0x130 src/si5351.o
                0x0000000000008136                _Z8pll_calcmP13u_si5351_regs
 .text._Z15multisynth_calcmP13u_si5351_regsPbS1_
                0x0000000000008266      0x17c src/si5351.o
                0x0000000000008266                _Z15multisynth_calcmP13u_si5351_regsPbS1_
 .text._Z19multisynth_estimatemP13u_si5351_regsPbS1_
                0x00000000000083e2      0x1fe src/si5351.o
                0x00000000000083e2                _Z19multisynth_estimatemP13u_si5351_regsPbS1_
 .text._Z17si5351_write_bulkhPhh
                0x00000000000085e0       0x38 src/si5351.o
                0x00000000000085e0                _Z17si5351_write_bulkhPhh
 .text._Z7set_pllm10si5351_pll
                0x0000000000008618       0x82 src/si5351.o
                0x0000000000008618                _Z7set_pllm10si5351_pll
 .text._Z16si5351_read_bulkhPhh
                0x000000000000869a       0x38 src/si5351.o
                0x000000000000869a                _Z16si5351_read_bulkhPhh
 .text.si5351_init
                0x00000000000086d2      0x168 src/si5351.o
                0x00000000000086d2                si5351_init
 .text.si5351_clock_enable
                0x000000000000883a       0x80 src/si5351.o
                0x000000000000883a                si5351_clock_enable
 .text.si5351_drive_strength
                0x00000000000088ba       0x8a src/si5351.o
                0x00000000000088ba                si5351_drive_strength
 .text._Z31set_multisynth_registers_source12si5351_clock10si5351_pll
                0x0000000000008944       0x62 src/si5351.o
                0x0000000000008944                _Z31set_multisynth_registers_source12si5351_clock10si5351_pll
 .text._Z16set_integer_mode12si5351_clockb
                0x00000000000089a6       0x50 src/si5351.o
                0x00000000000089a6                _Z16set_integer_mode12si5351_clockb
 .text._Z6ms_div12si5351_clockhb
                0x00000000000089f6       0x84 src/si5351.o
                0x00000000000089f6                _Z6ms_div12si5351_clockhb
 .text._Z24set_multisynth_registers12si5351_clock13u_si5351_regsbhb
                0x0000000000008a7a       0xfe src/si5351.o
                0x0000000000008a7a                _Z24set_multisynth_registers12si5351_clock13u_si5351_regsbhb
 .text.si5351_set_freq
                0x0000000000008b78      0x2d8 src/si5351.o
                0x0000000000008b78                si5351_set_freq
 .text.SLPCTRL_init
                0x0000000000008e50        0x8 src/slpctrl.o
                0x0000000000008e50                SLPCTRL_init
 .text.SLPCTRL_set_sleep_mode
                0x0000000000008e58       0x10 src/slpctrl.o
                0x0000000000008e58                SLPCTRL_set_sleep_mode
 .text.TIMERB_init
                0x0000000000008e68       0x5c src/tcb.o
                0x0000000000008e68                TIMERB_init
 .text.util_delay_ms
                0x0000000000008ec4      0x114 src/tcb.o
                0x0000000000008ec4                util_delay_ms
 .text.__vector_30
                0x0000000000008fd8       0x84 src/tcb.o
                0x0000000000008fd8                __vector_30
 .text.__vector_13
                0x000000000000905c       0x66 src/tcb.o
                0x000000000000905c                __vector_13
 .text.TIMERB_sleep
                0x00000000000090c2       0x24 src/tcb.o
                0x00000000000090c2                TIMERB_sleep
 .text._Z14txSetFrequencyPmb
                0x00000000000090e6       0x72 src/transmitter.o
                0x00000000000090e6                _Z14txSetFrequencyPmb
 .text._Z14txGetFrequencyv
                0x0000000000009158       0x12 src/transmitter.o
                0x0000000000009158                _Z14txGetFrequencyv
 .text._Z18powerToTransmitterb
                0x000000000000916a       0x1e src/transmitter.o
                0x000000000000916a                _Z18powerToTransmitterb
 .text._Z9txKeyDownb
                0x0000000000009188       0x2a src/transmitter.o
                0x0000000000009188                _Z9txKeyDownb
 .text._Z10fet_driverb
                0x00000000000091b2        0xc src/transmitter.o
                0x00000000000091b2                _Z10fet_driverb
 .text._Z19final_drain_voltageb
                0x00000000000091be       0x18 src/transmitter.o
                0x00000000000091be                _Z19final_drain_voltageb
 .text._Z15inhibitRFOutputb
                0x00000000000091d6       0x46 src/transmitter.o
                0x00000000000091d6                _Z15inhibitRFOutputb
 .text._Z14keyTransmitterb
                0x000000000000921c       0x76 src/transmitter.o
                0x000000000000921c                _Z14keyTransmitterb
 .text._Z12txGetPowerMwv
                0x0000000000009292        0xa src/transmitter.o
                0x0000000000009292                _Z12txGetPowerMwv
 .text._Z15txIsInitializedv
                0x000000000000929c        0x6 src/transmitter.o
                0x000000000000929c                _Z15txIsInitializedv
 .text._Z15txSetParametersPjPb
                0x00000000000092a2      0x132 src/transmitter.o
                0x00000000000092a2                _Z15txSetParametersPjPb
 .text._Z20shutdown_transmitterv
                0x00000000000093d4        0x6 src/transmitter.o
                0x00000000000093d4                _Z20shutdown_transmitterv
 .text._Z16init_transmitterm
                0x00000000000093da       0x16 src/transmitter.o
                0x00000000000093da                _Z16init_transmitterm
 .text._Z16init_transmitterv
                0x00000000000093f0       0xa2 src/transmitter.o
                0x00000000000093f0                _Z16init_transmitterv
 .text._Z22txMilliwattsToSettingsPjS_
                0x0000000000009492      0x17e src/transmitter.o
                0x0000000000009492                _Z22txMilliwattsToSettingsPjS_
 .text.USART0_get_data
                0x0000000000009610        0x6 src/usart_basic.o
                0x0000000000009610                USART0_get_data
 .text.USART1_init
                0x0000000000009616       0x60 src/usart_basic.o
                0x0000000000009616                USART1_init
 .text.USART1_enable
                0x0000000000009676        0xc src/usart_basic.o
                0x0000000000009676                USART1_enable
 .text.USART1_enable_tx
                0x0000000000009682       0x12 src/usart_basic.o
                0x0000000000009682                USART1_enable_tx
 .text.USART1_disable
                0x0000000000009694        0xc src/usart_basic.o
                0x0000000000009694                USART1_disable
 .text.USART1_get_data
                0x00000000000096a0        0x6 src/usart_basic.o
                0x00000000000096a0                USART1_get_data
 .text.USART4_init
                0x00000000000096a6       0x58 src/usart_basic.o
                0x00000000000096a6                USART4_init
 .text.USART4_enable
                0x00000000000096fe        0xc src/usart_basic.o
                0x00000000000096fe                USART4_enable
 .text.USART4_enable_tx
                0x000000000000970a       0x12 src/usart_basic.o
                0x000000000000970a                USART4_enable_tx
 .text.USART4_disable
                0x000000000000971c        0xc src/usart_basic.o
                0x000000000000971c                USART4_disable
 .text.USART4_get_data
                0x0000000000009728        0x6 src/usart_basic.o
                0x0000000000009728                USART4_get_data
 .text._Z7timeDifmm
                0x000000000000972e        0xa src/util.o
                0x000000000000972e                _Z7timeDifmm
 .text.avr-libc.fplib
                0x0000000000009738        0xe c:/program files (x86)/atmel/studio/7.0/toolchain/avr8/avr8-gnu-toolchain/bin/../lib/gcc/avr/7.3.0/../../../../avr/lib/avrxmega4\libm.a(addsf3.o)
                0x0000000000009738                __subsf3
                0x000000000000973a                __addsf3
 .text.avr-libc.fplib
                0x0000000000009746       0xcc c:/program files (x86)/atmel/studio/7.0/toolchain/avr8/avr8-gnu-toolchain/bin/../lib/gcc/avr/7.3.0/../../../../avr/lib/avrxmega4\libm.a(addsf3x.o)
                0x0000000000009768                __addsf3x
 .text.avr-libc.fplib
                0x0000000000009812        0xa c:/program files (x86)/atmel/studio/7.0/toolchain/avr8/avr8-gnu-toolchain/bin/../lib/gcc/avr/7.3.0/../../../../avr/lib/avrxmega4\libm.a(cmpsf2.o)
                0x0000000000009812                __nesf2
                0x0000000000009812                __eqsf2
                0x0000000000009812                __cmpsf2
                0x0000000000009812                __ltsf2
                0x0000000000009812                __lesf2
 .text.avr-libc.fplib
                0x000000000000981c        0x8 c:/program files (x86)/atmel/studio/7.0/toolchain/avr8/avr8-gnu-toolchain/bin/../lib/gcc/avr/7.3.0/../../../../avr/lib/avrxmega4\libm.a(divsf3.o)
                0x000000000000981c                __divsf3
 .text.avr-libc.fplib
                0x0000000000009824       0xdc c:/program files (x86)/atmel/studio/7.0/toolchain/avr8/avr8-gnu-toolchain/bin/../lib/gcc/avr/7.3.0/../../../../avr/lib/avrxmega4\libm.a(divsf3x.o)
                0x0000000000009844                __divsf3x
                0x000000000000984a                __divsf3_pse
 .text.avr-libc.fplib
                0x0000000000009900        0xe c:/program files (x86)/atmel/studio/7.0/toolchain/avr8/avr8-gnu-toolchain/bin/../lib/gcc/avr/7.3.0/../../../../avr/lib/avrxmega4\libm.a(fixsfsi.o)
                0x0000000000009900                __fixsfsi
 .text.avr-libc.fplib
                0x000000000000990e       0x5e c:/program files (x86)/atmel/studio/7.0/toolchain/avr8/avr8-gnu-toolchain/bin/../lib/gcc/avr/7.3.0/../../../../avr/lib/avrxmega4\libm.a(fixunssfsi.o)
                0x000000000000990e                __fixunssfsi
 .text.avr-libc.fplib
                0x000000000000996c       0x7a c:/program files (x86)/atmel/studio/7.0/toolchain/avr8/avr8-gnu-toolchain/bin/../lib/gcc/avr/7.3.0/../../../../avr/lib/avrxmega4\libm.a(floatsisf.o)
                0x000000000000996c                __floatunsisf
                0x0000000000009970                __floatsisf
 .text.avr-libc.fplib
                0x00000000000099e6       0x48 c:/program files (x86)/atmel/studio/7.0/toolchain/avr8/avr8-gnu-toolchain/bin/../lib/gcc/avr/7.3.0/../../../../avr/lib/avrxmega4\libm.a(fp_cmp.o)
                0x00000000000099e6                __fp_cmp
 .text.avr-libc.fplib
                0x0000000000009a2e        0xc c:/program files (x86)/atmel/studio/7.0/toolchain/avr8/avr8-gnu-toolchain/bin/../lib/gcc/avr/7.3.0/../../../../avr/lib/avrxmega4\libm.a(fp_inf.o)
                0x0000000000009a2e                __fp_inf
 .text.avr-libc.fplib
                0x0000000000009a3a        0x6 c:/program files (x86)/atmel/studio/7.0/toolchain/avr8/avr8-gnu-toolchain/bin/../lib/gcc/avr/7.3.0/../../../../avr/lib/avrxmega4\libm.a(fp_nan.o)
                0x0000000000009a3a                __fp_nan
 .text.avr-libc.fplib
                0x0000000000009a40        0xe c:/program files (x86)/atmel/studio/7.0/toolchain/avr8/avr8-gnu-toolchain/bin/../lib/gcc/avr/7.3.0/../../../../avr/lib/avrxmega4\libm.a(fp_pscA.o)
                0x0000000000009a40                __fp_pscA
 .text.avr-libc.fplib
                0x0000000000009a4e        0xe c:/program files (x86)/atmel/studio/7.0/toolchain/avr8/avr8-gnu-toolchain/bin/../lib/gcc/avr/7.3.0/../../../../avr/lib/avrxmega4\libm.a(fp_pscB.o)
                0x0000000000009a4e                __fp_pscB
 .text.avr-libc.fplib
                0x0000000000009a5c       0x22 c:/program files (x86)/atmel/studio/7.0/toolchain/avr8/avr8-gnu-toolchain/bin/../lib/gcc/avr/7.3.0/../../../../avr/lib/avrxmega4\libm.a(fp_round.o)
                0x0000000000009a5c                __fp_round
 .text.avr-libc.fplib
                0x0000000000009a7e       0x44 c:/program files (x86)/atmel/studio/7.0/toolchain/avr8/avr8-gnu-toolchain/bin/../lib/gcc/avr/7.3.0/../../../../avr/lib/avrxmega4\libm.a(fp_split3.o)
                0x0000000000009a7e                __fp_split3
                0x0000000000009a8e                __fp_splitA
 .text.avr-libc.fplib
                0x0000000000009ac2        0xe c:/program files (x86)/atmel/studio/7.0/toolchain/avr8/avr8-gnu-toolchain/bin/../lib/gcc/avr/7.3.0/../../../../avr/lib/avrxmega4\libm.a(fp_zero.o)
                0x0000000000009ac2                __fp_zero
                0x0000000000009ac4                __fp_szero
 .text.avr-libc.fplib
                0x0000000000009ad0        0xa c:/program files (x86)/atmel/studio/7.0/toolchain/avr8/avr8-gnu-toolchain/bin/../lib/gcc/avr/7.3.0/../../../../avr/lib/avrxmega4\libm.a(gesf2.o)
                0x0000000000009ad0                __gesf2
                0x0000000000009ad0                __gtsf2
 .text.avr-libc.fplib
                0x0000000000009ada        0x8 c:/program files (x86)/atmel/studio/7.0/toolchain/avr8/avr8-gnu-toolchain/bin/../lib/gcc/avr/7.3.0/../../../../avr/lib/avrxmega4\libm.a(mulsf3.o)
                0x0000000000009ada                __mulsf3
 .text.avr-libc.fplib
                0x0000000000009ae2       0xd2 c:/program files (x86)/atmel/studio/7.0/toolchain/avr8/avr8-gnu-toolchain/bin/../lib/gcc/avr/7.3.0/../../../../avr/lib/avrxmega4\libm.a(mulsf3x.o)
                0x0000000000009b00                __mulsf3x
                0x0000000000009b06                __mulsf3_pse
 .text.libgcc.mul
                0x0000000000009bb4       0x20 c:/program files (x86)/atmel/studio/7.0/toolchain/avr8/avr8-gnu-toolchain/bin/../lib/gcc/avr/7.3.0/avrxmega4\libgcc.a(_mulsi3.o)
                0x0000000000009bb4                __mulsi3
 .text.libgcc.div
                0x0000000000009bd4       0x28 c:/program files (x86)/atmel/studio/7.0/toolchain/avr8/avr8-gnu-toolchain/bin/../lib/gcc/avr/7.3.0/avrxmega4\libgcc.a(_udivmodhi4.o)
                0x0000000000009bd4                __udivmodhi4
 .text.libgcc.div
                0x0000000000009bfc       0x28 c:/program files (x86)/atmel/studio/7.0/toolchain/avr8/avr8-gnu-toolchain/bin/../lib/gcc/avr/7.3.0/avrxmega4\libgcc.a(_divmodhi4.o)
                0x0000000000009bfc                _div
                0x0000000000009bfc                __divmodhi4
 .text.libgcc.div
                0x0000000000009c24       0x44 c:/program files (x86)/atmel/studio/7.0/toolchain/avr8/avr8-gnu-toolchain/bin/../lib/gcc/avr/7.3.0/avrxmega4\libgcc.a(_udivmodsi4.o)
                0x0000000000009c24                __udivmodsi4
 .text.libgcc.div
                0x0000000000009c68       0x2e c:/program files (x86)/atmel/studio/7.0/toolchain/avr8/avr8-gnu-toolchain/bin/../lib/gcc/avr/7.3.0/avrxmega4\libgcc.a(_divmodsi4.o)
                0x0000000000009c68                __divmodsi4
 .text.libgcc.div
                0x0000000000009c96       0x10 c:/program files (x86)/atmel/studio/7.0/toolchain/avr8/avr8-gnu-toolchain/bin/../lib/gcc/avr/7.3.0/avrxmega4\libgcc.a(_negsi2.o)
                0x0000000000009c96                __negsi2
 .text.libgcc   0x0000000000009ca6       0x12 c:/program files (x86)/atmel/studio/7.0/toolchain/avr8/avr8-gnu-toolchain/bin/../lib/gcc/avr/7.3.0/avrxmega4\libgcc.a(_tablejump2.o)
                0x0000000000009ca6                __tablejump2__
 .text.libgcc.mul
                0x0000000000009cb8       0x1e c:/program files (x86)/atmel/studio/7.0/toolchain/avr8/avr8-gnu-toolchain/bin/../lib/gcc/avr/7.3.0/avrxmega4\libgcc.a(_umulhisi3.o)
                0x0000000000009cb8                __umulhisi3
 .text.libgcc.mul
                0x0000000000009cd6        0xe c:/program files (x86)/atmel/studio/7.0/toolchain/avr8/avr8-gnu-toolchain/bin/../lib/gcc/avr/7.3.0/avrxmega4\libgcc.a(_usmulhisi3.o)
                0x0000000000009cd6                __usmulhisi3
                0x0000000000009cda                __usmulhisi3_tail
 .text.libgcc.mul
                0x0000000000009ce4       0x16 c:/program files (x86)/atmel/studio/7.0/toolchain/avr8/avr8-gnu-toolchain/bin/../lib/gcc/avr/7.3.0/avrxmega4\libgcc.a(_muluhisi3.o)
                0x0000000000009ce4                __muluhisi3
 .text.libgcc.mul
                0x0000000000009cfa       0x10 c:/program files (x86)/atmel/studio/7.0/toolchain/avr8/avr8-gnu-toolchain/bin/../lib/gcc/avr/7.3.0/avrxmega4\libgcc.a(_mulshisi3.o)
                0x0000000000009cfa                __mulshisi3
                0x0000000000009d00                __mulohisi3
 .text.avr-libc
                0x0000000000009d0a       0x3c c:/program files (x86)/atmel/studio/7.0/toolchain/avr8/avr8-gnu-toolchain/bin/../lib/gcc/avr/7.3.0/../../../../avr/lib/avrxmega4\libc.a(dtostrf.o)
                0x0000000000009d0a                dtostrf
 .text.avr-libc
                0x0000000000009d46      0x24a c:/program files (x86)/atmel/studio/7.0/toolchain/avr8/avr8-gnu-toolchain/bin/../lib/gcc/avr/7.3.0/../../../../avr/lib/avrxmega4\libc.a(malloc.o)
                0x0000000000009d46                malloc
                0x0000000000009e7e                free
 .text.avr-libc
                0x0000000000009f90       0x3c c:/program files (x86)/atmel/studio/7.0/toolchain/avr8/avr8-gnu-toolchain/bin/../lib/gcc/avr/7.3.0/../../../../avr/lib/avrxmega4\libc.a(atoi.o)
                0x0000000000009f90                atoi
 .text.avr-libc
                0x0000000000009fcc       0x4e c:/program files (x86)/atmel/studio/7.0/toolchain/avr8/avr8-gnu-toolchain/bin/../lib/gcc/avr/7.3.0/../../../../avr/lib/avrxmega4\libc.a(atol.o)
                0x0000000000009fcc                atol
 .text.avr-libc
                0x000000000000a01a       0x12 c:/program files (x86)/atmel/studio/7.0/toolchain/avr8/avr8-gnu-toolchain/bin/../lib/gcc/avr/7.3.0/../../../../avr/lib/avrxmega4\libc.a(isspace.o)
                0x000000000000a01a                isspace
 .text.avr-libc
                0x000000000000a02c       0x10 c:/program files (x86)/atmel/studio/7.0/toolchain/avr8/avr8-gnu-toolchain/bin/../lib/gcc/avr/7.3.0/../../../../avr/lib/avrxmega4\libc.a(toupper.o)
                0x000000000000a02c                toupper
 .text.avr-libc
                0x000000000000a03c       0x16 c:/program files (x86)/atmel/studio/7.0/toolchain/avr8/avr8-gnu-toolchain/bin/../lib/gcc/avr/7.3.0/../../../../avr/lib/avrxmega4\libc.a(strchr.o)
                0x000000000000a03c                strchr
 .text.avr-libc
                0x000000000000a052       0x12 c:/program files (x86)/atmel/studio/7.0/toolchain/avr8/avr8-gnu-toolchain/bin/../lib/gcc/avr/7.3.0/../../../../avr/lib/avrxmega4\libc.a(strcmp.o)
                0x000000000000a052                strcmp
 .text.avr-libc
                0x000000000000a064       0x12 c:/program files (x86)/atmel/studio/7.0/toolchain/avr8/avr8-gnu-toolchain/bin/../lib/gcc/avr/7.3.0/../../../../avr/lib/avrxmega4\libc.a(strlen.o)
                0x000000000000a064                strlen
 .text.avr-libc
                0x000000000000a076       0x20 c:/program files (x86)/atmel/studio/7.0/toolchain/avr8/avr8-gnu-toolchain/bin/../lib/gcc/avr/7.3.0/../../../../avr/lib/avrxmega4\libc.a(strncat.o)
                0x000000000000a076                strncat
 .text.avr-libc
                0x000000000000a096       0x1e c:/program files (x86)/atmel/studio/7.0/toolchain/avr8/avr8-gnu-toolchain/bin/../lib/gcc/avr/7.3.0/../../../../avr/lib/avrxmega4\libc.a(strncpy.o)
                0x000000000000a096                strncpy
 .text.avr-libc
                0x000000000000a0b4       0x2a c:/program files (x86)/atmel/studio/7.0/toolchain/avr8/avr8-gnu-toolchain/bin/../lib/gcc/avr/7.3.0/../../../../avr/lib/avrxmega4\libc.a(mulsi10.o)
                0x000000000000a0b4                __mulsi_const_10
 .text.avr-libc
                0x000000000000a0de       0x10 c:/program files (x86)/atmel/studio/7.0/toolchain/avr8/avr8-gnu-toolchain/bin/../lib/gcc/avr/7.3.0/../../../../avr/lib/avrxmega4\libc.a(mul10.o)
                0x000000000000a0de                __mulhi_const_10
 .text.avr-libc
                0x000000000000a0ee       0x54 c:/program files (x86)/atmel/studio/7.0/toolchain/avr8/avr8-gnu-toolchain/bin/../lib/gcc/avr/7.3.0/../../../../avr/lib/avrxmega4\libc.a(sprintf.o)
                0x000000000000a0ee                sprintf
 .text.avr-libc
                0x000000000000a142      0x3fa c:/program files (x86)/atmel/studio/7.0/toolchain/avr8/avr8-gnu-toolchain/bin/../lib/gcc/avr/7.3.0/../../../../avr/lib/avrxmega4\libc.a(vfprintf_std.o)
                0x000000000000a142                vfprintf
 .text.avr-libc
                0x000000000000a53c      0x2ec c:/program files (x86)/atmel/studio/7.0/toolchain/avr8/avr8-gnu-toolchain/bin/../lib/gcc/avr/7.3.0/../../../../avr/lib/avrxmega4\libc.a(dtoa_prf.o)
                0x000000000000a53c                dtoa_prf
 .text.avr-libc
                0x000000000000a828      0x1b0 c:/program files (x86)/atmel/studio/7.0/toolchain/avr8/avr8-gnu-toolchain/bin/../lib/gcc/avr/7.3.0/../../../../avr/lib/avrxmega4\libc.a(ftoa_engine.o)
                0x000000000000a828                __ftoa_engine
 .text.avr-libc
                0x000000000000a9d8        0x6 c:/program files (x86)/atmel/studio/7.0/toolchain/avr8/avr8-gnu-toolchain/bin/../lib/gcc/avr/7.3.0/../../../../avr/lib/avrxmega4\libc.a(cty_isfalse.o)
                0x000000000000a9d8                __ctype_isfalse
                0x000000000000a9dc                __ctype_istrue
 .text.avr-libc
                0x000000000000a9de       0x16 c:/program files (x86)/atmel/studio/7.0/toolchain/avr8/avr8-gnu-toolchain/bin/../lib/gcc/avr/7.3.0/../../../../avr/lib/avrxmega4\libc.a(strnlen_P.o)
                0x000000000000a9de                strnlen_P
 .text.avr-libc
                0x000000000000a9f4        0xe c:/program files (x86)/atmel/studio/7.0/toolchain/avr8/avr8-gnu-toolchain/bin/../lib/gcc/avr/7.3.0/../../../../avr/lib/avrxmega4\libc.a(strcpy.o)
                0x000000000000a9f4                strcpy
 .text.avr-libc
                0x000000000000aa02       0x16 c:/program files (x86)/atmel/studio/7.0/toolchain/avr8/avr8-gnu-toolchain/bin/../lib/gcc/avr/7.3.0/../../../../avr/lib/avrxmega4\libc.a(strnlen.o)
                0x000000000000aa02                strnlen
 .text.avr-libc
                0x000000000000aa18       0x60 c:/program files (x86)/atmel/studio/7.0/toolchain/avr8/avr8-gnu-toolchain/bin/../lib/gcc/avr/7.3.0/../../../../avr/lib/avrxmega4\libc.a(fputc.o)
                0x000000000000aa18                fputc
 .text.avr-libc
                0x000000000000aa78       0xbc c:/program files (x86)/atmel/studio/7.0/toolchain/avr8/avr8-gnu-toolchain/bin/../lib/gcc/avr/7.3.0/../../../../avr/lib/avrxmega4\libc.a(ultoa_invert.o)
                0x000000000000aa78                __ultoa_invert
 .text.avr-libc
                0x000000000000ab34       0x10 C:/Program Files (x86)/Atmel/Studio/7.0/Packs/atmel/AVR-Dx_DFP/1.9.103/gcc/dev/avr128da48/avrxmega4\libavr128da48.a(eerd_byte.o)
                0x000000000000ab34                eeprom_read_byte
                0x000000000000ab3c                eeprom_mapen
 .text.avr-libc
                0x000000000000ab44        0xe C:/Program Files (x86)/Atmel/Studio/7.0/Packs/atmel/AVR-Dx_DFP/1.9.103/gcc/dev/avr128da48/avrxmega4\libavr128da48.a(eerd_dword.o)
                0x000000000000ab44                eeprom_read_float
                0x000000000000ab44                eeprom_read_dword
 .text.avr-libc
                0x000000000000ab52        0xa C:/Program Files (x86)/Atmel/Studio/7.0/Packs/atmel/AVR-Dx_DFP/1.9.103/gcc/dev/avr128da48/avrxmega4\libavr128da48.a(eerd_word.o)
                0x000000000000ab52                eeprom_read_word
 .text.libgcc.div
                0x000000000000ab5c       0x1c c:/program files (x86)/atmel/studio/7.0/toolchain/avr8/avr8-gnu-toolchain/bin/../lib/gcc/avr/7.3.0/avrxmega4\libgcc.a(_divmodqi4.o)
                0x000000000000ab5c                __divmodqi4
 .text.libgcc   0x000000000000ab78        0xe c:/program files (x86)/atmel/studio/7.0/toolchain/avr8/avr8-gnu-toolchain/bin/../lib/gcc/avr/7.3.0/avrxmega4\libgcc.a(_xload_1.o)
                0x000000000000ab78                __xload_1
 .text.libgcc.div
                0x000000000000ab86       0x18 c:/program files (x86)/atmel/studio/7.0/toolchain/avr8/avr8-gnu-toolchain/bin/../lib/gcc/avr/7.3.0/avrxmega4\libgcc.a(_udivmodqi4.o)
                0x000000000000ab86                __udivmodqi4
                0x000000000000ab9e                . = ALIGN (0x2)
 *(.fini9)
 .fini9         0x000000000000ab9e        0x0 c:/program files (x86)/atmel/studio/7.0/toolchain/avr8/avr8-gnu-toolchain/bin/../lib/gcc/avr/7.3.0/avrxmega4\libgcc.a(_exit.o)
                0x000000000000ab9e                _exit
                0x000000000000ab9e                exit
 *(.fini9)
 *(.fini8)
 *(.fini8)
 *(.fini7)
 *(.fini7)
 *(.fini6)
 .fini6         0x000000000000ab9e       0x16 c:/program files (x86)/atmel/studio/7.0/toolchain/avr8/avr8-gnu-toolchain/bin/../lib/gcc/avr/7.3.0/avrxmega4\libgcc.a(_dtors.o)
                0x000000000000ab9e                __do_global_dtors
 *(.fini6)
 *(.fini5)
 *(.fini5)
 *(.fini4)
 *(.fini4)
 *(.fini3)
 *(.fini3)
 *(.fini2)
 *(.fini2)
 *(.fini1)
 *(.fini1)
 *(.fini0)
 .fini0         0x000000000000abb4        0x4 c:/program files (x86)/atmel/studio/7.0/toolchain/avr8/avr8-gnu-toolchain/bin/../lib/gcc/avr/7.3.0/avrxmega4\libgcc.a(_exit.o)
 *(.fini0)
                0x000000000000abb8                _etext = .

.data           0x0000000000804000      0x33c load address 0x000000000000abb8
                0x0000000000804000                PROVIDE (__data_start, .)
 *(.data)
 .data          0x0000000000804000        0x6 c:/program files (x86)/atmel/studio/7.0/toolchain/avr8/avr8-gnu-toolchain/bin/../lib/gcc/avr/7.3.0/../../../../avr/lib/avrxmega4\libc.a(malloc.o)
                0x0000000000804000                __malloc_heap_end
                0x0000000000804002                __malloc_heap_start
                0x0000000000804004                __malloc_margin
 *(.data*)
 .data._ZL28g_antenna_connection_changed
                0x0000000000804006        0x1 main.o
 .data._ZL15g_code_throttle
                0x0000000000804007        0x2 main.o
 .data._ZL27g_enunciation_code_throttle
                0x0000000000804009        0x2 main.o
 .data._ZL23g_WiFi_shutdown_seconds
                0x000000000080400b        0x1 main.o
 .data._ZL13g_wifi_active
                0x000000000080400c        0x1 main.o
 .data.g_id_codespeed
                0x000000000080400d        0x1 main.o
                0x000000000080400d                g_id_codespeed
 .data.g_pattern_codespeed
                0x000000000080400e        0x1 main.o
                0x000000000080400e                g_pattern_codespeed
 .data.g_foxoring_pattern_codespeed
                0x000000000080400f        0x1 main.o
                0x000000000080400f                g_foxoring_pattern_codespeed
 .data.g_on_air_seconds
                0x0000000000804010        0x2 main.o
                0x0000000000804010                g_on_air_seconds
 .data.g_off_air_seconds
                0x0000000000804012        0x2 main.o
                0x0000000000804012                g_off_air_seconds
 .data.g_ID_period_seconds
                0x0000000000804014        0x2 main.o
                0x0000000000804014                g_ID_period_seconds
 .data._ZL12g_awakenedBy
                0x0000000000804016        0x2 main.o
 .data._ZL11g_sleepType
                0x0000000000804018        0x2 main.o
 .data._ZL19g_adcCountdownCount
                0x000000000080401a        0x6 main.o
 .data.g_enunciator
                0x0000000000804020        0x2 main.o
                0x0000000000804020                g_enunciator
 .data.g_fox    0x0000000000804022        0xa main.o
                0x0000000000804022                g_fox
 .data.g_frequency_low
                0x000000000080402c        0x4 main.o
                0x000000000080402c                g_frequency_low
 .data.g_frequency_med
                0x0000000000804030        0x4 main.o
                0x0000000000804030                g_frequency_med
 .data.g_frequency_hi
                0x0000000000804034        0x4 main.o
                0x0000000000804034                g_frequency_hi
 .data.g_frequency_beacon
                0x0000000000804038        0x4 main.o
                0x0000000000804038                g_frequency_beacon
 .data.g_enable_LED_enunciations
                0x000000000080403c        0x1 main.o
                0x000000000080403c                g_enable_LED_enunciations
 .data._ZZ11__vector_12E7fiftyMS
                0x000000000080403d        0x1 main.o
 .data._ZZ11__vector_12E16longPressEnabled
                0x000000000080403e        0x1 main.o
 .data._ZZ11__vector_12E12charFinished
                0x000000000080403f        0x1 main.o
 .data._ZZ11__vector_12E4idle
                0x0000000000804040        0x1 main.o
 .data._ZZ15externBatStringbE3str
                0x0000000000804041        0x7 main.o
 .data._ZZ12temperatureCvE4wait
                0x0000000000804048        0x4 src/adc.o
 .data.g_i2c1_timeout_ticks
                0x000000000080404c        0x2 src/i2c.o
                0x000000000080404c                g_i2c1_timeout_ticks
 .data.g_i2c0_timeout_ticks
                0x000000000080404e        0x2 src/i2c.o
                0x000000000080404e                g_i2c0_timeout_ticks
 .data._ZL17led_timeout_count
                0x0000000000804050        0x4 src/leds.o
 .data.g_linkbus_usart_number
                0x0000000000804054        0x2 src/linkbus.o
                0x0000000000804054                g_linkbus_usart_number
 .data._ZL14g_bus_disabled
                0x0000000000804056        0x1 src/linkbus.o
 .data._ZZ9makeMorsePcPbS0_10callerID_tE15completedString
                0x0000000000804057        0x1 src/morse.o
 .data._ZZ9makeMorsePcPbS0_10callerID_tE6repeat
                0x0000000000804058        0x1 src/morse.o
 .data._ZZ9makeMorsePcPbS0_10callerID_tE1c
                0x0000000000804059        0x1 src/morse.o
 .data._ZL20g_serialbus_disabled
                0x000000000080405a        0x1 src/serialbus.o
 .data.g_serialbus_usart_number
                0x000000000080405b        0x2 src/serialbus.o
                0x000000000080405b                g_serialbus_usart_number
 .data.g_serial_timeout_ticks
                0x000000000080405d        0x2 src/serialbus.o
                0x000000000080405d                g_serial_timeout_ticks
 .data._ZL9xtal_freq
                0x000000000080405f        0x4 src/si5351.o
 .data.g_tx_frequency
                0x0000000000804063        0x4 src/transmitter.o
                0x0000000000804063                g_tx_frequency
 .data.g_80m_power_level_mW
                0x0000000000804067        0x2 src/transmitter.o
                0x0000000000804067                g_80m_power_level_mW
 .data.g_rtty_offset
                0x0000000000804069        0x4 src/transmitter.o
                0x0000000000804069                g_rtty_offset
 .data.g_tx_power_is_zero
                0x000000000080406d        0x1 src/transmitter.o
                0x000000000080406d                g_tx_power_is_zero
 .data.g_80m_power_table
                0x000000000080406e       0x20 src/transmitter.o
                0x000000000080406e                g_80m_power_table
 *(.gnu.linkonce.d*)
 *(.rodata)
 .rodata        0x000000000080408e      0x20b main.o
 *(.rodata*)
 .rodata._ZL17g_adcChannelOrder
                0x0000000000804299        0x6 main.o
 .rodata._ZL34g_adcChannelConversionPeriod_ticks
                0x000000000080429f        0x6 main.o
 .rodata.convertEpochToTimeString.str1.1
                0x00000000008042a5       0x15 src/ds3231.o
 .rodata._ZN13EepromManager20initializeEEPROMVarsEv.str1.1
                0x00000000008042ba        0x5 src/eeprommanager.o
 .rodata._Z11lb_send_msg13LBMessageTypePKcPc.str1.1
                0x00000000008042bf        0xa src/linkbus.o
 .rodata._Z16lb_broadcast_strPKcS0_.str1.1
                0x00000000008042c9        0x7 src/linkbus.o
 .rodata.str1.1
                0x00000000008042d0       0x6b c:/program files (x86)/atmel/studio/7.0/toolchain/avr8/avr8-gnu-toolchain/bin/../lib/gcc/avr/7.3.0/../../../../avr/lib/avrxmega4\libc.a(strftime.o)
                                         0x7f (size before relaxing)
 *(.gnu.linkonce.r*)
                0x000000000080433c                . = ALIGN (0x2)
 *fill*         0x000000000080433b        0x1 
                0x000000000080433c                _edata = .
                0x000000000080433c                PROVIDE (__data_end, .)

.bss            0x000000000080433c      0x47c
                0x000000000080433c                PROVIDE (__bss_start, .)
 *(.bss)
 *(.bss*)
 .bss._ZZ11__vector_32E9charIndex_0
                0x000000000080433c        0x1 driver_isr.o
 .bss._ZZ11__vector_32E4buff_0
                0x000000000080433d        0x2 driver_isr.o
 .bss._ZZ11__vector_32E9charIndex
                0x000000000080433f        0x1 driver_isr.o
 .bss._ZZ11__vector_32E4buff
                0x0000000000804340        0x2 driver_isr.o
 .bss._ZZ10linkbus_RxhE10escapeNext
                0x0000000000804342        0x1 driver_isr.o
 .bss._ZZ10linkbus_RxhE13receiving_msg
                0x0000000000804343        0x1 driver_isr.o
 .bss._ZZ10linkbus_RxhE10tempMsg_ID
                0x0000000000804344        0x4 driver_isr.o
 .bss._ZZ10linkbus_RxhE9field_len
                0x0000000000804348        0x1 driver_isr.o
 .bss._ZZ10linkbus_RxhE11field_index
                0x0000000000804349        0x1 driver_isr.o
 .bss._ZZ10linkbus_RxhE9charIndex
                0x000000000080434a        0x1 driver_isr.o
 .bss._ZZ10linkbus_RxhE4buff
                0x000000000080434b        0x2 driver_isr.o
 .bss._ZZ11__vector_56E9charIndex_0
                0x000000000080434d        0x1 driver_isr.o
 .bss._ZZ11__vector_56E4buff_0
                0x000000000080434e        0x2 driver_isr.o
 .bss._ZZ11__vector_56E9charIndex
                0x0000000000804350        0x1 driver_isr.o
 .bss._ZZ11__vector_56E4buff
                0x0000000000804351        0x2 driver_isr.o
 .bss._ZZ11__vector_20E9charIndex_0
                0x0000000000804353        0x1 driver_isr.o
 .bss._ZZ11__vector_20E4buff_0
                0x0000000000804354        0x2 driver_isr.o
 .bss._ZZ11__vector_20E9charIndex
                0x0000000000804356        0x1 driver_isr.o
 .bss._ZZ11__vector_20E4buff
                0x0000000000804357        0x2 driver_isr.o
 .bss._ZL9g_tempStr
                0x0000000000804359       0x64 main.o
 .bss._ZL17g_last_error_code
                0x00000000008043bd        0x2 main.o
 .bss._ZL18g_last_status_code
                0x00000000008043bf        0x2 main.o
 .bss.g_antenna_connect_state
                0x00000000008043c1        0x2 main.o
                0x00000000008043c1                g_antenna_connect_state
 .bss._ZL13g_start_event
                0x00000000008043c3        0x1 main.o
 .bss._ZL11g_end_event
                0x00000000008043c4        0x1 main.o
 .bss._ZL12g_on_the_air
                0x00000000008043c5        0x4 main.o
 .bss._ZL26g_sendID_seconds_countdown
                0x00000000008043c9        0x2 main.o
 .bss._ZL16g_report_seconds
                0x00000000008043cb        0x1 main.o
 .bss._ZL19g_wifi_enable_delay
                0x00000000008043cc        0x1 main.o
 .bss._ZL20g_shutting_down_wifi
                0x00000000008043cd        0x1 main.o
 .bss._ZL12g_wifi_ready
                0x00000000008043ce        0x1 main.o
 .bss._ZL16g_hardware_error
                0x00000000008043cf        0x2 main.o
 .bss.g_messages_text
                0x00000000008043d1       0x3f main.o
                0x00000000008043d1                g_messages_text
 .bss.g_time_needed_for_ID
                0x0000000000804410        0x2 main.o
                0x0000000000804410                g_time_needed_for_ID
 .bss.g_intra_cycle_delay_time
                0x0000000000804412        0x2 main.o
                0x0000000000804412                g_intra_cycle_delay_time
 .bss.g_event_start_epoch
                0x0000000000804414        0x4 main.o
                0x0000000000804414                g_event_start_epoch
 .bss.g_event_finish_epoch
                0x0000000000804418        0x4 main.o
                0x0000000000804418                g_event_finish_epoch
 .bss.g_event_enabled
                0x000000000080441c        0x1 main.o
                0x000000000080441c                g_event_enabled
 .bss.g_event_scheduled
                0x000000000080441d        0x1 main.o
                0x000000000080441d                g_event_scheduled
 .bss.g_event_commenced
                0x000000000080441e        0x1 main.o
                0x000000000080441e                g_event_commenced
 .bss.g_check_for_next_event
                0x000000000080441f        0x1 main.o
                0x000000000080441f                g_check_for_next_event
 .bss.g_waiting_for_next_event
                0x0000000000804420        0x1 main.o
                0x0000000000804420                g_waiting_for_next_event
 .bss.g_seconds_transition
                0x0000000000804421        0x1 main.o
                0x0000000000804421                g_seconds_transition
 .bss.g_sending_station_ID
                0x0000000000804422        0x1 main.o
                0x0000000000804422                g_sending_station_ID
 .bss._ZL17g_go_to_sleep_now
                0x0000000000804423        0x1 main.o
 .bss._ZL10g_sleeping
                0x0000000000804424        0x1 main.o
 .bss._ZL17g_time_to_wake_up
                0x0000000000804425        0x4 main.o
 .bss._ZL12g_adcUpdated
                0x0000000000804429        0x3 main.o
 .bss._ZL22g_lastConversionResult
                0x000000000080442c        0x6 main.o
 .bss._ZL26g_timer_launched_new_event
                0x0000000000804432        0x1 main.o
 .bss.g_switch_closed_time
                0x0000000000804433        0x2 main.o
                0x0000000000804433                g_switch_closed_time
 .bss.g_handle_counted_presses
                0x0000000000804435        0x2 main.o
                0x0000000000804435                g_handle_counted_presses
 .bss.g_switch_presses_count
                0x0000000000804437        0x2 main.o
                0x0000000000804437                g_switch_presses_count
 .bss.g_long_button_press
                0x0000000000804439        0x1 main.o
                0x0000000000804439                g_long_button_press
 .bss.g_check_temperature
                0x000000000080443a        0x2 main.o
                0x000000000080443a                g_check_temperature
 .bss._ZL17g_do_powerup_xmsn
                0x000000000080443c        0x1 main.o
 .bss.g_Event_Configuration_Check
                0x000000000080443d        0x2 main.o
                0x000000000080443d                g_Event_Configuration_Check
 .bss.LEDS      0x000000000080443f        0x1 main.o
                0x000000000080443f                LEDS
 .bss.g_text_buff
                0x0000000000804440        0xa main.o
                0x0000000000804440                g_text_buff
 .bss.g_ee_mgr  0x000000000080444a        0x1 main.o
                0x000000000080444a                g_ee_mgr
 .bss.g_utc_offset
                0x000000000080444b        0x1 main.o
                0x000000000080444b                g_utc_offset
 .bss.g_unlockCode
                0x000000000080444c        0x9 main.o
                0x000000000080444c                g_unlockCode
 .bss.g_use_rtc_for_startstop
                0x0000000000804455        0x1 main.o
                0x0000000000804455                g_use_rtc_for_startstop
 .bss.g_enable_manual_transmissions
                0x0000000000804456        0x1 main.o
                0x0000000000804456                g_enable_manual_transmissions
 .bss.g_delay_before_powerup_xmsn
                0x0000000000804457        0x2 main.o
                0x0000000000804457                g_delay_before_powerup_xmsn
 .bss._ZZ11__vector_12E15on_air_finished
                0x0000000000804459        0x1 main.o
 .bss._ZZ11__vector_12E17transitionPrepped
                0x000000000080445a        0x1 main.o
 .bss._ZZ11__vector_12E26intra_cycle_delay_counting
                0x000000000080445b        0x1 main.o
 .bss._ZZ11__vector_12E19conversionInProcess
                0x000000000080445c        0x1 main.o
 .bss._ZZ11__vector_12E24indexConversionInProcess
                0x000000000080445d        0x1 main.o
 .bss._ZZ11__vector_12E7codeInc
                0x000000000080445e        0x2 main.o
 .bss._ZZ11__vector_12E28switch_closures_count_period
                0x0000000000804460        0x2 main.o
 .bss._ZZ11__vector_12E14buttonReleased
                0x0000000000804462        0x1 main.o
 .bss._ZZ11__vector_12E11muteAfterID
                0x0000000000804463        0x1 main.o
 .bss._ZZ11__vector_12E20hold_event_commenced
                0x0000000000804464        0x1 main.o
 .bss._ZZ11__vector_12E3key
                0x0000000000804465        0x1 main.o
 .bss._ZZ11__vector_12E2cc
                0x0000000000804466        0x2 main.o
 .bss._ZZ11__vector_12E20holdConversionResult
                0x0000000000804468        0x2 main.o
 .bss._ZZ17handleLinkBusMsgsvE25new_event_parameter_count
                0x000000000080446a        0x1 main.o
 .bss._ZZ17handleLinkBusMsgsvE6pwr_mW
                0x000000000080446b        0x2 main.o
 .bss._ZZ17handleLinkBusMsgsvE8lastTime
                0x000000000080446d        0x4 main.o
 .bss._ZZ25setAntennaStateEnunciatorvE1b
                0x0000000000804471        0x2 main.o
 .bss._ZL20g_adc_initialization
                0x0000000000804473        0x2 src/adc.o
 .bss.g_goertzel
                0x0000000000804475        0x1 src/adc.o
                0x0000000000804475                g_goertzel
 .bss.portDdebounced
                0x0000000000804476        0x1 src/binio.o
                0x0000000000804476                portDdebounced
 .bss.portCdebounced
                0x0000000000804477        0x1 src/binio.o
                0x0000000000804477                portCdebounced
 .bss.portDpinReadings
                0x0000000000804478        0x3 src/binio.o
                0x0000000000804478                portDpinReadings
 .bss.portCpinReadings
                0x000000000080447b        0x3 src/binio.o
                0x000000000080447b                portCpinReadings
 .bss.g_i2c_failure_count
                0x000000000080447e        0x2 src/eeprommanager.o
                0x000000000080447e                g_i2c_failure_count
 .bss.g_days_to_run
                0x0000000000804480        0x1 src/eeprommanager.o
                0x0000000000804480                g_days_to_run
 .bss.g_clock_calibration
                0x0000000000804481        0x2 src/eeprommanager.o
                0x0000000000804481                g_clock_calibration
 .bss.g_voltage_threshold
                0x0000000000804483        0x4 src/eeprommanager.o
                0x0000000000804483                g_voltage_threshold
 .bss.g_event   0x0000000000804487        0x2 src/eeprommanager.o
                0x0000000000804487                g_event
 .bss.g_isMaster
                0x0000000000804489        0x1 src/eeprommanager.o
                0x0000000000804489                g_isMaster
 .bss.testData  0x000000000080448a        0x2 src/Goertzel.o
                0x000000000080448a                testData
 .bss._samplesReady
                0x000000000080448c        0x1 src/Goertzel.o
                0x000000000080448c                _samplesReady
 .bss._index    0x000000000080448d        0x2 src/Goertzel.o
                0x000000000080448d                _index
 .bss._N        0x000000000080448f        0x2 src/Goertzel.o
                0x000000000080448f                _N
 .bss._SAMPLING_FREQUENCY
                0x0000000000804491        0x4 src/Goertzel.o
                0x0000000000804491                _SAMPLING_FREQUENCY
 .bss._ZL20green_led_configured
                0x0000000000804495        0x1 src/leds.o
 .bss._ZL18red_led_configured
                0x0000000000804496        0x1 src/leds.o
 .bss._ZL17green_blink_count
                0x0000000000804497        0x2 src/leds.o
 .bss._ZL15red_blink_count
                0x0000000000804499        0x2 src/leds.o
 .bss._ZL22green_blink_off_period
                0x000000000080449b        0x2 src/leds.o
 .bss._ZL21green_blink_on_period
                0x000000000080449d        0x2 src/leds.o
 .bss._ZL20red_blink_off_period
                0x000000000080449f        0x2 src/leds.o
 .bss._ZL19red_blink_on_period
                0x00000000008044a1        0x2 src/leds.o
 .bss._ZL20lastBothBlinkSetting
                0x00000000008044a3        0x2 src/leds.o
 .bss._ZL21lastGreenBlinkSetting
                0x00000000008044a5        0x2 src/leds.o
 .bss._ZL19lastRedBlinkSetting
                0x00000000008044a7        0x2 src/leds.o
 .bss._ZL25timer_green_blink_inhibit
                0x00000000008044a9        0x1 src/leds.o
 .bss._ZL23timer_red_blink_inhibit
                0x00000000008044aa        0x1 src/leds.o
 .bss._ZZ18nextFullLBRxBuffervE11bufferIndex
                0x00000000008044ab        0x1 src/linkbus.o
 .bss._ZZ19nextEmptyLBRxBuffervE11bufferIndex
                0x00000000008044ac        0x1 src/linkbus.o
 .bss._ZZ19nextEmptyLBTxBuffervE11bufferIndex
                0x00000000008044ad        0x1 src/linkbus.o
 .bss._ZZ18nextFullLBTxBuffervE11bufferIndex
                0x00000000008044ae        0x1 src/linkbus.o
 .bss._ZL9rx_buffer
                0x00000000008044af       0xc9 src/linkbus.o
 .bss._ZL9tx_buffer
                0x0000000000804578       0xc8 src/linkbus.o
 .bss._ZL17linkbus_tx_active
                0x0000000000804640        0x1 src/linkbus.o
 .bss._ZL13g_tempMsgBuff
                0x0000000000804641       0x32 src/linkbus.o
 .bss._ZZ9makeMorsePcPbS0_10callerID_tE11holdKeyDown
                0x0000000000804673        0x1 src/morse.o
 .bss._ZZ9makeMorsePcPbS0_10callerID_tE9carrierOn
                0x0000000000804674        0x1 src/morse.o
 .bss._ZZ9makeMorsePcPbS0_10callerID_tE10addedSpace
                0x0000000000804675        0x1 src/morse.o
 .bss._ZZ9makeMorsePcPbS0_10callerID_tE12elementIndex
                0x0000000000804676        0x1 src/morse.o
 .bss._ZZ9makeMorsePcPbS0_10callerID_tE11symbolIndex
                0x0000000000804677        0x1 src/morse.o
 .bss._ZZ9makeMorsePcPbS0_10callerID_tE9charIndex
                0x0000000000804678        0x1 src/morse.o
 .bss._ZZ9makeMorsePcPbS0_10callerID_tE15morseInProgress
                0x0000000000804679        0x3 src/morse.o
 .bss._ZZ9makeMorsePcPbS0_10callerID_tE3str
                0x000000000080467c        0x2 src/morse.o
 .bss._ZL14g_lastCallerID
                0x000000000080467e        0x2 src/morse.o
 .bss._ZZ18nextFullSBTxBufferE11bufferIndex
                0x0000000000804680        0x1 src/serialbus.o
 .bss._ZL9rx_buffer
                0x0000000000804681       0x80 src/serialbus.o
 .bss._ZL9tx_buffer
                0x0000000000804701       0x7b src/serialbus.o
 .bss._ZL19serialbus_tx_active
                0x000000000080477c        0x1 src/serialbus.o
 .bss._ZZ11si5351_initE3err
                0x000000000080477d        0x1 src/si5351.o
 .bss.g_si5351_initialized
                0x000000000080477e        0x1 src/si5351.o
                0x000000000080477e                g_si5351_initialized
 .bss._ZL9clock_out
                0x000000000080477f        0xc src/si5351.o
 .bss._ZL17enabledClocksMask
                0x000000000080478b        0x1 src/si5351.o
 .bss._ZL8freqVCOB
                0x000000000080478c        0x4 src/si5351.o
 .bss._ZZ13util_delay_msE8counting
                0x0000000000804790        0x1 src/tcb.o
 .bss._ZZ13util_delay_msE14countdownValue
                0x0000000000804791        0x4 src/tcb.o
 .bss._ZL12g_ms_counter
                0x0000000000804795        0x4 src/tcb.o
 .bss._ZL16g_tx_initialized
                0x0000000000804799        0x1 src/transmitter.o
 .bss._ZL23g_drain_voltage_enabled
                0x000000000080479a        0x1 src/transmitter.o
 .bss._ZL22g_final_output_setting
                0x000000000080479b        0x1 src/transmitter.o
 .bss._ZL21g_rf_output_inhibited
                0x000000000080479c        0x1 src/transmitter.o
 .bss._ZZ14keyTransmitterbE17transmitter_keyed
                0x000000000080479d        0x1 src/transmitter.o
 *(COMMON)
 COMMON         0x000000000080479e        0x4 c:/program files (x86)/atmel/studio/7.0/toolchain/avr8/avr8-gnu-toolchain/bin/../lib/gcc/avr/7.3.0/../../../../avr/lib/avrxmega4\libc.a(malloc.o)
                0x000000000080479e                __brkval
                0x00000000008047a0                __flp
 COMMON         0x00000000008047a2        0x4 c:/program files (x86)/atmel/studio/7.0/toolchain/avr8/avr8-gnu-toolchain/bin/../lib/gcc/avr/7.3.0/../../../../avr/lib/avrxmega4\libc.a(system_time.o)
                0x00000000008047a2                __system_time
 COMMON         0x00000000008047a6        0xc c:/program files (x86)/atmel/studio/7.0/toolchain/avr8/avr8-gnu-toolchain/bin/../lib/gcc/avr/7.3.0/../../../../avr/lib/avrxmega4\libc.a(tm_store.o)
                0x00000000008047a6                __tm_store
 COMMON         0x00000000008047b2        0x4 c:/program files (x86)/atmel/studio/7.0/toolchain/avr8/avr8-gnu-toolchain/bin/../lib/gcc/avr/7.3.0/../../../../avr/lib/avrxmega4\libc.a(utc_offset.o)
                0x00000000008047b2                __utc_offset
 COMMON         0x00000000008047b6        0x2 c:/program files (x86)/atmel/studio/7.0/toolchain/avr8/avr8-gnu-toolchain/bin/../lib/gcc/avr/7.3.0/../../../../avr/lib/avrxmega4\libc.a(dst_pointer.o)
                0x00000000008047b6                __dst_ptr
                0x00000000008047b8                PROVIDE (__bss_end, .)
                0x000000000000abb8                __data_load_start = LOADADDR (.data)
                0x000000000000aef4                __data_load_end = (__data_load_start + SIZEOF (.data))

.noinit         0x00000000008047b8        0x0
                [!provide]                        PROVIDE (__noinit_start, .)
 *(.noinit*)
                [!provide]                        PROVIDE (__noinit_end, .)
                0x00000000008047b8                _end = .
                0x00000000008047b8                PROVIDE (__heap_start, .)

.eeprom         0x0000000000810000      0x112
 *(.eeprom*)
 .eeprom        0x0000000000810000      0x112 src/eeprommanager.o
                0x0000000000810000                _ZN13EepromManager7ee_varsE
                0x0000000000810112                __eeprom_end = .

.fuse
 *(.fuse)
 *(.lfuse)
 *(.hfuse)
 *(.efuse)

.lock
 *(.lock*)

.signature
 *(.signature*)

.user_signatures
 *(.user_signatures*)

.stab
 *(.stab)

.stabstr
 *(.stabstr)

.stab.excl
 *(.stab.excl)

.stab.exclstr
 *(.stab.exclstr)

.stab.index
 *(.stab.index)

.stab.indexstr
 *(.stab.indexstr)

.comment        0x0000000000000000       0x5c
 *(.comment)
 .comment       0x0000000000000000       0x30 atmel_start.o
                                         0x31 (size before relaxing)
 .comment       0x0000000000000030       0x31 driver_isr.o
 .comment       0x0000000000000030       0x31 main.o
 .comment       0x0000000000000030       0x31 src/adc.o
 .comment       0x0000000000000030       0x31 src/binio.o
 .comment       0x0000000000000030       0x31 src/bod.o
 .comment       0x0000000000000030       0x31 src/CircularStringBuff.o
 .comment       0x0000000000000030       0x31 src/clkctrl.o
 .comment       0x0000000000000030       0x31 src/cpuint.o
 .comment       0x0000000000000030       0x31 src/dac0.o
 .comment       0x0000000000000030       0x31 src/driver_init.o
 .comment       0x0000000000000030       0x31 src/ds3231.o
 .comment       0x0000000000000030       0x31 src/eeprommanager.o
 .comment       0x0000000000000030       0x31 src/Goertzel.o
 .comment       0x0000000000000030       0x31 src/huzzah.o
 .comment       0x0000000000000030       0x31 src/i2c.o
 .comment       0x0000000000000030       0x31 src/leds.o
 .comment       0x0000000000000030       0x31 src/linkbus.o
 .comment       0x0000000000000030       0x31 src/morse.o
 .comment       0x0000000000000030       0x31 src/serialbus.o
 .comment       0x0000000000000030       0x31 src/si5351.o
 .comment       0x0000000000000030       0x31 src/slpctrl.o
 .comment       0x0000000000000030       0x31 src/tcb.o
 .comment       0x0000000000000030       0x31 src/transmitter.o
 .comment       0x0000000000000030       0x31 src/usart_basic.o
 .comment       0x0000000000000030       0x31 src/util.o
 .comment       0x0000000000000030       0x31 c:/program files (x86)/atmel/studio/7.0/toolchain/avr8/avr8-gnu-toolchain/bin/../lib/gcc/avr/7.3.0/../../../../avr/lib/avrxmega4\libc.a(dtostrf.o)
 .comment       0x0000000000000030       0x31 c:/program files (x86)/atmel/studio/7.0/toolchain/avr8/avr8-gnu-toolchain/bin/../lib/gcc/avr/7.3.0/../../../../avr/lib/avrxmega4\libc.a(malloc.o)
 .comment       0x0000000000000030       0x31 c:/program files (x86)/atmel/studio/7.0/toolchain/avr8/avr8-gnu-toolchain/bin/../lib/gcc/avr/7.3.0/../../../../avr/lib/avrxmega4\libc.a(sprintf.o)
 .comment       0x0000000000000030       0x31 c:/program files (x86)/atmel/studio/7.0/toolchain/avr8/avr8-gnu-toolchain/bin/../lib/gcc/avr/7.3.0/../../../../avr/lib/avrxmega4\libc.a(isLeap.o)
 .comment       0x0000000000000030       0x31 c:/program files (x86)/atmel/studio/7.0/toolchain/avr8/avr8-gnu-toolchain/bin/../lib/gcc/avr/7.3.0/../../../../avr/lib/avrxmega4\libc.a(localtime.o)
 .comment       0x0000000000000030       0x31 c:/program files (x86)/atmel/studio/7.0/toolchain/avr8/avr8-gnu-toolchain/bin/../lib/gcc/avr/7.3.0/../../../../avr/lib/avrxmega4\libc.a(localtime_r.o)
 .comment       0x0000000000000030       0x31 c:/program files (x86)/atmel/studio/7.0/toolchain/avr8/avr8-gnu-toolchain/bin/../lib/gcc/avr/7.3.0/../../../../avr/lib/avrxmega4\libc.a(month_length.o)
 .comment       0x0000000000000030       0x31 c:/program files (x86)/atmel/studio/7.0/toolchain/avr8/avr8-gnu-toolchain/bin/../lib/gcc/avr/7.3.0/../../../../avr/lib/avrxmega4\libc.a(set_system_time.o)
 .comment       0x0000000000000030       0x31 c:/program files (x86)/atmel/studio/7.0/toolchain/avr8/avr8-gnu-toolchain/bin/../lib/gcc/avr/7.3.0/../../../../avr/lib/avrxmega4\libc.a(strftime.o)
 .comment       0x0000000000000030       0x31 c:/program files (x86)/atmel/studio/7.0/toolchain/avr8/avr8-gnu-toolchain/bin/../lib/gcc/avr/7.3.0/../../../../avr/lib/avrxmega4\libc.a(system_time.o)
 .comment       0x0000000000000030       0x31 c:/program files (x86)/atmel/studio/7.0/toolchain/avr8/avr8-gnu-toolchain/bin/../lib/gcc/avr/7.3.0/../../../../avr/lib/avrxmega4\libc.a(time.o)
 .comment       0x0000000000000030       0x31 c:/program files (x86)/atmel/studio/7.0/toolchain/avr8/avr8-gnu-toolchain/bin/../lib/gcc/avr/7.3.0/../../../../avr/lib/avrxmega4\libc.a(tm_store.o)
 .comment       0x0000000000000030       0x2c c:/program files (x86)/atmel/studio/7.0/toolchain/avr8/avr8-gnu-toolchain/bin/../lib/gcc/avr/7.3.0/../../../../avr/lib/avrxmega4\libc.a(utc_offset.o)
                                         0x2d (size before relaxing)
 .comment       0x000000000000005c       0x31 c:/program files (x86)/atmel/studio/7.0/toolchain/avr8/avr8-gnu-toolchain/bin/../lib/gcc/avr/7.3.0/../../../../avr/lib/avrxmega4\libc.a(week_of_year.o)
 .comment       0x000000000000005c       0x2d c:/program files (x86)/atmel/studio/7.0/toolchain/avr8/avr8-gnu-toolchain/bin/../lib/gcc/avr/7.3.0/../../../../avr/lib/avrxmega4\libc.a(vfprintf_std.o)
 .comment       0x000000000000005c       0x31 c:/program files (x86)/atmel/studio/7.0/toolchain/avr8/avr8-gnu-toolchain/bin/../lib/gcc/avr/7.3.0/../../../../avr/lib/avrxmega4\libc.a(dtoa_prf.o)
 .comment       0x000000000000005c       0x31 c:/program files (x86)/atmel/studio/7.0/toolchain/avr8/avr8-gnu-toolchain/bin/../lib/gcc/avr/7.3.0/../../../../avr/lib/avrxmega4\libc.a(fputc.o)
 .comment       0x000000000000005c       0x31 c:/program files (x86)/atmel/studio/7.0/toolchain/avr8/avr8-gnu-toolchain/bin/../lib/gcc/avr/7.3.0/../../../../avr/lib/avrxmega4\libc.a(asctime_r.o)
 .comment       0x000000000000005c       0x31 c:/program files (x86)/atmel/studio/7.0/toolchain/avr8/avr8-gnu-toolchain/bin/../lib/gcc/avr/7.3.0/../../../../avr/lib/avrxmega4\libc.a(dst_pointer.o)
 .comment       0x000000000000005c       0x31 c:/program files (x86)/atmel/studio/7.0/toolchain/avr8/avr8-gnu-toolchain/bin/../lib/gcc/avr/7.3.0/../../../../avr/lib/avrxmega4\libc.a(gmtime_r.o)
 .comment       0x000000000000005c       0x31 c:/program files (x86)/atmel/studio/7.0/toolchain/avr8/avr8-gnu-toolchain/bin/../lib/gcc/avr/7.3.0/../../../../avr/lib/avrxmega4\libc.a(iso_week_date_r.o)
 .comment       0x000000000000005c       0x31 c:/program files (x86)/atmel/studio/7.0/toolchain/avr8/avr8-gnu-toolchain/bin/../lib/gcc/avr/7.3.0/../../../../avr/lib/avrxmega4\libc.a(print_lz.o)

.note.gnu.avr.deviceinfo
                0x0000000000000000       0x40
 .note.gnu.avr.deviceinfo
                0x0000000000000000       0x40 C:/Program Files (x86)/Atmel/Studio/7.0/Packs/atmel/AVR-Dx_DFP/1.9.103/gcc/dev/avr128da48/avrxmega4/crtavr128da48.o

.note.gnu.build-id
 *(.note.gnu.build-id)

.debug
 *(.debug)

.line
 *(.line)

.debug_srcinfo
 *(.debug_srcinfo)

.debug_sfnames
 *(.debug_sfnames)

.debug_aranges  0x0000000000000000      0xb90
 *(.debug_aranges)
 .debug_aranges
                0x0000000000000000       0x20 atmel_start.o
 .debug_aranges
                0x0000000000000020       0x58 driver_isr.o
 .debug_aranges
                0x0000000000000078      0x188 main.o
 .debug_aranges
                0x0000000000000200       0x60 src/adc.o
 .debug_aranges
                0x0000000000000260       0x50 src/binio.o
 .debug_aranges
                0x00000000000002b0       0x20 src/bod.o
 .debug_aranges
                0x00000000000002d0       0x78 src/CircularStringBuff.o
 .debug_aranges