Archive member included to satisfy reference by file (symbol)

c:/program files (x86)/atmel/studio/7.0/toolchain/avr8/avr8-gnu-toolchain/bin/../lib/gcc/avr/5.4.0/../../../../avr/lib/avrxmega4\libm.a(addsf3.o)
                              src/Goertzel.o (__subsf3)
c:/program files (x86)/atmel/studio/7.0/toolchain/avr8/avr8-gnu-toolchain/bin/../lib/gcc/avr/5.4.0/../../../../avr/lib/avrxmega4\libm.a(addsf3x.o)
                              c:/program files (x86)/atmel/studio/7.0/toolchain/avr8/avr8-gnu-toolchain/bin/../lib/gcc/avr/5.4.0/../../../../avr/lib/avrxmega4\libm.a(addsf3.o) (__addsf3x)
c:/program files (x86)/atmel/studio/7.0/toolchain/avr8/avr8-gnu-toolchain/bin/../lib/gcc/avr/5.4.0/../../../../avr/lib/avrxmega4\libm.a(ceil.o)
                              src/util.o (ceil)
c:/program files (x86)/atmel/studio/7.0/toolchain/avr8/avr8-gnu-toolchain/bin/../lib/gcc/avr/5.4.0/../../../../avr/lib/avrxmega4\libm.a(cmpsf2.o)
                              src/Goertzel.o (__ltsf2)
c:/program files (x86)/atmel/studio/7.0/toolchain/avr8/avr8-gnu-toolchain/bin/../lib/gcc/avr/5.4.0/../../../../avr/lib/avrxmega4\libm.a(cos.o)
                              src/Goertzel.o (cos)
c:/program files (x86)/atmel/studio/7.0/toolchain/avr8/avr8-gnu-toolchain/bin/../lib/gcc/avr/5.4.0/../../../../avr/lib/avrxmega4\libm.a(divsf3.o)
                              src/Goertzel.o (__divsf3)
c:/program files (x86)/atmel/studio/7.0/toolchain/avr8/avr8-gnu-toolchain/bin/../lib/gcc/avr/5.4.0/../../../../avr/lib/avrxmega4\libm.a(divsf3x.o)
                              c:/program files (x86)/atmel/studio/7.0/toolchain/avr8/avr8-gnu-toolchain/bin/../lib/gcc/avr/5.4.0/../../../../avr/lib/avrxmega4\libm.a(divsf3.o) (__divsf3x)
c:/program files (x86)/atmel/studio/7.0/toolchain/avr8/avr8-gnu-toolchain/bin/../lib/gcc/avr/5.4.0/../../../../avr/lib/avrxmega4\libm.a(fixsfsi.o)
                              src/Goertzel.o (__fixsfsi)
c:/program files (x86)/atmel/studio/7.0/toolchain/avr8/avr8-gnu-toolchain/bin/../lib/gcc/avr/5.4.0/../../../../avr/lib/avrxmega4\libm.a(fixunssfsi.o)
                              main.o (__fixunssfsi)
c:/program files (x86)/atmel/studio/7.0/toolchain/avr8/avr8-gnu-toolchain/bin/../lib/gcc/avr/5.4.0/../../../../avr/lib/avrxmega4\libm.a(floatsisf.o)
                              main.o (__floatunsisf)
c:/program files (x86)/atmel/studio/7.0/toolchain/avr8/avr8-gnu-toolchain/bin/../lib/gcc/avr/5.4.0/../../../../avr/lib/avrxmega4\libm.a(fp_cmp.o)
                              c:/program files (x86)/atmel/studio/7.0/toolchain/avr8/avr8-gnu-toolchain/bin/../lib/gcc/avr/5.4.0/../../../../avr/lib/avrxmega4\libm.a(cmpsf2.o) (__fp_cmp)
c:/program files (x86)/atmel/studio/7.0/toolchain/avr8/avr8-gnu-toolchain/bin/../lib/gcc/avr/5.4.0/../../../../avr/lib/avrxmega4\libm.a(fp_inf.o)
                              c:/program files (x86)/atmel/studio/7.0/toolchain/avr8/avr8-gnu-toolchain/bin/../lib/gcc/avr/5.4.0/../../../../avr/lib/avrxmega4\libm.a(addsf3x.o) (__fp_inf)
c:/program files (x86)/atmel/studio/7.0/toolchain/avr8/avr8-gnu-toolchain/bin/../lib/gcc/avr/5.4.0/../../../../avr/lib/avrxmega4\libm.a(fp_mintl.o)
                              c:/program files (x86)/atmel/studio/7.0/toolchain/avr8/avr8-gnu-toolchain/bin/../lib/gcc/avr/5.4.0/../../../../avr/lib/avrxmega4\libm.a(ceil.o) (__fp_mintl)
c:/program files (x86)/atmel/studio/7.0/toolchain/avr8/avr8-gnu-toolchain/bin/../lib/gcc/avr/5.4.0/../../../../avr/lib/avrxmega4\libm.a(fp_mpack.o)
                              c:/program files (x86)/atmel/studio/7.0/toolchain/avr8/avr8-gnu-toolchain/bin/../lib/gcc/avr/5.4.0/../../../../avr/lib/avrxmega4\libm.a(ceil.o) (__fp_mpack)
c:/program files (x86)/atmel/studio/7.0/toolchain/avr8/avr8-gnu-toolchain/bin/../lib/gcc/avr/5.4.0/../../../../avr/lib/avrxmega4\libm.a(fp_nan.o)
                              c:/program files (x86)/atmel/studio/7.0/toolchain/avr8/avr8-gnu-toolchain/bin/../lib/gcc/avr/5.4.0/../../../../avr/lib/avrxmega4\libm.a(addsf3x.o) (__fp_nan)
c:/program files (x86)/atmel/studio/7.0/toolchain/avr8/avr8-gnu-toolchain/bin/../lib/gcc/avr/5.4.0/../../../../avr/lib/avrxmega4\libm.a(fp_pscA.o)
                              c:/program files (x86)/atmel/studio/7.0/toolchain/avr8/avr8-gnu-toolchain/bin/../lib/gcc/avr/5.4.0/../../../../avr/lib/avrxmega4\libm.a(addsf3x.o) (__fp_pscA)
c:/program files (x86)/atmel/studio/7.0/toolchain/avr8/avr8-gnu-toolchain/bin/../lib/gcc/avr/5.4.0/../../../../avr/lib/avrxmega4\libm.a(fp_pscB.o)
                              c:/program files (x86)/atmel/studio/7.0/toolchain/avr8/avr8-gnu-toolchain/bin/../lib/gcc/avr/5.4.0/../../../../avr/lib/avrxmega4\libm.a(addsf3x.o) (__fp_pscB)
c:/program files (x86)/atmel/studio/7.0/toolchain/avr8/avr8-gnu-toolchain/bin/../lib/gcc/avr/5.4.0/../../../../avr/lib/avrxmega4\libm.a(fp_rempio2.o)
[...]
Memory Configuration

Name             Origin             Length             Attributes
text             0x00000000         0x00020000         xr
data             0x00804000         0x00004000         rw !x
eeprom           0x00810000         0x00000200         rw !x
fuse             0x00820000         0x00000010         rw !x
lock             0x00830000         0x00000400         rw !x
signature        0x00840000         0x00000400         rw !x
user_signatures  0x00850000         0x00000400         rw !x
*default*        0x00000000         0xffffffff

Linker script and memory map

Address of section .data set to 0x804000
                0x00008000                __RODATA_PM_OFFSET__ = 0x8000
LOAD C:/Program Files (x86)/Atmel/Studio/7.0/Packs/atmel/AVR-Dx_DFP/1.9.103/gcc/dev/avr128da48/avrxmega4/crtavr128da48.o
LOAD atmel_start.o
LOAD driver_isr.o
LOAD main.o
LOAD src/adc.o
LOAD src/binio.o
LOAD src/bod.o
LOAD src/clkctrl.o
LOAD src/cpuint.o
LOAD src/dac0.o
LOAD src/driver_init.o
LOAD src/ds3231.o
LOAD src/eeprommanager.o
LOAD src/Goertzel.o
LOAD src/huzzah.o
LOAD src/i2c.o
LOAD src/leds.o
LOAD src/linkbus.o
LOAD src/morse.o
LOAD src/protected_io.o
LOAD src/serialbus.o
LOAD src/si5351.o
LOAD src/slpctrl.o
LOAD src/tcb.o
LOAD src/transmitter.o
LOAD src/usart_basic.o
LOAD src/util.o
START GROUP
LOAD c:/program files (x86)/atmel/studio/7.0/toolchain/avr8/avr8-gnu-toolchain/bin/../lib/gcc/avr/5.4.0/../../../../avr/lib/avrxmega4\libm.a
END GROUP
LOAD c:/program files (x86)/atmel/studio/7.0/toolchain/avr8/avr8-gnu-toolchain/bin/../lib/gcc/avr/5.4.0/avrxmega4\libgcc.a
LOAD c:/program files (x86)/atmel/studio/7.0/toolchain/avr8/avr8-gnu-toolchain/bin/../lib/gcc/avr/5.4.0/../../../../avr/lib/avrxmega4\libm.a
START GROUP
LOAD c:/program files (x86)/atmel/studio/7.0/toolchain/avr8/avr8-gnu-toolchain/bin/../lib/gcc/avr/5.4.0/avrxmega4\libgcc.a
LOAD c:/program files (x86)/atmel/studio/7.0/toolchain/avr8/avr8-gnu-toolchain/bin/../lib/gcc/avr/5.4.0/../../../../avr/lib/avrxmega4\libm.a
LOAD c:/program files (x86)/atmel/studio/7.0/toolchain/avr8/avr8-gnu-toolchain/bin/../lib/gcc/avr/5.4.0/../../../../avr/lib/avrxmega4\libc.a
LOAD C:/Program Files (x86)/Atmel/Studio/7.0/Packs/atmel/AVR-Dx_DFP/1.9.103/gcc/dev/avr128da48/avrxmega4\libavr128da48.a
END GROUP
                [0x00000000]                __TEXT_REGION_ORIGIN__ = DEFINED (__TEXT_REGION_ORIGIN__)?__TEXT_REGION_ORIGIN__:0x0
                [0x00804000]                __DATA_REGION_ORIGIN__ = DEFINED (__DATA_REGION_ORIGIN__)?__DATA_REGION_ORIGIN__:0x802000
                [0x00020000]                __TEXT_REGION_LENGTH__ = DEFINED (__TEXT_REGION_LENGTH__)?__TEXT_REGION_LENGTH__:0x100000
                [0x00004000]                __DATA_REGION_LENGTH__ = DEFINED (__DATA_REGION_LENGTH__)?__DATA_REGION_LENGTH__:0xffa0
                [0x00000200]                __EEPROM_REGION_LENGTH__ = DEFINED (__EEPROM_REGION_LENGTH__)?__EEPROM_REGION_LENGTH__:0x10000
                [0x00000010]                __FUSE_REGION_LENGTH__ = DEFINED (__FUSE_REGION_LENGTH__)?__FUSE_REGION_LENGTH__:0x400
                0x00000400                __LOCK_REGION_LENGTH__ = DEFINED (__LOCK_REGION_LENGTH__)?__LOCK_REGION_LENGTH__:0x400
                0x00000400                __SIGNATURE_REGION_LENGTH__ = DEFINED (__SIGNATURE_REGION_LENGTH__)?__SIGNATURE_REGION_LENGTH__:0x400
                0x00000400                __USER_SIGNATURE_REGION_LENGTH__ = DEFINED (__USER_SIGNATURE_REGION_LENGTH__)?__USER_SIGNATURE_REGION_LENGTH__:0x400

.hash
 *(.hash)

.dynsym
 *(.dynsym)

.dynstr
 *(.dynstr)

.gnu.version
 *(.gnu.version)

.gnu.version_d
 *(.gnu.version_d)

.gnu.version_r
 *(.gnu.version_r)

.rel.init
 *(.rel.init)

.rela.init
 *(.rela.init)

.rel.text
 *(.rel.text)
 *(.rel.text.*)
 *(.rel.gnu.linkonce.t*)

.rela.text
 *(.rela.text)
 *(.rela.text.*)
 *(.rela.gnu.linkonce.t*)

.rel.fini
 *(.rel.fini)

.rela.fini
 *(.rela.fini)

.rel.rodata
 *(.rel.rodata)
 *(.rel.rodata.*)
 *(.rel.gnu.linkonce.r*)

.rela.rodata
 *(.rela.rodata)
 *(.rela.rodata.*)
 *(.rela.gnu.linkonce.r*)

.rel.data
 *(.rel.data)
 *(.rel.data.*)
 *(.rel.gnu.linkonce.d*)

.rela.data
 *(.rela.data)
 *(.rela.data.*)
 *(.rela.gnu.linkonce.d*)

.rel.ctors
 *(.rel.ctors)

.rela.ctors
 *(.rela.ctors)

.rel.dtors
 *(.rel.dtors)

.rela.dtors
 *(.rela.dtors)

.rel.got
 *(.rel.got)

.rela.got
 *(.rela.got)

.rel.bss
 *(.rel.bss)

.rela.bss
 *(.rela.bss)

.rel.plt
 *(.rel.plt)

.rela.plt
 *(.rela.plt)

.text           0x00000000     0xf900
 *(.vectors)
 .vectors       0x00000000       0xe8 C:/Program Files (x86)/Atmel/Studio/7.0/Packs/atmel/AVR-Dx_DFP/1.9.103/gcc/dev/avr128da48/avrxmega4/crtavr128da48.o
                0x00000000                __vector_default
                0x00000000                __vectors
 *(.vectors)
 *(.progmem.gcc*)
 .progmem.gcc_sw_table._Z11setupForFoxP5Fox_t13EventAction_t
                0x000000e8       0x22 main.o
 .progmem.gcc_sw_table._ZN13EepromManager15updateEEPROMVarE8EE_var_tPv
                0x0000010a       0x68 src/eeprommanager.o
 .progmem.gcc_sw_table._ZN4leds5blinkE7Blink_t
                0x00000172       0x1a src/leds.o
 .progmem.gcc_sw_table._Z12getMorseCharc
                0x0000018c       0xba src/morse.o
 .progmem.gcc_sw_table._Z8fox2TextPc5Fox_t
                0x00000246       0x24 src/util.o
                0x0000026a                . = ALIGN (0x2)
                0x0000026a                __trampolines_start = .
 *(.trampolines)
 .trampolines   0x0000026a        0x0 linker stubs
 *(.trampolines*)
                0x0000026a                __trampolines_end = .
 *libprintf_flt.a:*(.progmem.data)
 *libc.a:*(.progmem.data)
 .progmem.data  0x0000026a       0x3b c:/program files (x86)/atmel/studio/7.0/toolchain/avr8/avr8-gnu-toolchain/bin/../lib/gcc/avr/5.4.0/../../../../avr/lib/avrxmega4\libc.a(strtod.o)
 *(.progmem*)
 .progmemx.data
                0x000002a5       0x91 c:/program files (x86)/atmel/studio/7.0/toolchain/avr8/avr8-gnu-toolchain/bin/../lib/gcc/avr/5.4.0/../../../../avr/lib/avrxmega4\libc.a(strftime.o)
                0x000002a5                strfmonths
                0x000002fc                strfwkdays
 .progmemx.data
                0x00000336       0x3b c:/program files (x86)/atmel/studio/7.0/toolchain/avr8/avr8-gnu-toolchain/bin/../lib/gcc/avr/5.4.0/../../../../avr/lib/avrxmega4\libc.a(asctime_r.o)
                0x00000336                ascdays
                0x0000034c                ascmonths
                0x00000372                . = ALIGN (0x2)
 *fill*         0x00000371        0x1 
 *(.jumptables)
 *(.jumptables*)
 *(.lowtext)
 *(.lowtext*)
                0x00000372                __ctors_start = .
 *(.ctors)
 .ctors         0x00000372        0x2 main.o
 .ctors         0x00000374        0x2 src/adc.o
                0x00000376                __ctors_end = .
                0x00000376                __dtors_start = .
 *(.dtors)
 .dtors         0x00000376        0x2 main.o
 .dtors         0x00000378        0x2 src/adc.o
                0x0000037a                __dtors_end = .
 SORT(*)(.ctors)
 SORT(*)(.dtors)
 *(.init0)
 .init0         0x0000037a        0x0 C:/Program Files (x86)/Atmel/Studio/7.0/Packs/atmel/AVR-Dx_DFP/1.9.103/gcc/dev/avr128da48/avrxmega4/crtavr128da48.o
                0x0000037a                __init
 *(.init0)
 *(.init1)
 *(.init1)
 *(.init2)
 .init2         0x0000037a        0xc C:/Program Files (x86)/Atmel/Studio/7.0/Packs/atmel/AVR-Dx_DFP/1.9.103/gcc/dev/avr128da48/avrxmega4/crtavr128da48.o
 *(.init2)
 *(.init3)
 *(.init3)
 *(.init4)
 .init4         0x00000386       0x1a c:/program files (x86)/atmel/studio/7.0/toolchain/avr8/avr8-gnu-toolchain/bin/../lib/gcc/avr/5.4.0/avrxmega4\libgcc.a(_copy_data.o)
                0x00000386                __do_copy_data
 .init4         0x000003a0       0x10 c:/program files (x86)/atmel/studio/7.0/toolchain/avr8/avr8-gnu-toolchain/bin/../lib/gcc/avr/5.4.0/avrxmega4\libgcc.a(_clear_bss.o)
                0x000003a0                __do_clear_bss
 *(.init4)
 *(.init5)
 *(.init5)
 *(.init6)
 .init6         0x000003b0       0x16 c:/program files (x86)/atmel/studio/7.0/toolchain/avr8/avr8-gnu-toolchain/bin/../lib/gcc/avr/5.4.0/avrxmega4\libgcc.a(_ctors.o)
                0x000003b0                __do_global_ctors
 *(.init6)
 *(.init7)
 *(.init7)
 *(.init8)
 *(.init8)
 *(.init9)
 .init9         0x000003c6        0x8 C:/Program Files (x86)/Atmel/Studio/7.0/Packs/atmel/AVR-Dx_DFP/1.9.103/gcc/dev/avr128da48/avrxmega4/crtavr128da48.o
 *(.init9)
 *(.text)
 .text          0x000003ce        0x4 C:/Program Files (x86)/Atmel/Studio/7.0/Packs/atmel/AVR-Dx_DFP/1.9.103/gcc/dev/avr128da48/avrxmega4/crtavr128da48.o
                0x000003ce                __vector_38
                0x000003ce                __vector_28
                0x000003ce                __vector_1
                0x000003ce                __vector_34
                0x000003ce                __vector_46
                0x000003ce                __bad_interrupt
                0x000003ce                __vector_35
                0x000003ce                __vector_39
                0x000003ce                __vector_3
                0x000003ce                __vector_23
                0x000003ce                __vector_45
                0x000003ce                __vector_25
                0x000003ce                __vector_11
                0x000003ce                __vector_54
                0x000003ce                __vector_17
                0x000003ce                __vector_7
                0x000003ce                __vector_49
                0x000003ce                __vector_43
                0x000003ce                __vector_27
                0x000003ce                __vector_5
                0x000003ce                __vector_33
                0x000003ce                __vector_47
                0x000003ce                __vector_52
                0x000003ce                __vector_37
                0x000003ce                __vector_4
                0x000003ce                __vector_44
                0x000003ce                __vector_51
                0x000003ce                __vector_9
                0x000003ce                __vector_2
                0x000003ce                __vector_21
                0x000003ce                __vector_15
                0x000003ce                __vector_36
                0x000003ce                __vector_40
                0x000003ce                __vector_8
                0x000003ce                __vector_26
                0x000003ce                __vector_48
                0x000003ce                __vector_14
                0x000003ce                __vector_57
                0x000003ce                __vector_53
                0x000003ce                __vector_10
                0x000003ce                __vector_50
                0x000003ce                __vector_16
                0x000003ce                __vector_18
                0x000003ce                __vector_42
 .text          0x000003d2       0x28 c:/program files (x86)/atmel/studio/7.0/toolchain/avr8/avr8-gnu-toolchain/bin/../lib/gcc/avr/5.4.0/../../../../avr/lib/avrxmega4\libc.a(isLeap.o)
                0x000003d2                is_leap_year
 .text          0x000003fa        0xe c:/program files (x86)/atmel/studio/7.0/toolchain/avr8/avr8-gnu-toolchain/bin/../lib/gcc/avr/5.4.0/../../../../avr/lib/avrxmega4\libc.a(localtime.o)
                0x000003fa                localtime
 .text          0x00000408       0xa0 c:/program files (x86)/atmel/studio/7.0/toolchain/avr8/avr8-gnu-toolchain/bin/../lib/gcc/avr/5.4.0/../../../../avr/lib/avrxmega4\libc.a(localtime_r.o)
                0x00000408                localtime_r
 .text          0x000004a8       0x1a c:/program files (x86)/atmel/studio/7.0/toolchain/avr8/avr8-gnu-toolchain/bin/../lib/gcc/avr/5.4.0/../../../../avr/lib/avrxmega4\libc.a(month_length.o)
                0x000004a8                month_length
 .text          0x000004c2       0x18 c:/program files (x86)/atmel/studio/7.0/toolchain/avr8/avr8-gnu-toolchain/bin/../lib/gcc/avr/5.4.0/../../../../avr/lib/avrxmega4\libc.a(set_system_time.o)
                0x000004c2                set_system_time
 .text          0x000004da      0x69c c:/program files (x86)/atmel/studio/7.0/toolchain/avr8/avr8-gnu-toolchain/bin/../lib/gcc/avr/5.4.0/../../../../avr/lib/avrxmega4\libc.a(strftime.o)
                0x000004da                pgm_copystring
                0x0000054c                strftime
 .text          0x00000b76       0x26 c:/program files (x86)/atmel/studio/7.0/toolchain/avr8/avr8-gnu-toolchain/bin/../lib/gcc/avr/5.4.0/../../../../avr/lib/avrxmega4\libc.a(time.o)
                0x00000b76                time
 .text          0x00000b9c       0x3e c:/program files (x86)/atmel/studio/7.0/toolchain/avr8/avr8-gnu-toolchain/bin/../lib/gcc/avr/5.4.0/../../../../avr/lib/avrxmega4\libc.a(week_of_year.o)
                0x00000b9c                week_of_year
 .text          0x00000bda       0x38 c:/program files (x86)/atmel/studio/7.0/toolchain/avr8/avr8-gnu-toolchain/bin/../lib/gcc/avr/5.4.0/../../../../avr/lib/avrxmega4\libc.a(system_tick.o)
                0x00000bda                system_tick
 .text          0x00000c12      0x106 c:/program files (x86)/atmel/studio/7.0/toolchain/avr8/avr8-gnu-toolchain/bin/../lib/gcc/avr/5.4.0/../../../../avr/lib/avrxmega4\libc.a(asctime_r.o)
                0x00000c12                asctime_r
 .text          0x00000d18      0x1ac c:/program files (x86)/atmel/studio/7.0/toolchain/avr8/avr8-gnu-toolchain/bin/../lib/gcc/avr/5.4.0/../../../../avr/lib/avrxmega4\libc.a(gmtime_r.o)
                0x00000d18                gmtime_r
 .text          0x00000ec4       0xf4 c:/program files (x86)/atmel/studio/7.0/toolchain/avr8/avr8-gnu-toolchain/bin/../lib/gcc/avr/5.4.0/../../../../avr/lib/avrxmega4\libc.a(iso_week_date_r.o)
                0x00000ec4                iso_week_date_r
 .text          0x00000fb8       0x24 c:/program files (x86)/atmel/studio/7.0/toolchain/avr8/avr8-gnu-toolchain/bin/../lib/gcc/avr/5.4.0/../../../../avr/lib/avrxmega4\libc.a(print_lz.o)
                0x00000fb8                __print_lz
                0x00000fdc                . = ALIGN (0x2)
 *(.text.*)
 .text.atmel_start_init
                0x00000fdc       0x14 atmel_start.o
                0x00000fdc                atmel_start_init
 .text.__vector_30
                0x00000ff0       0x6c driver_isr.o
                0x00000ff0                __vector_30
 .text.__vector_19
                0x0000105c       0x88 driver_isr.o
                0x0000105c                __vector_19
 .text.__vector_55
                0x000010e4       0x88 driver_isr.o
                0x000010e4                __vector_55
 .text._Z9serial_Rxh
                0x0000116c      0x500 driver_isr.o
                0x0000116c                _Z9serial_Rxh
 .text.__vector_20
                0x0000166c      0x18a driver_isr.o
                0x0000166c                __vector_20
 .text.__vector_56
                0x000017f6      0x18a driver_isr.o
                0x000017f6                __vector_56
 .text.__vector_31
                0x00001980       0x88 driver_isr.o
                0x00001980                __vector_31
 .text._Z10linkbus_Rxh
                0x00001a08      0x2c2 driver_isr.o
                0x00001a08                _Z10linkbus_Rxh
 .text.__vector_32
                0x00001cca      0x18a driver_isr.o
                0x00001cca                __vector_32
 .text.PORTA_set_pin_level
                0x00001e54       0x74 main.o
 .text.PORTB_set_pin_level
                0x00001ec8       0x74 main.o
 .text.PORTC_set_pin_pull_mode
                0x00001f3c       0x62 main.o
 .text.PORTC_set_pin_level
                0x00001f9e       0x74 main.o
 .text.PORTC_get_pin_level
                0x00002012       0x3e main.o
 .text.PORTD_get_pin_level
                0x00002050       0x3e main.o
 .text.LED_set_RED_level
                0x0000208e       0x1e main.o
 .text.__vector_6
                0x000020ac      0x84a main.o
                0x000020ac                __vector_6
 .text.__vector_22
                0x000028f6       0xb8 main.o
                0x000028f6                __vector_22
 .text.__vector_12
                0x000029ae      0x43e main.o
                0x000029ae                __vector_12
 .text.__vector_29
                0x00002dec      0x11e main.o
                0x00002dec                __vector_29
 .text._Z10powerUp3V3v
                0x00002f0a       0x26 main.o
                0x00002f0a                _Z10powerUp3V3v
 .text.main     0x00002f30      0x214 main.o
                0x00002f30                main
 .text._Z19handleSerialBusMsgsv
                0x00003144      0xee0 main.o
                0x00003144                _Z19handleSerialBusMsgsv
 .text._Z17handleLinkBusMsgsv
                0x00004024      0xcae main.o
                0x00004024                _Z17handleLinkBusMsgsv
 .text._Z19updateAntennaStatusv
                0x00004cd2       0x9c main.o
                0x00004cd2                _Z19updateAntennaStatusv
 .text._Z12eventEnabledv
                0x00004d6e      0x154 main.o
                0x00004d6e                _Z12eventEnabledv
 .text._Z8wdt_init7WDReset
                0x00004ec2       0x16 main.o
                0x00004ec2                _Z8wdt_init7WDReset
 .text._Z13throttleValueh
                0x00004ed8       0xb4 main.o
                0x00004ed8                _Z13throttleValueh
 .text._Z11launchEventP2SC
                0x00004f8c       0x56 main.o
                0x00004f8c                _Z11launchEventP2SC
 .text._Z33activateEventUsingCurrentSettingsP2SC
                0x00004fe2      0x476 main.o
                0x00004fe2                _Z33activateEventUsingCurrentSettingsP2SC
 .text._Z8rtc_initv
                0x00005458       0x32 main.o
                0x00005458                _Z8rtc_initv
 .text._Z18antennaIsConnectedv
                0x0000548a       0x20 main.o
                0x0000548a                _Z18antennaIsConnectedv
 .text._Z12suspendEventv
                0x000054aa       0x10 main.o
                0x000054aa                _Z12suspendEventv
 .text._Z13startEventNow19EventActionSource_t
                0x000054ba       0xc4 main.o
                0x000054ba                _Z13startEventNow19EventActionSource_t
 .text._Z12stopEventNow19EventActionSource_t
                0x0000557e       0x5c main.o
                0x0000557e                _Z12stopEventNow19EventActionSource_t
 .text._Z18startEventUsingRTCv
                0x000055da      0x12a main.o
                0x000055da                _Z18startEventUsingRTCv
 .text._Z11setupForFoxP5Fox_t13EventAction_t
                0x00005704      0x5ca main.o
                0x00005704                _Z11setupForFoxP5Fox_t13EventAction_t
 .text._Z18validateTimeStringPcPma
                0x00005cce      0x264 main.o
                0x00005cce                _Z18validateTimeStringPcPma
 .text._Z14reportTimeTillmmPKcS0_
                0x00005f32      0x344 main.o
                0x00005f32                _Z14reportTimeTillmmPKcS0_
 .text._Z23clockConfigurationCheckv
                0x00006276      0x12e main.o
                0x00006276                _Z23clockConfigurationCheckv
 .text._Z18reportConfigErrorsv
                0x000063a4      0x13a main.o
                0x000063a4                _Z18reportConfigErrorsv
 .text._Z41__static_initialization_and_destruction_0ii
                0x000064de       0x62 main.o
 .text._GLOBAL__sub_I_g_antenna_connect_state
                0x00006540       0x1a main.o
 .text._GLOBAL__sub_D_g_antenna_connect_state
                0x0000655a       0x1a main.o
 .text._Z18ADC0_setADCChannel20ADC_Active_Channel_t
                0x00006574       0xc6 src/adc.o
                0x00006574                _Z18ADC0_setADCChannel20ADC_Active_Channel_t
 .text._Z20ADC0_startConversionv
                0x0000663a       0x2a src/adc.o
                0x0000663a                _Z20ADC0_startConversionv
 .text._Z19ADC0_conversionDonev
                0x00006664       0x28 src/adc.o
                0x00006664                _Z19ADC0_conversionDonev
 .text._Z9ADC0_readv
                0x0000668c       0x18 src/adc.o
                0x0000668c                _Z9ADC0_readv
 .text._ZL9PORT_initv
                0x000066a4       0xe8 src/adc.o
 .text._ZL10VREF0_initv
                0x0000678c       0x1a src/adc.o
 .text._ZL9ADC0_initb
                0x000067a6       0x64 src/adc.o
 .text._ZL16ADC0_SYSTEM_initb
                0x0000680a       0x24 src/adc.o
 .text._ZL20ADC0_SYSTEM_shutdownv
                0x0000682e       0x24 src/adc.o
 .text.__vector_24
                0x00006852       0x8a src/adc.o
                0x00006852                __vector_24
 .text._Z41__static_initialization_and_destruction_0ii
                0x000068dc       0x6e src/adc.o
 .text._GLOBAL__sub_I_g_adcVal
                0x0000694a       0x1a src/adc.o
 .text._GLOBAL__sub_D_g_adcVal
                0x00006964       0x1a src/adc.o
 .text.PORTA_set_pin_pull_mode
                0x0000697e       0x62 src/binio.o
 .text.PORTA_pin_set_isc
                0x000069e0       0x46 src/binio.o
 .text.PORTA_set_pin_dir
                0x00006a26       0xa8 src/binio.o
 .text.PORTA_set_pin_level
                0x00006ace       0x74 src/binio.o
 .text.PORTB_set_pin_dir
                0x00006b42       0xa8 src/binio.o
 .text.PORTB_set_pin_level
                0x00006bea       0x74 src/binio.o
 .text.PORTC_set_pin_pull_mode
                0x00006c5e       0x62 src/binio.o
 .text.PORTC_pin_set_isc
                0x00006cc0       0x46 src/binio.o
 .text.PORTC_set_pin_dir
                0x00006d06       0xa8 src/binio.o
 .text.PORTC_set_pin_level
                0x00006dae       0x74 src/binio.o
 .text.PORTD_set_pin_pull_mode
                0x00006e22       0x62 src/binio.o
 .text.PORTD_pin_set_isc
                0x00006e84       0x46 src/binio.o
 .text.PORTD_set_pin_dir
                0x00006eca       0xa8 src/binio.o
 .text.PORTD_get_pin_level
                0x00006f72       0x3e src/binio.o
 .text.PORTE_set_pin_dir
                0x00006fb0       0xa8 src/binio.o
 .text.PORTF_set_pin_dir
                0x00007058       0xa8 src/binio.o
 .text._Z10fet_driverb
                0x00007100       0x2e src/binio.o
                0x00007100                _Z10fet_driverb
 .text._Z10wifi_powerb
                0x0000712e       0x2e src/binio.o
                0x0000712e                _Z10wifi_powerb
 .text._Z10wifi_resetb
                0x0000715c       0x2e src/binio.o
                0x0000715c                _Z10wifi_resetb
 .text._Z11wifiPresentv
                0x0000718a       0x14 src/binio.o
                0x0000718a                _Z11wifiPresentv
 .text._Z10BINIO_initv
                0x0000719e      0x184 src/binio.o
                0x0000719e                _Z10BINIO_initv
 .text.BOD_init
                0x00007322       0x18 src/bod.o
                0x00007322                BOD_init
 .text.ccp_write_io
                0x0000733a       0x2c src/clkctrl.o
 .text.CLKCTRL_init
                0x00007366       0x1a src/clkctrl.o
                0x00007366                CLKCTRL_init
 .text.CPUINT_init
                0x00007380       0x12 src/cpuint.o
                0x00007380                CPUINT_init
 .text._ZL9VREF_initv
                0x00007392       0x2c src/dac0.o
 .text._Z9DAC0_initv
                0x000073be       0x5c src/dac0.o
                0x000073be                _Z9DAC0_initv
 .text._Z11DAC0_setValj
                0x0000741a       0x40 src/dac0.o
                0x0000741a                _Z11DAC0_setValj
 .text.PORTC_set_pin_dir
                0x0000745a       0xa8 src/driver_init.o
 .text.PORTC_set_pin_level
                0x00007502       0x74 src/driver_init.o
 .text._ZL15LED_set_RED_dir8port_dir
                0x00007576       0x1e src/driver_init.o
 .text._ZL17LED_set_GREEN_dir8port_dir
                0x00007594       0x1e src/driver_init.o
 .text._ZL17LED_set_RED_levelb
                0x000075b2       0x1e src/driver_init.o
 .text._ZL19LED_set_GREEN_levelb
                0x000075d0       0x1e src/driver_init.o
 .text.mcu_init
                0x000075ee      0x130 src/driver_init.o
                0x000075ee                mcu_init
 .text.system_init
                0x0000771e       0x64 src/driver_init.o
                0x0000771e                system_init
 .text.ds3231_init
                0x00007782       0x1c src/ds3231.o
                0x00007782                ds3231_init
 .text._Z7bcd2dech
                0x0000779e       0x40 src/ds3231.o
                0x0000779e                _Z7bcd2dech
 .text._Z7dec2bcdh
                0x000077de       0x62 src/ds3231.o
                0x000077de                _Z7dec2bcdh
 .text._Z8char2bcdPc
                0x00007840       0x3c src/ds3231.o
                0x00007840                _Z8char2bcdPc
 .text.RTC_String2Epoch
                0x0000787c      0x1ac src/ds3231.o
                0x0000787c                RTC_String2Epoch
 .text._Z14epoch_from_ltmP2tm
                0x00007a28      0x1b8 src/ds3231.o
                0x00007a28                _Z14epoch_from_ltmP2tm
 .text.ds3231_get_epoch
                0x00007be0      0x3b4 src/ds3231.o
                0x00007be0                ds3231_get_epoch
 .text.ds3231_get_temp
                0x00007f94       0xb2 src/ds3231.o
                0x00007f94                ds3231_get_temp
 .text.ds3231_set_date_time_arducon
                0x00008046       0xd2 src/ds3231.o
                0x00008046                ds3231_set_date_time_arducon
 .text.ds3231_set_date_time
                0x00008118      0x248 src/ds3231.o
                0x00008118                ds3231_set_date_time
 .text.ds3231_1s_sqw
                0x00008360       0x68 src/ds3231.o
                0x00008360                ds3231_1s_sqw
 .text.ds3231_set_aging
                0x000083c8       0x5e src/ds3231.o
                0x000083c8                ds3231_set_aging
 .text.ds3231_get_aging
                0x00008426       0x58 src/ds3231.o
                0x00008426                ds3231_get_aging
 .text.ds3231_responding
                0x0000847e       0x5e src/ds3231.o
                0x0000847e                ds3231_responding
 .text.ds3231_sync2nearestMinute
                0x000084dc      0x1d2 src/ds3231.o
                0x000084dc                ds3231_sync2nearestMinute
 .text.convertEpochToTimeString
                0x000086ae       0x76 src/ds3231.o
                0x000086ae                convertEpochToTimeString
 .text._ZN13EepromManagerC2Ev
                0x00008724       0x1a src/eeprommanager.o
                0x00008724                _ZN13EepromManagerC1Ev
                0x00008724                _ZN13EepromManagerC2Ev
 .text._ZN13EepromManagerD2Ev
                0x0000873e       0x1a src/eeprommanager.o
                0x0000873e                _ZN13EepromManagerD1Ev
                0x0000873e                _ZN13EepromManagerD2Ev
 .text._Z21avr_eeprom_write_bytejh
                0x00008758       0x5e src/eeprommanager.o
                0x00008758                _Z21avr_eeprom_write_bytejh
 .text._Z21avr_eeprom_write_wordjj
                0x000087b6       0x66 src/eeprommanager.o
                0x000087b6                _Z21avr_eeprom_write_wordjj
 .text._Z22avr_eeprom_write_dwordjm
                0x0000881c       0x74 src/eeprommanager.o
                0x0000881c                _Z22avr_eeprom_write_dwordjm
 .text._ZN13EepromManager15updateEEPROMVarE8EE_var_tPv
                0x00008890      0x204 src/eeprommanager.o
                0x00008890                _ZN13EepromManager15updateEEPROMVarE8EE_var_tPv
 .text._ZN13EepromManager13saveAllEEPROMEv
                0x00008a94      0x23a src/eeprommanager.o
                0x00008a94                _ZN13EepromManager13saveAllEEPROMEv
 .text._ZN13EepromManager11readNonVolsEv
                0x00008cce      0x2dc src/eeprommanager.o
                0x00008cce                _ZN13EepromManager11readNonVolsEv
 .text._ZN13EepromManager20initializeEEPROMVarsEv
                0x00008faa      0x1ec src/eeprommanager.o
                0x00008faa                _ZN13EepromManager20initializeEEPROMVarsEv
 .text._ZN8GoertzelC2Eff
                0x00009196      0x130 src/Goertzel.o
                0x00009196                _ZN8GoertzelC1Eff
                0x00009196                _ZN8GoertzelC2Eff
 .text._ZN8GoertzelD2Ev
                0x000092c6       0x26 src/Goertzel.o
                0x000092c6                _ZN8GoertzelD2Ev
                0x000092c6                _ZN8GoertzelD1Ev
 .text._ZN8Goertzel9DataPointEi
                0x000092ec       0x92 src/Goertzel.o
                0x000092ec                _ZN8Goertzel9DataPointEi
 .text.PORTB_set_pin_pull_mode
                0x0000937e       0x62 src/i2c.o
 .text.PORTC_set_pin_pull_mode
                0x000093e0       0x62 src/i2c.o
 .text.I2C_0_Init
                0x00009442       0x72 src/i2c.o
                0x00009442                I2C_0_Init
 .text._ZL11i2c_0_WaitWv
                0x000094b4       0xbc src/i2c.o
 .text._ZL11i2c_0_WaitRv
                0x00009570       0x82 src/i2c.o
 .text.I2C_0_SendData
                0x000095f2       0xd0 src/i2c.o
                0x000095f2                I2C_0_SendData
 .text.I2C_0_GetData
                0x000096c2       0xfc src/i2c.o
                0x000096c2                I2C_0_GetData
 .text.I2C_0_EndSession
                0x000097be       0x1a src/i2c.o
                0x000097be                I2C_0_EndSession
 .text.I2C_1_Init
                0x000097d8       0x72 src/i2c.o
                0x000097d8                I2C_1_Init
 .text._ZL11i2c_1_WaitWv
                0x0000984a       0x86 src/i2c.o
 .text._ZL11I2C_1_WaitRv
                0x000098d0       0x82 src/i2c.o
 .text.I2C_1_SendData
                0x00009952       0xd2 src/i2c.o
                0x00009952                I2C_1_SendData
 .text.I2C_1_GetData
                0x00009a24       0xfc src/i2c.o
                0x00009a24                I2C_1_GetData
 .text.I2C_1_EndSession
                0x00009b20       0x1a src/i2c.o
                0x00009b20                I2C_1_EndSession
 .text.PORTC_set_pin_level
                0x00009b3a       0x74 src/leds.o
 .text._ZL17LED_set_RED_levelb
                0x00009bae       0x1e src/leds.o
 .text._ZL19LED_set_GREEN_levelb
                0x00009bcc       0x1e src/leds.o
 .text._ZN4ledsC2Ev
                0x00009bea       0x1a src/leds.o
                0x00009bea                _ZN4ledsC2Ev
                0x00009bea                _ZN4ledsC1Ev
 .text._ZN4ledsD2Ev
                0x00009c04       0x1a src/leds.o
                0x00009c04                _ZN4ledsD2Ev
                0x00009c04                _ZN4ledsD1Ev
 .text.__vector_41
                0x00009c1e      0x2f2 src/leds.o
                0x00009c1e                __vector_41
 .text._ZN4leds5blinkE7Blink_t
                0x00009f10      0x3a8 src/leds.o
                0x00009f10                _ZN4leds5blinkE7Blink_t
 .text.PORTC_set_pin_pull_mode
                0x0000a2b8       0x62 src/linkbus.o
 .text.PORTC_set_pin_dir
                0x0000a31a       0xa8 src/linkbus.o
 .text.PORTC_set_pin_level
                0x0000a3c2       0x74 src/linkbus.o
 .text.PORTE_set_pin_pull_mode
                0x0000a436       0x62 src/linkbus.o
 .text.PORTE_set_pin_dir
                0x0000a498       0xa8 src/linkbus.o
 .text.PORTE_set_pin_level
                0x0000a540       0x74 src/linkbus.o
 .text.PC0_set_dir
                0x0000a5b4       0x1e src/linkbus.o
 .text.PC0_set_level
                0x0000a5d2       0x1e src/linkbus.o
 .text.PC1_set_pull_mode
                0x0000a5f0       0x1e src/linkbus.o
 .text.PC1_set_dir
                0x0000a60e       0x1e src/linkbus.o
 .text.PE0_set_dir
                0x0000a62c       0x1e src/linkbus.o
 .text.PE0_set_level
                0x0000a64a       0x1e src/linkbus.o
 .text.PE1_set_pull_mode
                0x0000a668       0x1e src/linkbus.o
 .text.PE1_set_dir
                0x0000a686       0x1e src/linkbus.o
 .text._Z18nextFullLBTxBufferv
                0x0000a6a4       0x8e src/linkbus.o
                0x0000a6a4                _Z18nextFullLBTxBufferv
 .text._Z19nextEmptyLBTxBufferv
                0x0000a732       0x8e src/linkbus.o
                0x0000a732                _Z19nextEmptyLBTxBufferv
 .text._Z19nextEmptyLBRxBufferv
                0x0000a7c0       0x90 src/linkbus.o
                0x0000a7c0                _Z19nextEmptyLBRxBufferv
 .text._Z18nextFullLBRxBufferv
                0x0000a850       0x90 src/linkbus.o
                0x0000a850                _Z18nextFullLBRxBufferv
 .text._Z19linkbusTxInProgressv
                0x0000a8e0       0x12 src/linkbus.o
                0x0000a8e0                _Z19linkbusTxInProgressv
 .text._ZL16linkbus_start_txv
                0x0000a8f2       0x3c src/linkbus.o
 .text._Z14linkbus_end_txv
                0x0000a92e       0x4a src/linkbus.o
                0x0000a92e                _Z14linkbus_end_txv
 .text._ZL21USART1_initializationm
                0x0000a978       0x4a src/linkbus.o
 .text._ZL21USART4_initializationm
                0x0000a9c2       0x4a src/linkbus.o
 .text._Z12linkbus_initm14USART_Number_t
                0x0000aa0c       0xa6 src/linkbus.o
                0x0000aa0c                _Z12linkbus_initm14USART_Number_t
 .text._Z15linkbus_disablev
                0x0000aab2       0x6a src/linkbus.o
                0x0000aab2                _Z15linkbus_disablev
 .text._Z12lb_send_textPc
                0x0000ab1c       0xba src/linkbus.o
                0x0000ab1c                _Z12lb_send_textPc
 .text._Z11lb_send_msg13LBMessageTypePKcPc
                0x0000abd6       0x9e src/linkbus.o
                0x0000abd6                _Z11lb_send_msg13LBMessageTypePKcPc
 .text._Z16lb_broadcast_numjPKc
                0x0000ac74       0xc4 src/linkbus.o
                0x0000ac74                _Z16lb_broadcast_numjPKc
 .text._Z9makeMorsePcPbS0_
                0x0000ad38      0x2b0 src/morse.o
                0x0000ad38                _Z9makeMorsePcPbS0_
 .text._Z26timeRequiredToSendStrAtWPMPcj
                0x0000afe8       0xa0 src/morse.o
                0x0000afe8                _Z26timeRequiredToSendStrAtWPMPcj
 .text._Z12getMorseCharc
                0x0000b088      0x36c src/morse.o
                0x0000b088                _Z12getMorseCharc
 .text.protected_write_io
                0x0000b3f4        0xa src/protected_io.o
                0x0000b3f4                protected_write_io
 .text.PORTC_set_pin_pull_mode
                0x0000b3fe       0x62 src/serialbus.o
 .text.PORTC_set_pin_dir
                0x0000b460       0xa8 src/serialbus.o
 .text.PORTC_set_pin_level
                0x0000b508       0x74 src/serialbus.o
 .text.PORTE_set_pin_pull_mode
                0x0000b57c       0x62 src/serialbus.o
 .text.PORTE_set_pin_dir
                0x0000b5de       0xa8 src/serialbus.o
 .text.PORTE_set_pin_level
                0x0000b686       0x74 src/serialbus.o
 .text.PC0_set_dir
                0x0000b6fa       0x1e src/serialbus.o
 .text.PC0_set_level
                0x0000b718       0x1e src/serialbus.o
 .text.PC1_set_pull_mode
                0x0000b736       0x1e src/serialbus.o
 .text.PC1_set_dir
                0x0000b754       0x1e src/serialbus.o
 .text.PE0_set_dir
                0x0000b772       0x1e src/serialbus.o
 .text.PE0_set_level
                0x0000b790       0x1e src/serialbus.o
 .text.PE1_set_pull_mode
                0x0000b7ae       0x1e src/serialbus.o
 .text.PE1_set_dir
                0x0000b7cc       0x1e src/serialbus.o
 .text.nextFullSBTxBuffer
                0x0000b7ea       0x96 src/serialbus.o
                0x0000b7ea                nextFullSBTxBuffer
 .text.nextEmptySBTxBuffer
                0x0000b880       0x96 src/serialbus.o
                0x0000b880                nextEmptySBTxBuffer
 .text.nextEmptySBRxBuffer
                0x0000b916       0x98 src/serialbus.o
                0x0000b916                nextEmptySBRxBuffer
 .text.nextFullSBRxBuffer
                0x0000b9ae       0x98 src/serialbus.o
                0x0000b9ae                nextFullSBRxBuffer
 .text.serialbusTxInProgress
                0x0000ba46       0x12 src/serialbus.o
                0x0000ba46                serialbusTxInProgress
 .text._Z18serialbus_start_txv
                0x0000ba58       0x3c src/serialbus.o
                0x0000ba58                _Z18serialbus_start_txv
 .text.serialbus_end_tx
                0x0000ba94       0x4a src/serialbus.o
                0x0000ba94                serialbus_end_tx
 .text._ZL21USART1_initializationm
                0x0000bade       0x4a src/serialbus.o
 .text._ZL21USART4_initializationm
                0x0000bb28       0x4a src/serialbus.o
 .text.serialbus_init
                0x0000bb72       0xa6 src/serialbus.o
                0x0000bb72                serialbus_init
 .text._Z19serialbus_send_textPc
                0x0000bc18       0xba src/serialbus.o
                0x0000bc18                _Z19serialbus_send_textPc
 .text.sb_send_NewPrompt
                0x0000bcd2       0x26 src/serialbus.o
                0x0000bcd2                sb_send_NewPrompt
 .text.sb_send_NewLine
                0x0000bcf8       0x22 src/serialbus.o
                0x0000bcf8                sb_send_NewLine
 .text.sb_echo_char
                0x0000bd1a       0x32 src/serialbus.o
                0x0000bd1a                sb_echo_char
 .text.sb_send_string
                0x0000bd4c      0x112 src/serialbus.o
                0x0000bd4c                sb_send_string
 .text.si5351_init
                0x0000be5e      0x19c src/si5351.o
                0x0000be5e                si5351_init
 .text.si5351_set_freq
                0x0000bffa      0x342 src/si5351.o
                0x0000bffa                si5351_set_freq
 .text.si5351_clock_enable
                0x0000c33c       0x96 src/si5351.o
                0x0000c33c                si5351_clock_enable
 .text.si5351_drive_strength
                0x0000c3d2       0xba src/si5351.o
                0x0000c3d2                si5351_drive_strength
 .text._Z7set_pllm10si5351_pll
                0x0000c48c      0x192 src/si5351.o
                0x0000c48c                _Z7set_pllm10si5351_pll
 .text._Z8pll_calcmP13u_si5351_regs
                0x0000c61e      0x1cc src/si5351.o
                0x0000c61e                _Z8pll_calcmP13u_si5351_regs
 .text._Z13reduce_by_gcdPmS_
                0x0000c7ea      0x166 src/si5351.o
                0x0000c7ea                _Z13reduce_by_gcdPmS_
 .text._Z15multisynth_calcmP13u_si5351_regsPbS1_
                0x0000c950      0x214 src/si5351.o
                0x0000c950                _Z15multisynth_calcmP13u_si5351_regsPbS1_
 .text._Z19multisynth_estimatemP13u_si5351_regsPbS1_
                0x0000cb64      0x302 src/si5351.o
                0x0000cb64                _Z19multisynth_estimatemP13u_si5351_regsPbS1_
 .text._Z17si5351_write_bulkhPhh
                0x0000ce66       0x64 src/si5351.o
                0x0000ce66                _Z17si5351_write_bulkhPhh
 .text._Z16si5351_read_bulkhPhh
                0x0000ceca       0x64 src/si5351.o
                0x0000ceca                _Z16si5351_read_bulkhPhh
 .text._Z31set_multisynth_registers_source12si5351_clock10si5351_pll
                0x0000cf2e       0x7a src/si5351.o
                0x0000cf2e                _Z31set_multisynth_registers_source12si5351_clock10si5351_pll
 .text._Z24set_multisynth_registers12si5351_clock13u_si5351_regsbhb
                0x0000cfa8      0x22c src/si5351.o
                0x0000cfa8                _Z24set_multisynth_registers12si5351_clock13u_si5351_regsbhb
 .text._Z16set_integer_mode12si5351_clockb
                0x0000d1d4       0x6a src/si5351.o
                0x0000d1d4                _Z16set_integer_mode12si5351_clockb
 .text._Z6ms_div12si5351_clockhb
                0x0000d23e       0xac src/si5351.o
                0x0000d23e                _Z6ms_div12si5351_clockhb
 .text.SLPCTRL_init
                0x0000d2ea       0x10 src/slpctrl.o
                0x0000d2ea                SLPCTRL_init
 .text.TIMERB_init
                0x0000d2fa       0x94 src/tcb.o
                0x0000d2fa                TIMERB_init
 .text.util_delay_ms
                0x0000d38e      0x176 src/tcb.o
                0x0000d38e                util_delay_ms
 .text.__vector_13
                0x0000d504       0xbc src/tcb.o
                0x0000d504                __vector_13
 .text._Z14txSetFrequencyPmb
                0x0000d5c0       0x94 src/transmitter.o
                0x0000d5c0                _Z14txSetFrequencyPmb
 .text._Z14txGetFrequencyv
                0x0000d654       0x22 src/transmitter.o
                0x0000d654                _Z14txGetFrequencyv
 .text._Z18powerToTransmitterb
                0x0000d676       0x1c src/transmitter.o
                0x0000d676                _Z18powerToTransmitterb
 .text._Z14keyTransmitterb
                0x0000d692       0x68 src/transmitter.o
                0x0000d692                _Z14keyTransmitterb
 .text._Z12txGetPowerMwv
                0x0000d6fa       0x16 src/transmitter.o
                0x0000d6fa                _Z12txGetPowerMwv
 .text._Z15txSetParametersPjPb
                0x0000d710      0x124 src/transmitter.o
                0x0000d710                _Z15txSetParametersPjPb
 .text._Z16init_transmitterv
                0x0000d834       0xd0 src/transmitter.o
                0x0000d834                _Z16init_transmitterv
 .text._Z22txMilliwattsToSettingsPjPhS0_S0_
                0x0000d904      0x326 src/transmitter.o
                0x0000d904                _Z22txMilliwattsToSettingsPjPhS0_S0_
 .text.USART0_get_data
                0x0000dc2a       0x16 src/usart_basic.o
                0x0000dc2a                USART0_get_data
 .text.USART1_init
                0x0000dc40       0xae src/usart_basic.o
                0x0000dc40                USART1_init
 .text.USART1_enable_tx
                0x0000dcee       0x34 src/usart_basic.o
                0x0000dcee                USART1_enable_tx
 .text.USART1_disable
                0x0000dd22       0x22 src/usart_basic.o
                0x0000dd22                USART1_disable
 .text.USART1_get_data
                0x0000dd44       0x16 src/usart_basic.o
                0x0000dd44                USART1_get_data
 .text.USART4_init
                0x0000dd5a       0xa0 src/usart_basic.o
                0x0000dd5a                USART4_init
 .text.USART4_enable_tx
                0x0000ddfa       0x34 src/usart_basic.o
                0x0000ddfa                USART4_enable_tx
 .text.USART4_disable
                0x0000de2e       0x22 src/usart_basic.o
                0x0000de2e                USART4_disable
 .text.USART4_get_data
                0x0000de50       0x16 src/usart_basic.o
                0x0000de50                USART4_get_data
 .text._Z7timeDifmm
                0x0000de66       0xb2 src/util.o
                0x0000de66                _Z7timeDifmm
 .text._Z11only_digitsPc
                0x0000df18       0x4e src/util.o
                0x0000df18                _Z11only_digitsPc
 .text._Z15frequencyStringPcm
                0x0000df66       0xf8 src/util.o
                0x0000df66                _Z15frequencyStringPcm
 .text._Z12frequencyValPcPm
                0x0000e05e      0x38a src/util.o
                0x0000e05e                _Z12frequencyValPcPm
 .text._Z8fox2TextPc5Fox_t
                0x0000e3e8      0x1e0 src/util.o
                0x0000e3e8                _Z8fox2TextPc5Fox_t
 .text.avr-libc.fplib
                0x0000e5c8        0xe c:/program files (x86)/atmel/studio/7.0/toolchain/avr8/avr8-gnu-toolchain/bin/../lib/gcc/avr/5.4.0/../../../../avr/lib/avrxmega4\libm.a(addsf3.o)
                0x0000e5c8                __subsf3
                0x0000e5ca                __addsf3
 .text.avr-libc.fplib
                0x0000e5d6       0xcc c:/program files (x86)/atmel/studio/7.0/toolchain/avr8/avr8-gnu-toolchain/bin/../lib/gcc/avr/5.4.0/../../../../avr/lib/avrxmega4\libm.a(addsf3x.o)
                0x0000e5f8                __addsf3x
 .text.avr-libc.fplib
                0x0000e6a2       0x2e c:/program files (x86)/atmel/studio/7.0/toolchain/avr8/avr8-gnu-toolchain/bin/../lib/gcc/avr/5.4.0/../../../../avr/lib/avrxmega4\libm.a(ceil.o)
                0x0000e6a2                ceil
 .text.avr-libc.fplib
                0x0000e6d0        0xa c:/program files (x86)/atmel/studio/7.0/toolchain/avr8/avr8-gnu-toolchain/bin/../lib/gcc/avr/5.4.0/../../../../avr/lib/avrxmega4\libm.a(cmpsf2.o)
                0x0000e6d0                __nesf2
                0x0000e6d0                __eqsf2
                0x0000e6d0                __cmpsf2
                0x0000e6d0                __ltsf2
                0x0000e6d0                __lesf2
 .text.avr-libc.fplib
                0x0000e6da        0x8 c:/program files (x86)/atmel/studio/7.0/toolchain/avr8/avr8-gnu-toolchain/bin/../lib/gcc/avr/5.4.0/../../../../avr/lib/avrxmega4\libm.a(divsf3.o)
                0x0000e6da                __divsf3
 .text.avr-libc.fplib
                0x0000e6e2       0xdc c:/program files (x86)/atmel/studio/7.0/toolchain/avr8/avr8-gnu-toolchain/bin/../lib/gcc/avr/5.4.0/../../../../avr/lib/avrxmega4\libm.a(divsf3x.o)
                0x0000e702                __divsf3x
                0x0000e708                __divsf3_pse
 .text.avr-libc.fplib
                0x0000e7be        0xe c:/program files (x86)/atmel/studio/7.0/toolchain/avr8/avr8-gnu-toolchain/bin/../lib/gcc/avr/5.4.0/../../../../avr/lib/avrxmega4\libm.a(fixsfsi.o)
                0x0000e7be                __fixsfsi
 .text.avr-libc.fplib
                0x0000e7cc       0x5e c:/program files (x86)/atmel/studio/7.0/toolchain/avr8/avr8-gnu-toolchain/bin/../lib/gcc/avr/5.4.0/../../../../avr/lib/avrxmega4\libm.a(fixunssfsi.o)
                0x0000e7cc                __fixunssfsi
 .text.avr-libc.fplib
                0x0000e82a       0x7a c:/program files (x86)/atmel/studio/7.0/toolchain/avr8/avr8-gnu-toolchain/bin/../lib/gcc/avr/5.4.0/../../../../avr/lib/avrxmega4\libm.a(floatsisf.o)
                0x0000e82a                __floatunsisf
                0x0000e82e                __floatsisf
 .text.avr-libc.fplib
                0x0000e8a4       0x48 c:/program files (x86)/atmel/studio/7.0/toolchain/avr8/avr8-gnu-toolchain/bin/../lib/gcc/avr/5.4.0/../../../../avr/lib/avrxmega4\libm.a(fp_cmp.o)
                0x0000e8a4                __fp_cmp
 .text.avr-libc.fplib
                0x0000e8ec        0xc c:/program files (x86)/atmel/studio/7.0/toolchain/avr8/avr8-gnu-toolchain/bin/../lib/gcc/avr/5.4.0/../../../../avr/lib/avrxmega4\libm.a(fp_inf.o)
                0x0000e8ec                __fp_inf
 .text.avr-libc.fplib
                0x0000e8f8       0x36 c:/program files (x86)/atmel/studio/7.0/toolchain/avr8/avr8-gnu-toolchain/bin/../lib/gcc/avr/5.4.0/../../../../avr/lib/avrxmega4\libm.a(fp_mintl.o)
                0x0000e8f8                __fp_mintl
 .text.avr-libc.fplib
                0x0000e92e       0x1c c:/program files (x86)/atmel/studio/7.0/toolchain/avr8/avr8-gnu-toolchain/bin/../lib/gcc/avr/5.4.0/../../../../avr/lib/avrxmega4\libm.a(fp_mpack.o)
                0x0000e92e                __fp_mpack
                0x0000e932                __fp_mpack_finite
 .text.avr-libc.fplib
                0x0000e94a        0x6 c:/program files (x86)/atmel/studio/7.0/toolchain/avr8/avr8-gnu-toolchain/bin/../lib/gcc/avr/5.4.0/../../../../avr/lib/avrxmega4\libm.a(fp_nan.o)
                0x0000e94a                __fp_nan
 .text.avr-libc.fplib
                0x0000e950        0xe c:/program files (x86)/atmel/studio/7.0/toolchain/avr8/avr8-gnu-toolchain/bin/../lib/gcc/avr/5.4.0/../../../../avr/lib/avrxmega4\libm.a(fp_pscA.o)
                0x0000e950                __fp_pscA
 .text.avr-libc.fplib
                0x0000e95e        0xe c:/program files (x86)/atmel/studio/7.0/toolchain/avr8/avr8-gnu-toolchain/bin/../lib/gcc/avr/5.4.0/../../../../avr/lib/avrxmega4\libm.a(fp_pscB.o)
                0x0000e95e                __fp_pscB
 .text.avr-libc.fplib
                0x0000e96c       0x22 c:/program files (x86)/atmel/studio/7.0/toolchain/avr8/avr8-gnu-toolchain/bin/../lib/gcc/avr/5.4.0/../../../../avr/lib/avrxmega4\libm.a(fp_round.o)
                0x0000e96c                __fp_round
 .text.avr-libc.fplib
                0x0000e98e       0x44 c:/program files (x86)/atmel/studio/7.0/toolchain/avr8/avr8-gnu-toolchain/bin/../lib/gcc/avr/5.4.0/../../../../avr/lib/avrxmega4\libm.a(fp_split3.o)
                0x0000e98e                __fp_split3
                0x0000e99e                __fp_splitA
 .text.avr-libc.fplib
                0x0000e9d2       0x30 c:/program files (x86)/atmel/studio/7.0/toolchain/avr8/avr8-gnu-toolchain/bin/../lib/gcc/avr/5.4.0/../../../../avr/lib/avrxmega4\libm.a(fp_trunc.o)
                0x0000e9d2                __fp_trunc
 .text.avr-libc.fplib
                0x0000ea02        0xe c:/program files (x86)/atmel/studio/7.0/toolchain/avr8/avr8-gnu-toolchain/bin/../lib/gcc/avr/5.4.0/../../../../avr/lib/avrxmega4\libm.a(fp_zero.o)
                0x0000ea02                __fp_zero
                0x0000ea04                __fp_szero
 .text.avr-libc.fplib
                0x0000ea10        0xa c:/program files (x86)/atmel/studio/7.0/toolchain/avr8/avr8-gnu-toolchain/bin/../lib/gcc/avr/5.4.0/../../../../avr/lib/avrxmega4\libm.a(gesf2.o)
                0x0000ea10                __gesf2
                0x0000ea10                __gtsf2
 .text.avr-libc.fplib
                0x0000ea1a        0x8 c:/program files (x86)/atmel/studio/7.0/toolchain/avr8/avr8-gnu-toolchain/bin/../lib/gcc/avr/5.4.0/../../../../avr/lib/avrxmega4\libm.a(mulsf3.o)
                0x0000ea1a                __mulsf3
 .text.avr-libc.fplib
                0x0000ea22       0xd2 c:/program files (x86)/atmel/studio/7.0/toolchain/avr8/avr8-gnu-toolchain/bin/../lib/gcc/avr/5.4.0/../../../../avr/lib/avrxmega4\libm.a(mulsf3x.o)
                0x0000ea40                __mulsf3x
                0x0000ea46                __mulsf3_pse
 .text.libgcc.mul
                0x0000eaf4       0x20 c:/program files (x86)/atmel/studio/7.0/toolchain/avr8/avr8-gnu-toolchain/bin/../lib/gcc/avr/5.4.0/avrxmega4\libgcc.a(_mulsi3.o)
                0x0000eaf4                __mulsi3
 .text.libgcc.div
                0x0000eb14       0x28 c:/program files (x86)/atmel/studio/7.0/toolchain/avr8/avr8-gnu-toolchain/bin/../lib/gcc/avr/5.4.0/avrxmega4\libgcc.a(_udivmodhi4.o)
                0x0000eb14                __udivmodhi4
 .text.libgcc.div
                0x0000eb3c       0x28 c:/program files (x86)/atmel/studio/7.0/toolchain/avr8/avr8-gnu-toolchain/bin/../lib/gcc/avr/5.4.0/avrxmega4\libgcc.a(_divmodhi4.o)
                0x0000eb3c                _div
                0x0000eb3c                __divmodhi4
 .text.libgcc.div
                0x0000eb64       0x44 c:/program files (x86)/atmel/studio/7.0/toolchain/avr8/avr8-gnu-toolchain/bin/../lib/gcc/avr/5.4.0/avrxmega4\libgcc.a(_udivmodsi4.o)
                0x0000eb64                __udivmodsi4
 .text.libgcc.div
                0x0000eba8       0x2e c:/program files (x86)/atmel/studio/7.0/toolchain/avr8/avr8-gnu-toolchain/bin/../lib/gcc/avr/5.4.0/avrxmega4\libgcc.a(_divmodsi4.o)
                0x0000eba8                __divmodsi4
 .text.libgcc.div
                0x0000ebd6       0x10 c:/program files (x86)/atmel/studio/7.0/toolchain/avr8/avr8-gnu-toolchain/bin/../lib/gcc/avr/5.4.0/avrxmega4\libgcc.a(_negsi2.o)
                0x0000ebd6                __negsi2
 .text.libgcc   0x0000ebe6       0x12 c:/program files (x86)/atmel/studio/7.0/toolchain/avr8/avr8-gnu-toolchain/bin/../lib/gcc/avr/5.4.0/avrxmega4\libgcc.a(_tablejump2.o)
                0x0000ebe6                __tablejump2__
 .text.libgcc.mul
                0x0000ebf8       0x1e c:/program files (x86)/atmel/studio/7.0/toolchain/avr8/avr8-gnu-toolchain/bin/../lib/gcc/avr/5.4.0/avrxmega4\libgcc.a(_umulhisi3.o)
                0x0000ebf8                __umulhisi3
 .text.libgcc.mul
                0x0000ec16       0x16 c:/program files (x86)/atmel/studio/7.0/toolchain/avr8/avr8-gnu-toolchain/bin/../lib/gcc/avr/5.4.0/avrxmega4\libgcc.a(_muluhisi3.o)
                0x0000ec16                __muluhisi3
 .text.avr-libc
                0x0000ec2c      0x242 c:/program files (x86)/atmel/studio/7.0/toolchain/avr8/avr8-gnu-toolchain/bin/../lib/gcc/avr/5.4.0/../../../../avr/lib/avrxmega4\libc.a(malloc.o)
                0x0000ec2c                malloc
                0x0000ed5c                free
 .text.avr-libc
                0x0000ee6e        0x8 c:/program files (x86)/atmel/studio/7.0/toolchain/avr8/avr8-gnu-toolchain/bin/../lib/gcc/avr/5.4.0/../../../../avr/lib/avrxmega4\libc.a(atof.o)
                0x0000ee6e                atof
 .text.avr-libc
                0x0000ee76       0x3c c:/program files (x86)/atmel/studio/7.0/toolchain/avr8/avr8-gnu-toolchain/bin/../lib/gcc/avr/5.4.0/../../../../avr/lib/avrxmega4\libc.a(atoi.o)
                0x0000ee76                atoi
 .text.avr-libc
                0x0000eeb2       0x4e c:/program files (x86)/atmel/studio/7.0/toolchain/avr8/avr8-gnu-toolchain/bin/../lib/gcc/avr/5.4.0/../../../../avr/lib/avrxmega4\libc.a(atol.o)
                0x0000eeb2                atol
 .text.avr-libc
                0x0000ef00       0x10 c:/program files (x86)/atmel/studio/7.0/toolchain/avr8/avr8-gnu-toolchain/bin/../lib/gcc/avr/5.4.0/../../../../avr/lib/avrxmega4\libc.a(toupper.o)
                0x0000ef00                toupper
 .text.avr-libc
                0x0000ef10        0xe c:/program files (x86)/atmel/studio/7.0/toolchain/avr8/avr8-gnu-toolchain/bin/../lib/gcc/avr/5.4.0/../../../../avr/lib/avrxmega4\libc.a(memset.o)
                0x0000ef10                memset
 .text.avr-libc
                0x0000ef1e       0x16 c:/program files (x86)/atmel/studio/7.0/toolchain/avr8/avr8-gnu-toolchain/bin/../lib/gcc/avr/5.4.0/../../../../avr/lib/avrxmega4\libc.a(strcat.o)
                0x0000ef1e                strcat
 .text.avr-libc
                0x0000ef34       0x16 c:/program files (x86)/atmel/studio/7.0/toolchain/avr8/avr8-gnu-toolchain/bin/../lib/gcc/avr/5.4.0/../../../../avr/lib/avrxmega4\libc.a(strchr.o)
                0x0000ef34                strchr
 .text.avr-libc
                0x0000ef4a        0xe c:/program files (x86)/atmel/studio/7.0/toolchain/avr8/avr8-gnu-toolchain/bin/../lib/gcc/avr/5.4.0/../../../../avr/lib/avrxmega4\libc.a(strcpy.o)
                0x0000ef4a                strcpy
 .text.avr-libc
                0x0000ef58       0x12 c:/program files (x86)/atmel/studio/7.0/toolchain/avr8/avr8-gnu-toolchain/bin/../lib/gcc/avr/5.4.0/../../../../avr/lib/avrxmega4\libc.a(strlen.o)
                0x0000ef58                strlen
 .text.avr-libc
                0x0000ef6a       0x1e c:/program files (x86)/atmel/studio/7.0/toolchain/avr8/avr8-gnu-toolchain/bin/../lib/gcc/avr/5.4.0/../../../../avr/lib/avrxmega4\libc.a(strncpy.o)
                0x0000ef6a                strncpy
 .text.avr-libc
                0x0000ef88       0x2a c:/program files (x86)/atmel/studio/7.0/toolchain/avr8/avr8-gnu-toolchain/bin/../lib/gcc/avr/5.4.0/../../../../avr/lib/avrxmega4\libc.a(mulsi10.o)
                0x0000ef88                __mulsi_const_10
 .text.avr-libc
                0x0000efb2       0x10 c:/program files (x86)/atmel/studio/7.0/toolchain/avr8/avr8-gnu-toolchain/bin/../lib/gcc/avr/5.4.0/../../../../avr/lib/avrxmega4\libc.a(mul10.o)
                0x0000efb2                __mulhi_const_10
 .text.avr-libc
                0x0000efc2       0x52 c:/program files (x86)/atmel/studio/7.0/toolchain/avr8/avr8-gnu-toolchain/bin/../lib/gcc/avr/5.4.0/../../../../avr/lib/avrxmega4\libc.a(sprintf.o)
                0x0000efc2                sprintf
 .text.avr-libc
                0x0000f014      0x408 c:/program files (x86)/atmel/studio/7.0/toolchain/avr8/avr8-gnu-toolchain/bin/../lib/gcc/avr/5.4.0/../../../../avr/lib/avrxmega4\libc.a(vfprintf_std.o)
                0x0000f014                vfprintf
 .text.avr-libc
                0x0000f41c      0x2b8 c:/program files (x86)/atmel/studio/7.0/toolchain/avr8/avr8-gnu-toolchain/bin/../lib/gcc/avr/5.4.0/../../../../avr/lib/avrxmega4\libc.a(strtod.o)
                0x0000f41c                strtod
 .text.avr-libc
                0x0000f6d4       0x12 c:/program files (x86)/atmel/studio/7.0/toolchain/avr8/avr8-gnu-toolchain/bin/../lib/gcc/avr/5.4.0/../../../../avr/lib/avrxmega4\libc.a(isspace.o)
                0x0000f6d4                isspace
 .text.avr-libc
                0x0000f6e6       0x30 c:/program files (x86)/atmel/studio/7.0/toolchain/avr8/avr8-gnu-toolchain/bin/../lib/gcc/avr/5.4.0/../../../../avr/lib/avrxmega4\libc.a(strncasecmp_P.o)
                0x0000f6e6                strncasecmp_P
 .text.avr-libc
                0x0000f716       0x16 c:/program files (x86)/atmel/studio/7.0/toolchain/avr8/avr8-gnu-toolchain/bin/../lib/gcc/avr/5.4.0/../../../../avr/lib/avrxmega4\libc.a(strnlen_P.o)
                0x0000f716                strnlen_P
 .text.avr-libc
                0x0000f72c       0x16 c:/program files (x86)/atmel/studio/7.0/toolchain/avr8/avr8-gnu-toolchain/bin/../lib/gcc/avr/5.4.0/../../../../avr/lib/avrxmega4\libc.a(strnlen.o)
                0x0000f72c                strnlen
 .text.avr-libc
                0x0000f742       0x78 c:/program files (x86)/atmel/studio/7.0/toolchain/avr8/avr8-gnu-toolchain/bin/../lib/gcc/avr/5.4.0/../../../../avr/lib/avrxmega4\libc.a(fputc.o)
                0x0000f742                fputc
 .text.avr-libc
                0x0000f7ba       0xbc c:/program files (x86)/atmel/studio/7.0/toolchain/avr8/avr8-gnu-toolchain/bin/../lib/gcc/avr/5.4.0/../../../../avr/lib/avrxmega4\libc.a(ultoa_invert.o)
                0x0000f7ba                __ultoa_invert
 .text.avr-libc
                0x0000f876        0x6 c:/program files (x86)/atmel/studio/7.0/toolchain/avr8/avr8-gnu-toolchain/bin/../lib/gcc/avr/5.4.0/../../../../avr/lib/avrxmega4\libc.a(cty_isfalse.o)
                0x0000f876                __ctype_isfalse
                0x0000f87a                __ctype_istrue
 .text.avr-libc
                0x0000f87c       0x10 C:/Program Files (x86)/Atmel/Studio/7.0/Packs/atmel/AVR-Dx_DFP/1.9.103/gcc/dev/avr128da48/avrxmega4\libavr128da48.a(eerd_byte.o)
                0x0000f87c                eeprom_read_byte
                0x0000f884                eeprom_mapen
 .text.avr-libc
                0x0000f88c        0xe C:/Program Files (x86)/Atmel/Studio/7.0/Packs/atmel/AVR-Dx_DFP/1.9.103/gcc/dev/avr128da48/avrxmega4\libavr128da48.a(eerd_dword.o)
                0x0000f88c                eeprom_read_float
                0x0000f88c                eeprom_read_dword
 .text.avr-libc
                0x0000f89a        0xa C:/Program Files (x86)/Atmel/Studio/7.0/Packs/atmel/AVR-Dx_DFP/1.9.103/gcc/dev/avr128da48/avrxmega4\libavr128da48.a(eerd_word.o)
                0x0000f89a                eeprom_read_word
 .text.libgcc.div
                0x0000f8a4       0x1c c:/program files (x86)/atmel/studio/7.0/toolchain/avr8/avr8-gnu-toolchain/bin/../lib/gcc/avr/5.4.0/avrxmega4\libgcc.a(_divmodqi4.o)
                0x0000f8a4                __divmodqi4
 .text.libgcc   0x0000f8c0        0xe c:/program files (x86)/atmel/studio/7.0/toolchain/avr8/avr8-gnu-toolchain/bin/../lib/gcc/avr/5.4.0/avrxmega4\libgcc.a(_xload_1.o)
                0x0000f8c0                __xload_1
 .text.libgcc.div
                0x0000f8ce       0x18 c:/program files (x86)/atmel/studio/7.0/toolchain/avr8/avr8-gnu-toolchain/bin/../lib/gcc/avr/5.4.0/avrxmega4\libgcc.a(_udivmodqi4.o)
                0x0000f8ce                __udivmodqi4
                0x0000f8e6                . = ALIGN (0x2)
 *(.fini9)
 .fini9         0x0000f8e6        0x0 c:/program files (x86)/atmel/studio/7.0/toolchain/avr8/avr8-gnu-toolchain/bin/../lib/gcc/avr/5.4.0/avrxmega4\libgcc.a(_exit.o)
                0x0000f8e6                _exit
                0x0000f8e6                exit
 *(.fini9)
 *(.fini8)
 *(.fini8)
 *(.fini7)
 *(.fini7)
 *(.fini6)
 .fini6         0x0000f8e6       0x16 c:/program files (x86)/atmel/studio/7.0/toolchain/avr8/avr8-gnu-toolchain/bin/../lib/gcc/avr/5.4.0/avrxmega4\libgcc.a(_dtors.o)
                0x0000f8e6                __do_global_dtors
 *(.fini6)
 *(.fini5)
 *(.fini5)
 *(.fini4)
 *(.fini4)
 *(.fini3)
 *(.fini3)
 *(.fini2)
 *(.fini2)
 *(.fini1)
 *(.fini1)
 *(.fini0)
 .fini0         0x0000f8fc        0x4 c:/program files (x86)/atmel/studio/7.0/toolchain/avr8/avr8-gnu-toolchain/bin/../lib/gcc/avr/5.4.0/avrxmega4\libgcc.a(_exit.o)
 *(.fini0)
                0x0000f900                _etext = .

.data           0x00804000      0x6b6 load address 0x0000f900
                0x00804000                PROVIDE (__data_start, .)
 *(.data)
 .data          0x00804000        0x6 c:/program files (x86)/atmel/studio/7.0/toolchain/avr8/avr8-gnu-toolchain/bin/../lib/gcc/avr/5.4.0/../../../../avr/lib/avrxmega4\libc.a(malloc.o)
                0x00804000                __malloc_heap_end
                0x00804002                __malloc_heap_start
                0x00804004                __malloc_margin
 *(.data*)
 .data._ZL28g_antenna_connection_changed
                0x00804006        0x1 main.o
 .data._ZL15g_code_throttle
                0x00804007        0x2 main.o
 .data._ZL23g_WiFi_shutdown_seconds
                0x00804009        0x1 main.o
 .data._ZL13g_wifi_active
                0x0080400a        0x1 main.o
 .data.g_id_codespeed
                0x0080400b        0x1 main.o
                0x0080400b                g_id_codespeed
 .data.g_pattern_codespeed
                0x0080400c        0x1 main.o
                0x0080400c                g_pattern_codespeed
 .data.g_on_air_seconds
                0x0080400d        0x2 main.o
                0x0080400d                g_on_air_seconds
 .data.g_off_air_seconds
                0x0080400f        0x2 main.o
                0x0080400f                g_off_air_seconds
 .data.g_ID_period_seconds
                0x00804011        0x2 main.o
                0x00804011                g_ID_period_seconds
 .data.g_update_timeout_seconds
                0x00804013        0x2 main.o
                0x00804013                g_update_timeout_seconds
 .data._ZL18g_seconds_to_sleep
                0x00804015        0x4 main.o
 .data._ZL17g_adcChannelOrder
                0x00804019        0x3 main.o
 .data._ZL19g_adcCountdownCount
                0x0080401c        0x6 main.o
 .data.g_fox    0x00804022        0x1 main.o
                0x00804022                g_fox
 .data._ZZ19updateAntennaStatusvE16antennaReadCount
                0x00804023        0x1 main.o
 .data.g_i2c0_timeout_ticks
                0x00804024        0x2 src/i2c.o
                0x00804024                g_i2c0_timeout_ticks
 .data.g_i2c1_timeout_ticks
                0x00804026        0x2 src/i2c.o
                0x00804026                g_i2c1_timeout_ticks
 .data._ZL14g_bus_disabled
                0x00804028        0x1 src/linkbus.o
 .data.g_linkbus_usart_number
                0x00804029        0x1 src/linkbus.o
                0x00804029                g_linkbus_usart_number
 .data._ZZ9makeMorsePcPbS0_E6repeat
                0x0080402a        0x1 src/morse.o
 .data._ZZ9makeMorsePcPbS0_E1c
                0x0080402b        0x1 src/morse.o
 .data.g_serialbus_usart_number
                0x0080402c        0x1 src/serialbus.o
                0x0080402c                g_serialbus_usart_number
 .data._ZL14g_bus_disabled
                0x0080402d        0x1 src/serialbus.o
 .data._ZL9xtal_freq
                0x0080402e        0x4 src/si5351.o
 .data.g_80m_frequency
                0x00804032        0x4 src/transmitter.o
                0x00804032                g_80m_frequency
 .data.g_80m_power_level_mW
                0x00804036        0x2 src/transmitter.o
                0x00804036                g_80m_power_level_mW
 .data.g_rtty_offset
                0x00804038        0x4 src/transmitter.o
                0x00804038                g_rtty_offset
 .data.g_tx_power_is_zero
                0x0080403c        0x1 src/transmitter.o
                0x0080403c                g_tx_power_is_zero
 .data.g_80m_power_table
                0x0080403d       0x10 src/transmitter.o
                0x0080403d                g_80m_power_table
 *(.gnu.linkonce.d*)
 *(.rodata)
 .rodata        0x0080404d      0x3e1 main.o
 .rodata        0x0080442e       0x78 src/ds3231.o
 .rodata        0x008044a6        0x5 src/eeprommanager.o
 .rodata        0x008044ab       0x20 src/linkbus.o
 .rodata        0x008044cb      0x174 src/util.o
 *(.rodata*)
 .rodata._ZL34g_adcChannelConversionPeriod_ticks
                0x0080463f        0x6 main.o
 .rodata._ZL4crlf
                0x00804645        0x2 src/serialbus.o
 .rodata._ZL10textPrompt
                0x00804647        0x3 src/serialbus.o
 .rodata.str1.1
                0x0080464a       0x6b c:/program files (x86)/atmel/studio/7.0/toolchain/avr8/avr8-gnu-toolchain/bin/../lib/gcc/avr/5.4.0/../../../../avr/lib/avrxmega4\libc.a(strftime.o)
                                 0x7f (size before relaxing)
 *(.gnu.linkonce.r*)
                0x008046b6                . = ALIGN (0x2)
 *fill*         0x008046b5        0x1 
                0x008046b6                _edata = .
                0x008046b6                PROVIDE (__data_end, .)

.bss            0x008046b6      0x429
                0x008046b6                PROVIDE (__bss_start, .)
 *(.bss)
 *(.bss*)
 .bss._ZZ9serial_RxhE4buff
                0x008046b6        0x2 driver_isr.o
 .bss._ZZ9serial_RxhE11ignoreCount
                0x008046b8        0x1 driver_isr.o
 .bss._ZZ9serial_RxhE9charIndex
                0x008046b9        0x1 driver_isr.o
 .bss._ZZ9serial_RxhE8textBuff
                0x008046ba       0x32 driver_isr.o
 .bss._ZZ9serial_RxhE13receiving_msg
                0x008046ec        0x1 driver_isr.o
 .bss._ZZ9serial_RxhE6msg_ID
                0x008046ed        0x2 driver_isr.o
 .bss._ZZ9serial_RxhE11field_index
                0x008046ef        0x1 driver_isr.o
 .bss._ZZ9serial_RxhE9field_len
                0x008046f0        0x1 driver_isr.o
 .bss._ZZ11__vector_20E4buff
                0x008046f1        0x2 driver_isr.o
 .bss._ZZ11__vector_20E9charIndex
                0x008046f3        0x1 driver_isr.o
 .bss._ZZ11__vector_20E4buff_0
                0x008046f4        0x2 driver_isr.o
 .bss._ZZ11__vector_20E9charIndex_0
                0x008046f6        0x1 driver_isr.o
 .bss._ZZ11__vector_56E4buff
                0x008046f7        0x2 driver_isr.o
 .bss._ZZ11__vector_56E9charIndex
                0x008046f9        0x1 driver_isr.o
 .bss._ZZ11__vector_56E4buff_0
                0x008046fa        0x2 driver_isr.o
 .bss._ZZ11__vector_56E9charIndex_0
                0x008046fc        0x1 driver_isr.o
 .bss._ZZ10linkbus_RxhE4buff
                0x008046fd        0x2 driver_isr.o
 .bss._ZZ10linkbus_RxhE9charIndex
                0x008046ff        0x1 driver_isr.o
 .bss._ZZ10linkbus_RxhE9field_len
                0x00804700        0x1 driver_isr.o
 .bss._ZZ10linkbus_RxhE10tempMsg_ID
                0x00804701        0x4 driver_isr.o
 .bss._ZZ10linkbus_RxhE13receiving_msg
                0x00804705        0x1 driver_isr.o
 .bss._ZZ10linkbus_RxhE11field_index
                0x00804706        0x1 driver_isr.o
 .bss._ZZ11__vector_32E4buff
                0x00804707        0x2 driver_isr.o
 .bss._ZZ11__vector_32E9charIndex
                0x00804709        0x1 driver_isr.o
 .bss._ZZ11__vector_32E4buff_0
                0x0080470a        0x2 driver_isr.o
 .bss._ZZ11__vector_32E9charIndex_0
                0x0080470c        0x1 driver_isr.o
 .bss._ZL9g_tempStr
                0x0080470d       0x32 main.o
 .bss._ZL17g_last_error_code
                0x0080473f        0x1 main.o
 .bss._ZL18g_last_status_code
                0x00804740        0x1 main.o
 .bss._ZL33g_powerUp_initialization_complete
                0x00804741        0x1 main.o
 .bss._ZL18g_perform_3V3_init
                0x00804742        0x1 main.o
 .bss._ZL21g_util_tick_countdown
                0x00804743        0x2 main.o
 .bss.g_antenna_connect_state
                0x00804745        0x1 main.o
                0x00804745                g_antenna_connect_state
 .bss._ZL13g_start_event
                0x00804746        0x1 main.o
 .bss._ZL11g_end_event
                0x00804747        0x1 main.o
 .bss._ZL12g_on_the_air
                0x00804748        0x4 main.o
 .bss._ZL26g_sendID_seconds_countdown
                0x0080474c        0x2 main.o
 .bss._ZL16g_report_seconds
                0x0080474e        0x1 main.o
 .bss._ZL19g_wifi_enable_delay
                0x0080474f        0x1 main.o
 .bss._ZL20g_shutting_down_wifi
                0x00804750        0x1 main.o
 .bss._ZL11g_sleepType
                0x00804751        0x1 main.o
 .bss.g_messages_text
                0x00804752       0x2a main.o
                0x00804752                g_messages_text
 .bss.g_time_needed_for_ID
                0x0080477c        0x2 main.o
                0x0080477c                g_time_needed_for_ID
 .bss.g_intra_cycle_delay_time
                0x0080477e        0x2 main.o
                0x0080477e                g_intra_cycle_delay_time
 .bss.g_event_start_epoch
                0x00804780        0x4 main.o
                0x00804780                g_event_start_epoch
 .bss.g_event_finish_epoch
                0x00804784        0x4 main.o
                0x00804784                g_event_finish_epoch
 .bss.g_event_enabled
                0x00804788        0x1 main.o
                0x00804788                g_event_enabled
 .bss.g_event_commenced
                0x00804789        0x1 main.o
                0x00804789                g_event_commenced
 .bss.g_check_for_next_event
                0x0080478a        0x1 main.o
                0x0080478a                g_check_for_next_event
 .bss.g_waiting_for_next_event
                0x0080478b        0x1 main.o
                0x0080478b                g_waiting_for_next_event
 .bss._ZL13g_go_to_sleep
                0x0080478c        0x1 main.o
 .bss._ZL10g_sleeping
                0x0080478d        0x1 main.o
 .bss._ZL23g_seconds_left_to_sleep
                0x0080478e        0x4 main.o
 .bss._ZL12g_adcUpdated
                0x00804792        0x3 main.o
 .bss._ZL22g_lastConversionResult
                0x00804795        0x6 main.o
 .bss.g_switch_closed_count
                0x0080479b        0x2 main.o
                0x0080479b                g_switch_closed_count
 .bss.g_long_button_press
                0x0080479d        0x1 main.o
                0x0080479d                g_long_button_press
 .bss.LEDS      0x0080479e        0x1 main.o
                0x0080479e                LEDS
 .bss.g_ee_mgr  0x0080479f        0x1 main.o
                0x0080479f                g_ee_mgr
 .bss.g_utc_offset
                0x008047a0        0x1 main.o
                0x008047a0                g_utc_offset
 .bss.g_unlockCode
                0x008047a1        0x8 main.o
                0x008047a1                g_unlockCode
 .bss.g_current_epoch
                0x008047a9        0x4 main.o
                0x008047a9                g_current_epoch
 .bss.g_use_rtc_for_startstop
                0x008047ad        0x1 main.o
                0x008047ad                g_use_rtc_for_startstop
 .bss._ZZ11__vector_12E7codeInc
                0x008047ae        0x2 main.o
 .bss._ZZ11__vector_12E3key
                0x008047b0        0x1 main.o
 .bss._ZZ11__vector_12E19conversionInProcess
                0x008047b1        0x1 main.o
 .bss._ZZ11__vector_12E24indexConversionInProcess
                0x008047b2        0x1 main.o
 .bss._ZZ11__vector_12E20holdConversionResult
                0x008047b3        0x2 main.o
 .bss._ZZ11__vector_29E5count
                0x008047b5        0x2 main.o
 .bss._ZZ19handleSerialBusMsgsvE6pwr_mW
                0x008047b7        0x2 main.o
 .bss._ZZ17handleLinkBusMsgsvE6pwr_mW
                0x008047b9        0x2 main.o
 .bss._ZZ17handleLinkBusMsgsvE21event_parameter_count
                0x008047bb        0x1 main.o
 .bss._ZZ17handleLinkBusMsgsvE2ec
                0x008047bc        0x1 main.o
 .bss._ZZ17handleLinkBusMsgsvE8lastTime
                0x008047bd        0x4 main.o
 .bss._ZZ17handleLinkBusMsgsvE1f
                0x008047c1        0x4 main.o
 .bss._ZZ19updateAntennaStatusvE26lastAntennaConnectionState
                0x008047c5        0x1 main.o
 .bss.g_goertzel
                0x008047c6        0x1 src/adc.o
                0x008047c6                g_goertzel
 .bss._ZL20g_adc_initialization
                0x008047c7        0x1 src/adc.o
 .bss._SAMPLING_FREQUENCY
                0x008047c8        0x4 src/Goertzel.o
                0x008047c8                _SAMPLING_FREQUENCY
 .bss._N        0x008047cc        0x2 src/Goertzel.o
                0x008047cc                _N
 .bss._index    0x008047ce        0x2 src/Goertzel.o
                0x008047ce                _index
 .bss._samplesReady
                0x008047d0        0x1 src/Goertzel.o
                0x008047d0                _samplesReady
 .bss.testData  0x008047d1        0x2 src/Goertzel.o
                0x008047d1                testData
 .bss._ZL16lastBlinkSetting
                0x008047d3        0x1 src/leds.o
 .bss._ZL17led_timeout_count
                0x008047d4        0x4 src/leds.o
 .bss._ZL19red_blink_on_period
                0x008047d8        0x2 src/leds.o
 .bss._ZL20red_blink_off_period
                0x008047da        0x2 src/leds.o
 .bss._ZL21green_blink_on_period
                0x008047dc        0x2 src/leds.o
 .bss._ZL22green_blink_off_period
                0x008047de        0x2 src/leds.o
 .bss._ZL15red_blink_count
                0x008047e0        0x2 src/leds.o
 .bss._ZL17green_blink_count
                0x008047e2        0x2 src/leds.o
 .bss._ZL18red_led_configured
                0x008047e4        0x1 src/leds.o
 .bss._ZL20green_led_configured
                0x008047e5        0x1 src/leds.o
 .bss._ZL13g_tempMsgBuff
                0x008047e6       0x32 src/linkbus.o
 .bss._ZL17linkbus_tx_active
                0x00804818        0x1 src/linkbus.o
 .bss._ZL9tx_buffer
                0x00804819       0xc8 src/linkbus.o
 .bss._ZL9rx_buffer
                0x008048e1       0x84 src/linkbus.o
 .bss._ZZ18nextFullLBTxBuffervE11bufferIndex
                0x00804965        0x1 src/linkbus.o
 .bss._ZZ19nextEmptyLBTxBuffervE11bufferIndex
                0x00804966        0x1 src/linkbus.o
 .bss._ZZ19nextEmptyLBRxBuffervE11bufferIndex
                0x00804967        0x1 src/linkbus.o
 .bss._ZZ18nextFullLBRxBuffervE11bufferIndex
                0x00804968        0x1 src/linkbus.o
 .bss._ZZ9makeMorsePcPbS0_E11holdKeyDown
                0x00804969        0x1 src/morse.o
 .bss._ZZ9makeMorsePcPbS0_E3str
                0x0080496a        0x2 src/morse.o
 .bss._ZZ9makeMorsePcPbS0_E15morseInProgress
                0x0080496c        0x3 src/morse.o
 .bss._ZZ9makeMorsePcPbS0_E9charIndex
                0x0080496f        0x1 src/morse.o
 .bss._ZZ9makeMorsePcPbS0_E11symbolIndex
                0x00804970        0x1 src/morse.o
 .bss._ZZ9makeMorsePcPbS0_E12elementIndex
                0x00804971        0x1 src/morse.o
 .bss._ZZ9makeMorsePcPbS0_E10addedSpace
                0x00804972        0x1 src/morse.o
 .bss._ZZ9makeMorsePcPbS0_E15completedString
                0x00804973        0x1 src/morse.o
 .bss._ZZ9makeMorsePcPbS0_E9carrierOn
                0x00804974        0x1 src/morse.o
 .bss._ZL13g_tempMsgBuff
                0x00804975       0x32 src/serialbus.o
 .bss._ZL19serialbus_tx_active
                0x008049a7        0x1 src/serialbus.o
 .bss._ZL9tx_buffer
                0x008049a8       0x7b src/serialbus.o
 .bss._ZL9rx_buffer
                0x00804a23       0x7e src/serialbus.o
 .bss._ZZ18nextFullSBTxBufferE11bufferIndex
                0x00804aa1        0x1 src/serialbus.o
 .bss._ZZ19nextEmptySBTxBufferE11bufferIndex
                0x00804aa2        0x1 src/serialbus.o
 .bss._ZZ19nextEmptySBRxBufferE11bufferIndex
                0x00804aa3        0x1 src/serialbus.o
 .bss._ZZ18nextFullSBRxBufferE11bufferIndex
                0x00804aa4        0x1 src/serialbus.o
 .bss._ZL8freqVCOB
                0x00804aa5        0x4 src/si5351.o
 .bss._ZL17enabledClocksMask
                0x00804aa9        0x1 src/si5351.o
 .bss._ZL9clock_out
                0x00804aaa        0xc src/si5351.o
 .bss.g_si5351_initialized
                0x00804ab6        0x1 src/si5351.o
                0x00804ab6                g_si5351_initialized
 .bss._ZZ11si5351_initE3err
                0x00804ab7        0x1 src/si5351.o
 .bss._ZL12g_ms_counter
                0x00804ab8        0x4 src/tcb.o
 .bss._ZZ13util_delay_msE8counting
                0x00804abc        0x1 src/tcb.o
 .bss._ZZ13util_delay_msE14countdownValue
                0x00804abd        0x4 src/tcb.o
 .bss._ZL16g_tx_initialized
                0x00804ac1        0x1 src/transmitter.o
 .bss._ZL19g_transmitter_keyed
                0x00804ac2        0x1 src/transmitter.o
 *(COMMON)
 COMMON         0x00804ac3        0x4 c:/program files (x86)/atmel/studio/7.0/toolchain/avr8/avr8-gnu-toolchain/bin/../lib/gcc/avr/5.4.0/../../../../avr/lib/avrxmega4\libc.a(malloc.o)
                0x00804ac3                __brkval
                0x00804ac5                __flp
 COMMON         0x00804ac7        0x4 c:/program files (x86)/atmel/studio/7.0/toolchain/avr8/avr8-gnu-toolchain/bin/../lib/gcc/avr/5.4.0/../../../../avr/lib/avrxmega4\libc.a(system_time.o)
                0x00804ac7                __system_time
 COMMON         0x00804acb        0xc c:/program files (x86)/atmel/studio/7.0/toolchain/avr8/avr8-gnu-toolchain/bin/../lib/gcc/avr/5.4.0/../../../../avr/lib/avrxmega4\libc.a(tm_store.o)
                0x00804acb                __tm_store
 COMMON         0x00804ad7        0x4 c:/program files (x86)/atmel/studio/7.0/toolchain/avr8/avr8-gnu-toolchain/bin/../lib/gcc/avr/5.4.0/../../../../avr/lib/avrxmega4\libc.a(utc_offset.o)
                0x00804ad7                __utc_offset
 COMMON         0x00804adb        0x2 c:/program files (x86)/atmel/studio/7.0/toolchain/avr8/avr8-gnu-toolchain/bin/../lib/gcc/avr/5.4.0/../../../../avr/lib/avrxmega4\libc.a(dst_pointer.o)
                0x00804adb                __dst_ptr
 COMMON         0x00804add        0x2 c:/program files (x86)/atmel/studio/7.0/toolchain/avr8/avr8-gnu-toolchain/bin/../lib/gcc/avr/5.4.0/../../../../avr/lib/avrxmega4\libc.a(errno.o)
                0x00804add                errno
                0x00804adf                PROVIDE (__bss_end, .)
                0x0000f900                __data_load_start = LOADADDR (.data)
                0x0000ffb6                __data_load_end = (__data_load_start + SIZEOF (.data))

.noinit         0x00804adf        0x0
                [!provide]                PROVIDE (__noinit_start, .)
 *(.noinit*)
                [!provide]                PROVIDE (__noinit_end, .)
                0x00804adf                _end = .
                0x00804adf                PROVIDE (__heap_start, .)

.eeprom         0x00810000       0x35
 *(.eeprom*)
 .eeprom        0x00810000       0x35 src/eeprommanager.o
                0x00810000                _ZN13EepromManager7ee_varsE
                0x00810035                __eeprom_end = .

.fuse
 *(.fuse)
 *(.lfuse)
 *(.hfuse)
 *(.efuse)

.lock
 *(.lock*)

.signature
 *(.signature*)

.user_signatures
 *(.user_signatures*)

.stab
 *(.stab)

.stabstr
 *(.stabstr)

.stab.excl
 *(.stab.excl)

.stab.exclstr
 *(.stab.exclstr)

.stab.index
 *(.stab.index)

.stab.indexstr
 *(.stab.indexstr)

.comment        0x00000000       0x5c
 *(.comment)
 .comment       0x00000000       0x30 atmel_start.o
                                 0x31 (size before relaxing)
 .comment       0x00000030       0x31 driver_isr.o
 .comment       0x00000030       0x31 main.o
 .comment       0x00000030       0x31 src/adc.o
 .comment       0x00000030       0x31 src/binio.o
 .comment       0x00000030       0x31 src/bod.o
 .comment       0x00000030       0x31 src/clkctrl.o
 .comment       0x00000030       0x31 src/cpuint.o
 .comment       0x00000030       0x31 src/dac0.o
 .comment       0x00000030       0x31 src/driver_init.o
 .comment       0x00000030       0x31 src/ds3231.o
 .comment       0x00000030       0x31 src/eeprommanager.o
 .comment       0x00000030       0x31 src/Goertzel.o
 .comment       0x00000030       0x31 src/i2c.o
 .comment       0x00000030       0x31 src/leds.o
 .comment       0x00000030       0x31 src/linkbus.o
 .comment       0x00000030       0x31 src/morse.o
 .comment       0x00000030       0x31 src/serialbus.o
 .comment       0x00000030       0x31 src/si5351.o
 .comment       0x00000030       0x31 src/slpctrl.o
 .comment       0x00000030       0x31 src/tcb.o
 .comment       0x00000030       0x31 src/transmitter.o
 .comment       0x00000030       0x31 src/usart_basic.o
 .comment       0x00000030       0x31 src/util.o
 .comment       0x00000030       0x31 c:/program files (x86)/atmel/studio/7.0/toolchain/avr8/avr8-gnu-toolchain/bin/../lib/gcc/avr/5.4.0/../../../../avr/lib/avrxmega4\libc.a(malloc.o)
 .comment       0x00000030       0x31 c:/program files (x86)/atmel/studio/7.0/toolchain/avr8/avr8-gnu-toolchain/bin/../lib/gcc/avr/5.4.0/../../../../avr/lib/avrxmega4\libc.a(sprintf.o)
 .comment       0x00000030       0x31 c:/program files (x86)/atmel/studio/7.0/toolchain/avr8/avr8-gnu-toolchain/bin/../lib/gcc/avr/5.4.0/../../../../avr/lib/avrxmega4\libc.a(isLeap.o)
 .comment       0x00000030       0x31 c:/program files (x86)/atmel/studio/7.0/toolchain/avr8/avr8-gnu-toolchain/bin/../lib/gcc/avr/5.4.0/../../../../avr/lib/avrxmega4\libc.a(localtime.o)
 .comment       0x00000030       0x31 c:/program files (x86)/atmel/studio/7.0/toolchain/avr8/avr8-gnu-toolchain/bin/../lib/gcc/avr/5.4.0/../../../../avr/lib/avrxmega4\libc.a(localtime_r.o)
 .comment       0x00000030       0x31 c:/program files (x86)/atmel/studio/7.0/toolchain/avr8/avr8-gnu-toolchain/bin/../lib/gcc/avr/5.4.0/../../../../avr/lib/avrxmega4\libc.a(month_length.o)
 .comment       0x00000030       0x31 c:/program files (x86)/atmel/studio/7.0/toolchain/avr8/avr8-gnu-toolchain/bin/../lib/gcc/avr/5.4.0/../../../../avr/lib/avrxmega4\libc.a(set_system_time.o)
 .comment       0x00000030       0x31 c:/program files (x86)/atmel/studio/7.0/toolchain/avr8/avr8-gnu-toolchain/bin/../lib/gcc/avr/5.4.0/../../../../avr/lib/avrxmega4\libc.a(strftime.o)
 .comment       0x00000030       0x31 c:/program files (x86)/atmel/studio/7.0/toolchain/avr8/avr8-gnu-toolchain/bin/../lib/gcc/avr/5.4.0/../../../../avr/lib/avrxmega4\libc.a(system_time.o)
 .comment       0x00000030       0x31 c:/program files (x86)/atmel/studio/7.0/toolchain/avr8/avr8-gnu-toolchain/bin/../lib/gcc/avr/5.4.0/../../../../avr/lib/avrxmega4\libc.a(time.o)
 .comment       0x00000030       0x31 c:/program files (x86)/atmel/studio/7.0/toolchain/avr8/avr8-gnu-toolchain/bin/../lib/gcc/avr/5.4.0/../../../../avr/lib/avrxmega4\libc.a(tm_store.o)
 .comment       0x00000030       0x2c c:/program files (x86)/atmel/studio/7.0/toolchain/avr8/avr8-gnu-toolchain/bin/../lib/gcc/avr/5.4.0/../../../../avr/lib/avrxmega4\libc.a(utc_offset.o)
                                 0x2d (size before relaxing)
 .comment       0x0000005c       0x31 c:/program files (x86)/atmel/studio/7.0/toolchain/avr8/avr8-gnu-toolchain/bin/../lib/gcc/avr/5.4.0/../../../../avr/lib/avrxmega4\libc.a(week_of_year.o)
 .comment       0x0000005c       0x2d c:/program files (x86)/atmel/studio/7.0/toolchain/avr8/avr8-gnu-toolchain/bin/../lib/gcc/avr/5.4.0/../../../../avr/lib/avrxmega4\libc.a(vfprintf_std.o)
 .comment       0x0000005c       0x31 c:/program files (x86)/atmel/studio/7.0/toolchain/avr8/avr8-gnu-toolchain/bin/../lib/gcc/avr/5.4.0/../../../../avr/lib/avrxmega4\libc.a(strtod.o)
 .comment       0x0000005c       0x31 c:/program files (x86)/atmel/studio/7.0/toolchain/avr8/avr8-gnu-toolchain/bin/../lib/gcc/avr/5.4.0/../../../../avr/lib/avrxmega4\libc.a(fputc.o)
 .comment       0x0000005c       0x31 c:/program files (x86)/atmel/studio/7.0/toolchain/avr8/avr8-gnu-toolchain/bin/../lib/gcc/avr/5.4.0/../../../../avr/lib/avrxmega4\libc.a(asctime_r.o)
 .comment       0x0000005c       0x31 c:/program files (x86)/atmel/studio/7.0/toolchain/avr8/avr8-gnu-toolchain/bin/../lib/gcc/avr/5.4.0/../../../../avr/lib/avrxmega4\libc.a(dst_pointer.o)
 .comment       0x0000005c       0x31 c:/program files (x86)/atmel/studio/7.0/toolchain/avr8/avr8-gnu-toolchain/bin/../lib/gcc/avr/5.4.0/../../../../avr/lib/avrxmega4\libc.a(gmtime_r.o)
 .comment       0x0000005c       0x31 c:/program files (x86)/atmel/studio/7.0/toolchain/avr8/avr8-gnu-toolchain/bin/../lib/gcc/avr/5.4.0/../../../../avr/lib/avrxmega4\libc.a(iso_week_date_r.o)
 .comment       0x0000005c       0x31 c:/program files (x86)/atmel/studio/7.0/toolchain/avr8/avr8-gnu-toolchain/bin/../lib/gcc/avr/5.4.0/../../../../avr/lib/avrxmega4\libc.a(print_lz.o)
 .comment       0x0000005c       0x2d c:/program files (x86)/atmel/studio/7.0/toolchain/avr8/avr8-gnu-toolchain/bin/../lib/gcc/avr/5.4.0/../../../../avr/lib/avrxmega4\libc.a(errno.o)

.note.gnu.avr.deviceinfo
                0x00000000       0x40
 .note.gnu.avr.deviceinfo
                0x00000000       0x40 C:/Program Files (x86)/Atmel/Studio/7.0/Packs/atmel/AVR-Dx_DFP/1.9.103/gcc/dev/avr128da48/avrxmega4/crtavr128da48.o

.note.gnu.build-id
 *(.note.gnu.build-id)

.debug
 *(.debug)

.line
 *(.line)

.debug_srcinfo
 *(.debug_srcinfo)

.debug_sfnames
 *(.debug_sfnames)

.debug_aranges  0x00000000      0xc10
 *(.debug_aranges)
 .debug_aranges
                0x00000000       0x20 atmel_start.o
 .debug_aranges
                0x00000020       0x60 driver_isr.o
 .debug_aranges
                0x00000080      0x150 main.o
 .debug_aranges
                0x000001d0       0x88 src/adc.o
 .debug_aranges
                0x00000258       0xd0 src/binio.o
 .debug_aranges
                0x00000328       0x20 src/bod.o
 .debug_aranges
                0x00000348       0x28 src/clkctrl.o
 .debug_aranges
                0x00000370       0x20 src/cpuint.o
 .debug_aranges
                0x00000390       0x30 src/dac0.o
 .debug_aranges
                0x000003c0       0x58 src/driver_init.o
 .debug_aranges
                0x00000418       0xa0 src/ds3231.o
 .debug_aranges
                0x000004b8       0x60 src/eeprommanager.o
 .debug_aranges
                0x00000518       0x60 src/Goertzel.o
 .debug_aranges
                0x00000578       0x88 src/i2c.o
 .debug_aranges
                0x00000600       0x60 src/leds.o
 .debug_aranges
                0x00000660      0x110 src/linkbus.o
 .debug_aranges
                0x00000770       0x30 src/morse.o
 .debug_aranges
                0x000007a0       0x20 src/protected_io.o
 .debug_aranges
                0x000007c0      0x118 src/serialbus.o
 .debug_aranges
                0x000008d8       0xb8 src/si5351.o
 .debug_aranges
                0x00000990       0x28 src/slpctrl.o
 .debug_aranges
                0x000009b8       0x30 src/tcb.o
 .debug_aranges
                0x000009e8       0x58 src/transmitter.o
 .debug_aranges
                0x00000a40      0x120 src/usart_basic.o
 .debug_aranges
                0x00000b60       0x50 src/util.o
 .debug_aranges
                0x00000bb0       0x20 C:/Program Files (x86)/Atmel/Studio/7.0/Packs/atmel/AVR-Dx_DFP/1.9.103/gcc/dev/avr128da48/avrxmega4\libavr128da48.a(eerd_byte.o)
 .debug_aranges
                0x00000bd0       0x20 C:/Program Files (x86)/Atmel/Studio/7.0/Packs/atmel/AVR-Dx_DFP/1.9.103/gcc/dev/avr128da48/avrxmega4\libavr128da48.a(eerd_dword.o)
 .debug_aranges
                0x00000bf0       0x20 C:/Program Files (x86)/Atmel/Studio/7.0/Packs/atmel/AVR-Dx_DFP/1.9.103/gcc/dev/avr128da48/avrxmega4\libavr128da48.a(eerd_word.o)

.debug_pubnames
 *(.debug_pubnames)

.debug_info     0x00000000     0xefbe
 *(.debug_info .gnu.linkonce.wi.*)
 .debug_info    0x00000000     0x2c24 C:/Program Files (x86)/Atmel/Studio/7.0/Packs/atmel/AVR-Dx_DFP/1.9.103/gcc/dev/avr128da48/avrxmega4/crtavr128da48.o
 .debug_info    0x00002c24       0x7e atmel_start.o
 .debug_info    0x00002ca2      0x9fa driver_isr.o
 .debug_info    0x0000369c     0x2572 main.o
 .debug_info    0x00005c0e      0xd8e src/adc.o
 .debug_info    0x0000699c      0x8f4 src/binio.o
 .debug_info    0x00007290      0x188 src/bod.o
 .debug_info    0x00007418      0x28a src/clkctrl.o
 .debug_info    0x000076a2       0x8d src/cpuint.o
 .debug_info    0x0000772f      0x411 src/dac0.o
 .debug_info    0x00007b40      0x4f6 src/driver_init.o
 .debug_info    0x00008036      0xab1 src/ds3231.o
 .debug_info    0x00008ae7      0xb4c src/eeprommanager.o
 .debug_info    0x00009633      0x5c3 src/Goertzel.o
 .debug_info    0x00009bf6      0x8fb src/i2c.o
 .debug_info    0x0000a4f1      0x6e7 src/leds.o
 .debug_info    0x0000abd8      0xdf5 src/linkbus.o
 .debug_info    0x0000b9cd      0x2c4 src/morse.o
 .debug_info    0x0000bc91       0x8a src/protected_io.o
 .debug_info    0x0000bd1b      0xe7a src/serialbus.o
 .debug_info    0x0000cb95      0xd2e src/si5351.o
 .debug_info    0x0000d8c3      0x134 src/slpctrl.o
 .debug_info    0x0000d9f7      0x2d9 src/tcb.o
 .debug_info    0x0000dcd0      0x637 src/transmitter.o
 .debug_info    0x0000e307      0x5d8 src/usart_basic.o
 .debug_info    0x0000e8df      0x501 src/util.o
 .debug_info    0x0000ede0       0x9f C:/Program Files (x86)/Atmel/Studio/7.0/Packs/atmel/AVR-Dx_DFP/1.9.103/gcc/dev/avr128da48/avrxmega4\libavr128da48.a(eerd_byte.o)
 .debug_info    0x0000ee7f       0xa0 C:/Program Files (x86)/Atmel/Studio/7.0/Packs/atmel/AVR-Dx_DFP/1.9.103/gcc/dev/avr128da48/avrxmega4\libavr128da48.a(eerd_dword.o)
 .debug_info    0x0000ef1f       0x9f C:/Program Files (x86)/Atmel/Studio/7.0/Packs/atmel/AVR-Dx_DFP/1.9.103/gcc/dev/avr128da48/avrxmega4\libavr128da48.a(eerd_word.o)

.debug_abbrev   0x00000000     0x5590
 *(.debug_abbrev)
 .debug_abbrev  0x00000000     0x29ce C:/Program Files (x86)/Atmel/Studio/7.0/Packs/atmel/AVR-Dx_DFP/1.9.103/gcc/dev/avr128da48/avrxmega4/crtavr128da48.o
 .debug_abbrev  0x000029ce       0x42 atmel_start.o
 .debug_abbrev  0x00002a10      0x20f driver_isr.o
 .debug_abbrev  0x00002c1f      0x44e main.o
 .debug_abbrev  0x0000306d      0x30e src/adc.o
 .debug_abbrev  0x0000337b      0x25e src/binio.o
 .debug_abbrev  0x000035d9       0xaf src/bod.o
 .debug_abbrev  0x00003688       0xdb src/clkctrl.o
 .debug_abbrev  0x00003763       0x51 src/cpuint.o
 .debug_abbrev  0x000037b4      0x132 src/dac0.o
 .debug_abbrev  0x000038e6      0x17f src/driver_init.o
 .debug_abbrev  0x00003a65      0x1e5 src/ds3231.o
 .debug_abbrev  0x00003c4a      0x2e6 src/eeprommanager.o
 .debug_abbrev  0x00003f30      0x1eb src/Goertzel.o
 .debug_abbrev  0x0000411b      0x206 src/i2c.o
 .debug_abbrev  0x00004321      0x271 src/leds.o
 .debug_abbrev  0x00004592      0x2d0 src/linkbus.o
 .debug_abbrev  0x00004862       0xe9 src/morse.o
 .debug_abbrev  0x0000494b       0x14 src/protected_io.o
 .debug_abbrev  0x0000495f      0x2ba src/serialbus.o
 .debug_abbrev  0x00004c19      0x258 src/si5351.o
 .debug_abbrev  0x00004e71       0xc2 src/slpctrl.o
 .debug_abbrev  0x00004f33      0x141 src/tcb.o
 .debug_abbrev  0x00005074      0x1a4 src/transmitter.o
 .debug_abbrev  0x00005218      0x1c9 src/usart_basic.o
 .debug_abbrev  0x000053e1      0x173 src/util.o
 .debug_abbrev  0x00005554       0x14 C:/Program Files (x86)/Atmel/Studio/7.0/Packs/atmel/AVR-Dx_DFP/1.9.103/gcc/dev/avr128da48/avrxmega4\libavr128da48.a(eerd_byte.o)
 .debug_abbrev  0x00005568       0x14 C:/Program Files (x86)/Atmel/Studio/7.0/Packs/atmel/AVR-Dx_DFP/1.9.103/gcc/dev/avr128da48/avrxmega4\libavr128da48.a(eerd_dword.o)
 .debug_abbrev  0x0000557c       0x14 C:/Program Files (x86)/Atmel/Studio/7.0/Packs/atmel/AVR-Dx_DFP/1.9.103/gcc/dev/avr128da48/avrxmega4\libavr128da48.a(eerd_word.o)

.debug_line     0x00000000     0x9eb4
 *(.debug_line .debug_line.* .debug_line_end)
 .debug_line    0x00000000      0x1f3 C:/Program Files (x86)/Atmel/Studio/7.0/Packs/atmel/AVR-Dx_DFP/1.9.103/gcc/dev/avr128da48/avrxmega4/crtavr128da48.o
 .debug_line    0x000001f3       0x4c atmel_start.o
 .debug_line    0x0000023f      0x79d driver_isr.o
 .debug_line    0x000009dc     0x2438 main.o
 .debug_line    0x00002e14      0x4a7 src/adc.o
 .debug_line    0x000032bb      0x69f src/binio.o
 .debug_line    0x0000395a      0x11b src/bod.o
 .debug_line    0x00003a75      0x14b src/clkctrl.o
 .debug_line    0x00003bc0       0xb3 src/cpuint.o
 .debug_line    0x00003c73      0x179 src/dac0.o
 .debug_line    0x00003dec      0x39d src/driver_init.o
 .debug_line    0x00004189      0xb36 src/ds3231.o
 .debug_line    0x00004cbf      0x6ab src/eeprommanager.o
 .debug_line    0x0000536a      0x25c src/Goertzel.o
 .debug_line    0x000055c6      0x745 src/i2c.o
 .debug_line    0x00005d0b      0x590 src/leds.o
 .debug_line    0x0000629b      0x955 src/linkbus.o
 .debug_line    0x00006bf0      0x878 src/morse.o
 .debug_line    0x00007468       0x5b src/protected_io.o
 .debug_line    0x000074c3      0x9ed src/serialbus.o
 .debug_line    0x00007eb0      0xa85 src/si5351.o
 .debug_line    0x00008935      0x12f src/slpctrl.o
 .debug_line    0x00008a64      0x26f src/tcb.o
 .debug_line    0x00008cd3      0x4bd src/transmitter.o
 .debug_line    0x00009190      0x5bf src/usart_basic.o
 .debug_line    0x0000974f      0x61d src/util.o
 .debug_line    0x00009d6c       0x79 C:/Program Files (x86)/Atmel/Studio/7.0/Packs/atmel/AVR-Dx_DFP/1.9.103/gcc/dev/avr128da48/avrxmega4\libavr128da48.a(eerd_byte.o)
 .debug_line    0x00009de5       0x6e C:/Program Files (x86)/Atmel/Studio/7.0/Packs/atmel/AVR-Dx_DFP/1.9.103/gcc/dev/avr128da48/avrxmega4\libavr128da48.a(eerd_dword.o)
 .debug_line    0x00009e53       0x61 C:/Program Files (x86)/Atmel/Studio/7.0/Packs/atmel/AVR-Dx_DFP/1.9.103/gcc/dev/avr128da48/avrxmega4\libavr128da48.a(eerd_word.o)

.debug_frame    0x00000000     0x2cac
 *(.debug_frame)
 .debug_frame   0x00000000       0x34 atmel_start.o
 .debug_frame   0x00000034      0x2f8 driver_isr.o
 .debug_frame   0x0000032c      0x678 main.o
 .debug_frame   0x000009a4      0x228 src/adc.o
 .debug_frame   0x00000bcc      0x2f4 src/binio.o