Archive member included to satisfy reference by file (symbol)

c:/program files (x86)/atmel/studio/7.0/toolchain/avr8/avr8-gnu-toolchain/bin/../lib/gcc/avr/5.4.0/../../../../avr/lib/avrxmega4\libm.a(addsf3.o)
                              src/Goertzel.o (__subsf3)
c:/program files (x86)/atmel/studio/7.0/toolchain/avr8/avr8-gnu-toolchain/bin/../lib/gcc/avr/5.4.0/../../../../avr/lib/avrxmega4\libm.a(addsf3x.o)
                              c:/program files (x86)/atmel/studio/7.0/toolchain/avr8/avr8-gnu-toolchain/bin/../lib/gcc/avr/5.4.0/../../../../avr/lib/avrxmega4\libm.a(addsf3.o) (__addsf3x)
c:/program files (x86)/atmel/studio/7.0/toolchain/avr8/avr8-gnu-toolchain/bin/../lib/gcc/avr/5.4.0/../../../../avr/lib/avrxmega4\libm.a(ceil.o)
                              src/util.o (ceil)
c:/program files (x86)/atmel/studio/7.0/toolchain/avr8/avr8-gnu-toolchain/bin/../lib/gcc/avr/5.4.0/../../../../avr/lib/avrxmega4\libm.a(cmpsf2.o)
                              src/eeprommanager.o (__nesf2)
c:/program files (x86)/atmel/studio/7.0/toolchain/avr8/avr8-gnu-toolchain/bin/../lib/gcc/avr/5.4.0/../../../../avr/lib/avrxmega4\libm.a(cos.o)
                              src/Goertzel.o (cos)
c:/program files (x86)/atmel/studio/7.0/toolchain/avr8/avr8-gnu-toolchain/bin/../lib/gcc/avr/5.4.0/../../../../avr/lib/avrxmega4\libm.a(divsf3.o)
                              main.o (__divsf3)
c:/program files (x86)/atmel/studio/7.0/toolchain/avr8/avr8-gnu-toolchain/bin/../lib/gcc/avr/5.4.0/../../../../avr/lib/avrxmega4\libm.a(divsf3x.o)
                              c:/program files (x86)/atmel/studio/7.0/toolchain/avr8/avr8-gnu-toolchain/bin/../lib/gcc/avr/5.4.0/../../../../avr/lib/avrxmega4\libm.a(divsf3.o) (__divsf3x)
c:/program files (x86)/atmel/studio/7.0/toolchain/avr8/avr8-gnu-toolchain/bin/../lib/gcc/avr/5.4.0/../../../../avr/lib/avrxmega4\libm.a(fixsfsi.o)
                              src/Goertzel.o (__fixsfsi)
c:/program files (x86)/atmel/studio/7.0/toolchain/avr8/avr8-gnu-toolchain/bin/../lib/gcc/avr/5.4.0/../../../../avr/lib/avrxmega4\libm.a(fixunssfsi.o)
                              main.o (__fixunssfsi)
c:/program files (x86)/atmel/studio/7.0/toolchain/avr8/avr8-gnu-toolchain/bin/../lib/gcc/avr/5.4.0/../../../../avr/lib/avrxmega4\libm.a(floatsisf.o)
                              main.o (__floatunsisf)
c:/program files (x86)/atmel/studio/7.0/toolchain/avr8/avr8-gnu-toolchain/bin/../lib/gcc/avr/5.4.0/../../../../avr/lib/avrxmega4\libm.a(fp_cmp.o)
                              c:/program files (x86)/atmel/studio/7.0/toolchain/avr8/avr8-gnu-toolchain/bin/../lib/gcc/avr/5.4.0/../../../../avr/lib/avrxmega4\libm.a(cmpsf2.o) (__fp_cmp)
c:/program files (x86)/atmel/studio/7.0/toolchain/avr8/avr8-gnu-toolchain/bin/../lib/gcc/avr/5.4.0/../../../../avr/lib/avrxmega4\libm.a(fp_inf.o)
                              c:/program files (x86)/atmel/studio/7.0/toolchain/avr8/avr8-gnu-toolchain/bin/../lib/gcc/avr/5.4.0/../../../../avr/lib/avrxmega4\libm.a(addsf3x.o) (__fp_inf)
c:/program files (x86)/atmel/studio/7.0/toolchain/avr8/avr8-gnu-toolchain/bin/../lib/gcc/avr/5.4.0/../../../../avr/lib/avrxmega4\libm.a(fp_mintl.o)
                              c:/program files (x86)/atmel/studio/7.0/toolchain/avr8/avr8-gnu-toolchain/bin/../lib/gcc/avr/5.4.0/../../../../avr/lib/avrxmega4\libm.a(ceil.o) (__fp_mintl)
c:/program files (x86)/atmel/studio/7.0/toolchain/avr8/avr8-gnu-toolchain/bin/../lib/gcc/avr/5.4.0/../../../../avr/lib/avrxmega4\libm.a(fp_mpack.o)
                              c:/program files (x86)/atmel/studio/7.0/toolchain/avr8/avr8-gnu-toolchain/bin/../lib/gcc/avr/5.4.0/../../../../avr/lib/avrxmega4\libm.a(ceil.o) (__fp_mpack)
c:/program files (x86)/atmel/studio/7.0/toolchain/avr8/avr8-gnu-toolchain/bin/../lib/gcc/avr/5.4.0/../../../../avr/lib/avrxmega4\libm.a(fp_nan.o)
                              c:/program files (x86)/atmel/studio/7.0/toolchain/avr8/avr8-gnu-toolchain/bin/../lib/gcc/avr/5.4.0/../../../../avr/lib/avrxmega4\libm.a(addsf3x.o) (__fp_nan)
c:/program files (x86)/atmel/studio/7.0/toolchain/avr8/avr8-gnu-toolchain/bin/../lib/gcc/avr/5.4.0/../../../../avr/lib/avrxmega4\libm.a(fp_pscA.o)
                              c:/program files (x86)/atmel/studio/7.0/toolchain/avr8/avr8-gnu-toolchain/bin/../lib/gcc/avr/5.4.0/../../../../avr/lib/avrxmega4\libm.a(addsf3x.o) (__fp_pscA)
c:/program files (x86)/atmel/studio/7.0/toolchain/avr8/avr8-gnu-toolchain/bin/../lib/gcc/avr/5.4.0/../../../../avr/lib/avrxmega4\libm.a(fp_pscB.o)
                              c:/program files (x86)/atmel/studio/7.0/toolchain/avr8/avr8-gnu-toolchain/bin/../lib/gcc/avr/5.4.0/../../../../avr/lib/avrxmega4\libm.a(addsf3x.o) (__fp_pscB)
c:/program files (x86)/atmel/studio/7.0/toolchain/avr8/avr8-gnu-toolchain/bin/../lib/gcc/avr/5.4.0/../../../../avr/lib/avrxmega4\libm.a(fp_rempio2.o)
[...]
Memory Configuration

Name             Origin             Length             Attributes
text             0x00000000         0x00020000         xr
data             0x00804000         0x00004000         rw !x
eeprom           0x00810000         0x00000200         rw !x
fuse             0x00820000         0x00000010         rw !x
lock             0x00830000         0x00000400         rw !x
signature        0x00840000         0x00000400         rw !x
user_signatures  0x00850000         0x00000400         rw !x
*default*        0x00000000         0xffffffff

Linker script and memory map

Address of section .data set to 0x804000
                0x00008000                __RODATA_PM_OFFSET__ = 0x8000
LOAD C:/Program Files (x86)/Atmel/Studio/7.0/Packs/atmel/AVR-Dx_DFP/1.9.103/gcc/dev/avr128da48/avrxmega4/crtavr128da48.o
LOAD atmel_start.o
LOAD driver_isr.o
LOAD main.o
LOAD src/adc.o
LOAD src/binio.o
LOAD src/bod.o
LOAD src/CircularStringBuff.o
LOAD src/clkctrl.o
LOAD src/cpuint.o
LOAD src/dac0.o
LOAD src/driver_init.o
LOAD src/ds3231.o
LOAD src/eeprommanager.o
LOAD src/Goertzel.o
LOAD src/huzzah.o
LOAD src/i2c.o
LOAD src/leds.o
LOAD src/linkbus.o
LOAD src/morse.o
LOAD src/protected_io.o
LOAD src/serialbus.o
LOAD src/si5351.o
LOAD src/slpctrl.o
LOAD src/tcb.o
LOAD src/transmitter.o
LOAD src/usart_basic.o
LOAD src/util.o
START GROUP
LOAD c:/program files (x86)/atmel/studio/7.0/toolchain/avr8/avr8-gnu-toolchain/bin/../lib/gcc/avr/5.4.0/../../../../avr/lib/avrxmega4\libm.a
END GROUP
LOAD c:/program files (x86)/atmel/studio/7.0/toolchain/avr8/avr8-gnu-toolchain/bin/../lib/gcc/avr/5.4.0/avrxmega4\libgcc.a
LOAD c:/program files (x86)/atmel/studio/7.0/toolchain/avr8/avr8-gnu-toolchain/bin/../lib/gcc/avr/5.4.0/../../../../avr/lib/avrxmega4\libm.a
START GROUP
LOAD c:/program files (x86)/atmel/studio/7.0/toolchain/avr8/avr8-gnu-toolchain/bin/../lib/gcc/avr/5.4.0/avrxmega4\libgcc.a
LOAD c:/program files (x86)/atmel/studio/7.0/toolchain/avr8/avr8-gnu-toolchain/bin/../lib/gcc/avr/5.4.0/../../../../avr/lib/avrxmega4\libm.a
LOAD c:/program files (x86)/atmel/studio/7.0/toolchain/avr8/avr8-gnu-toolchain/bin/../lib/gcc/avr/5.4.0/../../../../avr/lib/avrxmega4\libc.a
LOAD C:/Program Files (x86)/Atmel/Studio/7.0/Packs/atmel/AVR-Dx_DFP/1.9.103/gcc/dev/avr128da48/avrxmega4\libavr128da48.a
END GROUP
                [0x00000000]                __TEXT_REGION_ORIGIN__ = DEFINED (__TEXT_REGION_ORIGIN__)?__TEXT_REGION_ORIGIN__:0x0
                [0x00804000]                __DATA_REGION_ORIGIN__ = DEFINED (__DATA_REGION_ORIGIN__)?__DATA_REGION_ORIGIN__:0x802000
                [0x00020000]                __TEXT_REGION_LENGTH__ = DEFINED (__TEXT_REGION_LENGTH__)?__TEXT_REGION_LENGTH__:0x100000
                [0x00004000]                __DATA_REGION_LENGTH__ = DEFINED (__DATA_REGION_LENGTH__)?__DATA_REGION_LENGTH__:0xffa0
                [0x00000200]                __EEPROM_REGION_LENGTH__ = DEFINED (__EEPROM_REGION_LENGTH__)?__EEPROM_REGION_LENGTH__:0x10000
                [0x00000010]                __FUSE_REGION_LENGTH__ = DEFINED (__FUSE_REGION_LENGTH__)?__FUSE_REGION_LENGTH__:0x400
                0x00000400                __LOCK_REGION_LENGTH__ = DEFINED (__LOCK_REGION_LENGTH__)?__LOCK_REGION_LENGTH__:0x400
                0x00000400                __SIGNATURE_REGION_LENGTH__ = DEFINED (__SIGNATURE_REGION_LENGTH__)?__SIGNATURE_REGION_LENGTH__:0x400
                0x00000400                __USER_SIGNATURE_REGION_LENGTH__ = DEFINED (__USER_SIGNATURE_REGION_LENGTH__)?__USER_SIGNATURE_REGION_LENGTH__:0x400

.hash
 *(.hash)

.dynsym
 *(.dynsym)

.dynstr
 *(.dynstr)

.gnu.version
 *(.gnu.version)

.gnu.version_d
 *(.gnu.version_d)

.gnu.version_r
 *(.gnu.version_r)

.rel.init
 *(.rel.init)

.rela.init
 *(.rela.init)

.rel.text
 *(.rel.text)
 *(.rel.text.*)
 *(.rel.gnu.linkonce.t*)

.rela.text
 *(.rela.text)
 *(.rela.text.*)
 *(.rela.gnu.linkonce.t*)

.rel.fini
 *(.rel.fini)

.rela.fini
 *(.rela.fini)

.rel.rodata
 *(.rel.rodata)
 *(.rel.rodata.*)
 *(.rel.gnu.linkonce.r*)

.rela.rodata
 *(.rela.rodata)
 *(.rela.rodata.*)
 *(.rela.gnu.linkonce.r*)

.rel.data
 *(.rel.data)
 *(.rel.data.*)
 *(.rel.gnu.linkonce.d*)

.rela.data
 *(.rela.data)
 *(.rela.data.*)
 *(.rela.gnu.linkonce.d*)

.rel.ctors
 *(.rel.ctors)

.rela.ctors
 *(.rela.ctors)

.rel.dtors
 *(.rel.dtors)

.rela.dtors
 *(.rela.dtors)

.rel.got
 *(.rel.got)

.rela.got
 *(.rela.got)

.rel.bss
 *(.rel.bss)

.rela.bss
 *(.rela.bss)

.rel.plt
 *(.rel.plt)

.rela.plt
 *(.rela.plt)

.text           0x00000000     0xf8a2
 *(.vectors)
 .vectors       0x00000000       0xe8 C:/Program Files (x86)/Atmel/Studio/7.0/Packs/atmel/AVR-Dx_DFP/1.9.103/gcc/dev/avr128da48/avrxmega4/crtavr128da48.o
                0x00000000                __vector_default
                0x00000000                __vectors
 *(.vectors)
 *(.progmem.gcc*)
 .progmem.gcc_sw_table._Z11setupForFox5Fox_t13EventAction_t
                0x000000e8       0x28 main.o
 .progmem.gcc_sw_table._ZN13EepromManager15updateEEPROMVarE8EE_var_tPv
                0x00000110      0x224 src/eeprommanager.o
 .progmem.gcc_sw_table._ZN4leds5blinkE7Blink_tb
                0x00000334       0x1a src/leds.o
 .progmem.gcc_sw_table._Z12getMorseCharc
                0x0000034e       0xbe src/morse.o
                0x0000040c                . = ALIGN (0x2)
                0x0000040c                __trampolines_start = .
 *(.trampolines)
 .trampolines   0x0000040c        0x0 linker stubs
 *(.trampolines*)
                0x0000040c                __trampolines_end = .
 *libprintf_flt.a:*(.progmem.data)
 *libc.a:*(.progmem.data)
 .progmem.data  0x0000040c       0xfa c:/program files (x86)/atmel/studio/7.0/toolchain/avr8/avr8-gnu-toolchain/bin/../lib/gcc/avr/5.4.0/../../../../avr/lib/avrxmega4\libc.a(ftoa_engine.o)
 *(.progmem*)
                0x00000506                . = ALIGN (0x2)
 *(.jumptables)
 *(.jumptables*)
 *(.lowtext)
 *(.lowtext*)
                0x00000506                __ctors_start = .
 *(.ctors)
 .ctors         0x00000506        0x2 main.o
 .ctors         0x00000508        0x2 src/adc.o
                0x0000050a                __ctors_end = .
                0x0000050a                __dtors_start = .
 *(.dtors)
 .dtors         0x0000050a        0x2 main.o
 .dtors         0x0000050c        0x2 src/adc.o
                0x0000050e                __dtors_end = .
 SORT(*)(.ctors)
 SORT(*)(.dtors)
 *(.init0)
 .init0         0x0000050e        0x0 C:/Program Files (x86)/Atmel/Studio/7.0/Packs/atmel/AVR-Dx_DFP/1.9.103/gcc/dev/avr128da48/avrxmega4/crtavr128da48.o
                0x0000050e                __init
 *(.init0)
 *(.init1)
 *(.init1)
 *(.init2)
 .init2         0x0000050e        0xc C:/Program Files (x86)/Atmel/Studio/7.0/Packs/atmel/AVR-Dx_DFP/1.9.103/gcc/dev/avr128da48/avrxmega4/crtavr128da48.o
 *(.init2)
 *(.init3)
 *(.init3)
 *(.init4)
 .init4         0x0000051a       0x1a c:/program files (x86)/atmel/studio/7.0/toolchain/avr8/avr8-gnu-toolchain/bin/../lib/gcc/avr/5.4.0/avrxmega4\libgcc.a(_copy_data.o)
                0x0000051a                __do_copy_data
 .init4         0x00000534       0x10 c:/program files (x86)/atmel/studio/7.0/toolchain/avr8/avr8-gnu-toolchain/bin/../lib/gcc/avr/5.4.0/avrxmega4\libgcc.a(_clear_bss.o)
                0x00000534                __do_clear_bss
 *(.init4)
 *(.init5)
 *(.init5)
 *(.init6)
 .init6         0x00000544       0x16 c:/program files (x86)/atmel/studio/7.0/toolchain/avr8/avr8-gnu-toolchain/bin/../lib/gcc/avr/5.4.0/avrxmega4\libgcc.a(_ctors.o)
                0x00000544                __do_global_ctors
 *(.init6)
 *(.init7)
 *(.init7)
 *(.init8)
 *(.init8)
 *(.init9)
 .init9         0x0000055a        0x8 C:/Program Files (x86)/Atmel/Studio/7.0/Packs/atmel/AVR-Dx_DFP/1.9.103/gcc/dev/avr128da48/avrxmega4/crtavr128da48.o
 *(.init9)
 *(.text)
 .text          0x00000562        0x4 C:/Program Files (x86)/Atmel/Studio/7.0/Packs/atmel/AVR-Dx_DFP/1.9.103/gcc/dev/avr128da48/avrxmega4/crtavr128da48.o
                0x00000562                __vector_38
                0x00000562                __vector_28
                0x00000562                __vector_1
                0x00000562                __vector_34
                0x00000562                __vector_46
                0x00000562                __bad_interrupt
                0x00000562                __vector_35
                0x00000562                __vector_39
                0x00000562                __vector_3
                0x00000562                __vector_23
                0x00000562                __vector_45
                0x00000562                __vector_25
                0x00000562                __vector_11
                0x00000562                __vector_54
                0x00000562                __vector_17
                0x00000562                __vector_7
                0x00000562                __vector_49
                0x00000562                __vector_43
                0x00000562                __vector_27
                0x00000562                __vector_5
                0x00000562                __vector_33
                0x00000562                __vector_47
                0x00000562                __vector_52
                0x00000562                __vector_37
                0x00000562                __vector_4
                0x00000562                __vector_44
                0x00000562                __vector_51
                0x00000562                __vector_9
                0x00000562                __vector_2
                0x00000562                __vector_21
                0x00000562                __vector_15
                0x00000562                __vector_36
                0x00000562                __vector_40
                0x00000562                __vector_8
                0x00000562                __vector_26
                0x00000562                __vector_48
                0x00000562                __vector_14
                0x00000562                __vector_57
                0x00000562                __vector_53
                0x00000562                __vector_10
                0x00000562                __vector_50
                0x00000562                __vector_16
                0x00000562                __vector_18
                0x00000562                __vector_42
 .text          0x00000566       0x28 c:/program files (x86)/atmel/studio/7.0/toolchain/avr8/avr8-gnu-toolchain/bin/../lib/gcc/avr/5.4.0/../../../../avr/lib/avrxmega4\libc.a(isLeap.o)
                0x00000566                is_leap_year
 .text          0x0000058e       0x1a c:/program files (x86)/atmel/studio/7.0/toolchain/avr8/avr8-gnu-toolchain/bin/../lib/gcc/avr/5.4.0/../../../../avr/lib/avrxmega4\libc.a(month_length.o)
                0x0000058e                month_length
 .text          0x000005a8       0x18 c:/program files (x86)/atmel/studio/7.0/toolchain/avr8/avr8-gnu-toolchain/bin/../lib/gcc/avr/5.4.0/../../../../avr/lib/avrxmega4\libc.a(set_system_time.o)
                0x000005a8                set_system_time
 .text          0x000005c0       0x26 c:/program files (x86)/atmel/studio/7.0/toolchain/avr8/avr8-gnu-toolchain/bin/../lib/gcc/avr/5.4.0/../../../../avr/lib/avrxmega4\libc.a(time.o)
                0x000005c0                time
 .text          0x000005e6       0x38 c:/program files (x86)/atmel/studio/7.0/toolchain/avr8/avr8-gnu-toolchain/bin/../lib/gcc/avr/5.4.0/../../../../avr/lib/avrxmega4\libc.a(system_tick.o)
                0x000005e6                system_tick
                0x0000061e                . = ALIGN (0x2)
 *(.text.*)
 .text.atmel_start_init
                0x0000061e       0x14 atmel_start.o
                0x0000061e                atmel_start_init
 .text.__vector_19
                0x00000632       0x88 driver_isr.o
                0x00000632                __vector_19
 .text.__vector_55
                0x000006ba       0x88 driver_isr.o
                0x000006ba                __vector_55
 .text._Z9serial_Rxh
                0x00000742      0x50a driver_isr.o
                0x00000742                _Z9serial_Rxh
 .text.__vector_20
                0x00000c4c      0x18a driver_isr.o
                0x00000c4c                __vector_20
 .text.__vector_56
                0x00000dd6      0x18a driver_isr.o
                0x00000dd6                __vector_56
 .text.__vector_31
                0x00000f60       0x88 driver_isr.o
                0x00000f60                __vector_31
 .text._Z10linkbus_Rxh
                0x00000fe8      0x308 driver_isr.o
                0x00000fe8                _Z10linkbus_Rxh
 .text.__vector_32
                0x000012f0      0x18a driver_isr.o
                0x000012f0                __vector_32
 .text.PORTA_set_pin_level
                0x0000147a       0x74 main.o
 .text.PORTA_get_pin_level
                0x000014ee       0x3e main.o
 .text.PORTB_set_pin_level
                0x0000152c       0x74 main.o
 .text.PORTC_get_pin_level
                0x000015a0       0x3e main.o
 .text.PORTD_get_pin_level
                0x000015de       0x3e main.o
 .text.__vector_6
                0x0000161c      0x1a4 main.o
                0x0000161c                __vector_6
 .text._Z17handle_1sec_tasksv
                0x000017c0      0x824 main.o
                0x000017c0                _Z17handle_1sec_tasksv
 .text.__vector_22
                0x00001fe4       0xbc main.o
                0x00001fe4                __vector_22
 .text.__vector_12
                0x000020a0      0x6aa main.o
                0x000020a0                __vector_12
 .text.__vector_29
                0x0000274a      0x138 main.o
                0x0000274a                __vector_29
 .text._Z12powerDown3V3v
                0x00002882       0x26 main.o
                0x00002882                _Z12powerDown3V3v
 .text._Z10powerUp3V3v
                0x000028a8       0x26 main.o
                0x000028a8                _Z10powerUp3V3v
 .text._Z6setFanb
                0x000028ce       0x2e main.o
                0x000028ce                _Z6setFanb
 .text._Z7fanIsOnv
                0x000028fc       0x24 main.o
                0x000028fc                _Z7fanIsOnv
 .text.main     0x00002920      0x666 main.o
                0x00002920                main
 .text._Z17handleLinkBusMsgsv
                0x00002f86     0x108e main.o
                0x00002f86                _Z17handleLinkBusMsgsv
 .text._Z19updateAntennaStatusv
                0x00004014       0x9c main.o
                0x00004014                _Z19updateAntennaStatusv
 .text._Z12eventEnabledv
                0x000040b0      0x164 main.o
                0x000040b0                _Z12eventEnabledv
 .text._Z8wdt_init7WDReset
                0x00004214       0x16 main.o
                0x00004214                _Z8wdt_init7WDReset
 .text._Z13throttleValueh
                0x0000422a       0xb4 main.o
                0x0000422a                _Z13throttleValueh
 .text._Z11launchEventP2SC
                0x000042de       0x6a main.o
                0x000042de                _Z11launchEventP2SC
 .text._Z33activateEventUsingCurrentSettingsP2SC
                0x00004348      0x436 main.o
                0x00004348                _Z33activateEventUsingCurrentSettingsP2SC
 .text._Z8rtc_initv
                0x0000477e       0x9a main.o
                0x0000477e                _Z8rtc_initv
 .text._Z18antennaIsConnectedv
                0x00004818       0x50 main.o
                0x00004818                _Z18antennaIsConnectedv
 .text._Z12suspendEventv
                0x00004868       0x4c main.o
                0x00004868                _Z12suspendEventv
 .text._Z13startEventNow19EventActionSource_t
                0x000048b4       0xb2 main.o
                0x000048b4                _Z13startEventNow19EventActionSource_t
 .text._Z11setupForFox5Fox_t13EventAction_t
                0x00004966      0x61c main.o
                0x00004966                _Z11setupForFox5Fox_t13EventAction_t
 .text._Z23clockConfigurationCheckv
                0x00004f82      0x134 main.o
                0x00004f82                _Z23clockConfigurationCheckv
 .text._Z15timeNeededForIDv
                0x000050b6       0x52 main.o
                0x000050b6                _Z15timeNeededForIDv
 .text._Z13getFoxSettingv
                0x00005108       0x54 main.o
                0x00005108                _Z13getFoxSettingv
 .text._Z14getPatternTextv
                0x0000515c       0x6e main.o
                0x0000515c                _Z14getPatternTextv
 .text._Z19getFrequencySettingv
                0x000051ca       0xbe main.o
                0x000051ca                _Z19getFrequencySettingv
 .text._Z14eventScheduledv
                0x00005288       0xaa main.o
                0x00005288                _Z14eventScheduledv
 .text._Z41__static_initialization_and_destruction_0ii
                0x00005332       0x76 main.o
 .text._GLOBAL__sub_I_g_antenna_connect_state
                0x000053a8       0x1a main.o
 .text._GLOBAL__sub_D_g_antenna_connect_state
                0x000053c2       0x1a main.o
 .text._Z18ADC0_setADCChannel20ADC_Active_Channel_t
                0x000053dc       0xc6 src/adc.o
                0x000053dc                _Z18ADC0_setADCChannel20ADC_Active_Channel_t
 .text._Z20ADC0_startConversionv
                0x000054a2       0x2a src/adc.o
                0x000054a2                _Z20ADC0_startConversionv
 .text._Z19ADC0_conversionDonev
                0x000054cc       0x28 src/adc.o
                0x000054cc                _Z19ADC0_conversionDonev
 .text._Z9ADC0_readv
                0x000054f4       0x18 src/adc.o
                0x000054f4                _Z9ADC0_readv
 .text._Z12temperatureCv
                0x0000550c      0x16c src/adc.o
                0x0000550c                _Z12temperatureCv
 .text._ZL9PORT_initv
                0x00005678       0xe8 src/adc.o
 .text._ZL10VREF0_initv
                0x00005760       0x1a src/adc.o
 .text._ZL9ADC0_initb
                0x0000577a       0x64 src/adc.o
 .text._ZL16ADC0_SYSTEM_initb
                0x000057de       0x24 src/adc.o
 .text._ZL20ADC0_SYSTEM_shutdownv
                0x00005802       0x24 src/adc.o
 .text.__vector_24
                0x00005826       0x8a src/adc.o
                0x00005826                __vector_24
 .text._Z41__static_initialization_and_destruction_0ii
                0x000058b0       0x6e src/adc.o
 .text._GLOBAL__sub_I_g_adcVal
                0x0000591e       0x1a src/adc.o
 .text._GLOBAL__sub_D_g_adcVal
                0x00005938       0x1a src/adc.o
 .text.PORTA_set_pin_pull_mode
                0x00005952       0x62 src/binio.o
 .text.PORTA_pin_set_isc
                0x000059b4       0x46 src/binio.o
 .text.PORTA_set_pin_dir
                0x000059fa       0xa8 src/binio.o
 .text.PORTA_set_pin_level
                0x00005aa2       0x74 src/binio.o
 .text.PORTB_set_pin_dir
                0x00005b16       0xa8 src/binio.o
 .text.PORTB_set_pin_level
                0x00005bbe       0x74 src/binio.o
 .text.PORTC_set_pin_pull_mode
                0x00005c32       0x62 src/binio.o
 .text.PORTC_pin_set_isc
                0x00005c94       0x46 src/binio.o
 .text.PORTC_set_pin_dir
                0x00005cda       0xa8 src/binio.o
 .text.PORTC_set_pin_level
                0x00005d82       0x74 src/binio.o
 .text.PORTD_set_pin_pull_mode
                0x00005df6       0x62 src/binio.o
 .text.PORTD_pin_set_isc
                0x00005e58       0x46 src/binio.o
 .text.PORTD_set_pin_dir
                0x00005e9e       0xa8 src/binio.o
 .text.PORTE_set_pin_dir
                0x00005f46       0xa8 src/binio.o
 .text.PORTF_set_pin_dir
                0x00005fee       0xa8 src/binio.o
 .text._Z10BINIO_initv
                0x00006096      0x1ac src/binio.o
                0x00006096                _Z10BINIO_initv
 .text._Z11BINIO_sleepv
                0x00006242      0x128 src/binio.o
                0x00006242                _Z11BINIO_sleepv
 .text.BOD_init
                0x0000636a       0x18 src/bod.o
                0x0000636a                BOD_init
 .text._ZN18CircularStringBuffC2Ej
                0x00006382       0x60 src/CircularStringBuff.o
                0x00006382                _ZN18CircularStringBuffC1Ej
                0x00006382                _ZN18CircularStringBuffC2Ej
 .text._ZN18CircularStringBuffD2Ev
                0x000063e2       0x28 src/CircularStringBuff.o
                0x000063e2                _ZN18CircularStringBuffD2Ev
                0x000063e2                _ZN18CircularStringBuffD1Ev
 .text._ZN18CircularStringBuff5resetEv
                0x0000640a       0x36 src/CircularStringBuff.o
                0x0000640a                _ZN18CircularStringBuff5resetEv
 .text._ZNK18CircularStringBuff5emptyEv
                0x00006440       0x48 src/CircularStringBuff.o
                0x00006440                _ZNK18CircularStringBuff5emptyEv
 .text._ZNK18CircularStringBuff4fullEv
                0x00006488       0x20 src/CircularStringBuff.o
                0x00006488                _ZNK18CircularStringBuff4fullEv
 .text._ZN18CircularStringBuff3putEc
                0x000064a8       0xda src/CircularStringBuff.o
                0x000064a8                _ZN18CircularStringBuff3putEc
 .text._ZN18CircularStringBuff3popEv
                0x00006582       0x96 src/CircularStringBuff.o
                0x00006582                _ZN18CircularStringBuff3popEv
 .text._ZN18CircularStringBuff3getEv
                0x00006618       0x80 src/CircularStringBuff.o
                0x00006618                _ZN18CircularStringBuff3getEv
 .text.ccp_write_io
                0x00006698       0x2c src/clkctrl.o
 .text.CLKCTRL_init
                0x000066c4       0x1a src/clkctrl.o
                0x000066c4                CLKCTRL_init
 .text.CPUINT_init
                0x000066de       0x12 src/cpuint.o
                0x000066de                CPUINT_init
 .text._ZL9VREF_initv
                0x000066f0       0x2c src/dac0.o
 .text._Z9DAC0_initv
                0x0000671c       0x54 src/dac0.o
                0x0000671c                _Z9DAC0_initv
 .text._Z11DAC0_setValj
                0x00006770       0x40 src/dac0.o
                0x00006770                _Z11DAC0_setValj
 .text.PORTC_set_pin_dir
                0x000067b0       0xa8 src/driver_init.o
 .text.PORTC_set_pin_level
                0x00006858       0x74 src/driver_init.o
 .text._ZL15LED_set_RED_dir8port_dir
                0x000068cc       0x1e src/driver_init.o
 .text._ZL17LED_set_GREEN_dir8port_dir
                0x000068ea       0x1e src/driver_init.o
 .text._ZL17LED_set_RED_levelb
                0x00006908       0x1e src/driver_init.o
 .text._ZL19LED_set_GREEN_levelb
                0x00006926       0x1e src/driver_init.o
 .text.mcu_init
                0x00006944      0x130 src/driver_init.o
                0x00006944                mcu_init
 .text.system_init
                0x00006a74       0x64 src/driver_init.o
                0x00006a74                system_init
 .text.system_sleep_settings
                0x00006ad8       0x34 src/driver_init.o
                0x00006ad8                system_sleep_settings
 .text.ds3231_init
                0x00006b0c       0x1c src/ds3231.o
                0x00006b0c                ds3231_init
 .text.ds3231_get_epoch
                0x00006b28      0x3b4 src/ds3231.o
                0x00006b28                ds3231_get_epoch
 .text.ds3231_set_date_time
                0x00006edc      0x248 src/ds3231.o
                0x00006edc                ds3231_set_date_time
 .text.ds3231_1s_sqw
                0x00007124       0x68 src/ds3231.o
                0x00007124                ds3231_1s_sqw
 .text.ds3231_set_aging
                0x0000718c       0x5e src/ds3231.o
                0x0000718c                ds3231_set_aging
 .text.ds3231_get_aging
                0x000071ea       0x58 src/ds3231.o
                0x000071ea                ds3231_get_aging
 .text.ds3231_responding
                0x00007242       0x5e src/ds3231.o
                0x00007242                ds3231_responding
 .text._ZN13EepromManagerC2Ev
                0x000072a0       0x1a src/eeprommanager.o
                0x000072a0                _ZN13EepromManagerC1Ev
                0x000072a0                _ZN13EepromManagerC2Ev
 .text._ZN13EepromManagerD2Ev
                0x000072ba       0x1a src/eeprommanager.o
                0x000072ba                _ZN13EepromManagerD1Ev
                0x000072ba                _ZN13EepromManagerD2Ev
 .text._Z21avr_eeprom_write_bytejh
                0x000072d4       0x5e src/eeprommanager.o
                0x000072d4                _Z21avr_eeprom_write_bytejh
 .text._Z21avr_eeprom_write_wordjj
                0x00007332       0x66 src/eeprommanager.o
                0x00007332                _Z21avr_eeprom_write_wordjj
 .text._Z22avr_eeprom_write_dwordjm
                0x00007398       0x74 src/eeprommanager.o
                0x00007398                _Z22avr_eeprom_write_dwordjm
 .text._Z22avr_eeprom_write_floatjf
                0x0000740c       0x74 src/eeprommanager.o
                0x0000740c                _Z22avr_eeprom_write_floatjf
 .text._ZN13EepromManager15updateEEPROMVarE8EE_var_tPv
                0x00007480      0x886 src/eeprommanager.o
                0x00007480                _ZN13EepromManager15updateEEPROMVarE8EE_var_tPv
 .text._ZN13EepromManager13saveAllEEPROMEv
                0x00007d06      0x1ba src/eeprommanager.o
                0x00007d06                _ZN13EepromManager13saveAllEEPROMEv
 .text._ZN13EepromManager11readNonVolsEv
                0x00007ec0      0xa1c src/eeprommanager.o
                0x00007ec0                _ZN13EepromManager11readNonVolsEv
 .text._ZN13EepromManager20initializeEEPROMVarsEv
                0x000088dc      0x54a src/eeprommanager.o
                0x000088dc                _ZN13EepromManager20initializeEEPROMVarsEv
 .text._ZN8GoertzelC2Eff
                0x00008e26      0x130 src/Goertzel.o
                0x00008e26                _ZN8GoertzelC1Eff
                0x00008e26                _ZN8GoertzelC2Eff
 .text._ZN8GoertzelD2Ev
                0x00008f56       0x26 src/Goertzel.o
                0x00008f56                _ZN8GoertzelD2Ev
                0x00008f56                _ZN8GoertzelD1Ev
 .text._ZN8Goertzel9DataPointEi
                0x00008f7c       0x92 src/Goertzel.o
                0x00008f7c                _ZN8Goertzel9DataPointEi
 .text.PORTA_set_pin_level
                0x0000900e       0x74 src/huzzah.o
 .text._Z10wifi_powerb
                0x00009082       0x2e src/huzzah.o
                0x00009082                _Z10wifi_powerb
 .text._Z10wifi_resetb
                0x000090b0       0x2e src/huzzah.o
                0x000090b0                _Z10wifi_resetb
 .text._Z11wifiPresentv
                0x000090de       0x1c src/huzzah.o
                0x000090de                _Z11wifiPresentv
 .text._Z11wifiEnabledv
                0x000090fa       0x50 src/huzzah.o
                0x000090fa                _Z11wifiEnabledv
 .text.PORTB_set_pin_pull_mode
                0x0000914a       0x62 src/i2c.o
 .text.I2C_0_Init
                0x000091ac       0x62 src/i2c.o
                0x000091ac                I2C_0_Init
 .text._ZL11i2c_0_WaitWv
                0x0000920e       0xbc src/i2c.o
 .text._ZL11i2c_0_WaitRv
                0x000092ca       0x82 src/i2c.o
 .text.I2C_0_SendData
                0x0000934c       0xd0 src/i2c.o
                0x0000934c                I2C_0_SendData
 .text.I2C_0_GetData
                0x0000941c       0xfc src/i2c.o
                0x0000941c                I2C_0_GetData
 .text.I2C_0_EndSession
                0x00009518       0x1a src/i2c.o
                0x00009518                I2C_0_EndSession
 .text.I2C_1_Shutdown
                0x00009532       0x22 src/i2c.o
                0x00009532                I2C_1_Shutdown
 .text.I2C_1_Init
                0x00009554       0x72 src/i2c.o
                0x00009554                I2C_1_Init
 .text._ZL11i2c_1_WaitWv
                0x000095c6       0x86 src/i2c.o
 .text._ZL11I2C_1_WaitRv
                0x0000964c       0x82 src/i2c.o
 .text.I2C_1_SendData
                0x000096ce       0xd2 src/i2c.o
                0x000096ce                I2C_1_SendData
 .text.I2C_1_GetData
                0x000097a0       0xfc src/i2c.o
                0x000097a0                I2C_1_GetData
 .text.I2C_1_EndSession
                0x0000989c       0x1a src/i2c.o
                0x0000989c                I2C_1_EndSession
 .text.PORTC_set_pin_level
                0x000098b6       0x74 src/leds.o
 .text._ZL17LED_set_RED_levelb
                0x0000992a       0x1e src/leds.o
 .text._ZL19LED_set_GREEN_levelb
                0x00009948       0x1e src/leds.o
 .text._ZN4ledsC2Ev
                0x00009966       0x1a src/leds.o
                0x00009966                _ZN4ledsC2Ev
                0x00009966                _ZN4ledsC1Ev
 .text._ZN4ledsD2Ev
                0x00009980       0x1a src/leds.o
                0x00009980                _ZN4ledsD2Ev
                0x00009980                _ZN4ledsD1Ev
 .text.__vector_41
                0x0000999a      0x32a src/leds.o
                0x0000999a                __vector_41
 .text._ZN4leds6activeEv
                0x00009cc4       0x4a src/leds.o
                0x00009cc4                _ZN4leds6activeEv
 .text._ZN4leds6setRedEb
                0x00009d0e       0x56 src/leds.o
                0x00009d0e                _ZN4leds6setRedEb
 .text._ZN4leds5resetEv
                0x00009d64       0x4c src/leds.o
                0x00009d64                _ZN4leds5resetEv
 .text._ZN4leds4initEv
                0x00009db0       0x24 src/leds.o
                0x00009db0                _ZN4leds4initEv
 .text._ZN4leds4initE7Blink_t
                0x00009dd4       0x5e src/leds.o
                0x00009dd4                _ZN4leds4initE7Blink_t
 .text._ZN4leds8sendCodeEPc
                0x00009e32       0xf4 src/leds.o
                0x00009e32                _ZN4leds8sendCodeEPc
 .text._ZN4leds5blinkE7Blink_t
                0x00009f26       0x2c src/leds.o
                0x00009f26                _ZN4leds5blinkE7Blink_t
 .text._ZN4leds5blinkE7Blink_tb
                0x00009f52      0x580 src/leds.o
                0x00009f52                _ZN4leds5blinkE7Blink_tb
 .text.PORTC_set_pin_pull_mode
                0x0000a4d2       0x62 src/linkbus.o
 .text.PORTC_set_pin_dir
                0x0000a534       0xa8 src/linkbus.o
 .text.PORTC_set_pin_level
                0x0000a5dc       0x74 src/linkbus.o
 .text.PORTE_set_pin_pull_mode
                0x0000a650       0x62 src/linkbus.o
 .text.PORTE_set_pin_dir
                0x0000a6b2       0xa8 src/linkbus.o
 .text.PORTE_set_pin_level
                0x0000a75a       0x74 src/linkbus.o
 .text.PC0_set_dir
                0x0000a7ce       0x1e src/linkbus.o
 .text.PC0_set_level
                0x0000a7ec       0x1e src/linkbus.o
 .text.PC1_set_pull_mode
                0x0000a80a       0x1e src/linkbus.o
 .text.PC1_set_dir
                0x0000a828       0x1e src/linkbus.o
 .text.PE0_set_dir
                0x0000a846       0x1e src/linkbus.o
 .text.PE0_set_level
                0x0000a864       0x1e src/linkbus.o
 .text.PE1_set_pull_mode
                0x0000a882       0x1e src/linkbus.o
 .text.PE1_set_dir
                0x0000a8a0       0x1e src/linkbus.o
 .text._Z18nextFullLBTxBufferv
                0x0000a8be       0x8e src/linkbus.o
                0x0000a8be                _Z18nextFullLBTxBufferv
 .text._Z19nextEmptyLBTxBufferv
                0x0000a94c       0x8e src/linkbus.o
                0x0000a94c                _Z19nextEmptyLBTxBufferv
 .text._Z19nextEmptyLBRxBufferv
                0x0000a9da       0x90 src/linkbus.o
                0x0000a9da                _Z19nextEmptyLBRxBufferv
 .text._Z18nextFullLBRxBufferv
                0x0000aa6a       0x90 src/linkbus.o
                0x0000aa6a                _Z18nextFullLBRxBufferv
 .text._Z19linkbusTxInProgressv
                0x0000aafa       0x12 src/linkbus.o
                0x0000aafa                _Z19linkbusTxInProgressv
 .text._ZL16linkbus_start_txv
                0x0000ab0c       0x3c src/linkbus.o
 .text._Z14linkbus_end_txv
                0x0000ab48       0x4a src/linkbus.o
                0x0000ab48                _Z14linkbus_end_txv
 .text._ZL21USART1_initializationm
                0x0000ab92       0x4c src/linkbus.o
 .text._ZL21USART4_initializationm
                0x0000abde       0x4c src/linkbus.o
 .text._Z12linkbus_initm14USART_Number_t
                0x0000ac2a       0xa6 src/linkbus.o
                0x0000ac2a                _Z12linkbus_initm14USART_Number_t
 .text._Z15linkbus_disablev
                0x0000acd0       0x6a src/linkbus.o
                0x0000acd0                _Z15linkbus_disablev
 .text._Z14linkbus_enablev
                0x0000ad3a       0x64 src/linkbus.o
                0x0000ad3a                _Z14linkbus_enablev
 .text._Z12lb_send_textPc
                0x0000ad9e       0xba src/linkbus.o
                0x0000ad9e                _Z12lb_send_textPc
 .text._Z11lb_send_msg13LBMessageTypePKcPc
                0x0000ae58       0x9e src/linkbus.o
                0x0000ae58                _Z11lb_send_msg13LBMessageTypePKcPc
 .text._Z16lb_broadcast_strPKcS0_
                0x0000aef6       0x74 src/linkbus.o
                0x0000aef6                _Z16lb_broadcast_strPKcS0_
 .text._Z9makeMorsePcPbS0_
                0x0000af6a      0x2b0 src/morse.o
                0x0000af6a                _Z9makeMorsePcPbS0_
 .text._Z26timeRequiredToSendStrAtWPMPcj
                0x0000b21a       0xa0 src/morse.o
                0x0000b21a                _Z26timeRequiredToSendStrAtWPMPcj
 .text._Z12getMorseCharc
                0x0000b2ba      0x37a src/morse.o
                0x0000b2ba                _Z12getMorseCharc
 .text.protected_write_io
                0x0000b634        0xa src/protected_io.o
                0x0000b634                protected_write_io
 .text.PORTC_set_pin_pull_mode
                0x0000b63e       0x62 src/serialbus.o
 .text.PORTC_set_pin_dir
                0x0000b6a0       0xa8 src/serialbus.o
 .text.PORTC_set_pin_level
                0x0000b748       0x74 src/serialbus.o
 .text.PORTE_set_pin_pull_mode
                0x0000b7bc       0x62 src/serialbus.o
 .text.PORTE_set_pin_dir
                0x0000b81e       0xa8 src/serialbus.o
 .text.PORTE_set_pin_level
                0x0000b8c6       0x74 src/serialbus.o
 .text.PC0_set_dir
                0x0000b93a       0x1e src/serialbus.o
 .text.PC0_set_level
                0x0000b958       0x1e src/serialbus.o
 .text.PC1_set_pull_mode
                0x0000b976       0x1e src/serialbus.o
 .text.PC1_set_dir
                0x0000b994       0x1e src/serialbus.o
 .text.PE0_set_dir
                0x0000b9b2       0x1e src/serialbus.o
 .text.PE0_set_level
                0x0000b9d0       0x1e src/serialbus.o
 .text.PE1_set_pull_mode
                0x0000b9ee       0x1e src/serialbus.o
 .text.PE1_set_dir
                0x0000ba0c       0x1e src/serialbus.o
 .text.nextFullSBTxBuffer
                0x0000ba2a       0x96 src/serialbus.o
                0x0000ba2a                nextFullSBTxBuffer
 .text.nextEmptySBTxBuffer
                0x0000bac0       0x96 src/serialbus.o
                0x0000bac0                nextEmptySBTxBuffer
 .text.nextEmptySBRxBuffer
                0x0000bb56       0x98 src/serialbus.o
                0x0000bb56                nextEmptySBRxBuffer
 .text.serialbusTxInProgress
                0x0000bbee       0x12 src/serialbus.o
                0x0000bbee                serialbusTxInProgress
 .text._Z18serialbus_start_txv
                0x0000bc00       0x3c src/serialbus.o
                0x0000bc00                _Z18serialbus_start_txv
 .text.serialbus_end_tx
                0x0000bc3c       0x4a src/serialbus.o
                0x0000bc3c                serialbus_end_tx
 .text._ZL21USART1_initializationm
                0x0000bc86       0x4c src/serialbus.o
 .text._ZL21USART4_initializationm
                0x0000bcd2       0x4c src/serialbus.o
 .text.serialbus_init
                0x0000bd1e       0xaa src/serialbus.o
                0x0000bd1e                serialbus_init
 .text._Z19serialbus_send_textPc
                0x0000bdc8       0xd0 src/serialbus.o
                0x0000bdc8                _Z19serialbus_send_textPc
 .text.sb_send_NewLine
                0x0000be98       0x22 src/serialbus.o
                0x0000be98                sb_send_NewLine
 .text.sb_echo_char
                0x0000beba       0x32 src/serialbus.o
                0x0000beba                sb_echo_char
 .text.si5351_shutdown_comms
                0x0000beec       0x14 src/si5351.o
                0x0000beec                si5351_shutdown_comms
 .text.si5351_start_comms
                0x0000bf00       0x14 src/si5351.o
                0x0000bf00                si5351_start_comms
 .text.si5351_init
                0x0000bf14      0x19c src/si5351.o
                0x0000bf14                si5351_init
 .text.si5351_set_freq
                0x0000c0b0      0x342 src/si5351.o
                0x0000c0b0                si5351_set_freq
 .text.si5351_clock_enable
                0x0000c3f2       0x96 src/si5351.o
                0x0000c3f2                si5351_clock_enable
 .text.si5351_drive_strength
                0x0000c488       0xba src/si5351.o
                0x0000c488                si5351_drive_strength
 .text._Z7set_pllm10si5351_pll
                0x0000c542      0x192 src/si5351.o
                0x0000c542                _Z7set_pllm10si5351_pll
 .text._Z8pll_calcmP13u_si5351_regs
                0x0000c6d4      0x1cc src/si5351.o
                0x0000c6d4                _Z8pll_calcmP13u_si5351_regs
 .text._Z13reduce_by_gcdPmS_
                0x0000c8a0      0x166 src/si5351.o
                0x0000c8a0                _Z13reduce_by_gcdPmS_
 .text._Z15multisynth_calcmP13u_si5351_regsPbS1_
                0x0000ca06      0x214 src/si5351.o
                0x0000ca06                _Z15multisynth_calcmP13u_si5351_regsPbS1_
 .text._Z19multisynth_estimatemP13u_si5351_regsPbS1_
                0x0000cc1a      0x302 src/si5351.o
                0x0000cc1a                _Z19multisynth_estimatemP13u_si5351_regsPbS1_
 .text._Z17si5351_write_bulkhPhh
                0x0000cf1c       0x64 src/si5351.o
                0x0000cf1c                _Z17si5351_write_bulkhPhh
 .text._Z16si5351_read_bulkhPhh
                0x0000cf80       0x64 src/si5351.o
                0x0000cf80                _Z16si5351_read_bulkhPhh
 .text._Z31set_multisynth_registers_source12si5351_clock10si5351_pll
                0x0000cfe4       0x7a src/si5351.o
                0x0000cfe4                _Z31set_multisynth_registers_source12si5351_clock10si5351_pll
 .text._Z24set_multisynth_registers12si5351_clock13u_si5351_regsbhb
                0x0000d05e      0x22c src/si5351.o
                0x0000d05e                _Z24set_multisynth_registers12si5351_clock13u_si5351_regsbhb
 .text._Z16set_integer_mode12si5351_clockb
                0x0000d28a       0x6a src/si5351.o
                0x0000d28a                _Z16set_integer_mode12si5351_clockb
 .text._Z6ms_div12si5351_clockhb
                0x0000d2f4       0xac src/si5351.o
                0x0000d2f4                _Z6ms_div12si5351_clockhb
 .text.SLPCTRL_init
                0x0000d3a0       0x18 src/slpctrl.o
                0x0000d3a0                SLPCTRL_init
 .text.SLPCTRL_set_sleep_mode
                0x0000d3b8       0x30 src/slpctrl.o
                0x0000d3b8                SLPCTRL_set_sleep_mode
 .text.TIMERB_init
                0x0000d3e8       0xd4 src/tcb.o
                0x0000d3e8                TIMERB_init
 .text.util_delay_ms
                0x0000d4bc      0x176 src/tcb.o
                0x0000d4bc                util_delay_ms
 .text.__vector_30
                0x0000d632       0xde src/tcb.o
                0x0000d632                __vector_30
 .text.__vector_13
                0x0000d710       0xbc src/tcb.o
                0x0000d710                __vector_13
 .text.TIMERB_sleep
                0x0000d7cc       0x50 src/tcb.o
                0x0000d7cc                TIMERB_sleep
 .text.PORTA_set_pin_level
                0x0000d81c       0x74 src/transmitter.o
 .text.PORTB_set_pin_level
                0x0000d890       0x74 src/transmitter.o
 .text._Z14txSetFrequencyPmb
                0x0000d904       0xa4 src/transmitter.o
                0x0000d904                _Z14txSetFrequencyPmb
 .text._Z14txGetFrequencyv
                0x0000d9a8       0x22 src/transmitter.o
                0x0000d9a8                _Z14txGetFrequencyv
 .text._Z18powerToTransmitterb
                0x0000d9ca       0x32 src/transmitter.o
                0x0000d9ca                _Z18powerToTransmitterb
 .text._Z9txKeyDownb
                0x0000d9fc       0x58 src/transmitter.o
                0x0000d9fc                _Z9txKeyDownb
 .text._Z10fet_driverb
                0x0000da54       0x2e src/transmitter.o
                0x0000da54                _Z10fet_driverb
 .text._Z19final_drain_voltageb
                0x0000da82       0x40 src/transmitter.o
                0x0000da82                _Z19final_drain_voltageb
 .text._Z15inhibitRFOutputb
                0x0000dac2       0x56 src/transmitter.o
                0x0000dac2                _Z15inhibitRFOutputb
 .text._Z14keyTransmitterb
                0x0000db18       0xc4 src/transmitter.o
                0x0000db18                _Z14keyTransmitterb
 .text._Z12txGetPowerMwv
                0x0000dbdc       0x16 src/transmitter.o
                0x0000dbdc                _Z12txGetPowerMwv
 .text._Z15txIsInitializedv
                0x0000dbf2       0x12 src/transmitter.o
                0x0000dbf2                _Z15txIsInitializedv
 .text._Z15txSetParametersPjPb
                0x0000dc04      0x11c src/transmitter.o
                0x0000dc04                _Z15txSetParametersPjPb
 .text._Z20shutdown_transmitterv
                0x0000dd20       0x14 src/transmitter.o
                0x0000dd20                _Z20shutdown_transmitterv
 .text._Z19restart_transmitterv
                0x0000dd34       0x14 src/transmitter.o
                0x0000dd34                _Z19restart_transmitterv
 .text._Z16init_transmitterm
                0x0000dd48       0x3c src/transmitter.o
                0x0000dd48                _Z16init_transmitterm
 .text._Z16init_transmitterv
                0x0000dd84       0xbc src/transmitter.o
                0x0000dd84                _Z16init_transmitterv
 .text._Z22txMilliwattsToSettingsPjS_
                0x0000de40      0x31c src/transmitter.o
                0x0000de40                _Z22txMilliwattsToSettingsPjS_
 .text.USART0_get_data
                0x0000e15c       0x16 src/usart_basic.o
                0x0000e15c                USART0_get_data
 .text.USART1_init
                0x0000e172       0xc4 src/usart_basic.o
                0x0000e172                USART1_init
 .text.USART1_enable
                0x0000e236       0x22 src/usart_basic.o
                0x0000e236                USART1_enable
 .text.USART1_enable_tx
                0x0000e258       0x34 src/usart_basic.o
                0x0000e258                USART1_enable_tx
 .text.USART1_disable
                0x0000e28c       0x22 src/usart_basic.o
                0x0000e28c                USART1_disable
 .text.USART1_get_data
                0x0000e2ae       0x16 src/usart_basic.o
                0x0000e2ae                USART1_get_data
 .text.USART4_init
                0x0000e2c4       0xb6 src/usart_basic.o
                0x0000e2c4                USART4_init
 .text.USART4_enable
                0x0000e37a       0x22 src/usart_basic.o
                0x0000e37a                USART4_enable
 .text.USART4_enable_tx
                0x0000e39c       0x34 src/usart_basic.o
                0x0000e39c                USART4_enable_tx
 .text.USART4_disable
                0x0000e3d0       0x22 src/usart_basic.o
                0x0000e3d0                USART4_disable
 .text.USART4_get_data
                0x0000e3f2       0x16 src/usart_basic.o
                0x0000e3f2                USART4_get_data
 .text._Z7timeDifmm
                0x0000e408       0xb2 src/util.o
                0x0000e408                _Z7timeDifmm
 .text.avr-libc.fplib
                0x0000e4ba        0xe c:/program files (x86)/atmel/studio/7.0/toolchain/avr8/avr8-gnu-toolchain/bin/../lib/gcc/avr/5.4.0/../../../../avr/lib/avrxmega4\libm.a(addsf3.o)
                0x0000e4ba                __subsf3
                0x0000e4bc                __addsf3
 .text.avr-libc.fplib
                0x0000e4c8       0xcc c:/program files (x86)/atmel/studio/7.0/toolchain/avr8/avr8-gnu-toolchain/bin/../lib/gcc/avr/5.4.0/../../../../avr/lib/avrxmega4\libm.a(addsf3x.o)
                0x0000e4ea                __addsf3x
 .text.avr-libc.fplib
                0x0000e594        0xa c:/program files (x86)/atmel/studio/7.0/toolchain/avr8/avr8-gnu-toolchain/bin/../lib/gcc/avr/5.4.0/../../../../avr/lib/avrxmega4\libm.a(cmpsf2.o)
                0x0000e594                __nesf2
                0x0000e594                __eqsf2
                0x0000e594                __cmpsf2
                0x0000e594                __ltsf2
                0x0000e594                __lesf2
 .text.avr-libc.fplib
                0x0000e59e        0x8 c:/program files (x86)/atmel/studio/7.0/toolchain/avr8/avr8-gnu-toolchain/bin/../lib/gcc/avr/5.4.0/../../../../avr/lib/avrxmega4\libm.a(divsf3.o)
                0x0000e59e                __divsf3
 .text.avr-libc.fplib
                0x0000e5a6       0xdc c:/program files (x86)/atmel/studio/7.0/toolchain/avr8/avr8-gnu-toolchain/bin/../lib/gcc/avr/5.4.0/../../../../avr/lib/avrxmega4\libm.a(divsf3x.o)
                0x0000e5c6                __divsf3x
                0x0000e5cc                __divsf3_pse
 .text.avr-libc.fplib
                0x0000e682        0xe c:/program files (x86)/atmel/studio/7.0/toolchain/avr8/avr8-gnu-toolchain/bin/../lib/gcc/avr/5.4.0/../../../../avr/lib/avrxmega4\libm.a(fixsfsi.o)
                0x0000e682                __fixsfsi
 .text.avr-libc.fplib
                0x0000e690       0x5e c:/program files (x86)/atmel/studio/7.0/toolchain/avr8/avr8-gnu-toolchain/bin/../lib/gcc/avr/5.4.0/../../../../avr/lib/avrxmega4\libm.a(fixunssfsi.o)
                0x0000e690                __fixunssfsi
 .text.avr-libc.fplib
                0x0000e6ee       0x7a c:/program files (x86)/atmel/studio/7.0/toolchain/avr8/avr8-gnu-toolchain/bin/../lib/gcc/avr/5.4.0/../../../../avr/lib/avrxmega4\libm.a(floatsisf.o)
                0x0000e6ee                __floatunsisf
                0x0000e6f2                __floatsisf
 .text.avr-libc.fplib
                0x0000e768       0x48 c:/program files (x86)/atmel/studio/7.0/toolchain/avr8/avr8-gnu-toolchain/bin/../lib/gcc/avr/5.4.0/../../../../avr/lib/avrxmega4\libm.a(fp_cmp.o)
                0x0000e768                __fp_cmp
 .text.avr-libc.fplib
                0x0000e7b0        0xc c:/program files (x86)/atmel/studio/7.0/toolchain/avr8/avr8-gnu-toolchain/bin/../lib/gcc/avr/5.4.0/../../../../avr/lib/avrxmega4\libm.a(fp_inf.o)
                0x0000e7b0                __fp_inf
 .text.avr-libc.fplib
                0x0000e7bc        0x6 c:/program files (x86)/atmel/studio/7.0/toolchain/avr8/avr8-gnu-toolchain/bin/../lib/gcc/avr/5.4.0/../../../../avr/lib/avrxmega4\libm.a(fp_nan.o)
                0x0000e7bc                __fp_nan
 .text.avr-libc.fplib
                0x0000e7c2        0xe c:/program files (x86)/atmel/studio/7.0/toolchain/avr8/avr8-gnu-toolchain/bin/../lib/gcc/avr/5.4.0/../../../../avr/lib/avrxmega4\libm.a(fp_pscA.o)
                0x0000e7c2                __fp_pscA
 .text.avr-libc.fplib
                0x0000e7d0        0xe c:/program files (x86)/atmel/studio/7.0/toolchain/avr8/avr8-gnu-toolchain/bin/../lib/gcc/avr/5.4.0/../../../../avr/lib/avrxmega4\libm.a(fp_pscB.o)
                0x0000e7d0                __fp_pscB
 .text.avr-libc.fplib
                0x0000e7de       0x22 c:/program files (x86)/atmel/studio/7.0/toolchain/avr8/avr8-gnu-toolchain/bin/../lib/gcc/avr/5.4.0/../../../../avr/lib/avrxmega4\libm.a(fp_round.o)
                0x0000e7de                __fp_round
 .text.avr-libc.fplib
                0x0000e800       0x44 c:/program files (x86)/atmel/studio/7.0/toolchain/avr8/avr8-gnu-toolchain/bin/../lib/gcc/avr/5.4.0/../../../../avr/lib/avrxmega4\libm.a(fp_split3.o)
                0x0000e800                __fp_split3
                0x0000e810                __fp_splitA
 .text.avr-libc.fplib
                0x0000e844        0xe c:/program files (x86)/atmel/studio/7.0/toolchain/avr8/avr8-gnu-toolchain/bin/../lib/gcc/avr/5.4.0/../../../../avr/lib/avrxmega4\libm.a(fp_zero.o)
                0x0000e844                __fp_zero
                0x0000e846                __fp_szero
 .text.avr-libc.fplib
                0x0000e852        0xa c:/program files (x86)/atmel/studio/7.0/toolchain/avr8/avr8-gnu-toolchain/bin/../lib/gcc/avr/5.4.0/../../../../avr/lib/avrxmega4\libm.a(gesf2.o)
                0x0000e852                __gesf2
                0x0000e852                __gtsf2
 .text.avr-libc.fplib
                0x0000e85c        0x8 c:/program files (x86)/atmel/studio/7.0/toolchain/avr8/avr8-gnu-toolchain/bin/../lib/gcc/avr/5.4.0/../../../../avr/lib/avrxmega4\libm.a(mulsf3.o)
                0x0000e85c                __mulsf3
 .text.avr-libc.fplib
                0x0000e864       0xd2 c:/program files (x86)/atmel/studio/7.0/toolchain/avr8/avr8-gnu-toolchain/bin/../lib/gcc/avr/5.4.0/../../../../avr/lib/avrxmega4\libm.a(mulsf3x.o)
                0x0000e882                __mulsf3x
                0x0000e888                __mulsf3_pse
 .text.libgcc.mul
                0x0000e936       0x20 c:/program files (x86)/atmel/studio/7.0/toolchain/avr8/avr8-gnu-toolchain/bin/../lib/gcc/avr/5.4.0/avrxmega4\libgcc.a(_mulsi3.o)
                0x0000e936                __mulsi3
 .text.libgcc.div
                0x0000e956       0x28 c:/program files (x86)/atmel/studio/7.0/toolchain/avr8/avr8-gnu-toolchain/bin/../lib/gcc/avr/5.4.0/avrxmega4\libgcc.a(_udivmodhi4.o)
                0x0000e956                __udivmodhi4
 .text.libgcc.div
                0x0000e97e       0x28 c:/program files (x86)/atmel/studio/7.0/toolchain/avr8/avr8-gnu-toolchain/bin/../lib/gcc/avr/5.4.0/avrxmega4\libgcc.a(_divmodhi4.o)
                0x0000e97e                _div
                0x0000e97e                __divmodhi4
 .text.libgcc.div
                0x0000e9a6       0x44 c:/program files (x86)/atmel/studio/7.0/toolchain/avr8/avr8-gnu-toolchain/bin/../lib/gcc/avr/5.4.0/avrxmega4\libgcc.a(_udivmodsi4.o)
                0x0000e9a6                __udivmodsi4
 .text.libgcc.div
                0x0000e9ea       0x2e c:/program files (x86)/atmel/studio/7.0/toolchain/avr8/avr8-gnu-toolchain/bin/../lib/gcc/avr/5.4.0/avrxmega4\libgcc.a(_divmodsi4.o)
                0x0000e9ea                __divmodsi4
 .text.libgcc.div
                0x0000ea18       0x10 c:/program files (x86)/atmel/studio/7.0/toolchain/avr8/avr8-gnu-toolchain/bin/../lib/gcc/avr/5.4.0/avrxmega4\libgcc.a(_negsi2.o)
                0x0000ea18                __negsi2
 .text.libgcc   0x0000ea28       0x12 c:/program files (x86)/atmel/studio/7.0/toolchain/avr8/avr8-gnu-toolchain/bin/../lib/gcc/avr/5.4.0/avrxmega4\libgcc.a(_tablejump2.o)
                0x0000ea28                __tablejump2__
 .text.libgcc.mul
                0x0000ea3a       0x16 c:/program files (x86)/atmel/studio/7.0/toolchain/avr8/avr8-gnu-toolchain/bin/../lib/gcc/avr/5.4.0/avrxmega4\libgcc.a(_muluhisi3.o)
                0x0000ea3a                __muluhisi3
 .text.libgcc.mul
                0x0000ea50       0x1e c:/program files (x86)/atmel/studio/7.0/toolchain/avr8/avr8-gnu-toolchain/bin/../lib/gcc/avr/5.4.0/avrxmega4\libgcc.a(_umulhisi3.o)
                0x0000ea50                __umulhisi3
 .text.avr-libc
                0x0000ea6e       0x40 c:/program files (x86)/atmel/studio/7.0/toolchain/avr8/avr8-gnu-toolchain/bin/../lib/gcc/avr/5.4.0/../../../../avr/lib/avrxmega4\libc.a(dtostrf.o)
                0x0000ea6e                dtostrf
 .text.avr-libc
                0x0000eaae      0x242 c:/program files (x86)/atmel/studio/7.0/toolchain/avr8/avr8-gnu-toolchain/bin/../lib/gcc/avr/5.4.0/../../../../avr/lib/avrxmega4\libc.a(malloc.o)
                0x0000eaae                malloc
                0x0000ebde                free
 .text.avr-libc
                0x0000ecf0       0x3c c:/program files (x86)/atmel/studio/7.0/toolchain/avr8/avr8-gnu-toolchain/bin/../lib/gcc/avr/5.4.0/../../../../avr/lib/avrxmega4\libc.a(atoi.o)
                0x0000ecf0                atoi
 .text.avr-libc
                0x0000ed2c       0x4e c:/program files (x86)/atmel/studio/7.0/toolchain/avr8/avr8-gnu-toolchain/bin/../lib/gcc/avr/5.4.0/../../../../avr/lib/avrxmega4\libc.a(atol.o)
                0x0000ed2c                atol
 .text.avr-libc
                0x0000ed7a       0x10 c:/program files (x86)/atmel/studio/7.0/toolchain/avr8/avr8-gnu-toolchain/bin/../lib/gcc/avr/5.4.0/../../../../avr/lib/avrxmega4\libc.a(toupper.o)
                0x0000ed7a                toupper
 .text.avr-libc
                0x0000ed8a        0xe c:/program files (x86)/atmel/studio/7.0/toolchain/avr8/avr8-gnu-toolchain/bin/../lib/gcc/avr/5.4.0/../../../../avr/lib/avrxmega4\libc.a(memset.o)
                0x0000ed8a                memset
 .text.avr-libc
                0x0000ed98       0x12 c:/program files (x86)/atmel/studio/7.0/toolchain/avr8/avr8-gnu-toolchain/bin/../lib/gcc/avr/5.4.0/../../../../avr/lib/avrxmega4\libc.a(strcmp.o)
                0x0000ed98                strcmp
 .text.avr-libc
                0x0000edaa       0x12 c:/program files (x86)/atmel/studio/7.0/toolchain/avr8/avr8-gnu-toolchain/bin/../lib/gcc/avr/5.4.0/../../../../avr/lib/avrxmega4\libc.a(strlen.o)
                0x0000edaa                strlen
 .text.avr-libc
                0x0000edbc       0x1e c:/program files (x86)/atmel/studio/7.0/toolchain/avr8/avr8-gnu-toolchain/bin/../lib/gcc/avr/5.4.0/../../../../avr/lib/avrxmega4\libc.a(strncpy.o)
                0x0000edbc                strncpy
 .text.avr-libc
                0x0000edda       0x2a c:/program files (x86)/atmel/studio/7.0/toolchain/avr8/avr8-gnu-toolchain/bin/../lib/gcc/avr/5.4.0/../../../../avr/lib/avrxmega4\libc.a(mulsi10.o)
                0x0000edda                __mulsi_const_10
 .text.avr-libc
                0x0000ee04       0x10 c:/program files (x86)/atmel/studio/7.0/toolchain/avr8/avr8-gnu-toolchain/bin/../lib/gcc/avr/5.4.0/../../../../avr/lib/avrxmega4\libc.a(mul10.o)
                0x0000ee04                __mulhi_const_10
 .text.avr-libc
                0x0000ee14       0x52 c:/program files (x86)/atmel/studio/7.0/toolchain/avr8/avr8-gnu-toolchain/bin/../lib/gcc/avr/5.4.0/../../../../avr/lib/avrxmega4\libc.a(sprintf.o)
                0x0000ee14                sprintf
 .text.avr-libc
                0x0000ee66      0x408 c:/program files (x86)/atmel/studio/7.0/toolchain/avr8/avr8-gnu-toolchain/bin/../lib/gcc/avr/5.4.0/../../../../avr/lib/avrxmega4\libc.a(vfprintf_std.o)
                0x0000ee66                vfprintf
 .text.avr-libc
                0x0000f26e      0x2e2 c:/program files (x86)/atmel/studio/7.0/toolchain/avr8/avr8-gnu-toolchain/bin/../lib/gcc/avr/5.4.0/../../../../avr/lib/avrxmega4\libc.a(dtoa_prf.o)
                0x0000f26e                dtoa_prf
 .text.avr-libc
                0x0000f550      0x1b0 c:/program files (x86)/atmel/studio/7.0/toolchain/avr8/avr8-gnu-toolchain/bin/../lib/gcc/avr/5.4.0/../../../../avr/lib/avrxmega4\libc.a(ftoa_engine.o)
                0x0000f550                __ftoa_engine
 .text.avr-libc
                0x0000f700       0x16 c:/program files (x86)/atmel/studio/7.0/toolchain/avr8/avr8-gnu-toolchain/bin/../lib/gcc/avr/5.4.0/../../../../avr/lib/avrxmega4\libc.a(strnlen_P.o)
                0x0000f700                strnlen_P
 .text.avr-libc
                0x0000f716       0x16 c:/program files (x86)/atmel/studio/7.0/toolchain/avr8/avr8-gnu-toolchain/bin/../lib/gcc/avr/5.4.0/../../../../avr/lib/avrxmega4\libc.a(strnlen.o)
                0x0000f716                strnlen
 .text.avr-libc
                0x0000f72c       0x78 c:/program files (x86)/atmel/studio/7.0/toolchain/avr8/avr8-gnu-toolchain/bin/../lib/gcc/avr/5.4.0/../../../../avr/lib/avrxmega4\libc.a(fputc.o)
                0x0000f72c                fputc
 .text.avr-libc
                0x0000f7a4       0xbc c:/program files (x86)/atmel/studio/7.0/toolchain/avr8/avr8-gnu-toolchain/bin/../lib/gcc/avr/5.4.0/../../../../avr/lib/avrxmega4\libc.a(ultoa_invert.o)
                0x0000f7a4                __ultoa_invert
 .text.avr-libc
                0x0000f860       0x10 C:/Program Files (x86)/Atmel/Studio/7.0/Packs/atmel/AVR-Dx_DFP/1.9.103/gcc/dev/avr128da48/avrxmega4\libavr128da48.a(eerd_byte.o)
                0x0000f860                eeprom_read_byte
                0x0000f868                eeprom_mapen
 .text.avr-libc
                0x0000f870        0xe C:/Program Files (x86)/Atmel/Studio/7.0/Packs/atmel/AVR-Dx_DFP/1.9.103/gcc/dev/avr128da48/avrxmega4\libavr128da48.a(eerd_dword.o)
                0x0000f870                eeprom_read_float
                0x0000f870                eeprom_read_dword
 .text.avr-libc
                0x0000f87e        0xa C:/Program Files (x86)/Atmel/Studio/7.0/Packs/atmel/AVR-Dx_DFP/1.9.103/gcc/dev/avr128da48/avrxmega4\libavr128da48.a(eerd_word.o)
                0x0000f87e                eeprom_read_word
                0x0000f888                . = ALIGN (0x2)
 *(.fini9)
 .fini9         0x0000f888        0x0 c:/program files (x86)/atmel/studio/7.0/toolchain/avr8/avr8-gnu-toolchain/bin/../lib/gcc/avr/5.4.0/avrxmega4\libgcc.a(_exit.o)
                0x0000f888                _exit
                0x0000f888                exit
 *(.fini9)
 *(.fini8)
 *(.fini8)
 *(.fini7)
 *(.fini7)
 *(.fini6)
 .fini6         0x0000f888       0x16 c:/program files (x86)/atmel/studio/7.0/toolchain/avr8/avr8-gnu-toolchain/bin/../lib/gcc/avr/5.4.0/avrxmega4\libgcc.a(_dtors.o)
                0x0000f888                __do_global_dtors
 *(.fini6)
 *(.fini5)
 *(.fini5)
 *(.fini4)
 *(.fini4)
 *(.fini3)
 *(.fini3)
 *(.fini2)
 *(.fini2)
 *(.fini1)
 *(.fini1)
 *(.fini0)
 .fini0         0x0000f89e        0x4 c:/program files (x86)/atmel/studio/7.0/toolchain/avr8/avr8-gnu-toolchain/bin/../lib/gcc/avr/5.4.0/avrxmega4\libgcc.a(_exit.o)
 *(.fini0)
                0x0000f8a2                _etext = .

.data           0x00804000      0x40e load address 0x0000f8a2
                0x00804000                PROVIDE (__data_start, .)
 *(.data)
 .data          0x00804000        0x6 c:/program files (x86)/atmel/studio/7.0/toolchain/avr8/avr8-gnu-toolchain/bin/../lib/gcc/avr/5.4.0/../../../../avr/lib/avrxmega4\libc.a(malloc.o)
                0x00804000                __malloc_heap_end
                0x00804002                __malloc_heap_start
                0x00804004                __malloc_margin
 *(.data*)
 .data._ZL28g_antenna_connection_changed
                0x00804006        0x1 main.o
 .data._ZL15g_code_throttle
                0x00804007        0x2 main.o
 .data._ZL23g_WiFi_shutdown_seconds
                0x00804009        0x1 main.o
 .data._ZL13g_wifi_active
                0x0080400a        0x1 main.o
 .data.g_id_codespeed
                0x0080400b        0x1 main.o
                0x0080400b                g_id_codespeed
 .data.g_pattern_codespeed
                0x0080400c        0x1 main.o
                0x0080400c                g_pattern_codespeed
 .data.g_on_air_seconds
                0x0080400d        0x2 main.o
                0x0080400d                g_on_air_seconds
 .data.g_off_air_seconds
                0x0080400f        0x2 main.o
                0x0080400f                g_off_air_seconds
 .data.g_ID_period_seconds
                0x00804011        0x2 main.o
                0x00804011                g_ID_period_seconds
 .data._ZL11g_sleepType
                0x00804013        0x1 main.o
 .data._ZL17g_adcChannelOrder
                0x00804014        0x3 main.o
 .data._ZL19g_adcCountdownCount
                0x00804017        0x6 main.o
 .data.g_enunciator
                0x0080401d        0x1 main.o
                0x0080401d                g_enunciator
 .data.g_fox    0x0080401e        0x1 main.o
                0x0080401e                g_fox
 .data.g_enable_LED_enunciations
                0x0080401f        0x1 main.o
                0x0080401f                g_enable_LED_enunciations
 .data._ZZ11__vector_12E29initializeManualTransmissions
                0x00804020        0x1 main.o
 .data._ZZ11__vector_12E12charFinished
                0x00804021        0x1 main.o
 .data._ZZ11__vector_12E4idle
                0x00804022        0x1 main.o
 .data._ZZ19updateAntennaStatusvE16antennaReadCount
                0x00804023        0x1 main.o
 .data._ZZ12temperatureCvE4wait
                0x00804024        0x4 src/adc.o
 .data.g_foxoring_frequencyA
                0x00804028        0x4 src/eeprommanager.o
                0x00804028                g_foxoring_frequencyA
 .data.g_foxoring_frequencyB
                0x0080402c        0x4 src/eeprommanager.o
                0x0080402c                g_foxoring_frequencyB
 .data.g_foxoring_frequencyC
                0x00804030        0x4 src/eeprommanager.o
                0x00804030                g_foxoring_frequencyC
 .data.g_foxoring_fox
                0x00804034        0x1 src/eeprommanager.o
                0x00804034                g_foxoring_fox
 .data.g_voltage_threshold
                0x00804035        0x4 src/eeprommanager.o
                0x00804035                g_voltage_threshold
 .data.g_clock_calibration
                0x00804039        0x2 src/eeprommanager.o
                0x00804039                g_clock_calibration
 .data.g_i2c0_timeout_ticks
                0x0080403b        0x2 src/i2c.o
                0x0080403b                g_i2c0_timeout_ticks
 .data.g_i2c1_timeout_ticks
                0x0080403d        0x2 src/i2c.o
                0x0080403d                g_i2c1_timeout_ticks
 .data._ZL17led_timeout_count
                0x0080403f        0x4 src/leds.o
 .data._ZL14g_bus_disabled
                0x00804043        0x1 src/linkbus.o
 .data.g_linkbus_usart_number
                0x00804044        0x1 src/linkbus.o
                0x00804044                g_linkbus_usart_number
 .data._ZZ9makeMorsePcPbS0_E6repeat
                0x00804045        0x1 src/morse.o
 .data._ZZ9makeMorsePcPbS0_E1c
                0x00804046        0x1 src/morse.o
 .data._ZZ9makeMorsePcPbS0_E15completedString
                0x00804047        0x1 src/morse.o
 .data.g_serial_timeout_ticks
                0x00804048        0x2 src/serialbus.o
                0x00804048                g_serial_timeout_ticks
 .data.g_serialbus_usart_number
                0x0080404a        0x1 src/serialbus.o
                0x0080404a                g_serialbus_usart_number
 .data._ZL14g_bus_disabled
                0x0080404b        0x1 src/serialbus.o
 .data._ZL9xtal_freq
                0x0080404c        0x4 src/si5351.o
 .data.g_80m_frequency
                0x00804050        0x4 src/transmitter.o
                0x00804050                g_80m_frequency
 .data.g_80m_power_level_mW
                0x00804054        0x2 src/transmitter.o
                0x00804054                g_80m_power_level_mW
 .data.g_rtty_offset
                0x00804056        0x4 src/transmitter.o
                0x00804056                g_rtty_offset
 .data.g_tx_power_is_zero
                0x0080405a        0x1 src/transmitter.o
                0x0080405a                g_tx_power_is_zero
 .data.g_80m_power_table
                0x0080405b       0x20 src/transmitter.o
                0x0080405b                g_80m_power_table
 *(.gnu.linkonce.d*)
 *(.rodata)
 .rodata        0x0080407b      0x363 main.o
 .rodata        0x008043de       0x11 src/eeprommanager.o
 .rodata        0x008043ef       0x17 src/linkbus.o
 *(.rodata*)
 .rodata._ZL34g_adcChannelConversionPeriod_ticks
                0x00804406        0x6 main.o
 .rodata._ZL4crlf
                0x0080440c        0x2 src/serialbus.o
 *(.gnu.linkonce.r*)
                0x0080440e                . = ALIGN (0x2)
                0x0080440e                _edata = .
                0x0080440e                PROVIDE (__data_end, .)

.bss            0x0080440e      0x4a9
                0x0080440e                PROVIDE (__bss_start, .)
 *(.bss)
 *(.bss*)
 .bss._ZZ9serial_RxhE4buff
                0x0080440e        0x2 driver_isr.o
 .bss._ZZ9serial_RxhE11ignoreCount
                0x00804410        0x1 driver_isr.o
 .bss._ZZ9serial_RxhE9charIndex
                0x00804411        0x1 driver_isr.o
 .bss._ZZ9serial_RxhE8textBuff
                0x00804412       0x32 driver_isr.o
 .bss._ZZ9serial_RxhE13receiving_msg
                0x00804444        0x1 driver_isr.o
 .bss._ZZ9serial_RxhE6msg_ID
                0x00804445        0x2 driver_isr.o
 .bss._ZZ9serial_RxhE11field_index
                0x00804447        0x1 driver_isr.o
 .bss._ZZ9serial_RxhE9field_len
                0x00804448        0x1 driver_isr.o
 .bss._ZZ11__vector_20E4buff
                0x00804449        0x2 driver_isr.o
 .bss._ZZ11__vector_20E9charIndex
                0x0080444b        0x1 driver_isr.o
 .bss._ZZ11__vector_20E4buff_0
                0x0080444c        0x2 driver_isr.o
 .bss._ZZ11__vector_20E9charIndex_0
                0x0080444e        0x1 driver_isr.o
 .bss._ZZ11__vector_56E4buff
                0x0080444f        0x2 driver_isr.o
 .bss._ZZ11__vector_56E9charIndex
                0x00804451        0x1 driver_isr.o
 .bss._ZZ11__vector_56E4buff_0
                0x00804452        0x2 driver_isr.o
 .bss._ZZ11__vector_56E9charIndex_0
                0x00804454        0x1 driver_isr.o
 .bss._ZZ10linkbus_RxhE4buff
                0x00804455        0x2 driver_isr.o
 .bss._ZZ10linkbus_RxhE10escapeNext
                0x00804457        0x1 driver_isr.o
 .bss._ZZ10linkbus_RxhE9charIndex
                0x00804458        0x1 driver_isr.o
 .bss._ZZ10linkbus_RxhE9field_len
                0x00804459        0x1 driver_isr.o
 .bss._ZZ10linkbus_RxhE10tempMsg_ID
                0x0080445a        0x4 driver_isr.o
 .bss._ZZ10linkbus_RxhE13receiving_msg
                0x0080445e        0x1 driver_isr.o
 .bss._ZZ10linkbus_RxhE11field_index
                0x0080445f        0x1 driver_isr.o
 .bss._ZZ11__vector_32E4buff
                0x00804460        0x2 driver_isr.o
 .bss._ZZ11__vector_32E9charIndex
                0x00804462        0x1 driver_isr.o
 .bss._ZZ11__vector_32E4buff_0
                0x00804463        0x2 driver_isr.o
 .bss._ZZ11__vector_32E9charIndex_0
                0x00804465        0x1 driver_isr.o
 .bss._ZL9g_tempStr
                0x00804466       0x32 main.o
 .bss._ZL17g_last_error_code
                0x00804498        0x1 main.o
 .bss._ZL18g_last_status_code
                0x00804499        0x1 main.o
 .bss._ZL21g_util_tick_countdown
                0x0080449a        0x2 main.o
 .bss.g_antenna_connect_state
                0x0080449c        0x1 main.o
                0x0080449c                g_antenna_connect_state
 .bss._ZL13g_start_event
                0x0080449d        0x1 main.o
 .bss._ZL11g_end_event
                0x0080449e        0x1 main.o
 .bss._ZL12g_on_the_air
                0x0080449f        0x4 main.o
 .bss._ZL26g_sendID_seconds_countdown
                0x008044a3        0x2 main.o
 .bss._ZL16g_report_seconds
                0x008044a5        0x1 main.o
 .bss._ZL19g_wifi_enable_delay
                0x008044a6        0x1 main.o
 .bss._ZL20g_shutting_down_wifi
                0x008044a7        0x1 main.o
 .bss._ZL12g_wifi_ready
                0x008044a8        0x1 main.o
 .bss._ZL16g_hardware_error
                0x008044a9        0x2 main.o
 .bss.g_messages_text
                0x008044ab       0x69 main.o
                0x008044ab                g_messages_text
 .bss.g_time_needed_for_ID
                0x00804514        0x2 main.o
                0x00804514                g_time_needed_for_ID
 .bss.g_intra_cycle_delay_time
                0x00804516        0x2 main.o
                0x00804516                g_intra_cycle_delay_time
 .bss.g_event_start_epoch
                0x00804518        0x4 main.o
                0x00804518                g_event_start_epoch
 .bss.g_event_finish_epoch
                0x0080451c        0x4 main.o
                0x0080451c                g_event_finish_epoch
 .bss.g_event_enabled
                0x00804520        0x1 main.o
                0x00804520                g_event_enabled
 .bss.g_event_scheduled
                0x00804521        0x1 main.o
                0x00804521                g_event_scheduled
 .bss.g_event_commenced
                0x00804522        0x1 main.o
                0x00804522                g_event_commenced
 .bss.g_check_for_next_event
                0x00804523        0x1 main.o
                0x00804523                g_check_for_next_event
 .bss.g_waiting_for_next_event
                0x00804524        0x1 main.o
                0x00804524                g_waiting_for_next_event
 .bss.g_sending_station_ID
                0x00804525        0x1 main.o
                0x00804525                g_sending_station_ID
 .bss.g_muteAfterID
                0x00804526        0x1 main.o
                0x00804526                g_muteAfterID
 .bss._ZL17g_go_to_sleep_now
                0x00804527        0x1 main.o
 .bss._ZL10g_sleeping
                0x00804528        0x1 main.o
 .bss._ZL17g_time_to_wake_up
                0x00804529        0x4 main.o
 .bss._ZL12g_awakenedBy
                0x0080452d        0x1 main.o
 .bss._ZL12g_adcUpdated
                0x0080452e        0x3 main.o
 .bss._ZL22g_lastConversionResult
                0x00804531        0x6 main.o
 .bss.g_switch_closed_count
                0x00804537        0x2 main.o
                0x00804537                g_switch_closed_count
 .bss.g_handle_counted_presses
                0x00804539        0x2 main.o
                0x00804539                g_handle_counted_presses
 .bss.g_switch_presses_count
                0x0080453b        0x2 main.o
                0x0080453b                g_switch_presses_count
 .bss.g_long_button_press
                0x0080453d        0x1 main.o
                0x0080453d                g_long_button_press
 .bss.g_check_temperature
                0x0080453e        0x2 main.o
                0x0080453e                g_check_temperature
 .bss.g_Event_Configuration_Check
                0x00804540        0x2 main.o
                0x00804540                g_Event_Configuration_Check
 .bss.LEDS      0x00804542        0x1 main.o
                0x00804542                LEDS
 .bss.g_text_buff
                0x00804543        0x9 main.o
                0x00804543                g_text_buff
 .bss.g_ee_mgr  0x0080454c        0x1 main.o
                0x0080454c                g_ee_mgr
 .bss.g_utc_offset
                0x0080454d        0x1 main.o
                0x0080454d                g_utc_offset
 .bss.g_unlockCode
                0x0080454e        0x9 main.o
                0x0080454e                g_unlockCode
 .bss.g_use_rtc_for_startstop
                0x00804557        0x1 main.o
                0x00804557                g_use_rtc_for_startstop
 .bss.g_enable_manual_transmissions
                0x00804558        0x1 main.o
                0x00804558                g_enable_manual_transmissions
 .bss._ZZ17handle_1sec_tasksvE17extendedOnAirTime
                0x00804559        0x2 main.o
 .bss._ZZ11__vector_12E28switch_closures_count_period
                0x0080455b        0x2 main.o
 .bss._ZZ11__vector_12E7codeInc
                0x0080455d        0x2 main.o
 .bss._ZZ11__vector_12E3key
                0x0080455f        0x1 main.o
 .bss._ZZ11__vector_12E2cc
                0x00804560        0x2 main.o
 .bss._ZZ11__vector_12E19conversionInProcess
                0x00804562        0x1 main.o
 .bss._ZZ11__vector_12E24indexConversionInProcess
                0x00804563        0x1 main.o
 .bss._ZZ11__vector_12E20holdConversionResult
                0x00804564        0x2 main.o
 .bss._ZZ17handleLinkBusMsgsvE6pwr_mW
                0x00804566        0x2 main.o
 .bss._ZZ17handleLinkBusMsgsvE25new_event_parameter_count
                0x00804568        0x1 main.o
 .bss._ZZ17handleLinkBusMsgsvE8lastTime
                0x00804569        0x4 main.o
 .bss._ZZ19updateAntennaStatusvE26lastAntennaConnectionState
                0x0080456d        0x1 main.o
 .bss.g_goertzel
                0x0080456e        0x1 src/adc.o
                0x0080456e                g_goertzel
 .bss._ZL20g_adc_initialization
                0x0080456f        0x1 src/adc.o
 .bss.g_isMaster
                0x00804570        0x1 src/eeprommanager.o
                0x00804570                g_isMaster
 .bss.g_event   0x00804571        0x1 src/eeprommanager.o
                0x00804571                g_event
 .bss._SAMPLING_FREQUENCY
                0x00804572        0x4 src/Goertzel.o
                0x00804572                _SAMPLING_FREQUENCY
 .bss._N        0x00804576        0x2 src/Goertzel.o
                0x00804576                _N
 .bss._index    0x00804578        0x2 src/Goertzel.o
                0x00804578                _index
 .bss._samplesReady
                0x0080457a        0x1 src/Goertzel.o
                0x0080457a                _samplesReady
 .bss.testData  0x0080457b        0x2 src/Goertzel.o
                0x0080457b                testData
 .bss._ZL19timer_blink_inhibit
                0x0080457d        0x1 src/leds.o
 .bss._ZL16lastBlinkSetting
                0x0080457e        0x1 src/leds.o
 .bss._ZL19lastRedBlinkSetting
                0x0080457f        0x1 src/leds.o
 .bss._ZL21lastGreenBlinkSetting
                0x00804580        0x1 src/leds.o
 .bss._ZL19red_blink_on_period
                0x00804581        0x2 src/leds.o
 .bss._ZL20red_blink_off_period
                0x00804583        0x2 src/leds.o
 .bss._ZL21green_blink_on_period
                0x00804585        0x2 src/leds.o
 .bss._ZL22green_blink_off_period
                0x00804587        0x2 src/leds.o
 .bss._ZL15red_blink_count
                0x00804589        0x2 src/leds.o
 .bss._ZL17green_blink_count
                0x0080458b        0x2 src/leds.o
 .bss._ZL18red_led_configured
                0x0080458d        0x1 src/leds.o
 .bss._ZL20green_led_configured
                0x0080458e        0x1 src/leds.o
 .bss._ZL13g_tempMsgBuff
                0x0080458f       0x32 src/linkbus.o
 .bss._ZL17linkbus_tx_active
                0x008045c1        0x1 src/linkbus.o
 .bss._ZL9tx_buffer
                0x008045c2       0xc8 src/linkbus.o
 .bss._ZL9rx_buffer
                0x0080468a       0xc6 src/linkbus.o
 .bss._ZZ18nextFullLBTxBuffervE11bufferIndex
                0x00804750        0x1 src/linkbus.o
 .bss._ZZ19nextEmptyLBTxBuffervE11bufferIndex
                0x00804751        0x1 src/linkbus.o
 .bss._ZZ19nextEmptyLBRxBuffervE11bufferIndex
                0x00804752        0x1 src/linkbus.o
 .bss._ZZ18nextFullLBRxBuffervE11bufferIndex
                0x00804753        0x1 src/linkbus.o
 .bss._ZZ9makeMorsePcPbS0_E11holdKeyDown
                0x00804754        0x1 src/morse.o
 .bss._ZZ9makeMorsePcPbS0_E3str
                0x00804755        0x2 src/morse.o
 .bss._ZZ9makeMorsePcPbS0_E15morseInProgress
                0x00804757        0x3 src/morse.o
 .bss._ZZ9makeMorsePcPbS0_E9charIndex
                0x0080475a        0x1 src/morse.o
 .bss._ZZ9makeMorsePcPbS0_E11symbolIndex
                0x0080475b        0x1 src/morse.o
 .bss._ZZ9makeMorsePcPbS0_E12elementIndex
                0x0080475c        0x1 src/morse.o
 .bss._ZZ9makeMorsePcPbS0_E10addedSpace
                0x0080475d        0x1 src/morse.o
 .bss._ZZ9makeMorsePcPbS0_E9carrierOn
                0x0080475e        0x1 src/morse.o
 .bss._ZL13g_tempMsgBuff
                0x0080475f       0x32 src/serialbus.o
 .bss._ZL19serialbus_tx_active
                0x00804791        0x1 src/serialbus.o
 .bss._ZL9tx_buffer
                0x00804792       0x7b src/serialbus.o
 .bss._ZL9rx_buffer
                0x0080480d       0x7e src/serialbus.o
 .bss._ZZ18nextFullSBTxBufferE11bufferIndex
                0x0080488b        0x1 src/serialbus.o
 .bss._ZZ19nextEmptySBTxBufferE11bufferIndex
                0x0080488c        0x1 src/serialbus.o
 .bss._ZZ19nextEmptySBRxBufferE11bufferIndex
                0x0080488d        0x1 src/serialbus.o
 .bss._ZL8freqVCOB
                0x0080488e        0x4 src/si5351.o
 .bss._ZL17enabledClocksMask
                0x00804892        0x1 src/si5351.o
 .bss._ZL9clock_out
                0x00804893        0xc src/si5351.o
 .bss.g_si5351_initialized
                0x0080489f        0x1 src/si5351.o
                0x0080489f                g_si5351_initialized
 .bss._ZZ11si5351_initE3err
                0x008048a0        0x1 src/si5351.o
 .bss._ZL12g_ms_counter
                0x008048a1        0x4 src/tcb.o
 .bss._ZZ13util_delay_msE8counting
                0x008048a5        0x1 src/tcb.o
 .bss._ZZ13util_delay_msE14countdownValue
                0x008048a6        0x4 src/tcb.o
 .bss._ZL16g_tx_initialized
                0x008048aa        0x1 src/transmitter.o
 .bss._ZL23g_drain_voltage_enabled
                0x008048ab        0x1 src/transmitter.o
 .bss._ZL22g_final_output_setting
                0x008048ac        0x1 src/transmitter.o
 .bss._ZL21g_rf_output_inhibited
                0x008048ad        0x1 src/transmitter.o
 .bss._ZZ14keyTransmitterbE17transmitter_keyed
                0x008048ae        0x1 src/transmitter.o
 *(COMMON)
 COMMON         0x008048af        0x4 c:/program files (x86)/atmel/studio/7.0/toolchain/avr8/avr8-gnu-toolchain/bin/../lib/gcc/avr/5.4.0/../../../../avr/lib/avrxmega4\libc.a(malloc.o)
                0x008048af                __brkval
                0x008048b1                __flp
 COMMON         0x008048b3        0x4 c:/program files (x86)/atmel/studio/7.0/toolchain/avr8/avr8-gnu-toolchain/bin/../lib/gcc/avr/5.4.0/../../../../avr/lib/avrxmega4\libc.a(system_time.o)
                0x008048b3                __system_time
                0x008048b7                PROVIDE (__bss_end, .)
                0x0000f8a2                __data_load_start = LOADADDR (.data)
                0x0000fcb0                __data_load_end = (__data_load_start + SIZEOF (.data))

.noinit         0x008048b7        0x0
                [!provide]                PROVIDE (__noinit_start, .)
 *(.noinit*)
                [!provide]                PROVIDE (__noinit_end, .)
                0x008048b7                _end = .
                0x008048b7                PROVIDE (__heap_start, .)

.eeprom         0x00810000      0x117
 *(.eeprom*)
 .eeprom        0x00810000      0x117 src/eeprommanager.o
                0x00810000                _ZN13EepromManager7ee_varsE
                0x00810117                __eeprom_end = .

.fuse
 *(.fuse)
 *(.lfuse)
 *(.hfuse)
 *(.efuse)

.lock
 *(.lock*)

.signature
 *(.signature*)

.user_signatures
 *(.user_signatures*)

.stab
 *(.stab)

.stabstr
 *(.stabstr)

.stab.excl
 *(.stab.excl)

.stab.exclstr
 *(.stab.exclstr)

.stab.index
 *(.stab.index)

.stab.indexstr
 *(.stab.indexstr)

.comment        0x00000000       0x5c
 *(.comment)
 .comment       0x00000000       0x30 atmel_start.o
                                 0x31 (size before relaxing)
 .comment       0x00000030       0x31 driver_isr.o
 .comment       0x00000030       0x31 main.o
 .comment       0x00000030       0x31 src/adc.o
 .comment       0x00000030       0x31 src/binio.o
 .comment       0x00000030       0x31 src/bod.o
 .comment       0x00000030       0x31 src/CircularStringBuff.o
 .comment       0x00000030       0x31 src/clkctrl.o
 .comment       0x00000030       0x31 src/cpuint.o
 .comment       0x00000030       0x31 src/dac0.o
 .comment       0x00000030       0x31 src/driver_init.o
 .comment       0x00000030       0x31 src/ds3231.o
 .comment       0x00000030       0x31 src/eeprommanager.o
 .comment       0x00000030       0x31 src/Goertzel.o
 .comment       0x00000030       0x31 src/huzzah.o
 .comment       0x00000030       0x31 src/i2c.o
 .comment       0x00000030       0x31 src/leds.o
 .comment       0x00000030       0x31 src/linkbus.o
 .comment       0x00000030       0x31 src/morse.o
 .comment       0x00000030       0x31 src/serialbus.o
 .comment       0x00000030       0x31 src/si5351.o
 .comment       0x00000030       0x31 src/slpctrl.o
 .comment       0x00000030       0x31 src/tcb.o
 .comment       0x00000030       0x31 src/transmitter.o
 .comment       0x00000030       0x31 src/usart_basic.o
 .comment       0x00000030       0x31 src/util.o
 .comment       0x00000030       0x31 c:/program files (x86)/atmel/studio/7.0/toolchain/avr8/avr8-gnu-toolchain/bin/../lib/gcc/avr/5.4.0/../../../../avr/lib/avrxmega4\libc.a(dtostrf.o)
 .comment       0x00000030       0x31 c:/program files (x86)/atmel/studio/7.0/toolchain/avr8/avr8-gnu-toolchain/bin/../lib/gcc/avr/5.4.0/../../../../avr/lib/avrxmega4\libc.a(malloc.o)
 .comment       0x00000030       0x31 c:/program files (x86)/atmel/studio/7.0/toolchain/avr8/avr8-gnu-toolchain/bin/../lib/gcc/avr/5.4.0/../../../../avr/lib/avrxmega4\libc.a(sprintf.o)
 .comment       0x00000030       0x31 c:/program files (x86)/atmel/studio/7.0/toolchain/avr8/avr8-gnu-toolchain/bin/../lib/gcc/avr/5.4.0/../../../../avr/lib/avrxmega4\libc.a(isLeap.o)
 .comment       0x00000030       0x31 c:/program files (x86)/atmel/studio/7.0/toolchain/avr8/avr8-gnu-toolchain/bin/../lib/gcc/avr/5.4.0/../../../../avr/lib/avrxmega4\libc.a(month_length.o)
 .comment       0x00000030       0x31 c:/program files (x86)/atmel/studio/7.0/toolchain/avr8/avr8-gnu-toolchain/bin/../lib/gcc/avr/5.4.0/../../../../avr/lib/avrxmega4\libc.a(set_system_time.o)
 .comment       0x00000030       0x31 c:/program files (x86)/atmel/studio/7.0/toolchain/avr8/avr8-gnu-toolchain/bin/../lib/gcc/avr/5.4.0/../../../../avr/lib/avrxmega4\libc.a(system_time.o)
 .comment       0x00000030       0x31 c:/program files (x86)/atmel/studio/7.0/toolchain/avr8/avr8-gnu-toolchain/bin/../lib/gcc/avr/5.4.0/../../../../avr/lib/avrxmega4\libc.a(time.o)
 .comment       0x00000030       0x2c c:/program files (x86)/atmel/studio/7.0/toolchain/avr8/avr8-gnu-toolchain/bin/../lib/gcc/avr/5.4.0/../../../../avr/lib/avrxmega4\libc.a(vfprintf_std.o)
                                 0x2d (size before relaxing)
 .comment       0x0000005c       0x31 c:/program files (x86)/atmel/studio/7.0/toolchain/avr8/avr8-gnu-toolchain/bin/../lib/gcc/avr/5.4.0/../../../../avr/lib/avrxmega4\libc.a(dtoa_prf.o)
 .comment       0x0000005c       0x31 c:/program files (x86)/atmel/studio/7.0/toolchain/avr8/avr8-gnu-toolchain/bin/../lib/gcc/avr/5.4.0/../../../../avr/lib/avrxmega4\libc.a(fputc.o)

.note.gnu.avr.deviceinfo
                0x00000000       0x40
 .note.gnu.avr.deviceinfo
                0x00000000       0x40 C:/Program Files (x86)/Atmel/Studio/7.0/Packs/atmel/AVR-Dx_DFP/1.9.103/gcc/dev/avr128da48/avrxmega4/crtavr128da48.o

.note.gnu.build-id
 *(.note.gnu.build-id)

.debug
 *(.debug)

.line
 *(.line)

.debug_srcinfo
 *(.debug_srcinfo)

.debug_sfnames
 *(.debug_sfnames)

.debug_aranges  0x00000000      0xd70
 *(.debug_aranges)
 .debug_aranges
                0x00000000       0x20 atmel_start.o
 .debug_aranges
                0x00000020       0x58 driver_isr.o
 .debug_aranges
                0x00000078      0x178 main.o
 .debug_aranges
                0x000001f0       0x88 src/adc.o
 .debug_aranges
                0x00000278       0xb0 src/binio.o
 .debug_aranges
                0x00000328       0x20 src/bod.o
 .debug_aranges
                0x00000348       0x68 src/CircularStringBuff.o
 .debug_aranges
                0x000003b0       0x28 src/clkctrl.o
 .debug_aranges
                0x000003d8       0x20 src/cpuint.o
 .debug_aranges
                0x000003f8       0x30 src/dac0.o
 .debug_aranges
                0x00000428       0x60 src/driver_init.o
 .debug_aranges
                0x00000488       0xa0 src/ds3231.o
 .debug_aranges
                0x00000528       0x68 src/eeprommanager.o
 .debug_aranges
                0x00000590       0x60 src/Goertzel.o
 .debug_aranges
                0x000005f0       0x40 src/huzzah.o
 .debug_aranges
                0x00000630       0x90 src/i2c.o
 .debug_aranges
                0x000006c0       0x90 src/leds.o
 .debug_aranges
                0x00000750      0x110 src/linkbus.o
 .debug_aranges
                0x00000860       0x30 src/morse.o
 .debug_aranges
                0x00000890       0x20 src/protected_io.o
 .debug_aranges
                0x000008b0      0x118 src/serialbus.o
 .debug_aranges
                0x000009c8       0xc8 src/si5351.o
 .debug_aranges
                0x00000a90       0x28 src/slpctrl.o
 .debug_aranges
                0x00000ab8       0x40 src/tcb.o
 .debug_aranges
                0x00000af8       0xa8 src/transmitter.o
 .debug_aranges
                0x00000ba0      0x120 src/usart_basic.o
 .debug_aranges
                0x00000cc0       0x50 src/util.o
 .debug_aranges
                0x00000d10       0x20 C:/Program Files (x86)/Atmel/Studio/7.0/Packs/atmel/AVR-Dx_DFP/1.9.103/gcc/dev/avr128da48/avrxmega4\libavr128da48.a(eerd_byte.o)
 .debug_aranges
                0x00000d30       0x20 C:/Program Files (x86)/Atmel/Studio/7.0/Packs/atmel/AVR-Dx_DFP/1.9.103/gcc/dev/avr128da48/avrxmega4\libavr128da48.a(eerd_dword.o)
 .debug_aranges
                0x00000d50       0x20 C:/Program Files (x86)/Atmel/Studio/7.0/Packs/atmel/AVR-Dx_DFP/1.9.103/gcc/dev/avr128da48/avrxmega4\libavr128da48.a(eerd_word.o)

.debug_pubnames
 *(.debug_pubnames)

.debug_info     0x00000000    0x1073f
 *(.debug_info .gnu.linkonce.wi.*)
 .debug_info    0x00000000     0x2c24 C:/Program Files (x86)/Atmel/Studio/7.0/Packs/atmel/AVR-Dx_DFP/1.9.103/gcc/dev/avr128da48/avrxmega4/crtavr128da48.o
 .debug_info    0x00002c24       0x7e atmel_start.o
 .debug_info    0x00002ca2      0x8b3 driver_isr.o
 .debug_info    0x00003555     0x2ae3 main.o
 .debug_info    0x00006038      0xd03 src/adc.o
 .debug_info    0x00006d3b      0x83f src/binio.o
 .debug_info    0x0000757a      0x188 src/bod.o
 .debug_info    0x00007702      0x437 src/CircularStringBuff.o
 .debug_info    0x00007b39      0x28a src/clkctrl.o
 .debug_info    0x00007dc3       0x8d src/cpuint.o
 .debug_info    0x00007e50      0x411 src/dac0.o
 .debug_info    0x00008261      0x50b src/driver_init.o
 .debug_info    0x0000876c      0xab1 src/ds3231.o
 .debug_info    0x0000921d     0x1437 src/eeprommanager.o
 .debug_info    0x0000a654      0x52d src/Goertzel.o
 .debug_info    0x0000ab81      0x36b src/huzzah.o
 .debug_info    0x0000aeec      0x849 src/i2c.o
 .debug_info    0x0000b735      0xafe src/leds.o
 .debug_info    0x0000c233      0xd49 src/linkbus.o
 .debug_info    0x0000cf7c      0x2c7 src/morse.o
 .debug_info    0x0000d243       0x88 src/protected_io.o
 .debug_info    0x0000d2cb      0xe20 src/serialbus.o
 .debug_info    0x0000e0eb      0xcc2 src/si5351.o
 .debug_info    0x0000edad      0x134 src/slpctrl.o
 .debug_info    0x0000eee1      0x384 src/tcb.o
 .debug_info    0x0000f265      0x7f4 src/transmitter.o
 .debug_info    0x0000fa59      0x5f5 src/usart_basic.o
 .debug_info    0x0001004e      0x513 src/util.o
 .debug_info    0x00010561       0x9f C:/Program Files (x86)/Atmel/Studio/7.0/Packs/atmel/AVR-Dx_DFP/1.9.103/gcc/dev/avr128da48/avrxmega4\libavr128da48.a(eerd_byte.o)
 .debug_info    0x00010600       0xa0 C:/Program Files (x86)/Atmel/Studio/7.0/Packs/atmel/AVR-Dx_DFP/1.9.103/gcc/dev/avr128da48/avrxmega4\libavr128da48.a(eerd_dword.o)
 .debug_info    0x000106a0       0x9f C:/Program Files (x86)/Atmel/Studio/7.0/Packs/atmel/AVR-Dx_DFP/1.9.103/gcc/dev/avr128da48/avrxmega4\libavr128da48.a(eerd_word.o)

.debug_abbrev   0x00000000     0x59f3
 *(.debug_abbrev)
 .debug_abbrev  0x00000000     0x29ce C:/Program Files (x86)/Atmel/Studio/7.0/Packs/atmel/AVR-Dx_DFP/1.9.103/gcc/dev/avr128da48/avrxmega4/crtavr128da48.o
 .debug_abbrev  0x000029ce       0x42 atmel_start.o
 .debug_abbrev  0x00002a10      0x1ec driver_isr.o
 .debug_abbrev  0x00002bfc      0x4d0 main.o
 .debug_abbrev  0x000030cc      0x30e src/adc.o
 .debug_abbrev  0x000033da      0x210 src/binio.o
 .debug_abbrev  0x000035ea       0xaf src/bod.o
 .debug_abbrev  0x00003699      0x1b4 src/CircularStringBuff.o
 .debug_abbrev  0x0000384d       0xdb src/clkctrl.o
 .debug_abbrev  0x00003928       0x51 src/cpuint.o
 .debug_abbrev  0x00003979      0x132 src/dac0.o
 .debug_abbrev  0x00003aab      0x17f src/driver_init.o
 .debug_abbrev  0x00003c2a      0x1e5 src/ds3231.o
 .debug_abbrev  0x00003e0f      0x309 src/eeprommanager.o
 .debug_abbrev  0x00004118      0x1d1 src/Goertzel.o
 .debug_abbrev  0x000042e9       0xfd src/huzzah.o
 .debug_abbrev  0x000043e6      0x206 src/i2c.o
 .debug_abbrev  0x000045ec      0x2fe src/leds.o
 .debug_abbrev  0x000048ea      0x2bf src/linkbus.o
 .debug_abbrev  0x00004ba9      0x107 src/morse.o
 .debug_abbrev  0x00004cb0       0x14 src/protected_io.o
 .debug_abbrev  0x00004cc4      0x2ce src/serialbus.o
 .debug_abbrev  0x00004f92      0x26e src/si5351.o
 .debug_abbrev  0x00005200       0xc2 src/slpctrl.o
 .debug_abbrev  0x000052c2      0x152 src/tcb.o
 .debug_abbrev  0x00005414      0x267 src/transmitter.o
 .debug_abbrev  0x0000567b      0x1c9 src/usart_basic.o
 .debug_abbrev  0x00005844      0x173 src/util.o
 .debug_abbrev  0x000059b7       0x14 C:/Program Files (x86)/Atmel/Studio/7.0/Packs/atmel/AVR-Dx_DFP/1.9.103/gcc/dev/avr128da48/avrxmega4\libavr128da48.a(eerd_byte.o)
 .debug_abbrev  0x000059cb       0x14 C:/Program Files (x86)/Atmel/Studio/7.0/Packs/atmel/AVR-Dx_DFP/1.9.103/gcc/dev/avr128da48/avrxmega4\libavr128da48.a(eerd_dword.o)
 .debug_abbrev  0x000059df       0x14 C:/Program Files (x86)/Atmel/Studio/7.0/Packs/atmel/AVR-Dx_DFP/1.9.103/gcc/dev/avr128da48/avrxmega4\libavr128da48.a(eerd_word.o)

.debug_line     0x00000000     0xbe48
 *(.debug_line .debug_line.* .debug_line_end)
 .debug_line    0x00000000      0x1f3 C:/Program Files (x86)/Atmel/Studio/7.0/Packs/atmel/AVR-Dx_DFP/1.9.103/gcc/dev/avr128da48/avrxmega4/crtavr128da48.o
 .debug_line    0x000001f3       0x4c atmel_start.o
 .debug_line    0x0000023f      0x7c5 driver_isr.o
 .debug_line    0x00000a04     0x2d0e main.o
 .debug_line    0x00003712      0x49a src/adc.o
 .debug_line    0x00003bac      0x6cb src/binio.o
 .debug_line    0x00004277      0x11b src/bod.o
 .debug_line    0x00004392      0x2a9 src/CircularStringBuff.o
 .debug_line    0x0000463b      0x14b src/clkctrl.o
 .debug_line    0x00004786       0xb3 src/cpuint.o
 .debug_line    0x00004839      0x173 src/dac0.o
 .debug_line    0x000049ac      0x3df src/driver_init.o
 .debug_line    0x00004d8b      0xb36 src/ds3231.o
 .debug_line    0x000058c1      0xf4b src/eeprommanager.o
 .debug_line    0x0000680c      0x24f src/Goertzel.o
 .debug_line    0x00006a5b      0x1ee src/huzzah.o
 .debug_line    0x00006c49      0x73b src/i2c.o
 .debug_line    0x00007384      0x9c6 src/leds.o
 .debug_line    0x00007d4a      0x936 src/linkbus.o
 .debug_line    0x00008680      0x87a src/morse.o
 .debug_line    0x00008efa       0x5b src/protected_io.o
 .debug_line    0x00008f55      0xa5a src/serialbus.o
 .debug_line    0x000099af      0xabf src/si5351.o
 .debug_line    0x0000a46e      0x135 src/slpctrl.o
 .debug_line    0x0000a5a3      0x345 src/tcb.o
 .debug_line    0x0000a8e8      0x7f4 src/transmitter.o
 .debug_line    0x0000b0dc      0x5e3 src/usart_basic.o
 .debug_line    0x0000b6bf      0x641 src/util.o
 .debug_line    0x0000bd00       0x79 C:/Program Files (x86)/Atmel/Studio/7.0/Packs/atmel/AVR-Dx_DFP/1.9.103/gcc/dev/avr128da48/avrxmega4\libavr128da48.a(eerd_byte.o)
 .debug_line    0x0000bd79       0x6e C:/Program Files (x86)/Atmel/Studio/7.0/Packs/atmel/AVR-Dx_DFP/1.9.103/gcc/dev/avr128da48/avrxmega4\libavr128da48.a(eerd_dword.o)
 .debug_line    0x0000bde7       0x61 C:/Program Files (x86)/Atmel/Studio/7.0/Packs/atmel/AVR-Dx_DFP/1.9.103/gcc/dev/avr128da48/avrxmega4\libavr128da48.a(eerd_word.o)

.debug_frame    0x00000000     0x31a8
 *(.debug_frame)
 .debug_frame   0x00000000       0x34 atmel_start.o
 .debug_frame   0x00000034      0x2b8 driver_isr.o
 .debug_frame   0x000002ec      0x6fc main.o
 .debug_frame   0x000009e8      0x228 src/adc.o
 .debug_frame   0x00000c10      0x274 src/binio.o
 .debug_frame   0x00000e84       0x34 src/bod.o
 .debug_frame   0x00000eb8      0x160 src/CircularStringBuff.o
 .debug_frame   0x00001018       0x54 src/clkctrl.o
 .debug_frame   0x0000106c       0x34 src/cpuint.o
 .debug_frame   0x000010a0       0x74 src/dac0.o
 .debug_frame   0x00001114      0x134 src/driver_init.o
 .debug_frame   0x00001248      0x278 src/ds3231.o
 .debug_frame   0x000014c0      0x180 src/eeprommanager.o
 .debug_frame   0x00001640      0x19c src/Goertzel.o
 .debug_frame   0x000017dc       0xb4 src/huzzah.o
 .debug_frame   0x00001890      0x1f4 src/i2c.o
 .debug_frame   0x00001a84      0x23c src/leds.o
 .debug_frame   0x00001cc0      0x3f4 src/linkbus.o
 .debug_frame   0x000020b4       0x74 src/morse.o
 .debug_frame   0x00002128      0x414 src/serialbus.o
 .debug_frame   0x0000253c      0x33c src/si5351.o
 .debug_frame   0x00002878       0x54 src/slpctrl.o
 .debug_frame   0x000028cc      0x100 src/tcb.o
 .debug_frame   0x000029cc      0x254 src/transmitter.o
 .debug_frame   0x00002c20      0x458 src/usart_basic.o
 .debug_frame   0x00003078      0x130 src/util.o

.debug_str      0x00000000     0x6fd6
 *(.debug_str)
 .debug_str     0x00000000     0x1320 C:/Program Files (x86)/Atmel/Studio/7.0/Packs/atmel/AVR-Dx_DFP/1.9.103/gcc/dev/avr128da48/avrxmega4/crtavr128da48.o
 .debug_str     0x00001320      0x1a7 atmel_start.o
                                0x1db (size before relaxing)
 .debug_str     0x000014c7      0x608 driver_isr.o
                                0x85a (size before relaxing)
 .debug_str     0x00001acf     0x22e1 main.o
                               0x2c60 (size before relaxing)
 .debug_str     0x00003db0      0xa38 src/adc.o
                                0xdb6 (size before relaxing)
 .debug_str     0x000047e8      0x229 src/binio.o
                                0x5ba (size before relaxing)