Archive member included to satisfy reference by file (symbol)

c:/program files (x86)/atmel/studio/7.0/toolchain/avr8/avr8-gnu-toolchain/bin/../lib/gcc/avr/5.4.0/../../../../avr/lib/avrxmega4\libm.a(addsf3.o)
                              src/Goertzel.o (__subsf3)
c:/program files (x86)/atmel/studio/7.0/toolchain/avr8/avr8-gnu-toolchain/bin/../lib/gcc/avr/5.4.0/../../../../avr/lib/avrxmega4\libm.a(addsf3x.o)
                              c:/program files (x86)/atmel/studio/7.0/toolchain/avr8/avr8-gnu-toolchain/bin/../lib/gcc/avr/5.4.0/../../../../avr/lib/avrxmega4\libm.a(addsf3.o) (__addsf3x)
c:/program files (x86)/atmel/studio/7.0/toolchain/avr8/avr8-gnu-toolchain/bin/../lib/gcc/avr/5.4.0/../../../../avr/lib/avrxmega4\libm.a(ceil.o)
                              src/util.o (ceil)
c:/program files (x86)/atmel/studio/7.0/toolchain/avr8/avr8-gnu-toolchain/bin/../lib/gcc/avr/5.4.0/../../../../avr/lib/avrxmega4\libm.a(cmpsf2.o)
                              src/Goertzel.o (__ltsf2)
c:/program files (x86)/atmel/studio/7.0/toolchain/avr8/avr8-gnu-toolchain/bin/../lib/gcc/avr/5.4.0/../../../../avr/lib/avrxmega4\libm.a(cos.o)
                              src/Goertzel.o (cos)
c:/program files (x86)/atmel/studio/7.0/toolchain/avr8/avr8-gnu-toolchain/bin/../lib/gcc/avr/5.4.0/../../../../avr/lib/avrxmega4\libm.a(divsf3.o)
                              src/Goertzel.o (__divsf3)
c:/program files (x86)/atmel/studio/7.0/toolchain/avr8/avr8-gnu-toolchain/bin/../lib/gcc/avr/5.4.0/../../../../avr/lib/avrxmega4\libm.a(divsf3x.o)
                              c:/program files (x86)/atmel/studio/7.0/toolchain/avr8/avr8-gnu-toolchain/bin/../lib/gcc/avr/5.4.0/../../../../avr/lib/avrxmega4\libm.a(divsf3.o) (__divsf3x)
c:/program files (x86)/atmel/studio/7.0/toolchain/avr8/avr8-gnu-toolchain/bin/../lib/gcc/avr/5.4.0/../../../../avr/lib/avrxmega4\libm.a(fixsfsi.o)
                              src/Goertzel.o (__fixsfsi)
c:/program files (x86)/atmel/studio/7.0/toolchain/avr8/avr8-gnu-toolchain/bin/../lib/gcc/avr/5.4.0/../../../../avr/lib/avrxmega4\libm.a(fixunssfsi.o)
                              main.o (__fixunssfsi)
c:/program files (x86)/atmel/studio/7.0/toolchain/avr8/avr8-gnu-toolchain/bin/../lib/gcc/avr/5.4.0/../../../../avr/lib/avrxmega4\libm.a(floatsisf.o)
                              main.o (__floatunsisf)
c:/program files (x86)/atmel/studio/7.0/toolchain/avr8/avr8-gnu-toolchain/bin/../lib/gcc/avr/5.4.0/../../../../avr/lib/avrxmega4\libm.a(fp_cmp.o)
                              c:/program files (x86)/atmel/studio/7.0/toolchain/avr8/avr8-gnu-toolchain/bin/../lib/gcc/avr/5.4.0/../../../../avr/lib/avrxmega4\libm.a(cmpsf2.o) (__fp_cmp)
c:/program files (x86)/atmel/studio/7.0/toolchain/avr8/avr8-gnu-toolchain/bin/../lib/gcc/avr/5.4.0/../../../../avr/lib/avrxmega4\libm.a(fp_inf.o)
                              c:/program files (x86)/atmel/studio/7.0/toolchain/avr8/avr8-gnu-toolchain/bin/../lib/gcc/avr/5.4.0/../../../../avr/lib/avrxmega4\libm.a(addsf3x.o) (__fp_inf)
c:/program files (x86)/atmel/studio/7.0/toolchain/avr8/avr8-gnu-toolchain/bin/../lib/gcc/avr/5.4.0/../../../../avr/lib/avrxmega4\libm.a(fp_mintl.o)
                              c:/program files (x86)/atmel/studio/7.0/toolchain/avr8/avr8-gnu-toolchain/bin/../lib/gcc/avr/5.4.0/../../../../avr/lib/avrxmega4\libm.a(ceil.o) (__fp_mintl)
c:/program files (x86)/atmel/studio/7.0/toolchain/avr8/avr8-gnu-toolchain/bin/../lib/gcc/avr/5.4.0/../../../../avr/lib/avrxmega4\libm.a(fp_mpack.o)
                              c:/program files (x86)/atmel/studio/7.0/toolchain/avr8/avr8-gnu-toolchain/bin/../lib/gcc/avr/5.4.0/../../../../avr/lib/avrxmega4\libm.a(ceil.o) (__fp_mpack)
c:/program files (x86)/atmel/studio/7.0/toolchain/avr8/avr8-gnu-toolchain/bin/../lib/gcc/avr/5.4.0/../../../../avr/lib/avrxmega4\libm.a(fp_nan.o)
                              c:/program files (x86)/atmel/studio/7.0/toolchain/avr8/avr8-gnu-toolchain/bin/../lib/gcc/avr/5.4.0/../../../../avr/lib/avrxmega4\libm.a(addsf3x.o) (__fp_nan)
c:/program files (x86)/atmel/studio/7.0/toolchain/avr8/avr8-gnu-toolchain/bin/../lib/gcc/avr/5.4.0/../../../../avr/lib/avrxmega4\libm.a(fp_pscA.o)
                              c:/program files (x86)/atmel/studio/7.0/toolchain/avr8/avr8-gnu-toolchain/bin/../lib/gcc/avr/5.4.0/../../../../avr/lib/avrxmega4\libm.a(addsf3x.o) (__fp_pscA)
c:/program files (x86)/atmel/studio/7.0/toolchain/avr8/avr8-gnu-toolchain/bin/../lib/gcc/avr/5.4.0/../../../../avr/lib/avrxmega4\libm.a(fp_pscB.o)
                              c:/program files (x86)/atmel/studio/7.0/toolchain/avr8/avr8-gnu-toolchain/bin/../lib/gcc/avr/5.4.0/../../../../avr/lib/avrxmega4\libm.a(addsf3x.o) (__fp_pscB)
c:/program files (x86)/atmel/studio/7.0/toolchain/avr8/avr8-gnu-toolchain/bin/../lib/gcc/avr/5.4.0/../../../../avr/lib/avrxmega4\libm.a(fp_rempio2.o)
[...]
Memory Configuration

Name             Origin             Length             Attributes
text             0x00000000         0x00020000         xr
data             0x00804000         0x00004000         rw !x
eeprom           0x00810000         0x00000200         rw !x
fuse             0x00820000         0x00000010         rw !x
lock             0x00830000         0x00000400         rw !x
signature        0x00840000         0x00000400         rw !x
user_signatures  0x00850000         0x00000400         rw !x
*default*        0x00000000         0xffffffff

Linker script and memory map

Address of section .data set to 0x804000
                0x00008000                __RODATA_PM_OFFSET__ = 0x8000
LOAD C:/Program Files (x86)/Atmel/Studio/7.0/Packs/atmel/AVR-Dx_DFP/1.9.103/gcc/dev/avr128da48/avrxmega4/crtavr128da48.o
LOAD atmel_start.o
LOAD driver_isr.o
LOAD main.o
LOAD src/adc.o
LOAD src/binio.o
LOAD src/bod.o
LOAD src/clkctrl.o
LOAD src/cpuint.o
LOAD src/dac0.o
LOAD src/driver_init.o
LOAD src/ds3231.o
LOAD src/eeprommanager.o
LOAD src/Goertzel.o
LOAD src/huzzah.o
LOAD src/i2c.o
LOAD src/leds.o
LOAD src/linkbus.o
LOAD src/morse.o
LOAD src/protected_io.o
LOAD src/serialbus.o
LOAD src/si5351.o
LOAD src/slpctrl.o
LOAD src/tcb.o
LOAD src/transmitter.o
LOAD src/usart_basic.o
LOAD src/util.o
START GROUP
LOAD c:/program files (x86)/atmel/studio/7.0/toolchain/avr8/avr8-gnu-toolchain/bin/../lib/gcc/avr/5.4.0/../../../../avr/lib/avrxmega4\libm.a
END GROUP
LOAD c:/program files (x86)/atmel/studio/7.0/toolchain/avr8/avr8-gnu-toolchain/bin/../lib/gcc/avr/5.4.0/avrxmega4\libgcc.a
LOAD c:/program files (x86)/atmel/studio/7.0/toolchain/avr8/avr8-gnu-toolchain/bin/../lib/gcc/avr/5.4.0/../../../../avr/lib/avrxmega4\libm.a
START GROUP
LOAD c:/program files (x86)/atmel/studio/7.0/toolchain/avr8/avr8-gnu-toolchain/bin/../lib/gcc/avr/5.4.0/avrxmega4\libgcc.a
LOAD c:/program files (x86)/atmel/studio/7.0/toolchain/avr8/avr8-gnu-toolchain/bin/../lib/gcc/avr/5.4.0/../../../../avr/lib/avrxmega4\libm.a
LOAD c:/program files (x86)/atmel/studio/7.0/toolchain/avr8/avr8-gnu-toolchain/bin/../lib/gcc/avr/5.4.0/../../../../avr/lib/avrxmega4\libc.a
LOAD C:/Program Files (x86)/Atmel/Studio/7.0/Packs/atmel/AVR-Dx_DFP/1.9.103/gcc/dev/avr128da48/avrxmega4\libavr128da48.a
END GROUP
                [0x00000000]                __TEXT_REGION_ORIGIN__ = DEFINED (__TEXT_REGION_ORIGIN__)?__TEXT_REGION_ORIGIN__:0x0
                [0x00804000]                __DATA_REGION_ORIGIN__ = DEFINED (__DATA_REGION_ORIGIN__)?__DATA_REGION_ORIGIN__:0x802000
                [0x00020000]                __TEXT_REGION_LENGTH__ = DEFINED (__TEXT_REGION_LENGTH__)?__TEXT_REGION_LENGTH__:0x100000
                [0x00004000]                __DATA_REGION_LENGTH__ = DEFINED (__DATA_REGION_LENGTH__)?__DATA_REGION_LENGTH__:0xffa0
                [0x00000200]                __EEPROM_REGION_LENGTH__ = DEFINED (__EEPROM_REGION_LENGTH__)?__EEPROM_REGION_LENGTH__:0x10000
                [0x00000010]                __FUSE_REGION_LENGTH__ = DEFINED (__FUSE_REGION_LENGTH__)?__FUSE_REGION_LENGTH__:0x400
                0x00000400                __LOCK_REGION_LENGTH__ = DEFINED (__LOCK_REGION_LENGTH__)?__LOCK_REGION_LENGTH__:0x400
                0x00000400                __SIGNATURE_REGION_LENGTH__ = DEFINED (__SIGNATURE_REGION_LENGTH__)?__SIGNATURE_REGION_LENGTH__:0x400
                0x00000400                __USER_SIGNATURE_REGION_LENGTH__ = DEFINED (__USER_SIGNATURE_REGION_LENGTH__)?__USER_SIGNATURE_REGION_LENGTH__:0x400

.hash
 *(.hash)

.dynsym
 *(.dynsym)

.dynstr
 *(.dynstr)

.gnu.version
 *(.gnu.version)

.gnu.version_d
 *(.gnu.version_d)

.gnu.version_r
 *(.gnu.version_r)

.rel.init
 *(.rel.init)

.rela.init
 *(.rela.init)

.rel.text
 *(.rel.text)
 *(.rel.text.*)
 *(.rel.gnu.linkonce.t*)

.rela.text
 *(.rela.text)
 *(.rela.text.*)
 *(.rela.gnu.linkonce.t*)

.rel.fini
 *(.rel.fini)

.rela.fini
 *(.rela.fini)

.rel.rodata
 *(.rel.rodata)
 *(.rel.rodata.*)
 *(.rel.gnu.linkonce.r*)

.rela.rodata
 *(.rela.rodata)
 *(.rela.rodata.*)
 *(.rela.gnu.linkonce.r*)

.rel.data
 *(.rel.data)
 *(.rel.data.*)
 *(.rel.gnu.linkonce.d*)

.rela.data
 *(.rela.data)
 *(.rela.data.*)
 *(.rela.gnu.linkonce.d*)

.rel.ctors
 *(.rel.ctors)

.rela.ctors
 *(.rela.ctors)

.rel.dtors
 *(.rel.dtors)

.rela.dtors
 *(.rela.dtors)

.rel.got
 *(.rel.got)

.rela.got
 *(.rela.got)

.rel.bss
 *(.rel.bss)

.rela.bss
 *(.rela.bss)

.rel.plt
 *(.rel.plt)

.rela.plt
 *(.rela.plt)

.text           0x00000000    0x10186
 *(.vectors)
 .vectors       0x00000000       0xe8 C:/Program Files (x86)/Atmel/Studio/7.0/Packs/atmel/AVR-Dx_DFP/1.9.103/gcc/dev/avr128da48/avrxmega4/crtavr128da48.o
                0x00000000                __vector_default
                0x00000000                __vectors
 *(.vectors)
 *(.progmem.gcc*)
 .progmem.gcc_sw_table._Z11setupForFoxP5Fox_t13EventAction_t
                0x000000e8       0x22 main.o
 .progmem.gcc_sw_table._ZN13EepromManager15updateEEPROMVarE8EE_var_tPv
                0x0000010a       0xa4 src/eeprommanager.o
 .progmem.gcc_sw_table._ZN4leds5blinkE7Blink_t
                0x000001ae       0x1a src/leds.o
 .progmem.gcc_sw_table._Z12getMorseCharc
                0x000001c8       0xba src/morse.o
 .progmem.gcc_sw_table._Z8fox2TextPc5Fox_t
                0x00000282       0x24 src/util.o
                0x000002a6                . = ALIGN (0x2)
                0x000002a6                __trampolines_start = .
 *(.trampolines)
 .trampolines   0x000002a6        0x0 linker stubs
 *(.trampolines*)
                0x000002a6                __trampolines_end = .
 *libprintf_flt.a:*(.progmem.data)
 *libc.a:*(.progmem.data)
 .progmem.data  0x000002a6       0x3b c:/program files (x86)/atmel/studio/7.0/toolchain/avr8/avr8-gnu-toolchain/bin/../lib/gcc/avr/5.4.0/../../../../avr/lib/avrxmega4\libc.a(strtod.o)
 *(.progmem*)
 .progmemx.data
                0x000002e1       0x91 c:/program files (x86)/atmel/studio/7.0/toolchain/avr8/avr8-gnu-toolchain/bin/../lib/gcc/avr/5.4.0/../../../../avr/lib/avrxmega4\libc.a(strftime.o)
                0x000002e1                strfmonths
                0x00000338                strfwkdays
 .progmemx.data
                0x00000372       0x3b c:/program files (x86)/atmel/studio/7.0/toolchain/avr8/avr8-gnu-toolchain/bin/../lib/gcc/avr/5.4.0/../../../../avr/lib/avrxmega4\libc.a(asctime_r.o)
                0x00000372                ascdays
                0x00000388                ascmonths
                0x000003ae                . = ALIGN (0x2)
 *fill*         0x000003ad        0x1 
 *(.jumptables)
 *(.jumptables*)
 *(.lowtext)
 *(.lowtext*)
                0x000003ae                __ctors_start = .
 *(.ctors)
 .ctors         0x000003ae        0x2 main.o
 .ctors         0x000003b0        0x2 src/adc.o
                0x000003b2                __ctors_end = .
                0x000003b2                __dtors_start = .
 *(.dtors)
 .dtors         0x000003b2        0x2 main.o
 .dtors         0x000003b4        0x2 src/adc.o
                0x000003b6                __dtors_end = .
 SORT(*)(.ctors)
 SORT(*)(.dtors)
 *(.init0)
 .init0         0x000003b6        0x0 C:/Program Files (x86)/Atmel/Studio/7.0/Packs/atmel/AVR-Dx_DFP/1.9.103/gcc/dev/avr128da48/avrxmega4/crtavr128da48.o
                0x000003b6                __init
 *(.init0)
 *(.init1)
 *(.init1)
 *(.init2)
 .init2         0x000003b6        0xc C:/Program Files (x86)/Atmel/Studio/7.0/Packs/atmel/AVR-Dx_DFP/1.9.103/gcc/dev/avr128da48/avrxmega4/crtavr128da48.o
 *(.init2)
 *(.init3)
 *(.init3)
 *(.init4)
 .init4         0x000003c2       0x1a c:/program files (x86)/atmel/studio/7.0/toolchain/avr8/avr8-gnu-toolchain/bin/../lib/gcc/avr/5.4.0/avrxmega4\libgcc.a(_copy_data.o)
                0x000003c2                __do_copy_data
 .init4         0x000003dc       0x10 c:/program files (x86)/atmel/studio/7.0/toolchain/avr8/avr8-gnu-toolchain/bin/../lib/gcc/avr/5.4.0/avrxmega4\libgcc.a(_clear_bss.o)
                0x000003dc                __do_clear_bss
 *(.init4)
 *(.init5)
 *(.init5)
 *(.init6)
 .init6         0x000003ec       0x16 c:/program files (x86)/atmel/studio/7.0/toolchain/avr8/avr8-gnu-toolchain/bin/../lib/gcc/avr/5.4.0/avrxmega4\libgcc.a(_ctors.o)
                0x000003ec                __do_global_ctors
 *(.init6)
 *(.init7)
 *(.init7)
 *(.init8)
 *(.init8)
 *(.init9)
 .init9         0x00000402        0x8 C:/Program Files (x86)/Atmel/Studio/7.0/Packs/atmel/AVR-Dx_DFP/1.9.103/gcc/dev/avr128da48/avrxmega4/crtavr128da48.o
 *(.init9)
 *(.text)
 .text          0x0000040a        0x4 C:/Program Files (x86)/Atmel/Studio/7.0/Packs/atmel/AVR-Dx_DFP/1.9.103/gcc/dev/avr128da48/avrxmega4/crtavr128da48.o
                0x0000040a                __vector_38
                0x0000040a                __vector_28
                0x0000040a                __vector_1
                0x0000040a                __vector_34
                0x0000040a                __vector_46
                0x0000040a                __bad_interrupt
                0x0000040a                __vector_35
                0x0000040a                __vector_39
                0x0000040a                __vector_3
                0x0000040a                __vector_23
                0x0000040a                __vector_45
                0x0000040a                __vector_25
                0x0000040a                __vector_11
                0x0000040a                __vector_54
                0x0000040a                __vector_17
                0x0000040a                __vector_7
                0x0000040a                __vector_49
                0x0000040a                __vector_43
                0x0000040a                __vector_27
                0x0000040a                __vector_5
                0x0000040a                __vector_33
                0x0000040a                __vector_47
                0x0000040a                __vector_52
                0x0000040a                __vector_37
                0x0000040a                __vector_4
                0x0000040a                __vector_44
                0x0000040a                __vector_51
                0x0000040a                __vector_9
                0x0000040a                __vector_2
                0x0000040a                __vector_21
                0x0000040a                __vector_15
                0x0000040a                __vector_36
                0x0000040a                __vector_40
                0x0000040a                __vector_8
                0x0000040a                __vector_26
                0x0000040a                __vector_48
                0x0000040a                __vector_14
                0x0000040a                __vector_57
                0x0000040a                __vector_53
                0x0000040a                __vector_10
                0x0000040a                __vector_50
                0x0000040a                __vector_16
                0x0000040a                __vector_18
                0x0000040a                __vector_42
 .text          0x0000040e       0x28 c:/program files (x86)/atmel/studio/7.0/toolchain/avr8/avr8-gnu-toolchain/bin/../lib/gcc/avr/5.4.0/../../../../avr/lib/avrxmega4\libc.a(isLeap.o)
                0x0000040e                is_leap_year
 .text          0x00000436        0xe c:/program files (x86)/atmel/studio/7.0/toolchain/avr8/avr8-gnu-toolchain/bin/../lib/gcc/avr/5.4.0/../../../../avr/lib/avrxmega4\libc.a(localtime.o)
                0x00000436                localtime
 .text          0x00000444       0xa0 c:/program files (x86)/atmel/studio/7.0/toolchain/avr8/avr8-gnu-toolchain/bin/../lib/gcc/avr/5.4.0/../../../../avr/lib/avrxmega4\libc.a(localtime_r.o)
                0x00000444                localtime_r
 .text          0x000004e4       0x1a c:/program files (x86)/atmel/studio/7.0/toolchain/avr8/avr8-gnu-toolchain/bin/../lib/gcc/avr/5.4.0/../../../../avr/lib/avrxmega4\libc.a(month_length.o)
                0x000004e4                month_length
 .text          0x000004fe       0x18 c:/program files (x86)/atmel/studio/7.0/toolchain/avr8/avr8-gnu-toolchain/bin/../lib/gcc/avr/5.4.0/../../../../avr/lib/avrxmega4\libc.a(set_system_time.o)
                0x000004fe                set_system_time
 .text          0x00000516      0x69c c:/program files (x86)/atmel/studio/7.0/toolchain/avr8/avr8-gnu-toolchain/bin/../lib/gcc/avr/5.4.0/../../../../avr/lib/avrxmega4\libc.a(strftime.o)
                0x00000516                pgm_copystring
                0x00000588                strftime
 .text          0x00000bb2       0x26 c:/program files (x86)/atmel/studio/7.0/toolchain/avr8/avr8-gnu-toolchain/bin/../lib/gcc/avr/5.4.0/../../../../avr/lib/avrxmega4\libc.a(time.o)
                0x00000bb2                time
 .text          0x00000bd8       0x3e c:/program files (x86)/atmel/studio/7.0/toolchain/avr8/avr8-gnu-toolchain/bin/../lib/gcc/avr/5.4.0/../../../../avr/lib/avrxmega4\libc.a(week_of_year.o)
                0x00000bd8                week_of_year
 .text          0x00000c16       0x38 c:/program files (x86)/atmel/studio/7.0/toolchain/avr8/avr8-gnu-toolchain/bin/../lib/gcc/avr/5.4.0/../../../../avr/lib/avrxmega4\libc.a(system_tick.o)
                0x00000c16                system_tick
 .text          0x00000c4e      0x106 c:/program files (x86)/atmel/studio/7.0/toolchain/avr8/avr8-gnu-toolchain/bin/../lib/gcc/avr/5.4.0/../../../../avr/lib/avrxmega4\libc.a(asctime_r.o)
                0x00000c4e                asctime_r
 .text          0x00000d54      0x1ac c:/program files (x86)/atmel/studio/7.0/toolchain/avr8/avr8-gnu-toolchain/bin/../lib/gcc/avr/5.4.0/../../../../avr/lib/avrxmega4\libc.a(gmtime_r.o)
                0x00000d54                gmtime_r
 .text          0x00000f00       0xf4 c:/program files (x86)/atmel/studio/7.0/toolchain/avr8/avr8-gnu-toolchain/bin/../lib/gcc/avr/5.4.0/../../../../avr/lib/avrxmega4\libc.a(iso_week_date_r.o)
                0x00000f00                iso_week_date_r
 .text          0x00000ff4       0x24 c:/program files (x86)/atmel/studio/7.0/toolchain/avr8/avr8-gnu-toolchain/bin/../lib/gcc/avr/5.4.0/../../../../avr/lib/avrxmega4\libc.a(print_lz.o)
                0x00000ff4                __print_lz
                0x00001018                . = ALIGN (0x2)
 *(.text.*)
 .text.atmel_start_init
                0x00001018       0x14 atmel_start.o
                0x00001018                atmel_start_init
 .text.__vector_30
                0x0000102c       0x6c driver_isr.o
                0x0000102c                __vector_30
 .text.__vector_19
                0x00001098       0x88 driver_isr.o
                0x00001098                __vector_19
 .text.__vector_55
                0x00001120       0x88 driver_isr.o
                0x00001120                __vector_55
 .text._Z9serial_Rxh
                0x000011a8      0x500 driver_isr.o
                0x000011a8                _Z9serial_Rxh
 .text.__vector_20
                0x000016a8      0x18a driver_isr.o
                0x000016a8                __vector_20
 .text.__vector_56
                0x00001832      0x18a driver_isr.o
                0x00001832                __vector_56
 .text.__vector_31
                0x000019bc       0x88 driver_isr.o
                0x000019bc                __vector_31
 .text._Z10linkbus_Rxh
                0x00001a44      0x2c2 driver_isr.o
                0x00001a44                _Z10linkbus_Rxh
 .text.__vector_32
                0x00001d06      0x18a driver_isr.o
                0x00001d06                __vector_32
 .text.PORTA_set_pin_level
                0x00001e90       0x74 main.o
 .text.PORTB_set_pin_level
                0x00001f04       0x74 main.o
 .text.PORTC_set_pin_pull_mode
                0x00001f78       0x62 main.o
 .text.PORTC_set_pin_level
                0x00001fda       0x74 main.o
 .text.PORTC_get_pin_level
                0x0000204e       0x3e main.o
 .text.PORTD_get_pin_level
                0x0000208c       0x3e main.o
 .text.LED_set_RED_level
                0x000020ca       0x1e main.o
 .text.__vector_6
                0x000020e8      0x870 main.o
                0x000020e8                __vector_6
 .text.__vector_22
                0x00002958       0xb8 main.o
                0x00002958                __vector_22
 .text.__vector_12
                0x00002a10      0x43e main.o
                0x00002a10                __vector_12
 .text.__vector_29
                0x00002e4e      0x11e main.o
                0x00002e4e                __vector_29
 .text._Z10powerUp3V3v
                0x00002f6c       0x26 main.o
                0x00002f6c                _Z10powerUp3V3v
 .text.main     0x00002f92      0x2fe main.o
                0x00002f92                main
 .text._Z19handleSerialBusMsgsv
                0x00003290      0xee0 main.o
                0x00003290                _Z19handleSerialBusMsgsv
 .text._Z17handleLinkBusMsgsv
                0x00004170      0xe98 main.o
                0x00004170                _Z17handleLinkBusMsgsv
 .text._Z19updateAntennaStatusv
                0x00005008       0x9c main.o
                0x00005008                _Z19updateAntennaStatusv
 .text._Z12eventEnabledv
                0x000050a4      0x154 main.o
                0x000050a4                _Z12eventEnabledv
 .text._Z8wdt_init7WDReset
                0x000051f8       0x16 main.o
                0x000051f8                _Z8wdt_init7WDReset
 .text._Z13throttleValueh
                0x0000520e       0xb4 main.o
                0x0000520e                _Z13throttleValueh
 .text._Z11launchEventP2SC
                0x000052c2       0x56 main.o
                0x000052c2                _Z11launchEventP2SC
 .text._Z33activateEventUsingCurrentSettingsP2SC
                0x00005318      0x476 main.o
                0x00005318                _Z33activateEventUsingCurrentSettingsP2SC
 .text._Z8rtc_initv
                0x0000578e       0x32 main.o
                0x0000578e                _Z8rtc_initv
 .text._Z18antennaIsConnectedv
                0x000057c0       0x20 main.o
                0x000057c0                _Z18antennaIsConnectedv
 .text._Z12suspendEventv
                0x000057e0       0x34 main.o
                0x000057e0                _Z12suspendEventv
 .text._Z13startEventNow19EventActionSource_t
                0x00005814       0xc4 main.o
                0x00005814                _Z13startEventNow19EventActionSource_t
 .text._Z12stopEventNow19EventActionSource_t
                0x000058d8       0x5c main.o
                0x000058d8                _Z12stopEventNow19EventActionSource_t
 .text._Z18startEventUsingRTCv
                0x00005934      0x12a main.o
                0x00005934                _Z18startEventUsingRTCv
 .text._Z11setupForFoxP5Fox_t13EventAction_t
                0x00005a5e      0x5ca main.o
                0x00005a5e                _Z11setupForFoxP5Fox_t13EventAction_t
 .text._Z18validateTimeStringPcPma
                0x00006028      0x264 main.o
                0x00006028                _Z18validateTimeStringPcPma
 .text._Z14reportTimeTillmmPKcS0_
                0x0000628c      0x344 main.o
                0x0000628c                _Z14reportTimeTillmmPKcS0_
 .text._Z23clockConfigurationCheckv
                0x000065d0      0x12e main.o
                0x000065d0                _Z23clockConfigurationCheckv
 .text._Z18reportConfigErrorsv
                0x000066fe      0x13a main.o
                0x000066fe                _Z18reportConfigErrorsv
 .text._Z41__static_initialization_and_destruction_0ii
                0x00006838       0x62 main.o
 .text._GLOBAL__sub_I_g_antenna_connect_state
                0x0000689a       0x1a main.o
 .text._GLOBAL__sub_D_g_antenna_connect_state
                0x000068b4       0x1a main.o
 .text._Z18ADC0_setADCChannel20ADC_Active_Channel_t
                0x000068ce       0xc6 src/adc.o
                0x000068ce                _Z18ADC0_setADCChannel20ADC_Active_Channel_t
 .text._Z20ADC0_startConversionv
                0x00006994       0x2a src/adc.o
                0x00006994                _Z20ADC0_startConversionv
 .text._Z19ADC0_conversionDonev
                0x000069be       0x28 src/adc.o
                0x000069be                _Z19ADC0_conversionDonev
 .text._Z9ADC0_readv
                0x000069e6       0x18 src/adc.o
                0x000069e6                _Z9ADC0_readv
 .text._Z12temperatureCv
                0x000069fe      0x16c src/adc.o
                0x000069fe                _Z12temperatureCv
 .text._ZL9PORT_initv
                0x00006b6a       0xe8 src/adc.o
 .text._ZL10VREF0_initv
                0x00006c52       0x1a src/adc.o
 .text._ZL9ADC0_initb
                0x00006c6c       0x64 src/adc.o
 .text._ZL16ADC0_SYSTEM_initb
                0x00006cd0       0x24 src/adc.o
 .text._ZL20ADC0_SYSTEM_shutdownv
                0x00006cf4       0x24 src/adc.o
 .text.__vector_24
                0x00006d18       0x8a src/adc.o
                0x00006d18                __vector_24
 .text._Z41__static_initialization_and_destruction_0ii
                0x00006da2       0x6e src/adc.o
 .text._GLOBAL__sub_I_g_adcVal
                0x00006e10       0x1a src/adc.o
 .text._GLOBAL__sub_D_g_adcVal
                0x00006e2a       0x1a src/adc.o
 .text.PORTA_set_pin_pull_mode
                0x00006e44       0x62 src/binio.o
 .text.PORTA_pin_set_isc
                0x00006ea6       0x46 src/binio.o
 .text.PORTA_set_pin_dir
                0x00006eec       0xa8 src/binio.o
 .text.PORTA_set_pin_level
                0x00006f94       0x74 src/binio.o
 .text.PORTB_set_pin_dir
                0x00007008       0xa8 src/binio.o
 .text.PORTB_set_pin_level
                0x000070b0       0x74 src/binio.o
 .text.PORTC_set_pin_pull_mode
                0x00007124       0x62 src/binio.o
 .text.PORTC_pin_set_isc
                0x00007186       0x46 src/binio.o
 .text.PORTC_set_pin_dir
                0x000071cc       0xa8 src/binio.o
 .text.PORTC_set_pin_level
                0x00007274       0x74 src/binio.o
 .text.PORTD_set_pin_pull_mode
                0x000072e8       0x62 src/binio.o
 .text.PORTD_pin_set_isc
                0x0000734a       0x46 src/binio.o
 .text.PORTD_set_pin_dir
                0x00007390       0xa8 src/binio.o
 .text.PORTD_get_pin_level
                0x00007438       0x3e src/binio.o
 .text.PORTE_set_pin_dir
                0x00007476       0xa8 src/binio.o
 .text.PORTF_set_pin_dir
                0x0000751e       0xa8 src/binio.o
 .text._Z10fet_driverb
                0x000075c6       0x2e src/binio.o
                0x000075c6                _Z10fet_driverb
 .text._Z10wifi_powerb
                0x000075f4       0x2e src/binio.o
                0x000075f4                _Z10wifi_powerb
 .text._Z10wifi_resetb
                0x00007622       0x2e src/binio.o
                0x00007622                _Z10wifi_resetb
 .text._Z11wifiPresentv
                0x00007650       0x14 src/binio.o
                0x00007650                _Z11wifiPresentv
 .text._Z10BINIO_initv
                0x00007664      0x184 src/binio.o
                0x00007664                _Z10BINIO_initv
 .text.BOD_init
                0x000077e8       0x18 src/bod.o
                0x000077e8                BOD_init
 .text.ccp_write_io
                0x00007800       0x2c src/clkctrl.o
 .text.CLKCTRL_init
                0x0000782c       0x1a src/clkctrl.o
                0x0000782c                CLKCTRL_init
 .text.CPUINT_init
                0x00007846       0x12 src/cpuint.o
                0x00007846                CPUINT_init
 .text._ZL9VREF_initv
                0x00007858       0x2c src/dac0.o
 .text._Z9DAC0_initv
                0x00007884       0x5c src/dac0.o
                0x00007884                _Z9DAC0_initv
 .text._Z11DAC0_setValj
                0x000078e0       0x40 src/dac0.o
                0x000078e0                _Z11DAC0_setValj
 .text.PORTC_set_pin_dir
                0x00007920       0xa8 src/driver_init.o
 .text.PORTC_set_pin_level
                0x000079c8       0x74 src/driver_init.o
 .text._ZL15LED_set_RED_dir8port_dir
                0x00007a3c       0x1e src/driver_init.o
 .text._ZL17LED_set_GREEN_dir8port_dir
                0x00007a5a       0x1e src/driver_init.o
 .text._ZL17LED_set_RED_levelb
                0x00007a78       0x1e src/driver_init.o
 .text._ZL19LED_set_GREEN_levelb
                0x00007a96       0x1e src/driver_init.o
 .text.mcu_init
                0x00007ab4      0x130 src/driver_init.o
                0x00007ab4                mcu_init
 .text.system_init
                0x00007be4       0x64 src/driver_init.o
                0x00007be4                system_init
 .text.ds3231_init
                0x00007c48       0x1c src/ds3231.o
                0x00007c48                ds3231_init
 .text._Z7bcd2dech
                0x00007c64       0x40 src/ds3231.o
                0x00007c64                _Z7bcd2dech
 .text._Z7dec2bcdh
                0x00007ca4       0x62 src/ds3231.o
                0x00007ca4                _Z7dec2bcdh
 .text._Z8char2bcdPc
                0x00007d06       0x3c src/ds3231.o
                0x00007d06                _Z8char2bcdPc
 .text.RTC_String2Epoch
                0x00007d42      0x1ac src/ds3231.o
                0x00007d42                RTC_String2Epoch
 .text._Z14epoch_from_ltmP2tm
                0x00007eee      0x1b8 src/ds3231.o
                0x00007eee                _Z14epoch_from_ltmP2tm
 .text.ds3231_get_epoch
                0x000080a6      0x3b4 src/ds3231.o
                0x000080a6                ds3231_get_epoch
 .text.ds3231_set_date_time_arducon
                0x0000845a       0xd2 src/ds3231.o
                0x0000845a                ds3231_set_date_time_arducon
 .text.ds3231_set_date_time
                0x0000852c      0x248 src/ds3231.o
                0x0000852c                ds3231_set_date_time
 .text.ds3231_1s_sqw
                0x00008774       0x68 src/ds3231.o
                0x00008774                ds3231_1s_sqw
 .text.ds3231_set_aging
                0x000087dc       0x5e src/ds3231.o
                0x000087dc                ds3231_set_aging
 .text.ds3231_get_aging
                0x0000883a       0x58 src/ds3231.o
                0x0000883a                ds3231_get_aging
 .text.ds3231_responding
                0x00008892       0x5e src/ds3231.o
                0x00008892                ds3231_responding
 .text.ds3231_sync2nearestMinute
                0x000088f0      0x1d2 src/ds3231.o
                0x000088f0                ds3231_sync2nearestMinute
 .text.convertEpochToTimeString
                0x00008ac2       0x76 src/ds3231.o
                0x00008ac2                convertEpochToTimeString
 .text._ZN13EepromManagerC2Ev
                0x00008b38       0x1a src/eeprommanager.o
                0x00008b38                _ZN13EepromManagerC1Ev
                0x00008b38                _ZN13EepromManagerC2Ev
 .text._ZN13EepromManagerD2Ev
                0x00008b52       0x1a src/eeprommanager.o
                0x00008b52                _ZN13EepromManagerD1Ev
                0x00008b52                _ZN13EepromManagerD2Ev
 .text._Z21avr_eeprom_write_bytejh
                0x00008b6c       0x5e src/eeprommanager.o
                0x00008b6c                _Z21avr_eeprom_write_bytejh
 .text._Z21avr_eeprom_write_wordjj
                0x00008bca       0x66 src/eeprommanager.o
                0x00008bca                _Z21avr_eeprom_write_wordjj
 .text._Z22avr_eeprom_write_dwordjm
                0x00008c30       0x74 src/eeprommanager.o
                0x00008c30                _Z22avr_eeprom_write_dwordjm
 .text._ZN13EepromManager15updateEEPROMVarE8EE_var_tPv
                0x00008ca4      0x2d0 src/eeprommanager.o
                0x00008ca4                _ZN13EepromManager15updateEEPROMVarE8EE_var_tPv
 .text._ZN13EepromManager13saveAllEEPROMEv
                0x00008f74      0x360 src/eeprommanager.o
                0x00008f74                _ZN13EepromManager13saveAllEEPROMEv
 .text._ZN13EepromManager11readNonVolsEv
                0x000092d4      0x498 src/eeprommanager.o
                0x000092d4                _ZN13EepromManager11readNonVolsEv
 .text._ZN13EepromManager20initializeEEPROMVarsEv
                0x0000976c      0x28e src/eeprommanager.o
                0x0000976c                _ZN13EepromManager20initializeEEPROMVarsEv
 .text._ZN8GoertzelC2Eff
                0x000099fa      0x130 src/Goertzel.o
                0x000099fa                _ZN8GoertzelC1Eff
                0x000099fa                _ZN8GoertzelC2Eff
 .text._ZN8GoertzelD2Ev
                0x00009b2a       0x26 src/Goertzel.o
                0x00009b2a                _ZN8GoertzelD2Ev
                0x00009b2a                _ZN8GoertzelD1Ev
 .text._ZN8Goertzel9DataPointEi
                0x00009b50       0x92 src/Goertzel.o
                0x00009b50                _ZN8Goertzel9DataPointEi
 .text.PORTB_set_pin_pull_mode
                0x00009be2       0x62 src/i2c.o
 .text.PORTC_set_pin_pull_mode
                0x00009c44       0x62 src/i2c.o
 .text.I2C_0_Init
                0x00009ca6       0x72 src/i2c.o
                0x00009ca6                I2C_0_Init
 .text._ZL11i2c_0_WaitWv
                0x00009d18       0xbc src/i2c.o
 .text._ZL11i2c_0_WaitRv
                0x00009dd4       0x82 src/i2c.o
 .text.I2C_0_SendData
                0x00009e56       0xd0 src/i2c.o
                0x00009e56                I2C_0_SendData
 .text.I2C_0_GetData
                0x00009f26       0xfc src/i2c.o
                0x00009f26                I2C_0_GetData
 .text.I2C_0_EndSession
                0x0000a022       0x1a src/i2c.o
                0x0000a022                I2C_0_EndSession
 .text.I2C_1_Init
                0x0000a03c       0x72 src/i2c.o
                0x0000a03c                I2C_1_Init
 .text._ZL11i2c_1_WaitWv
                0x0000a0ae       0x86 src/i2c.o
 .text._ZL11I2C_1_WaitRv
                0x0000a134       0x82 src/i2c.o
 .text.I2C_1_SendData
                0x0000a1b6       0xd2 src/i2c.o
                0x0000a1b6                I2C_1_SendData
 .text.I2C_1_GetData
                0x0000a288       0xfc src/i2c.o
                0x0000a288                I2C_1_GetData
 .text.I2C_1_EndSession
                0x0000a384       0x1a src/i2c.o
                0x0000a384                I2C_1_EndSession
 .text.PORTC_set_pin_level
                0x0000a39e       0x74 src/leds.o
 .text._ZL17LED_set_RED_levelb
                0x0000a412       0x1e src/leds.o
 .text._ZL19LED_set_GREEN_levelb
                0x0000a430       0x1e src/leds.o
 .text._ZN4ledsC2Ev
                0x0000a44e       0x1a src/leds.o
                0x0000a44e                _ZN4ledsC2Ev
                0x0000a44e                _ZN4ledsC1Ev
 .text._ZN4ledsD2Ev
                0x0000a468       0x1a src/leds.o
                0x0000a468                _ZN4ledsD2Ev
                0x0000a468                _ZN4ledsD1Ev
 .text.__vector_41
                0x0000a482      0x2f2 src/leds.o
                0x0000a482                __vector_41
 .text._ZN4leds5blinkE7Blink_t
                0x0000a774      0x3a8 src/leds.o
                0x0000a774                _ZN4leds5blinkE7Blink_t
 .text.PORTC_set_pin_pull_mode
                0x0000ab1c       0x62 src/linkbus.o
 .text.PORTC_set_pin_dir
                0x0000ab7e       0xa8 src/linkbus.o
 .text.PORTC_set_pin_level
                0x0000ac26       0x74 src/linkbus.o
 .text.PORTE_set_pin_pull_mode
                0x0000ac9a       0x62 src/linkbus.o
 .text.PORTE_set_pin_dir
                0x0000acfc       0xa8 src/linkbus.o
 .text.PORTE_set_pin_level
                0x0000ada4       0x74 src/linkbus.o
 .text.PC0_set_dir
                0x0000ae18       0x1e src/linkbus.o
 .text.PC0_set_level
                0x0000ae36       0x1e src/linkbus.o
 .text.PC1_set_pull_mode
                0x0000ae54       0x1e src/linkbus.o
 .text.PC1_set_dir
                0x0000ae72       0x1e src/linkbus.o
 .text.PE0_set_dir
                0x0000ae90       0x1e src/linkbus.o
 .text.PE0_set_level
                0x0000aeae       0x1e src/linkbus.o
 .text.PE1_set_pull_mode
                0x0000aecc       0x1e src/linkbus.o
 .text.PE1_set_dir
                0x0000aeea       0x1e src/linkbus.o
 .text._Z18nextFullLBTxBufferv
                0x0000af08       0x8e src/linkbus.o
                0x0000af08                _Z18nextFullLBTxBufferv
 .text._Z19nextEmptyLBTxBufferv
                0x0000af96       0x8e src/linkbus.o
                0x0000af96                _Z19nextEmptyLBTxBufferv
 .text._Z19nextEmptyLBRxBufferv
                0x0000b024       0x90 src/linkbus.o
                0x0000b024                _Z19nextEmptyLBRxBufferv
 .text._Z18nextFullLBRxBufferv
                0x0000b0b4       0x90 src/linkbus.o
                0x0000b0b4                _Z18nextFullLBRxBufferv
 .text._Z19linkbusTxInProgressv
                0x0000b144       0x12 src/linkbus.o
                0x0000b144                _Z19linkbusTxInProgressv
 .text._ZL16linkbus_start_txv
                0x0000b156       0x3c src/linkbus.o
 .text._Z14linkbus_end_txv
                0x0000b192       0x4a src/linkbus.o
                0x0000b192                _Z14linkbus_end_txv
 .text._ZL21USART1_initializationm
                0x0000b1dc       0x4a src/linkbus.o
 .text._ZL21USART4_initializationm
                0x0000b226       0x4a src/linkbus.o
 .text._Z12linkbus_initm14USART_Number_t
                0x0000b270       0xa6 src/linkbus.o
                0x0000b270                _Z12linkbus_initm14USART_Number_t
 .text._Z15linkbus_disablev
                0x0000b316       0x6a src/linkbus.o
                0x0000b316                _Z15linkbus_disablev
 .text._Z12lb_send_textPc
                0x0000b380       0xba src/linkbus.o
                0x0000b380                _Z12lb_send_textPc
 .text._Z11lb_send_msg13LBMessageTypePKcPc
                0x0000b43a       0x9e src/linkbus.o
                0x0000b43a                _Z11lb_send_msg13LBMessageTypePKcPc
 .text._Z16lb_broadcast_numjPKc
                0x0000b4d8       0xc4 src/linkbus.o
                0x0000b4d8                _Z16lb_broadcast_numjPKc
 .text._Z9makeMorsePcPbS0_
                0x0000b59c      0x2b0 src/morse.o
                0x0000b59c                _Z9makeMorsePcPbS0_
 .text._Z26timeRequiredToSendStrAtWPMPcj
                0x0000b84c       0xa0 src/morse.o
                0x0000b84c                _Z26timeRequiredToSendStrAtWPMPcj
 .text._Z12getMorseCharc
                0x0000b8ec      0x36c src/morse.o
                0x0000b8ec                _Z12getMorseCharc
 .text.protected_write_io
                0x0000bc58        0xa src/protected_io.o
                0x0000bc58                protected_write_io
 .text.PORTC_set_pin_pull_mode
                0x0000bc62       0x62 src/serialbus.o
 .text.PORTC_set_pin_dir
                0x0000bcc4       0xa8 src/serialbus.o
 .text.PORTC_set_pin_level
                0x0000bd6c       0x74 src/serialbus.o
 .text.PORTE_set_pin_pull_mode
                0x0000bde0       0x62 src/serialbus.o
 .text.PORTE_set_pin_dir
                0x0000be42       0xa8 src/serialbus.o
 .text.PORTE_set_pin_level
                0x0000beea       0x74 src/serialbus.o
 .text.PC0_set_dir
                0x0000bf5e       0x1e src/serialbus.o
 .text.PC0_set_level
                0x0000bf7c       0x1e src/serialbus.o
 .text.PC1_set_pull_mode
                0x0000bf9a       0x1e src/serialbus.o
 .text.PC1_set_dir
                0x0000bfb8       0x1e src/serialbus.o
 .text.PE0_set_dir
                0x0000bfd6       0x1e src/serialbus.o
 .text.PE0_set_level
                0x0000bff4       0x1e src/serialbus.o
 .text.PE1_set_pull_mode
                0x0000c012       0x1e src/serialbus.o
 .text.PE1_set_dir
                0x0000c030       0x1e src/serialbus.o
 .text.nextFullSBTxBuffer
                0x0000c04e       0x96 src/serialbus.o
                0x0000c04e                nextFullSBTxBuffer
 .text.nextEmptySBTxBuffer
                0x0000c0e4       0x96 src/serialbus.o
                0x0000c0e4                nextEmptySBTxBuffer
 .text.nextEmptySBRxBuffer
                0x0000c17a       0x98 src/serialbus.o
                0x0000c17a                nextEmptySBRxBuffer
 .text.nextFullSBRxBuffer
                0x0000c212       0x98 src/serialbus.o
                0x0000c212                nextFullSBRxBuffer
 .text.serialbusTxInProgress
                0x0000c2aa       0x12 src/serialbus.o
                0x0000c2aa                serialbusTxInProgress
 .text._Z18serialbus_start_txv
                0x0000c2bc       0x3c src/serialbus.o
                0x0000c2bc                _Z18serialbus_start_txv
 .text.serialbus_end_tx
                0x0000c2f8       0x4a src/serialbus.o
                0x0000c2f8                serialbus_end_tx
 .text._ZL21USART1_initializationm
                0x0000c342       0x4a src/serialbus.o
 .text._ZL21USART4_initializationm
                0x0000c38c       0x4a src/serialbus.o
 .text.serialbus_init
                0x0000c3d6       0xa6 src/serialbus.o
                0x0000c3d6                serialbus_init
 .text._Z19serialbus_send_textPc
                0x0000c47c       0xba src/serialbus.o
                0x0000c47c                _Z19serialbus_send_textPc
 .text.sb_send_NewPrompt
                0x0000c536       0x26 src/serialbus.o
                0x0000c536                sb_send_NewPrompt
 .text.sb_send_NewLine
                0x0000c55c       0x22 src/serialbus.o
                0x0000c55c                sb_send_NewLine
 .text.sb_echo_char
                0x0000c57e       0x32 src/serialbus.o
                0x0000c57e                sb_echo_char
 .text.sb_send_string
                0x0000c5b0      0x112 src/serialbus.o
                0x0000c5b0                sb_send_string
 .text.si5351_init
                0x0000c6c2      0x19c src/si5351.o
                0x0000c6c2                si5351_init
 .text.si5351_set_freq
                0x0000c85e      0x342 src/si5351.o
                0x0000c85e                si5351_set_freq
 .text.si5351_clock_enable
                0x0000cba0       0x96 src/si5351.o
                0x0000cba0                si5351_clock_enable
 .text.si5351_drive_strength
                0x0000cc36       0xba src/si5351.o
                0x0000cc36                si5351_drive_strength
 .text._Z7set_pllm10si5351_pll
                0x0000ccf0      0x192 src/si5351.o
                0x0000ccf0                _Z7set_pllm10si5351_pll
 .text._Z8pll_calcmP13u_si5351_regs
                0x0000ce82      0x1cc src/si5351.o
                0x0000ce82                _Z8pll_calcmP13u_si5351_regs
 .text._Z13reduce_by_gcdPmS_
                0x0000d04e      0x166 src/si5351.o
                0x0000d04e                _Z13reduce_by_gcdPmS_
 .text._Z15multisynth_calcmP13u_si5351_regsPbS1_
                0x0000d1b4      0x214 src/si5351.o
                0x0000d1b4                _Z15multisynth_calcmP13u_si5351_regsPbS1_
 .text._Z19multisynth_estimatemP13u_si5351_regsPbS1_
                0x0000d3c8      0x302 src/si5351.o
                0x0000d3c8                _Z19multisynth_estimatemP13u_si5351_regsPbS1_
 .text._Z17si5351_write_bulkhPhh
                0x0000d6ca       0x64 src/si5351.o
                0x0000d6ca                _Z17si5351_write_bulkhPhh
 .text._Z16si5351_read_bulkhPhh
                0x0000d72e       0x64 src/si5351.o
                0x0000d72e                _Z16si5351_read_bulkhPhh
 .text._Z31set_multisynth_registers_source12si5351_clock10si5351_pll
                0x0000d792       0x7a src/si5351.o
                0x0000d792                _Z31set_multisynth_registers_source12si5351_clock10si5351_pll
 .text._Z24set_multisynth_registers12si5351_clock13u_si5351_regsbhb
                0x0000d80c      0x22c src/si5351.o
                0x0000d80c                _Z24set_multisynth_registers12si5351_clock13u_si5351_regsbhb
 .text._Z16set_integer_mode12si5351_clockb
                0x0000da38       0x6a src/si5351.o
                0x0000da38                _Z16set_integer_mode12si5351_clockb
 .text._Z6ms_div12si5351_clockhb
                0x0000daa2       0xac src/si5351.o
                0x0000daa2                _Z6ms_div12si5351_clockhb
 .text.SLPCTRL_init
                0x0000db4e       0x10 src/slpctrl.o
                0x0000db4e                SLPCTRL_init
 .text.TIMERB_init
                0x0000db5e       0x94 src/tcb.o
                0x0000db5e                TIMERB_init
 .text.util_delay_ms
                0x0000dbf2      0x176 src/tcb.o
                0x0000dbf2                util_delay_ms
 .text.__vector_13
                0x0000dd68       0xbc src/tcb.o
                0x0000dd68                __vector_13
 .text._Z14txSetFrequencyPmb
                0x0000de24       0xa4 src/transmitter.o
                0x0000de24                _Z14txSetFrequencyPmb
 .text._Z14txGetFrequencyv
                0x0000dec8       0x22 src/transmitter.o
                0x0000dec8                _Z14txGetFrequencyv
 .text._Z18powerToTransmitterb
                0x0000deea       0x1c src/transmitter.o
                0x0000deea                _Z18powerToTransmitterb
 .text._Z14keyTransmitterb
                0x0000df06       0x68 src/transmitter.o
                0x0000df06                _Z14keyTransmitterb
 .text._Z12txGetPowerMwv
                0x0000df6e       0x16 src/transmitter.o
                0x0000df6e                _Z12txGetPowerMwv
 .text._Z15txSetParametersPjPb
                0x0000df84      0x124 src/transmitter.o
                0x0000df84                _Z15txSetParametersPjPb
 .text._Z16init_transmitterv
                0x0000e0a8       0xd0 src/transmitter.o
                0x0000e0a8                _Z16init_transmitterv
 .text._Z22txMilliwattsToSettingsPjPhS0_S0_
                0x0000e178      0x326 src/transmitter.o
                0x0000e178                _Z22txMilliwattsToSettingsPjPhS0_S0_
 .text.USART0_get_data
                0x0000e49e       0x16 src/usart_basic.o
                0x0000e49e                USART0_get_data
 .text.USART1_init
                0x0000e4b4       0xae src/usart_basic.o
                0x0000e4b4                USART1_init
 .text.USART1_enable_tx
                0x0000e562       0x34 src/usart_basic.o
                0x0000e562                USART1_enable_tx
 .text.USART1_disable
                0x0000e596       0x22 src/usart_basic.o
                0x0000e596                USART1_disable
 .text.USART1_get_data
                0x0000e5b8       0x16 src/usart_basic.o
                0x0000e5b8                USART1_get_data
 .text.USART4_init
                0x0000e5ce       0xa0 src/usart_basic.o
                0x0000e5ce                USART4_init
 .text.USART4_enable_tx
                0x0000e66e       0x34 src/usart_basic.o
                0x0000e66e                USART4_enable_tx
 .text.USART4_disable
                0x0000e6a2       0x22 src/usart_basic.o
                0x0000e6a2                USART4_disable
 .text.USART4_get_data
                0x0000e6c4       0x16 src/usart_basic.o
                0x0000e6c4                USART4_get_data
 .text._Z7timeDifmm
                0x0000e6da       0xb2 src/util.o
                0x0000e6da                _Z7timeDifmm
 .text._Z11only_digitsPc
                0x0000e78c       0x4e src/util.o
                0x0000e78c                _Z11only_digitsPc
 .text._Z15frequencyStringPcm
                0x0000e7da       0xf8 src/util.o
                0x0000e7da                _Z15frequencyStringPcm
 .text._Z12frequencyValPcPm
                0x0000e8d2      0x38a src/util.o
                0x0000e8d2                _Z12frequencyValPcPm
 .text._Z8fox2TextPc5Fox_t
                0x0000ec5c      0x1e0 src/util.o
                0x0000ec5c                _Z8fox2TextPc5Fox_t
 .text.avr-libc.fplib
                0x0000ee3c        0xe c:/program files (x86)/atmel/studio/7.0/toolchain/avr8/avr8-gnu-toolchain/bin/../lib/gcc/avr/5.4.0/../../../../avr/lib/avrxmega4\libm.a(addsf3.o)
                0x0000ee3c                __subsf3
                0x0000ee3e                __addsf3
 .text.avr-libc.fplib
                0x0000ee4a       0xcc c:/program files (x86)/atmel/studio/7.0/toolchain/avr8/avr8-gnu-toolchain/bin/../lib/gcc/avr/5.4.0/../../../../avr/lib/avrxmega4\libm.a(addsf3x.o)
                0x0000ee6c                __addsf3x
 .text.avr-libc.fplib
                0x0000ef16       0x2e c:/program files (x86)/atmel/studio/7.0/toolchain/avr8/avr8-gnu-toolchain/bin/../lib/gcc/avr/5.4.0/../../../../avr/lib/avrxmega4\libm.a(ceil.o)
                0x0000ef16                ceil
 .text.avr-libc.fplib
                0x0000ef44        0xa c:/program files (x86)/atmel/studio/7.0/toolchain/avr8/avr8-gnu-toolchain/bin/../lib/gcc/avr/5.4.0/../../../../avr/lib/avrxmega4\libm.a(cmpsf2.o)
                0x0000ef44                __nesf2
                0x0000ef44                __eqsf2
                0x0000ef44                __cmpsf2
                0x0000ef44                __ltsf2
                0x0000ef44                __lesf2
 .text.avr-libc.fplib
                0x0000ef4e        0x8 c:/program files (x86)/atmel/studio/7.0/toolchain/avr8/avr8-gnu-toolchain/bin/../lib/gcc/avr/5.4.0/../../../../avr/lib/avrxmega4\libm.a(divsf3.o)
                0x0000ef4e                __divsf3
 .text.avr-libc.fplib
                0x0000ef56       0xdc c:/program files (x86)/atmel/studio/7.0/toolchain/avr8/avr8-gnu-toolchain/bin/../lib/gcc/avr/5.4.0/../../../../avr/lib/avrxmega4\libm.a(divsf3x.o)
                0x0000ef76                __divsf3x
                0x0000ef7c                __divsf3_pse
 .text.avr-libc.fplib
                0x0000f032        0xe c:/program files (x86)/atmel/studio/7.0/toolchain/avr8/avr8-gnu-toolchain/bin/../lib/gcc/avr/5.4.0/../../../../avr/lib/avrxmega4\libm.a(fixsfsi.o)
                0x0000f032                __fixsfsi
 .text.avr-libc.fplib
                0x0000f040       0x5e c:/program files (x86)/atmel/studio/7.0/toolchain/avr8/avr8-gnu-toolchain/bin/../lib/gcc/avr/5.4.0/../../../../avr/lib/avrxmega4\libm.a(fixunssfsi.o)
                0x0000f040                __fixunssfsi
 .text.avr-libc.fplib
                0x0000f09e       0x7a c:/program files (x86)/atmel/studio/7.0/toolchain/avr8/avr8-gnu-toolchain/bin/../lib/gcc/avr/5.4.0/../../../../avr/lib/avrxmega4\libm.a(floatsisf.o)
                0x0000f09e                __floatunsisf
                0x0000f0a2                __floatsisf
 .text.avr-libc.fplib
                0x0000f118       0x48 c:/program files (x86)/atmel/studio/7.0/toolchain/avr8/avr8-gnu-toolchain/bin/../lib/gcc/avr/5.4.0/../../../../avr/lib/avrxmega4\libm.a(fp_cmp.o)
                0x0000f118                __fp_cmp
 .text.avr-libc.fplib
                0x0000f160        0xc c:/program files (x86)/atmel/studio/7.0/toolchain/avr8/avr8-gnu-toolchain/bin/../lib/gcc/avr/5.4.0/../../../../avr/lib/avrxmega4\libm.a(fp_inf.o)
                0x0000f160                __fp_inf
 .text.avr-libc.fplib
                0x0000f16c       0x36 c:/program files (x86)/atmel/studio/7.0/toolchain/avr8/avr8-gnu-toolchain/bin/../lib/gcc/avr/5.4.0/../../../../avr/lib/avrxmega4\libm.a(fp_mintl.o)
                0x0000f16c                __fp_mintl
 .text.avr-libc.fplib
                0x0000f1a2       0x1c c:/program files (x86)/atmel/studio/7.0/toolchain/avr8/avr8-gnu-toolchain/bin/../lib/gcc/avr/5.4.0/../../../../avr/lib/avrxmega4\libm.a(fp_mpack.o)
                0x0000f1a2                __fp_mpack
                0x0000f1a6                __fp_mpack_finite
 .text.avr-libc.fplib
                0x0000f1be        0x6 c:/program files (x86)/atmel/studio/7.0/toolchain/avr8/avr8-gnu-toolchain/bin/../lib/gcc/avr/5.4.0/../../../../avr/lib/avrxmega4\libm.a(fp_nan.o)
                0x0000f1be                __fp_nan
 .text.avr-libc.fplib
                0x0000f1c4        0xe c:/program files (x86)/atmel/studio/7.0/toolchain/avr8/avr8-gnu-toolchain/bin/../lib/gcc/avr/5.4.0/../../../../avr/lib/avrxmega4\libm.a(fp_pscA.o)
                0x0000f1c4                __fp_pscA
 .text.avr-libc.fplib
                0x0000f1d2        0xe c:/program files (x86)/atmel/studio/7.0/toolchain/avr8/avr8-gnu-toolchain/bin/../lib/gcc/avr/5.4.0/../../../../avr/lib/avrxmega4\libm.a(fp_pscB.o)
                0x0000f1d2                __fp_pscB
 .text.avr-libc.fplib
                0x0000f1e0       0x22 c:/program files (x86)/atmel/studio/7.0/toolchain/avr8/avr8-gnu-toolchain/bin/../lib/gcc/avr/5.4.0/../../../../avr/lib/avrxmega4\libm.a(fp_round.o)
                0x0000f1e0                __fp_round
 .text.avr-libc.fplib
                0x0000f202       0x44 c:/program files (x86)/atmel/studio/7.0/toolchain/avr8/avr8-gnu-toolchain/bin/../lib/gcc/avr/5.4.0/../../../../avr/lib/avrxmega4\libm.a(fp_split3.o)
                0x0000f202                __fp_split3
                0x0000f212                __fp_splitA
 .text.avr-libc.fplib
                0x0000f246       0x30 c:/program files (x86)/atmel/studio/7.0/toolchain/avr8/avr8-gnu-toolchain/bin/../lib/gcc/avr/5.4.0/../../../../avr/lib/avrxmega4\libm.a(fp_trunc.o)
                0x0000f246                __fp_trunc
 .text.avr-libc.fplib
                0x0000f276        0xe c:/program files (x86)/atmel/studio/7.0/toolchain/avr8/avr8-gnu-toolchain/bin/../lib/gcc/avr/5.4.0/../../../../avr/lib/avrxmega4\libm.a(fp_zero.o)
                0x0000f276                __fp_zero
                0x0000f278                __fp_szero
 .text.avr-libc.fplib
                0x0000f284        0xa c:/program files (x86)/atmel/studio/7.0/toolchain/avr8/avr8-gnu-toolchain/bin/../lib/gcc/avr/5.4.0/../../../../avr/lib/avrxmega4\libm.a(gesf2.o)
                0x0000f284                __gesf2
                0x0000f284                __gtsf2
 .text.avr-libc.fplib
                0x0000f28e        0x8 c:/program files (x86)/atmel/studio/7.0/toolchain/avr8/avr8-gnu-toolchain/bin/../lib/gcc/avr/5.4.0/../../../../avr/lib/avrxmega4\libm.a(mulsf3.o)
                0x0000f28e                __mulsf3
 .text.avr-libc.fplib
                0x0000f296       0xd2 c:/program files (x86)/atmel/studio/7.0/toolchain/avr8/avr8-gnu-toolchain/bin/../lib/gcc/avr/5.4.0/../../../../avr/lib/avrxmega4\libm.a(mulsf3x.o)
                0x0000f2b4                __mulsf3x
                0x0000f2ba                __mulsf3_pse
 .text.libgcc.mul
                0x0000f368       0x20 c:/program files (x86)/atmel/studio/7.0/toolchain/avr8/avr8-gnu-toolchain/bin/../lib/gcc/avr/5.4.0/avrxmega4\libgcc.a(_mulsi3.o)
                0x0000f368                __mulsi3
 .text.libgcc.div
                0x0000f388       0x28 c:/program files (x86)/atmel/studio/7.0/toolchain/avr8/avr8-gnu-toolchain/bin/../lib/gcc/avr/5.4.0/avrxmega4\libgcc.a(_udivmodhi4.o)
                0x0000f388                __udivmodhi4
 .text.libgcc.div
                0x0000f3b0       0x28 c:/program files (x86)/atmel/studio/7.0/toolchain/avr8/avr8-gnu-toolchain/bin/../lib/gcc/avr/5.4.0/avrxmega4\libgcc.a(_divmodhi4.o)
                0x0000f3b0                _div
                0x0000f3b0                __divmodhi4
 .text.libgcc.div
                0x0000f3d8       0x44 c:/program files (x86)/atmel/studio/7.0/toolchain/avr8/avr8-gnu-toolchain/bin/../lib/gcc/avr/5.4.0/avrxmega4\libgcc.a(_udivmodsi4.o)
                0x0000f3d8                __udivmodsi4
 .text.libgcc.div
                0x0000f41c       0x2e c:/program files (x86)/atmel/studio/7.0/toolchain/avr8/avr8-gnu-toolchain/bin/../lib/gcc/avr/5.4.0/avrxmega4\libgcc.a(_divmodsi4.o)
                0x0000f41c                __divmodsi4
 .text.libgcc.div
                0x0000f44a       0x10 c:/program files (x86)/atmel/studio/7.0/toolchain/avr8/avr8-gnu-toolchain/bin/../lib/gcc/avr/5.4.0/avrxmega4\libgcc.a(_negsi2.o)
                0x0000f44a                __negsi2
 .text.libgcc   0x0000f45a       0x12 c:/program files (x86)/atmel/studio/7.0/toolchain/avr8/avr8-gnu-toolchain/bin/../lib/gcc/avr/5.4.0/avrxmega4\libgcc.a(_tablejump2.o)
                0x0000f45a                __tablejump2__
 .text.libgcc.mul
                0x0000f46c       0x1e c:/program files (x86)/atmel/studio/7.0/toolchain/avr8/avr8-gnu-toolchain/bin/../lib/gcc/avr/5.4.0/avrxmega4\libgcc.a(_umulhisi3.o)
                0x0000f46c                __umulhisi3
 .text.libgcc.mul
                0x0000f48a       0x16 c:/program files (x86)/atmel/studio/7.0/toolchain/avr8/avr8-gnu-toolchain/bin/../lib/gcc/avr/5.4.0/avrxmega4\libgcc.a(_muluhisi3.o)
                0x0000f48a                __muluhisi3
 .text.avr-libc
                0x0000f4a0      0x242 c:/program files (x86)/atmel/studio/7.0/toolchain/avr8/avr8-gnu-toolchain/bin/../lib/gcc/avr/5.4.0/../../../../avr/lib/avrxmega4\libc.a(malloc.o)
                0x0000f4a0                malloc
                0x0000f5d0                free
 .text.avr-libc
                0x0000f6e2        0x8 c:/program files (x86)/atmel/studio/7.0/toolchain/avr8/avr8-gnu-toolchain/bin/../lib/gcc/avr/5.4.0/../../../../avr/lib/avrxmega4\libc.a(atof.o)
                0x0000f6e2                atof
 .text.avr-libc
                0x0000f6ea       0x3c c:/program files (x86)/atmel/studio/7.0/toolchain/avr8/avr8-gnu-toolchain/bin/../lib/gcc/avr/5.4.0/../../../../avr/lib/avrxmega4\libc.a(atoi.o)
                0x0000f6ea                atoi
 .text.avr-libc
                0x0000f726       0x4e c:/program files (x86)/atmel/studio/7.0/toolchain/avr8/avr8-gnu-toolchain/bin/../lib/gcc/avr/5.4.0/../../../../avr/lib/avrxmega4\libc.a(atol.o)
                0x0000f726                atol
 .text.avr-libc
                0x0000f774       0x10 c:/program files (x86)/atmel/studio/7.0/toolchain/avr8/avr8-gnu-toolchain/bin/../lib/gcc/avr/5.4.0/../../../../avr/lib/avrxmega4\libc.a(toupper.o)
                0x0000f774                toupper
 .text.avr-libc
                0x0000f784        0xe c:/program files (x86)/atmel/studio/7.0/toolchain/avr8/avr8-gnu-toolchain/bin/../lib/gcc/avr/5.4.0/../../../../avr/lib/avrxmega4\libc.a(memset.o)
                0x0000f784                memset
 .text.avr-libc
                0x0000f792       0x16 c:/program files (x86)/atmel/studio/7.0/toolchain/avr8/avr8-gnu-toolchain/bin/../lib/gcc/avr/5.4.0/../../../../avr/lib/avrxmega4\libc.a(strcat.o)
                0x0000f792                strcat
 .text.avr-libc
                0x0000f7a8       0x16 c:/program files (x86)/atmel/studio/7.0/toolchain/avr8/avr8-gnu-toolchain/bin/../lib/gcc/avr/5.4.0/../../../../avr/lib/avrxmega4\libc.a(strchr.o)
                0x0000f7a8                strchr
 .text.avr-libc
                0x0000f7be       0x12 c:/program files (x86)/atmel/studio/7.0/toolchain/avr8/avr8-gnu-toolchain/bin/../lib/gcc/avr/5.4.0/../../../../avr/lib/avrxmega4\libc.a(strcmp.o)
                0x0000f7be                strcmp
 .text.avr-libc
                0x0000f7d0        0xe c:/program files (x86)/atmel/studio/7.0/toolchain/avr8/avr8-gnu-toolchain/bin/../lib/gcc/avr/5.4.0/../../../../avr/lib/avrxmega4\libc.a(strcpy.o)
                0x0000f7d0                strcpy
 .text.avr-libc
                0x0000f7de       0x12 c:/program files (x86)/atmel/studio/7.0/toolchain/avr8/avr8-gnu-toolchain/bin/../lib/gcc/avr/5.4.0/../../../../avr/lib/avrxmega4\libc.a(strlen.o)
                0x0000f7de                strlen
 .text.avr-libc
                0x0000f7f0       0x1e c:/program files (x86)/atmel/studio/7.0/toolchain/avr8/avr8-gnu-toolchain/bin/../lib/gcc/avr/5.4.0/../../../../avr/lib/avrxmega4\libc.a(strncpy.o)
                0x0000f7f0                strncpy
 .text.avr-libc
                0x0000f80e       0x2a c:/program files (x86)/atmel/studio/7.0/toolchain/avr8/avr8-gnu-toolchain/bin/../lib/gcc/avr/5.4.0/../../../../avr/lib/avrxmega4\libc.a(mulsi10.o)
                0x0000f80e                __mulsi_const_10
 .text.avr-libc
                0x0000f838       0x10 c:/program files (x86)/atmel/studio/7.0/toolchain/avr8/avr8-gnu-toolchain/bin/../lib/gcc/avr/5.4.0/../../../../avr/lib/avrxmega4\libc.a(mul10.o)
                0x0000f838                __mulhi_const_10
 .text.avr-libc
                0x0000f848       0x52 c:/program files (x86)/atmel/studio/7.0/toolchain/avr8/avr8-gnu-toolchain/bin/../lib/gcc/avr/5.4.0/../../../../avr/lib/avrxmega4\libc.a(sprintf.o)
                0x0000f848                sprintf
 .text.avr-libc
                0x0000f89a      0x408 c:/program files (x86)/atmel/studio/7.0/toolchain/avr8/avr8-gnu-toolchain/bin/../lib/gcc/avr/5.4.0/../../../../avr/lib/avrxmega4\libc.a(vfprintf_std.o)
                0x0000f89a                vfprintf
 .text.avr-libc
                0x0000fca2      0x2b8 c:/program files (x86)/atmel/studio/7.0/toolchain/avr8/avr8-gnu-toolchain/bin/../lib/gcc/avr/5.4.0/../../../../avr/lib/avrxmega4\libc.a(strtod.o)
                0x0000fca2                strtod
 .text.avr-libc
                0x0000ff5a       0x12 c:/program files (x86)/atmel/studio/7.0/toolchain/avr8/avr8-gnu-toolchain/bin/../lib/gcc/avr/5.4.0/../../../../avr/lib/avrxmega4\libc.a(isspace.o)
                0x0000ff5a                isspace
 .text.avr-libc
                0x0000ff6c       0x30 c:/program files (x86)/atmel/studio/7.0/toolchain/avr8/avr8-gnu-toolchain/bin/../lib/gcc/avr/5.4.0/../../../../avr/lib/avrxmega4\libc.a(strncasecmp_P.o)
                0x0000ff6c                strncasecmp_P
 .text.avr-libc
                0x0000ff9c       0x16 c:/program files (x86)/atmel/studio/7.0/toolchain/avr8/avr8-gnu-toolchain/bin/../lib/gcc/avr/5.4.0/../../../../avr/lib/avrxmega4\libc.a(strnlen_P.o)
                0x0000ff9c                strnlen_P
 .text.avr-libc
                0x0000ffb2       0x16 c:/program files (x86)/atmel/studio/7.0/toolchain/avr8/avr8-gnu-toolchain/bin/../lib/gcc/avr/5.4.0/../../../../avr/lib/avrxmega4\libc.a(strnlen.o)
                0x0000ffb2                strnlen
 .text.avr-libc
                0x0000ffc8       0x78 c:/program files (x86)/atmel/studio/7.0/toolchain/avr8/avr8-gnu-toolchain/bin/../lib/gcc/avr/5.4.0/../../../../avr/lib/avrxmega4\libc.a(fputc.o)
                0x0000ffc8                fputc
 .text.avr-libc
                0x00010040       0xbc c:/program files (x86)/atmel/studio/7.0/toolchain/avr8/avr8-gnu-toolchain/bin/../lib/gcc/avr/5.4.0/../../../../avr/lib/avrxmega4\libc.a(ultoa_invert.o)
                0x00010040                __ultoa_invert
 .text.avr-libc
                0x000100fc        0x6 c:/program files (x86)/atmel/studio/7.0/toolchain/avr8/avr8-gnu-toolchain/bin/../lib/gcc/avr/5.4.0/../../../../avr/lib/avrxmega4\libc.a(cty_isfalse.o)
                0x000100fc                __ctype_isfalse
                0x00010100                __ctype_istrue
 .text.avr-libc
                0x00010102       0x10 C:/Program Files (x86)/Atmel/Studio/7.0/Packs/atmel/AVR-Dx_DFP/1.9.103/gcc/dev/avr128da48/avrxmega4\libavr128da48.a(eerd_byte.o)
                0x00010102                eeprom_read_byte
                0x0001010a                eeprom_mapen
 .text.avr-libc
                0x00010112        0xe C:/Program Files (x86)/Atmel/Studio/7.0/Packs/atmel/AVR-Dx_DFP/1.9.103/gcc/dev/avr128da48/avrxmega4\libavr128da48.a(eerd_dword.o)
                0x00010112                eeprom_read_float
                0x00010112                eeprom_read_dword
 .text.avr-libc
                0x00010120        0xa C:/Program Files (x86)/Atmel/Studio/7.0/Packs/atmel/AVR-Dx_DFP/1.9.103/gcc/dev/avr128da48/avrxmega4\libavr128da48.a(eerd_word.o)
                0x00010120                eeprom_read_word
 .text.libgcc.div
                0x0001012a       0x1c c:/program files (x86)/atmel/studio/7.0/toolchain/avr8/avr8-gnu-toolchain/bin/../lib/gcc/avr/5.4.0/avrxmega4\libgcc.a(_divmodqi4.o)
                0x0001012a                __divmodqi4
 .text.libgcc   0x00010146        0xe c:/program files (x86)/atmel/studio/7.0/toolchain/avr8/avr8-gnu-toolchain/bin/../lib/gcc/avr/5.4.0/avrxmega4\libgcc.a(_xload_1.o)
                0x00010146                __xload_1
 .text.libgcc.div
                0x00010154       0x18 c:/program files (x86)/atmel/studio/7.0/toolchain/avr8/avr8-gnu-toolchain/bin/../lib/gcc/avr/5.4.0/avrxmega4\libgcc.a(_udivmodqi4.o)
                0x00010154                __udivmodqi4
                0x0001016c                . = ALIGN (0x2)
 *(.fini9)
 .fini9         0x0001016c        0x0 c:/program files (x86)/atmel/studio/7.0/toolchain/avr8/avr8-gnu-toolchain/bin/../lib/gcc/avr/5.4.0/avrxmega4\libgcc.a(_exit.o)
                0x0001016c                _exit
                0x0001016c                exit
 *(.fini9)
 *(.fini8)
 *(.fini8)
 *(.fini7)
 *(.fini7)
 *(.fini6)
 .fini6         0x0001016c       0x16 c:/program files (x86)/atmel/studio/7.0/toolchain/avr8/avr8-gnu-toolchain/bin/../lib/gcc/avr/5.4.0/avrxmega4\libgcc.a(_dtors.o)
                0x0001016c                __do_global_dtors
 *(.fini6)
 *(.fini5)
 *(.fini5)
 *(.fini4)
 *(.fini4)
 *(.fini3)
 *(.fini3)
 *(.fini2)
 *(.fini2)
 *(.fini1)
 *(.fini1)
 *(.fini0)
 .fini0         0x00010182        0x4 c:/program files (x86)/atmel/studio/7.0/toolchain/avr8/avr8-gnu-toolchain/bin/../lib/gcc/avr/5.4.0/avrxmega4\libgcc.a(_exit.o)
 *(.fini0)
                0x00010186                _etext = .

.data           0x00804000      0x6c2 load address 0x00010186
                0x00804000                PROVIDE (__data_start, .)
 *(.data)
 .data          0x00804000        0x6 c:/program files (x86)/atmel/studio/7.0/toolchain/avr8/avr8-gnu-toolchain/bin/../lib/gcc/avr/5.4.0/../../../../avr/lib/avrxmega4\libc.a(malloc.o)
                0x00804000                __malloc_heap_end
                0x00804002                __malloc_heap_start
                0x00804004                __malloc_margin
 *(.data*)
 .data._ZL28g_antenna_connection_changed
                0x00804006        0x1 main.o
 .data._ZL15g_code_throttle
                0x00804007        0x2 main.o
 .data._ZL23g_WiFi_shutdown_seconds
                0x00804009        0x1 main.o
 .data._ZL13g_wifi_active
                0x0080400a        0x1 main.o
 .data.g_id_codespeed
                0x0080400b        0x1 main.o
                0x0080400b                g_id_codespeed
 .data.g_pattern_codespeed
                0x0080400c        0x1 main.o
                0x0080400c                g_pattern_codespeed
 .data.g_on_air_seconds
                0x0080400d        0x2 main.o
                0x0080400d                g_on_air_seconds
 .data.g_off_air_seconds
                0x0080400f        0x2 main.o
                0x0080400f                g_off_air_seconds
 .data.g_ID_period_seconds
                0x00804011        0x2 main.o
                0x00804011                g_ID_period_seconds
 .data.g_update_timeout_seconds
                0x00804013        0x2 main.o
                0x00804013                g_update_timeout_seconds
 .data._ZL18g_seconds_to_sleep
                0x00804015        0x4 main.o
 .data._ZL17g_adcChannelOrder
                0x00804019        0x3 main.o
 .data._ZL19g_adcCountdownCount
                0x0080401c        0x6 main.o
 .data.g_fox    0x00804022        0x1 main.o
                0x00804022                g_fox
 .data._ZZ19updateAntennaStatusvE16antennaReadCount
                0x00804023        0x1 main.o
 .data._ZZ12temperatureCvE4wait
                0x00804024        0x4 src/adc.o
 .data.g_i2c0_timeout_ticks
                0x00804028        0x2 src/i2c.o
                0x00804028                g_i2c0_timeout_ticks
 .data.g_i2c1_timeout_ticks
                0x0080402a        0x2 src/i2c.o
                0x0080402a                g_i2c1_timeout_ticks
 .data._ZL14g_bus_disabled
                0x0080402c        0x1 src/linkbus.o
 .data.g_linkbus_usart_number
                0x0080402d        0x1 src/linkbus.o
                0x0080402d                g_linkbus_usart_number
 .data._ZZ9makeMorsePcPbS0_E6repeat
                0x0080402e        0x1 src/morse.o
 .data._ZZ9makeMorsePcPbS0_E1c
                0x0080402f        0x1 src/morse.o
 .data.g_serialbus_usart_number
                0x00804030        0x1 src/serialbus.o
                0x00804030                g_serialbus_usart_number
 .data._ZL14g_bus_disabled
                0x00804031        0x1 src/serialbus.o
 .data._ZL9xtal_freq
                0x00804032        0x4 src/si5351.o
 .data.g_80m_frequency
                0x00804036        0x4 src/transmitter.o
                0x00804036                g_80m_frequency
 .data.g_80m_power_level_mW
                0x0080403a        0x2 src/transmitter.o
                0x0080403a                g_80m_power_level_mW
 .data.g_rtty_offset
                0x0080403c        0x4 src/transmitter.o
                0x0080403c                g_rtty_offset
 .data.g_tx_power_is_zero
                0x00804040        0x1 src/transmitter.o
                0x00804040                g_tx_power_is_zero
 .data.g_80m_power_table
                0x00804041       0x10 src/transmitter.o
                0x00804041                g_80m_power_table
 *(.gnu.linkonce.d*)
 *(.rodata)
 .rodata        0x00804051      0x3ea main.o
 .rodata        0x0080443b       0x78 src/ds3231.o
 .rodata        0x008044b3        0x5 src/eeprommanager.o
 .rodata        0x008044b8       0x20 src/linkbus.o
 .rodata        0x008044d8      0x174 src/util.o
 *(.rodata*)
 .rodata._ZL34g_adcChannelConversionPeriod_ticks
                0x0080464c        0x6 main.o
 .rodata._ZL4crlf
                0x00804652        0x2 src/serialbus.o
 .rodata._ZL10textPrompt
                0x00804654        0x3 src/serialbus.o
 .rodata.str1.1
                0x00804657       0x6b c:/program files (x86)/atmel/studio/7.0/toolchain/avr8/avr8-gnu-toolchain/bin/../lib/gcc/avr/5.4.0/../../../../avr/lib/avrxmega4\libc.a(strftime.o)
                                 0x7f (size before relaxing)
 *(.gnu.linkonce.r*)
                0x008046c2                . = ALIGN (0x2)
                0x008046c2                _edata = .
                0x008046c2                PROVIDE (__data_end, .)

.bss            0x008046c2      0x425
                0x008046c2                PROVIDE (__bss_start, .)
 *(.bss)
 *(.bss*)
 .bss._ZZ9serial_RxhE4buff
                0x008046c2        0x2 driver_isr.o
 .bss._ZZ9serial_RxhE11ignoreCount
                0x008046c4        0x1 driver_isr.o
 .bss._ZZ9serial_RxhE9charIndex
                0x008046c5        0x1 driver_isr.o
 .bss._ZZ9serial_RxhE8textBuff
                0x008046c6       0x32 driver_isr.o
 .bss._ZZ9serial_RxhE13receiving_msg
                0x008046f8        0x1 driver_isr.o
 .bss._ZZ9serial_RxhE6msg_ID
                0x008046f9        0x2 driver_isr.o
 .bss._ZZ9serial_RxhE11field_index
                0x008046fb        0x1 driver_isr.o
 .bss._ZZ9serial_RxhE9field_len
                0x008046fc        0x1 driver_isr.o
 .bss._ZZ11__vector_20E4buff
                0x008046fd        0x2 driver_isr.o
 .bss._ZZ11__vector_20E9charIndex
                0x008046ff        0x1 driver_isr.o
 .bss._ZZ11__vector_20E4buff_0
                0x00804700        0x2 driver_isr.o
 .bss._ZZ11__vector_20E9charIndex_0
                0x00804702        0x1 driver_isr.o
 .bss._ZZ11__vector_56E4buff
                0x00804703        0x2 driver_isr.o
 .bss._ZZ11__vector_56E9charIndex
                0x00804705        0x1 driver_isr.o
 .bss._ZZ11__vector_56E4buff_0
                0x00804706        0x2 driver_isr.o
 .bss._ZZ11__vector_56E9charIndex_0
                0x00804708        0x1 driver_isr.o
 .bss._ZZ10linkbus_RxhE4buff
                0x00804709        0x2 driver_isr.o
 .bss._ZZ10linkbus_RxhE9charIndex
                0x0080470b        0x1 driver_isr.o
 .bss._ZZ10linkbus_RxhE9field_len
                0x0080470c        0x1 driver_isr.o
 .bss._ZZ10linkbus_RxhE10tempMsg_ID
                0x0080470d        0x4 driver_isr.o
 .bss._ZZ10linkbus_RxhE13receiving_msg
                0x00804711        0x1 driver_isr.o
 .bss._ZZ10linkbus_RxhE11field_index
                0x00804712        0x1 driver_isr.o
 .bss._ZZ11__vector_32E4buff
                0x00804713        0x2 driver_isr.o
 .bss._ZZ11__vector_32E9charIndex
                0x00804715        0x1 driver_isr.o
 .bss._ZZ11__vector_32E4buff_0
                0x00804716        0x2 driver_isr.o
 .bss._ZZ11__vector_32E9charIndex_0
                0x00804718        0x1 driver_isr.o
 .bss._ZL9g_tempStr
                0x00804719       0x32 main.o
 .bss._ZL17g_last_error_code
                0x0080474b        0x1 main.o
 .bss._ZL18g_last_status_code
                0x0080474c        0x1 main.o
 .bss._ZL33g_powerUp_initialization_complete
                0x0080474d        0x1 main.o
 .bss._ZL18g_perform_3V3_init
                0x0080474e        0x1 main.o
 .bss._ZL21g_util_tick_countdown
                0x0080474f        0x2 main.o
 .bss.g_antenna_connect_state
                0x00804751        0x1 main.o
                0x00804751                g_antenna_connect_state
 .bss._ZL13g_start_event
                0x00804752        0x1 main.o
 .bss._ZL11g_end_event
                0x00804753        0x1 main.o
 .bss._ZL12g_on_the_air
                0x00804754        0x4 main.o
 .bss._ZL26g_sendID_seconds_countdown
                0x00804758        0x2 main.o
 .bss._ZL16g_report_seconds
                0x0080475a        0x1 main.o
 .bss._ZL19g_wifi_enable_delay
                0x0080475b        0x1 main.o
 .bss._ZL20g_shutting_down_wifi
                0x0080475c        0x1 main.o
 .bss._ZL11g_sleepType
                0x0080475d        0x1 main.o
 .bss.g_messages_text
                0x0080475e       0x2a main.o
                0x0080475e                g_messages_text
 .bss.g_time_needed_for_ID
                0x00804788        0x2 main.o
                0x00804788                g_time_needed_for_ID
 .bss.g_intra_cycle_delay_time
                0x0080478a        0x2 main.o
                0x0080478a                g_intra_cycle_delay_time
 .bss.g_event_start_epoch
                0x0080478c        0x4 main.o
                0x0080478c                g_event_start_epoch
 .bss.g_event_finish_epoch
                0x00804790        0x4 main.o
                0x00804790                g_event_finish_epoch
 .bss.g_event_enabled
                0x00804794        0x1 main.o
                0x00804794                g_event_enabled
 .bss.g_event_commenced
                0x00804795        0x1 main.o
                0x00804795                g_event_commenced
 .bss.g_check_for_next_event
                0x00804796        0x1 main.o
                0x00804796                g_check_for_next_event
 .bss.g_waiting_for_next_event
                0x00804797        0x1 main.o
                0x00804797                g_waiting_for_next_event
 .bss._ZL13g_go_to_sleep
                0x00804798        0x1 main.o
 .bss._ZL10g_sleeping
                0x00804799        0x1 main.o
 .bss._ZL23g_seconds_left_to_sleep
                0x0080479a        0x4 main.o
 .bss._ZL12g_adcUpdated
                0x0080479e        0x3 main.o
 .bss._ZL22g_lastConversionResult
                0x008047a1        0x6 main.o
 .bss.g_switch_closed_count
                0x008047a7        0x2 main.o
                0x008047a7                g_switch_closed_count
 .bss.g_long_button_press
                0x008047a9        0x1 main.o
                0x008047a9                g_long_button_press
 .bss.LEDS      0x008047aa        0x1 main.o
                0x008047aa                LEDS
 .bss.g_ee_mgr  0x008047ab        0x1 main.o
                0x008047ab                g_ee_mgr
 .bss.g_utc_offset
                0x008047ac        0x1 main.o
                0x008047ac                g_utc_offset
 .bss.g_unlockCode
                0x008047ad        0x8 main.o
                0x008047ad                g_unlockCode
 .bss.g_current_epoch
                0x008047b5        0x4 main.o
                0x008047b5                g_current_epoch
 .bss.g_use_rtc_for_startstop
                0x008047b9        0x1 main.o
                0x008047b9                g_use_rtc_for_startstop
 .bss._ZZ11__vector_12E7codeInc
                0x008047ba        0x2 main.o
 .bss._ZZ11__vector_12E3key
                0x008047bc        0x1 main.o
 .bss._ZZ11__vector_12E19conversionInProcess
                0x008047bd        0x1 main.o
 .bss._ZZ11__vector_12E24indexConversionInProcess
                0x008047be        0x1 main.o
 .bss._ZZ11__vector_12E20holdConversionResult
                0x008047bf        0x2 main.o
 .bss._ZZ11__vector_29E5count
                0x008047c1        0x2 main.o
 .bss._ZZ19handleSerialBusMsgsvE6pwr_mW
                0x008047c3        0x2 main.o
 .bss._ZZ17handleLinkBusMsgsvE6pwr_mW
                0x008047c5        0x2 main.o
 .bss._ZZ17handleLinkBusMsgsvE25new_event_parameter_count
                0x008047c7        0x1 main.o
 .bss._ZZ17handleLinkBusMsgsvE35event_parameter_commands_rcvd_count
                0x008047c8        0x1 main.o
 .bss._ZZ17handleLinkBusMsgsvE8lastTime
                0x008047c9        0x4 main.o
 .bss._ZZ19updateAntennaStatusvE26lastAntennaConnectionState
                0x008047cd        0x1 main.o
 .bss.g_goertzel
                0x008047ce        0x1 src/adc.o
                0x008047ce                g_goertzel
 .bss._ZL20g_adc_initialization
                0x008047cf        0x1 src/adc.o
 .bss._SAMPLING_FREQUENCY
                0x008047d0        0x4 src/Goertzel.o
                0x008047d0                _SAMPLING_FREQUENCY
 .bss._N        0x008047d4        0x2 src/Goertzel.o
                0x008047d4                _N
 .bss._index    0x008047d6        0x2 src/Goertzel.o
                0x008047d6                _index
 .bss._samplesReady
                0x008047d8        0x1 src/Goertzel.o
                0x008047d8                _samplesReady
 .bss.testData  0x008047d9        0x2 src/Goertzel.o
                0x008047d9                testData
 .bss._ZL16lastBlinkSetting
                0x008047db        0x1 src/leds.o
 .bss._ZL17led_timeout_count
                0x008047dc        0x4 src/leds.o
 .bss._ZL19red_blink_on_period
                0x008047e0        0x2 src/leds.o
 .bss._ZL20red_blink_off_period
                0x008047e2        0x2 src/leds.o
 .bss._ZL21green_blink_on_period
                0x008047e4        0x2 src/leds.o
 .bss._ZL22green_blink_off_period
                0x008047e6        0x2 src/leds.o
 .bss._ZL15red_blink_count
                0x008047e8        0x2 src/leds.o
 .bss._ZL17green_blink_count
                0x008047ea        0x2 src/leds.o
 .bss._ZL18red_led_configured
                0x008047ec        0x1 src/leds.o
 .bss._ZL20green_led_configured
                0x008047ed        0x1 src/leds.o
 .bss._ZL13g_tempMsgBuff
                0x008047ee       0x32 src/linkbus.o
 .bss._ZL17linkbus_tx_active
                0x00804820        0x1 src/linkbus.o
 .bss._ZL9tx_buffer
                0x00804821       0xc8 src/linkbus.o
 .bss._ZL9rx_buffer
                0x008048e9       0x84 src/linkbus.o
 .bss._ZZ18nextFullLBTxBuffervE11bufferIndex
                0x0080496d        0x1 src/linkbus.o
 .bss._ZZ19nextEmptyLBTxBuffervE11bufferIndex
                0x0080496e        0x1 src/linkbus.o
 .bss._ZZ19nextEmptyLBRxBuffervE11bufferIndex
                0x0080496f        0x1 src/linkbus.o
 .bss._ZZ18nextFullLBRxBuffervE11bufferIndex
                0x00804970        0x1 src/linkbus.o
 .bss._ZZ9makeMorsePcPbS0_E11holdKeyDown
                0x00804971        0x1 src/morse.o
 .bss._ZZ9makeMorsePcPbS0_E3str
                0x00804972        0x2 src/morse.o
 .bss._ZZ9makeMorsePcPbS0_E15morseInProgress
                0x00804974        0x3 src/morse.o
 .bss._ZZ9makeMorsePcPbS0_E9charIndex
                0x00804977        0x1 src/morse.o
 .bss._ZZ9makeMorsePcPbS0_E11symbolIndex
                0x00804978        0x1 src/morse.o
 .bss._ZZ9makeMorsePcPbS0_E12elementIndex
                0x00804979        0x1 src/morse.o
 .bss._ZZ9makeMorsePcPbS0_E10addedSpace
                0x0080497a        0x1 src/morse.o
 .bss._ZZ9makeMorsePcPbS0_E15completedString
                0x0080497b        0x1 src/morse.o
 .bss._ZZ9makeMorsePcPbS0_E9carrierOn
                0x0080497c        0x1 src/morse.o
 .bss._ZL13g_tempMsgBuff
                0x0080497d       0x32 src/serialbus.o
 .bss._ZL19serialbus_tx_active
                0x008049af        0x1 src/serialbus.o
 .bss._ZL9tx_buffer
                0x008049b0       0x7b src/serialbus.o
 .bss._ZL9rx_buffer
                0x00804a2b       0x7e src/serialbus.o
 .bss._ZZ18nextFullSBTxBufferE11bufferIndex
                0x00804aa9        0x1 src/serialbus.o
 .bss._ZZ19nextEmptySBTxBufferE11bufferIndex
                0x00804aaa        0x1 src/serialbus.o
 .bss._ZZ19nextEmptySBRxBufferE11bufferIndex
                0x00804aab        0x1 src/serialbus.o
 .bss._ZZ18nextFullSBRxBufferE11bufferIndex
                0x00804aac        0x1 src/serialbus.o
 .bss._ZL8freqVCOB
                0x00804aad        0x4 src/si5351.o
 .bss._ZL17enabledClocksMask
                0x00804ab1        0x1 src/si5351.o
 .bss._ZL9clock_out
                0x00804ab2        0xc src/si5351.o
 .bss.g_si5351_initialized
                0x00804abe        0x1 src/si5351.o
                0x00804abe                g_si5351_initialized
 .bss._ZZ11si5351_initE3err
                0x00804abf        0x1 src/si5351.o
 .bss._ZL12g_ms_counter
                0x00804ac0        0x4 src/tcb.o
 .bss._ZZ13util_delay_msE8counting
                0x00804ac4        0x1 src/tcb.o
 .bss._ZZ13util_delay_msE14countdownValue
                0x00804ac5        0x4 src/tcb.o
 .bss._ZL16g_tx_initialized
                0x00804ac9        0x1 src/transmitter.o
 .bss._ZL19g_transmitter_keyed
                0x00804aca        0x1 src/transmitter.o
 *(COMMON)
 COMMON         0x00804acb        0x4 c:/program files (x86)/atmel/studio/7.0/toolchain/avr8/avr8-gnu-toolchain/bin/../lib/gcc/avr/5.4.0/../../../../avr/lib/avrxmega4\libc.a(malloc.o)
                0x00804acb                __brkval
                0x00804acd                __flp
 COMMON         0x00804acf        0x4 c:/program files (x86)/atmel/studio/7.0/toolchain/avr8/avr8-gnu-toolchain/bin/../lib/gcc/avr/5.4.0/../../../../avr/lib/avrxmega4\libc.a(system_time.o)
                0x00804acf                __system_time
 COMMON         0x00804ad3        0xc c:/program files (x86)/atmel/studio/7.0/toolchain/avr8/avr8-gnu-toolchain/bin/../lib/gcc/avr/5.4.0/../../../../avr/lib/avrxmega4\libc.a(tm_store.o)
                0x00804ad3                __tm_store
 COMMON         0x00804adf        0x4 c:/program files (x86)/atmel/studio/7.0/toolchain/avr8/avr8-gnu-toolchain/bin/../lib/gcc/avr/5.4.0/../../../../avr/lib/avrxmega4\libc.a(utc_offset.o)
                0x00804adf                __utc_offset
 COMMON         0x00804ae3        0x2 c:/program files (x86)/atmel/studio/7.0/toolchain/avr8/avr8-gnu-toolchain/bin/../lib/gcc/avr/5.4.0/../../../../avr/lib/avrxmega4\libc.a(dst_pointer.o)
                0x00804ae3                __dst_ptr
 COMMON         0x00804ae5        0x2 c:/program files (x86)/atmel/studio/7.0/toolchain/avr8/avr8-gnu-toolchain/bin/../lib/gcc/avr/5.4.0/../../../../avr/lib/avrxmega4\libc.a(errno.o)
                0x00804ae5                errno
                0x00804ae7                PROVIDE (__bss_end, .)
                0x00010186                __data_load_start = LOADADDR (.data)
                0x00010848                __data_load_end = (__data_load_start + SIZEOF (.data))

.noinit         0x00804ae7        0x0
                [!provide]                PROVIDE (__noinit_start, .)
 *(.noinit*)
                [!provide]                PROVIDE (__noinit_end, .)
                0x00804ae7                _end = .
                0x00804ae7                PROVIDE (__heap_start, .)

.eeprom         0x00810000       0x53
 *(.eeprom*)
 .eeprom        0x00810000       0x53 src/eeprommanager.o
                0x00810000                _ZN13EepromManager7ee_varsE
                0x00810053                __eeprom_end = .

.fuse
 *(.fuse)
 *(.lfuse)
 *(.hfuse)
 *(.efuse)

.lock
 *(.lock*)

.signature
 *(.signature*)

.user_signatures
 *(.user_signatures*)

.stab
 *(.stab)

.stabstr
 *(.stabstr)

.stab.excl
 *(.stab.excl)

.stab.exclstr
 *(.stab.exclstr)

.stab.index
 *(.stab.index)

.stab.indexstr
 *(.stab.indexstr)

.comment        0x00000000       0x5c
 *(.comment)
 .comment       0x00000000       0x30 atmel_start.o
                                 0x31 (size before relaxing)
 .comment       0x00000030       0x31 driver_isr.o
 .comment       0x00000030       0x31 main.o
 .comment       0x00000030       0x31 src/adc.o
 .comment       0x00000030       0x31 src/binio.o
 .comment       0x00000030       0x31 src/bod.o
 .comment       0x00000030       0x31 src/clkctrl.o
 .comment       0x00000030       0x31 src/cpuint.o
 .comment       0x00000030       0x31 src/dac0.o
 .comment       0x00000030       0x31 src/driver_init.o
 .comment       0x00000030       0x31 src/ds3231.o
 .comment       0x00000030       0x31 src/eeprommanager.o
 .comment       0x00000030       0x31 src/Goertzel.o
 .comment       0x00000030       0x31 src/i2c.o
 .comment       0x00000030       0x31 src/leds.o
 .comment       0x00000030       0x31 src/linkbus.o
 .comment       0x00000030       0x31 src/morse.o
 .comment       0x00000030       0x31 src/serialbus.o
 .comment       0x00000030       0x31 src/si5351.o
 .comment       0x00000030       0x31 src/slpctrl.o
 .comment       0x00000030       0x31 src/tcb.o
 .comment       0x00000030       0x31 src/transmitter.o
 .comment       0x00000030       0x31 src/usart_basic.o
 .comment       0x00000030       0x31 src/util.o
 .comment       0x00000030       0x31 c:/program files (x86)/atmel/studio/7.0/toolchain/avr8/avr8-gnu-toolchain/bin/../lib/gcc/avr/5.4.0/../../../../avr/lib/avrxmega4\libc.a(malloc.o)
 .comment       0x00000030       0x31 c:/program files (x86)/atmel/studio/7.0/toolchain/avr8/avr8-gnu-toolchain/bin/../lib/gcc/avr/5.4.0/../../../../avr/lib/avrxmega4\libc.a(sprintf.o)
 .comment       0x00000030       0x31 c:/program files (x86)/atmel/studio/7.0/toolchain/avr8/avr8-gnu-toolchain/bin/../lib/gcc/avr/5.4.0/../../../../avr/lib/avrxmega4\libc.a(isLeap.o)
 .comment       0x00000030       0x31 c:/program files (x86)/atmel/studio/7.0/toolchain/avr8/avr8-gnu-toolchain/bin/../lib/gcc/avr/5.4.0/../../../../avr/lib/avrxmega4\libc.a(localtime.o)
 .comment       0x00000030       0x31 c:/program files (x86)/atmel/studio/7.0/toolchain/avr8/avr8-gnu-toolchain/bin/../lib/gcc/avr/5.4.0/../../../../avr/lib/avrxmega4\libc.a(localtime_r.o)
 .comment       0x00000030       0x31 c:/program files (x86)/atmel/studio/7.0/toolchain/avr8/avr8-gnu-toolchain/bin/../lib/gcc/avr/5.4.0/../../../../avr/lib/avrxmega4\libc.a(month_length.o)
 .comment       0x00000030       0x31 c:/program files (x86)/atmel/studio/7.0/toolchain/avr8/avr8-gnu-toolchain/bin/../lib/gcc/avr/5.4.0/../../../../avr/lib/avrxmega4\libc.a(set_system_time.o)
 .comment       0x00000030       0x31 c:/program files (x86)/atmel/studio/7.0/toolchain/avr8/avr8-gnu-toolchain/bin/../lib/gcc/avr/5.4.0/../../../../avr/lib/avrxmega4\libc.a(strftime.o)
 .comment       0x00000030       0x31 c:/program files (x86)/atmel/studio/7.0/toolchain/avr8/avr8-gnu-toolchain/bin/../lib/gcc/avr/5.4.0/../../../../avr/lib/avrxmega4\libc.a(system_time.o)
 .comment       0x00000030       0x31 c:/program files (x86)/atmel/studio/7.0/toolchain/avr8/avr8-gnu-toolchain/bin/../lib/gcc/avr/5.4.0/../../../../avr/lib/avrxmega4\libc.a(time.o)
 .comment       0x00000030       0x31 c:/program files (x86)/atmel/studio/7.0/toolchain/avr8/avr8-gnu-toolchain/bin/../lib/gcc/avr/5.4.0/../../../../avr/lib/avrxmega4\libc.a(tm_store.o)
 .comment       0x00000030       0x2c c:/program files (x86)/atmel/studio/7.0/toolchain/avr8/avr8-gnu-toolchain/bin/../lib/gcc/avr/5.4.0/../../../../avr/lib/avrxmega4\libc.a(utc_offset.o)
                                 0x2d (size before relaxing)
 .comment       0x0000005c       0x31 c:/program files (x86)/atmel/studio/7.0/toolchain/avr8/avr8-gnu-toolchain/bin/../lib/gcc/avr/5.4.0/../../../../avr/lib/avrxmega4\libc.a(week_of_year.o)
 .comment       0x0000005c       0x2d c:/program files (x86)/atmel/studio/7.0/toolchain/avr8/avr8-gnu-toolchain/bin/../lib/gcc/avr/5.4.0/../../../../avr/lib/avrxmega4\libc.a(vfprintf_std.o)
 .comment       0x0000005c       0x31 c:/program files (x86)/atmel/studio/7.0/toolchain/avr8/avr8-gnu-toolchain/bin/../lib/gcc/avr/5.4.0/../../../../avr/lib/avrxmega4\libc.a(strtod.o)
 .comment       0x0000005c       0x31 c:/program files (x86)/atmel/studio/7.0/toolchain/avr8/avr8-gnu-toolchain/bin/../lib/gcc/avr/5.4.0/../../../../avr/lib/avrxmega4\libc.a(fputc.o)
 .comment       0x0000005c       0x31 c:/program files (x86)/atmel/studio/7.0/toolchain/avr8/avr8-gnu-toolchain/bin/../lib/gcc/avr/5.4.0/../../../../avr/lib/avrxmega4\libc.a(asctime_r.o)
 .comment       0x0000005c       0x31 c:/program files (x86)/atmel/studio/7.0/toolchain/avr8/avr8-gnu-toolchain/bin/../lib/gcc/avr/5.4.0/../../../../avr/lib/avrxmega4\libc.a(dst_pointer.o)
 .comment       0x0000005c       0x31 c:/program files (x86)/atmel/studio/7.0/toolchain/avr8/avr8-gnu-toolchain/bin/../lib/gcc/avr/5.4.0/../../../../avr/lib/avrxmega4\libc.a(gmtime_r.o)
 .comment       0x0000005c       0x31 c:/program files (x86)/atmel/studio/7.0/toolchain/avr8/avr8-gnu-toolchain/bin/../lib/gcc/avr/5.4.0/../../../../avr/lib/avrxmega4\libc.a(iso_week_date_r.o)
 .comment       0x0000005c       0x31 c:/program files (x86)/atmel/studio/7.0/toolchain/avr8/avr8-gnu-toolchain/bin/../lib/gcc/avr/5.4.0/../../../../avr/lib/avrxmega4\libc.a(print_lz.o)
 .comment       0x0000005c       0x2d c:/program files (x86)/atmel/studio/7.0/toolchain/avr8/avr8-gnu-toolchain/bin/../lib/gcc/avr/5.4.0/../../../../avr/lib/avrxmega4\libc.a(errno.o)

.note.gnu.avr.deviceinfo
                0x00000000       0x40
 .note.gnu.avr.deviceinfo
                0x00000000       0x40 C:/Program Files (x86)/Atmel/Studio/7.0/Packs/atmel/AVR-Dx_DFP/1.9.103/gcc/dev/avr128da48/avrxmega4/crtavr128da48.o

.note.gnu.build-id
 *(.note.gnu.build-id)

.debug
 *(.debug)

.line
 *(.line)

.debug_srcinfo
 *(.debug_srcinfo)

.debug_sfnames
 *(.debug_sfnames)

.debug_aranges  0x00000000      0xc10
 *(.debug_aranges)
 .debug_aranges
                0x00000000       0x20 atmel_start.o
 .debug_aranges
                0x00000020       0x60 driver_isr.o
 .debug_aranges
                0x00000080      0x150 main.o
 .debug_aranges
                0x000001d0       0x88 src/adc.o
 .debug_aranges
                0x00000258       0xd0 src/binio.o
 .debug_aranges
                0x00000328       0x20 src/bod.o
 .debug_aranges
                0x00000348       0x28 src/clkctrl.o
 .debug_aranges
                0x00000370       0x20 src/cpuint.o
 .debug_aranges
                0x00000390       0x30 src/dac0.o
 .debug_aranges
                0x000003c0       0x58 src/driver_init.o
 .debug_aranges
                0x00000418       0xa0 src/ds3231.o
 .debug_aranges
                0x000004b8       0x60 src/eeprommanager.o
 .debug_aranges
                0x00000518       0x60 src/Goertzel.o
 .debug_aranges
                0x00000578       0x88 src/i2c.o
 .debug_aranges
                0x00000600       0x60 src/leds.o
 .debug_aranges
                0x00000660      0x110 src/linkbus.o
 .debug_aranges
                0x00000770       0x30 src/morse.o
 .debug_aranges
                0x000007a0       0x20 src/protected_io.o
 .debug_aranges
                0x000007c0      0x118 src/serialbus.o
 .debug_aranges
                0x000008d8       0xb8 src/si5351.o
 .debug_aranges
                0x00000990       0x28 src/slpctrl.o
 .debug_aranges
                0x000009b8       0x30 src/tcb.o
 .debug_aranges
                0x000009e8       0x58 src/transmitter.o
 .debug_aranges
                0x00000a40      0x120 src/usart_basic.o
 .debug_aranges
                0x00000b60       0x50 src/util.o
 .debug_aranges
                0x00000bb0       0x20 C:/Program Files (x86)/Atmel/Studio/7.0/Packs/atmel/AVR-Dx_DFP/1.9.103/gcc/dev/avr128da48/avrxmega4\libavr128da48.a(eerd_byte.o)
 .debug_aranges
                0x00000bd0       0x20 C:/Program Files (x86)/Atmel/Studio/7.0/Packs/atmel/AVR-Dx_DFP/1.9.103/gcc/dev/avr128da48/avrxmega4\libavr128da48.a(eerd_dword.o)
 .debug_aranges
                0x00000bf0       0x20 C:/Program Files (x86)/Atmel/Studio/7.0/Packs/atmel/AVR-Dx_DFP/1.9.103/gcc/dev/avr128da48/avrxmega4\libavr128da48.a(eerd_word.o)

.debug_pubnames
 *(.debug_pubnames)

.debug_info     0x00000000     0xf21f
 *(.debug_info .gnu.linkonce.wi.*)
 .debug_info    0x00000000     0x2c24 C:/Program Files (x86)/Atmel/Studio/7.0/Packs/atmel/AVR-Dx_DFP/1.9.103/gcc/dev/avr128da48/avrxmega4/crtavr128da48.o
 .debug_info    0x00002c24       0x7e atmel_start.o
 .debug_info    0x00002ca2      0x9fa driver_isr.o
 .debug_info    0x0000369c     0x25ae main.o
 .debug_info    0x00005c4a      0xd8e src/adc.o
 .debug_info    0x000069d8      0x8f4 src/binio.o
 .debug_info    0x000072cc      0x188 src/bod.o
 .debug_info    0x00007454      0x28a src/clkctrl.o
 .debug_info    0x000076de       0x8d src/cpuint.o
 .debug_info    0x0000776b      0x411 src/dac0.o
 .debug_info    0x00007b7c      0x4f6 src/driver_init.o
 .debug_info    0x00008072      0xab1 src/ds3231.o
 .debug_info    0x00008b23      0xd71 src/eeprommanager.o
 .debug_info    0x00009894      0x5c3 src/Goertzel.o
 .debug_info    0x00009e57      0x8fb src/i2c.o
 .debug_info    0x0000a752      0x6e7 src/leds.o
 .debug_info    0x0000ae39      0xdf5 src/linkbus.o
 .debug_info    0x0000bc2e      0x2c4 src/morse.o
 .debug_info    0x0000bef2       0x8a src/protected_io.o
 .debug_info    0x0000bf7c      0xe7a src/serialbus.o
 .debug_info    0x0000cdf6      0xd2e src/si5351.o
 .debug_info    0x0000db24      0x134 src/slpctrl.o
 .debug_info    0x0000dc58      0x2d9 src/tcb.o
 .debug_info    0x0000df31      0x637 src/transmitter.o
 .debug_info    0x0000e568      0x5d8 src/usart_basic.o
 .debug_info    0x0000eb40      0x501 src/util.o
 .debug_info    0x0000f041       0x9f C:/Program Files (x86)/Atmel/Studio/7.0/Packs/atmel/AVR-Dx_DFP/1.9.103/gcc/dev/avr128da48/avrxmega4\libavr128da48.a(eerd_byte.o)
 .debug_info    0x0000f0e0       0xa0 C:/Program Files (x86)/Atmel/Studio/7.0/Packs/atmel/AVR-Dx_DFP/1.9.103/gcc/dev/avr128da48/avrxmega4\libavr128da48.a(eerd_dword.o)
 .debug_info    0x0000f180       0x9f C:/Program Files (x86)/Atmel/Studio/7.0/Packs/atmel/AVR-Dx_DFP/1.9.103/gcc/dev/avr128da48/avrxmega4\libavr128da48.a(eerd_word.o)

.debug_abbrev   0x00000000     0x5586
 *(.debug_abbrev)
 .debug_abbrev  0x00000000     0x29ce C:/Program Files (x86)/Atmel/Studio/7.0/Packs/atmel/AVR-Dx_DFP/1.9.103/gcc/dev/avr128da48/avrxmega4/crtavr128da48.o
 .debug_abbrev  0x000029ce       0x42 atmel_start.o
 .debug_abbrev  0x00002a10      0x20f driver_isr.o
 .debug_abbrev  0x00002c1f      0x435 main.o
 .debug_abbrev  0x00003054      0x30e src/adc.o
 .debug_abbrev  0x00003362      0x25e src/binio.o
 .debug_abbrev  0x000035c0       0xaf src/bod.o
 .debug_abbrev  0x0000366f       0xdb src/clkctrl.o
 .debug_abbrev  0x0000374a       0x51 src/cpuint.o
 .debug_abbrev  0x0000379b      0x132 src/dac0.o
 .debug_abbrev  0x000038cd      0x17f src/driver_init.o
 .debug_abbrev  0x00003a4c      0x1e5 src/ds3231.o
 .debug_abbrev  0x00003c31      0x2f5 src/eeprommanager.o
 .debug_abbrev  0x00003f26      0x1eb src/Goertzel.o
 .debug_abbrev  0x00004111      0x206 src/i2c.o
 .debug_abbrev  0x00004317      0x271 src/leds.o
 .debug_abbrev  0x00004588      0x2d0 src/linkbus.o
 .debug_abbrev  0x00004858       0xe9 src/morse.o
 .debug_abbrev  0x00004941       0x14 src/protected_io.o
 .debug_abbrev  0x00004955      0x2ba src/serialbus.o
 .debug_abbrev  0x00004c0f      0x258 src/si5351.o
 .debug_abbrev  0x00004e67       0xc2 src/slpctrl.o
 .debug_abbrev  0x00004f29      0x141 src/tcb.o
 .debug_abbrev  0x0000506a      0x1a4 src/transmitter.o
 .debug_abbrev  0x0000520e      0x1c9 src/usart_basic.o
 .debug_abbrev  0x000053d7      0x173 src/util.o
 .debug_abbrev  0x0000554a       0x14 C:/Program Files (x86)/Atmel/Studio/7.0/Packs/atmel/AVR-Dx_DFP/1.9.103/gcc/dev/avr128da48/avrxmega4\libavr128da48.a(eerd_byte.o)
 .debug_abbrev  0x0000555e       0x14 C:/Program Files (x86)/Atmel/Studio/7.0/Packs/atmel/AVR-Dx_DFP/1.9.103/gcc/dev/avr128da48/avrxmega4\libavr128da48.a(eerd_dword.o)
 .debug_abbrev  0x00005572       0x14 C:/Program Files (x86)/Atmel/Studio/7.0/Packs/atmel/AVR-Dx_DFP/1.9.103/gcc/dev/avr128da48/avrxmega4\libavr128da48.a(eerd_word.o)

.debug_line     0x00000000     0xa252
 *(.debug_line .debug_line.* .debug_line_end)
 .debug_line    0x00000000      0x1f3 C:/Program Files (x86)/Atmel/Studio/7.0/Packs/atmel/AVR-Dx_DFP/1.9.103/gcc/dev/avr128da48/avrxmega4/crtavr128da48.o
 .debug_line    0x000001f3       0x4c atmel_start.o
 .debug_line    0x0000023f      0x79d driver_isr.o
 .debug_line    0x000009dc     0x2544 main.o
 .debug_line    0x00002f20      0x4a7 src/adc.o
 .debug_line    0x000033c7      0x69f src/binio.o
 .debug_line    0x00003a66      0x11b src/bod.o
 .debug_line    0x00003b81      0x14b src/clkctrl.o
 .debug_line    0x00003ccc       0xb3 src/cpuint.o
 .debug_line    0x00003d7f      0x179 src/dac0.o
 .debug_line    0x00003ef8      0x39d src/driver_init.o
 .debug_line    0x00004295      0xb36 src/ds3231.o
 .debug_line    0x00004dcb      0x92b src/eeprommanager.o
 .debug_line    0x000056f6      0x25c src/Goertzel.o
 .debug_line    0x00005952      0x745 src/i2c.o
 .debug_line    0x00006097      0x590 src/leds.o
 .debug_line    0x00006627      0x955 src/linkbus.o
 .debug_line    0x00006f7c      0x878 src/morse.o
 .debug_line    0x000077f4       0x5b src/protected_io.o
 .debug_line    0x0000784f      0x9ed src/serialbus.o
 .debug_line    0x0000823c      0xa85 src/si5351.o
 .debug_line    0x00008cc1      0x12f src/slpctrl.o
 .debug_line    0x00008df0      0x26f src/tcb.o
 .debug_line    0x0000905f      0x4cf src/transmitter.o
 .debug_line    0x0000952e      0x5bf src/usart_basic.o
 .debug_line    0x00009aed      0x61d src/util.o
 .debug_line    0x0000a10a       0x79 C:/Program Files (x86)/Atmel/Studio/7.0/Packs/atmel/AVR-Dx_DFP/1.9.103/gcc/dev/avr128da48/avrxmega4\libavr128da48.a(eerd_byte.o)
 .debug_line    0x0000a183       0x6e C:/Program Files (x86)/Atmel/Studio/7.0/Packs/atmel/AVR-Dx_DFP/1.9.103/gcc/dev/avr128da48/avrxmega4\libavr128da48.a(eerd_dword.o)
 .debug_line    0x0000a1f1       0x61 C:/Program Files (x86)/Atmel/Studio/7.0/Packs/atmel/AVR-Dx_DFP/1.9.103/gcc/dev/avr128da48/avrxmega4\libavr128da48.a(eerd_word.o)

.debug_frame    0x00000000     0x2cac
 *(.debug_frame)