Archive member included to satisfy reference by file (symbol)

c:/program files (x86)/atmel/studio/7.0/toolchain/avr8/avr8-gnu-toolchain/bin/../lib/gcc/avr/5.4.0/../../../../avr/lib/avrxmega4\libm.a(addsf3.o)
                              src/Goertzel.o (__subsf3)
c:/program files (x86)/atmel/studio/7.0/toolchain/avr8/avr8-gnu-toolchain/bin/../lib/gcc/avr/5.4.0/../../../../avr/lib/avrxmega4\libm.a(addsf3x.o)
                              c:/program files (x86)/atmel/studio/7.0/toolchain/avr8/avr8-gnu-toolchain/bin/../lib/gcc/avr/5.4.0/../../../../avr/lib/avrxmega4\libm.a(addsf3.o) (__addsf3x)
c:/program files (x86)/atmel/studio/7.0/toolchain/avr8/avr8-gnu-toolchain/bin/../lib/gcc/avr/5.4.0/../../../../avr/lib/avrxmega4\libm.a(ceil.o)
                              src/util.o (ceil)
c:/program files (x86)/atmel/studio/7.0/toolchain/avr8/avr8-gnu-toolchain/bin/../lib/gcc/avr/5.4.0/../../../../avr/lib/avrxmega4\libm.a(cmpsf2.o)
                              src/eeprommanager.o (__nesf2)
c:/program files (x86)/atmel/studio/7.0/toolchain/avr8/avr8-gnu-toolchain/bin/../lib/gcc/avr/5.4.0/../../../../avr/lib/avrxmega4\libm.a(cos.o)
                              src/Goertzel.o (cos)
c:/program files (x86)/atmel/studio/7.0/toolchain/avr8/avr8-gnu-toolchain/bin/../lib/gcc/avr/5.4.0/../../../../avr/lib/avrxmega4\libm.a(divsf3.o)
                              main.o (__divsf3)
c:/program files (x86)/atmel/studio/7.0/toolchain/avr8/avr8-gnu-toolchain/bin/../lib/gcc/avr/5.4.0/../../../../avr/lib/avrxmega4\libm.a(divsf3x.o)
                              c:/program files (x86)/atmel/studio/7.0/toolchain/avr8/avr8-gnu-toolchain/bin/../lib/gcc/avr/5.4.0/../../../../avr/lib/avrxmega4\libm.a(divsf3.o) (__divsf3x)
c:/program files (x86)/atmel/studio/7.0/toolchain/avr8/avr8-gnu-toolchain/bin/../lib/gcc/avr/5.4.0/../../../../avr/lib/avrxmega4\libm.a(fixsfsi.o)
                              src/Goertzel.o (__fixsfsi)
c:/program files (x86)/atmel/studio/7.0/toolchain/avr8/avr8-gnu-toolchain/bin/../lib/gcc/avr/5.4.0/../../../../avr/lib/avrxmega4\libm.a(fixunssfsi.o)
                              main.o (__fixunssfsi)
c:/program files (x86)/atmel/studio/7.0/toolchain/avr8/avr8-gnu-toolchain/bin/../lib/gcc/avr/5.4.0/../../../../avr/lib/avrxmega4\libm.a(floatsisf.o)
                              main.o (__floatunsisf)
c:/program files (x86)/atmel/studio/7.0/toolchain/avr8/avr8-gnu-toolchain/bin/../lib/gcc/avr/5.4.0/../../../../avr/lib/avrxmega4\libm.a(fp_cmp.o)
                              c:/program files (x86)/atmel/studio/7.0/toolchain/avr8/avr8-gnu-toolchain/bin/../lib/gcc/avr/5.4.0/../../../../avr/lib/avrxmega4\libm.a(cmpsf2.o) (__fp_cmp)
c:/program files (x86)/atmel/studio/7.0/toolchain/avr8/avr8-gnu-toolchain/bin/../lib/gcc/avr/5.4.0/../../../../avr/lib/avrxmega4\libm.a(fp_inf.o)
                              c:/program files (x86)/atmel/studio/7.0/toolchain/avr8/avr8-gnu-toolchain/bin/../lib/gcc/avr/5.4.0/../../../../avr/lib/avrxmega4\libm.a(addsf3x.o) (__fp_inf)
c:/program files (x86)/atmel/studio/7.0/toolchain/avr8/avr8-gnu-toolchain/bin/../lib/gcc/avr/5.4.0/../../../../avr/lib/avrxmega4\libm.a(fp_mintl.o)
                              c:/program files (x86)/atmel/studio/7.0/toolchain/avr8/avr8-gnu-toolchain/bin/../lib/gcc/avr/5.4.0/../../../../avr/lib/avrxmega4\libm.a(ceil.o) (__fp_mintl)
c:/program files (x86)/atmel/studio/7.0/toolchain/avr8/avr8-gnu-toolchain/bin/../lib/gcc/avr/5.4.0/../../../../avr/lib/avrxmega4\libm.a(fp_mpack.o)
                              c:/program files (x86)/atmel/studio/7.0/toolchain/avr8/avr8-gnu-toolchain/bin/../lib/gcc/avr/5.4.0/../../../../avr/lib/avrxmega4\libm.a(ceil.o) (__fp_mpack)
c:/program files (x86)/atmel/studio/7.0/toolchain/avr8/avr8-gnu-toolchain/bin/../lib/gcc/avr/5.4.0/../../../../avr/lib/avrxmega4\libm.a(fp_nan.o)
                              c:/program files (x86)/atmel/studio/7.0/toolchain/avr8/avr8-gnu-toolchain/bin/../lib/gcc/avr/5.4.0/../../../../avr/lib/avrxmega4\libm.a(addsf3x.o) (__fp_nan)
c:/program files (x86)/atmel/studio/7.0/toolchain/avr8/avr8-gnu-toolchain/bin/../lib/gcc/avr/5.4.0/../../../../avr/lib/avrxmega4\libm.a(fp_pscA.o)
                              c:/program files (x86)/atmel/studio/7.0/toolchain/avr8/avr8-gnu-toolchain/bin/../lib/gcc/avr/5.4.0/../../../../avr/lib/avrxmega4\libm.a(addsf3x.o) (__fp_pscA)
c:/program files (x86)/atmel/studio/7.0/toolchain/avr8/avr8-gnu-toolchain/bin/../lib/gcc/avr/5.4.0/../../../../avr/lib/avrxmega4\libm.a(fp_pscB.o)
                              c:/program files (x86)/atmel/studio/7.0/toolchain/avr8/avr8-gnu-toolchain/bin/../lib/gcc/avr/5.4.0/../../../../avr/lib/avrxmega4\libm.a(addsf3x.o) (__fp_pscB)
c:/program files (x86)/atmel/studio/7.0/toolchain/avr8/avr8-gnu-toolchain/bin/../lib/gcc/avr/5.4.0/../../../../avr/lib/avrxmega4\libm.a(fp_rempio2.o)
[...]
Memory Configuration

Name             Origin             Length             Attributes
text             0x00000000         0x00020000         xr
data             0x00804000         0x00004000         rw !x
eeprom           0x00810000         0x00000200         rw !x
fuse             0x00820000         0x00000010         rw !x
lock             0x00830000         0x00000400         rw !x
signature        0x00840000         0x00000400         rw !x
user_signatures  0x00850000         0x00000400         rw !x
*default*        0x00000000         0xffffffff

Linker script and memory map

Address of section .data set to 0x804000
                0x00008000                __RODATA_PM_OFFSET__ = 0x8000
LOAD C:/Program Files (x86)/Atmel/Studio/7.0/Packs/atmel/AVR-Dx_DFP/1.9.103/gcc/dev/avr128da48/avrxmega4/crtavr128da48.o
LOAD atmel_start.o
LOAD driver_isr.o
LOAD main.o
LOAD src/adc.o
LOAD src/binio.o
LOAD src/bod.o
LOAD src/CircularStringBuff.o
LOAD src/clkctrl.o
LOAD src/cpuint.o
LOAD src/dac0.o
LOAD src/driver_init.o
LOAD src/ds3231.o
LOAD src/eeprommanager.o
LOAD src/Goertzel.o
LOAD src/huzzah.o
LOAD src/i2c.o
LOAD src/leds.o
LOAD src/linkbus.o
LOAD src/morse.o
LOAD src/protected_io.o
LOAD src/serialbus.o
LOAD src/si5351.o
LOAD src/slpctrl.o
LOAD src/tcb.o
LOAD src/transmitter.o
LOAD src/usart_basic.o
LOAD src/util.o
START GROUP
LOAD c:/program files (x86)/atmel/studio/7.0/toolchain/avr8/avr8-gnu-toolchain/bin/../lib/gcc/avr/5.4.0/../../../../avr/lib/avrxmega4\libm.a
END GROUP
LOAD c:/program files (x86)/atmel/studio/7.0/toolchain/avr8/avr8-gnu-toolchain/bin/../lib/gcc/avr/5.4.0/avrxmega4\libgcc.a
LOAD c:/program files (x86)/atmel/studio/7.0/toolchain/avr8/avr8-gnu-toolchain/bin/../lib/gcc/avr/5.4.0/../../../../avr/lib/avrxmega4\libm.a
START GROUP
LOAD c:/program files (x86)/atmel/studio/7.0/toolchain/avr8/avr8-gnu-toolchain/bin/../lib/gcc/avr/5.4.0/avrxmega4\libgcc.a
LOAD c:/program files (x86)/atmel/studio/7.0/toolchain/avr8/avr8-gnu-toolchain/bin/../lib/gcc/avr/5.4.0/../../../../avr/lib/avrxmega4\libm.a
LOAD c:/program files (x86)/atmel/studio/7.0/toolchain/avr8/avr8-gnu-toolchain/bin/../lib/gcc/avr/5.4.0/../../../../avr/lib/avrxmega4\libc.a
LOAD C:/Program Files (x86)/Atmel/Studio/7.0/Packs/atmel/AVR-Dx_DFP/1.9.103/gcc/dev/avr128da48/avrxmega4\libavr128da48.a
END GROUP
                [0x00000000]                __TEXT_REGION_ORIGIN__ = DEFINED (__TEXT_REGION_ORIGIN__)?__TEXT_REGION_ORIGIN__:0x0
                [0x00804000]                __DATA_REGION_ORIGIN__ = DEFINED (__DATA_REGION_ORIGIN__)?__DATA_REGION_ORIGIN__:0x802000
                [0x00020000]                __TEXT_REGION_LENGTH__ = DEFINED (__TEXT_REGION_LENGTH__)?__TEXT_REGION_LENGTH__:0x100000
                [0x00004000]                __DATA_REGION_LENGTH__ = DEFINED (__DATA_REGION_LENGTH__)?__DATA_REGION_LENGTH__:0xffa0
                [0x00000200]                __EEPROM_REGION_LENGTH__ = DEFINED (__EEPROM_REGION_LENGTH__)?__EEPROM_REGION_LENGTH__:0x10000
                [0x00000010]                __FUSE_REGION_LENGTH__ = DEFINED (__FUSE_REGION_LENGTH__)?__FUSE_REGION_LENGTH__:0x400
                0x00000400                __LOCK_REGION_LENGTH__ = DEFINED (__LOCK_REGION_LENGTH__)?__LOCK_REGION_LENGTH__:0x400
                0x00000400                __SIGNATURE_REGION_LENGTH__ = DEFINED (__SIGNATURE_REGION_LENGTH__)?__SIGNATURE_REGION_LENGTH__:0x400
                0x00000400                __USER_SIGNATURE_REGION_LENGTH__ = DEFINED (__USER_SIGNATURE_REGION_LENGTH__)?__USER_SIGNATURE_REGION_LENGTH__:0x400

.hash
 *(.hash)

.dynsym
 *(.dynsym)

.dynstr
 *(.dynstr)

.gnu.version
 *(.gnu.version)

.gnu.version_d
 *(.gnu.version_d)

.gnu.version_r
 *(.gnu.version_r)

.rel.init
 *(.rel.init)

.rela.init
 *(.rela.init)

.rel.text
 *(.rel.text)
 *(.rel.text.*)
 *(.rel.gnu.linkonce.t*)

.rela.text
 *(.rela.text)
 *(.rela.text.*)
 *(.rela.gnu.linkonce.t*)

.rel.fini
 *(.rel.fini)

.rela.fini
 *(.rela.fini)

.rel.rodata
 *(.rel.rodata)
 *(.rel.rodata.*)
 *(.rel.gnu.linkonce.r*)

.rela.rodata
 *(.rela.rodata)
 *(.rela.rodata.*)
 *(.rela.gnu.linkonce.r*)

.rel.data
 *(.rel.data)
 *(.rel.data.*)
 *(.rel.gnu.linkonce.d*)

.rela.data
 *(.rela.data)
 *(.rela.data.*)
 *(.rela.gnu.linkonce.d*)

.rel.ctors
 *(.rel.ctors)

.rela.ctors
 *(.rela.ctors)

.rel.dtors
 *(.rel.dtors)

.rela.dtors
 *(.rela.dtors)

.rel.got
 *(.rel.got)

.rela.got
 *(.rela.got)

.rel.bss
 *(.rel.bss)

.rela.bss
 *(.rela.bss)

.rel.plt
 *(.rel.plt)

.rela.plt
 *(.rela.plt)

.text           0x00000000    0x10a16
 *(.vectors)
 .vectors       0x00000000       0xe8 C:/Program Files (x86)/Atmel/Studio/7.0/Packs/atmel/AVR-Dx_DFP/1.9.103/gcc/dev/avr128da48/avrxmega4/crtavr128da48.o
                0x00000000                __vector_default
                0x00000000                __vectors
 *(.vectors)
 *(.progmem.gcc*)
 .progmem.gcc_sw_table._Z11setupForFox5Fox_t13EventAction_t
                0x000000e8       0x28 main.o
 .progmem.gcc_sw_table._ZN13EepromManager15updateEEPROMVarE8EE_var_tPv
                0x00000110      0x224 src/eeprommanager.o
 .progmem.gcc_sw_table._ZN4leds5blinkE7Blink_tb
                0x00000334       0x1a src/leds.o
 .progmem.gcc_sw_table._Z12getMorseCharc
                0x0000034e       0xbe src/morse.o
                0x0000040c                . = ALIGN (0x2)
                0x0000040c                __trampolines_start = .
 *(.trampolines)
 .trampolines   0x0000040c        0x0 linker stubs
 *(.trampolines*)
                0x0000040c                __trampolines_end = .
 *libprintf_flt.a:*(.progmem.data)
 *libc.a:*(.progmem.data)
 .progmem.data  0x0000040c       0xfa c:/program files (x86)/atmel/studio/7.0/toolchain/avr8/avr8-gnu-toolchain/bin/../lib/gcc/avr/5.4.0/../../../../avr/lib/avrxmega4\libc.a(ftoa_engine.o)
 *(.progmem*)
 .progmemx.data
                0x00000506       0x91 c:/program files (x86)/atmel/studio/7.0/toolchain/avr8/avr8-gnu-toolchain/bin/../lib/gcc/avr/5.4.0/../../../../avr/lib/avrxmega4\libc.a(strftime.o)
                0x00000506                strfmonths
                0x0000055d                strfwkdays
 .progmemx.data
                0x00000597       0x3b c:/program files (x86)/atmel/studio/7.0/toolchain/avr8/avr8-gnu-toolchain/bin/../lib/gcc/avr/5.4.0/../../../../avr/lib/avrxmega4\libc.a(asctime_r.o)
                0x00000597                ascdays
                0x000005ad                ascmonths
                0x000005d2                . = ALIGN (0x2)
 *(.jumptables)
 *(.jumptables*)
 *(.lowtext)
 *(.lowtext*)
                0x000005d2                __ctors_start = .
 *(.ctors)
 .ctors         0x000005d2        0x2 main.o
 .ctors         0x000005d4        0x2 src/adc.o
                0x000005d6                __ctors_end = .
                0x000005d6                __dtors_start = .
 *(.dtors)
 .dtors         0x000005d6        0x2 main.o
 .dtors         0x000005d8        0x2 src/adc.o
                0x000005da                __dtors_end = .
 SORT(*)(.ctors)
 SORT(*)(.dtors)
 *(.init0)
 .init0         0x000005da        0x0 C:/Program Files (x86)/Atmel/Studio/7.0/Packs/atmel/AVR-Dx_DFP/1.9.103/gcc/dev/avr128da48/avrxmega4/crtavr128da48.o
                0x000005da                __init
 *(.init0)
 *(.init1)
 *(.init1)
 *(.init2)
 .init2         0x000005da        0xc C:/Program Files (x86)/Atmel/Studio/7.0/Packs/atmel/AVR-Dx_DFP/1.9.103/gcc/dev/avr128da48/avrxmega4/crtavr128da48.o
 *(.init2)
 *(.init3)
 *(.init3)
 *(.init4)
 .init4         0x000005e6       0x1a c:/program files (x86)/atmel/studio/7.0/toolchain/avr8/avr8-gnu-toolchain/bin/../lib/gcc/avr/5.4.0/avrxmega4\libgcc.a(_copy_data.o)
                0x000005e6                __do_copy_data
 .init4         0x00000600       0x10 c:/program files (x86)/atmel/studio/7.0/toolchain/avr8/avr8-gnu-toolchain/bin/../lib/gcc/avr/5.4.0/avrxmega4\libgcc.a(_clear_bss.o)
                0x00000600                __do_clear_bss
 *(.init4)
 *(.init5)
 *(.init5)
 *(.init6)
 .init6         0x00000610       0x16 c:/program files (x86)/atmel/studio/7.0/toolchain/avr8/avr8-gnu-toolchain/bin/../lib/gcc/avr/5.4.0/avrxmega4\libgcc.a(_ctors.o)
                0x00000610                __do_global_ctors
 *(.init6)
 *(.init7)
 *(.init7)
 *(.init8)
 *(.init8)
 *(.init9)
 .init9         0x00000626        0x8 C:/Program Files (x86)/Atmel/Studio/7.0/Packs/atmel/AVR-Dx_DFP/1.9.103/gcc/dev/avr128da48/avrxmega4/crtavr128da48.o
 *(.init9)
 *(.text)
 .text          0x0000062e        0x4 C:/Program Files (x86)/Atmel/Studio/7.0/Packs/atmel/AVR-Dx_DFP/1.9.103/gcc/dev/avr128da48/avrxmega4/crtavr128da48.o
                0x0000062e                __vector_38
                0x0000062e                __vector_28
                0x0000062e                __vector_1
                0x0000062e                __vector_34
                0x0000062e                __vector_46
                0x0000062e                __bad_interrupt
                0x0000062e                __vector_35
                0x0000062e                __vector_39
                0x0000062e                __vector_3
                0x0000062e                __vector_23
                0x0000062e                __vector_45
                0x0000062e                __vector_25
                0x0000062e                __vector_11
                0x0000062e                __vector_54
                0x0000062e                __vector_17
                0x0000062e                __vector_7
                0x0000062e                __vector_49
                0x0000062e                __vector_43
                0x0000062e                __vector_27
                0x0000062e                __vector_5
                0x0000062e                __vector_33
                0x0000062e                __vector_47
                0x0000062e                __vector_52
                0x0000062e                __vector_37
                0x0000062e                __vector_4
                0x0000062e                __vector_44
                0x0000062e                __vector_51
                0x0000062e                __vector_9
                0x0000062e                __vector_2
                0x0000062e                __vector_21
                0x0000062e                __vector_15
                0x0000062e                __vector_36
                0x0000062e                __vector_40
                0x0000062e                __vector_8
                0x0000062e                __vector_26
                0x0000062e                __vector_48
                0x0000062e                __vector_14
                0x0000062e                __vector_57
                0x0000062e                __vector_53
                0x0000062e                __vector_10
                0x0000062e                __vector_50
                0x0000062e                __vector_16
                0x0000062e                __vector_18
                0x0000062e                __vector_42
 .text          0x00000632       0x28 c:/program files (x86)/atmel/studio/7.0/toolchain/avr8/avr8-gnu-toolchain/bin/../lib/gcc/avr/5.4.0/../../../../avr/lib/avrxmega4\libc.a(isLeap.o)
                0x00000632                is_leap_year
 .text          0x0000065a        0xe c:/program files (x86)/atmel/studio/7.0/toolchain/avr8/avr8-gnu-toolchain/bin/../lib/gcc/avr/5.4.0/../../../../avr/lib/avrxmega4\libc.a(localtime.o)
                0x0000065a                localtime
 .text          0x00000668       0xa0 c:/program files (x86)/atmel/studio/7.0/toolchain/avr8/avr8-gnu-toolchain/bin/../lib/gcc/avr/5.4.0/../../../../avr/lib/avrxmega4\libc.a(localtime_r.o)
                0x00000668                localtime_r
 .text          0x00000708       0x1a c:/program files (x86)/atmel/studio/7.0/toolchain/avr8/avr8-gnu-toolchain/bin/../lib/gcc/avr/5.4.0/../../../../avr/lib/avrxmega4\libc.a(month_length.o)
                0x00000708                month_length
 .text          0x00000722       0x18 c:/program files (x86)/atmel/studio/7.0/toolchain/avr8/avr8-gnu-toolchain/bin/../lib/gcc/avr/5.4.0/../../../../avr/lib/avrxmega4\libc.a(set_system_time.o)
                0x00000722                set_system_time
 .text          0x0000073a      0x69c c:/program files (x86)/atmel/studio/7.0/toolchain/avr8/avr8-gnu-toolchain/bin/../lib/gcc/avr/5.4.0/../../../../avr/lib/avrxmega4\libc.a(strftime.o)
                0x0000073a                pgm_copystring
                0x000007ac                strftime
 .text          0x00000dd6       0x26 c:/program files (x86)/atmel/studio/7.0/toolchain/avr8/avr8-gnu-toolchain/bin/../lib/gcc/avr/5.4.0/../../../../avr/lib/avrxmega4\libc.a(time.o)
                0x00000dd6                time
 .text          0x00000dfc       0x3e c:/program files (x86)/atmel/studio/7.0/toolchain/avr8/avr8-gnu-toolchain/bin/../lib/gcc/avr/5.4.0/../../../../avr/lib/avrxmega4\libc.a(week_of_year.o)
                0x00000dfc                week_of_year
 .text          0x00000e3a       0x38 c:/program files (x86)/atmel/studio/7.0/toolchain/avr8/avr8-gnu-toolchain/bin/../lib/gcc/avr/5.4.0/../../../../avr/lib/avrxmega4\libc.a(system_tick.o)
                0x00000e3a                system_tick
 .text          0x00000e72      0x106 c:/program files (x86)/atmel/studio/7.0/toolchain/avr8/avr8-gnu-toolchain/bin/../lib/gcc/avr/5.4.0/../../../../avr/lib/avrxmega4\libc.a(asctime_r.o)
                0x00000e72                asctime_r
 .text          0x00000f78      0x1ac c:/program files (x86)/atmel/studio/7.0/toolchain/avr8/avr8-gnu-toolchain/bin/../lib/gcc/avr/5.4.0/../../../../avr/lib/avrxmega4\libc.a(gmtime_r.o)
                0x00000f78                gmtime_r
 .text          0x00001124       0xf4 c:/program files (x86)/atmel/studio/7.0/toolchain/avr8/avr8-gnu-toolchain/bin/../lib/gcc/avr/5.4.0/../../../../avr/lib/avrxmega4\libc.a(iso_week_date_r.o)
                0x00001124                iso_week_date_r
 .text          0x00001218       0x24 c:/program files (x86)/atmel/studio/7.0/toolchain/avr8/avr8-gnu-toolchain/bin/../lib/gcc/avr/5.4.0/../../../../avr/lib/avrxmega4\libc.a(print_lz.o)
                0x00001218                __print_lz
                0x0000123c                . = ALIGN (0x2)
 *(.text.*)
 .text.atmel_start_init
                0x0000123c       0x14 atmel_start.o
                0x0000123c                atmel_start_init
 .text.__vector_19
                0x00001250       0x88 driver_isr.o
                0x00001250                __vector_19
 .text.__vector_55
                0x000012d8       0x88 driver_isr.o
                0x000012d8                __vector_55
 .text._Z9serial_Rxh
                0x00001360      0x50a driver_isr.o
                0x00001360                _Z9serial_Rxh
 .text.__vector_20
                0x0000186a      0x18a driver_isr.o
                0x0000186a                __vector_20
 .text.__vector_56
                0x000019f4      0x18a driver_isr.o
                0x000019f4                __vector_56
 .text.__vector_31
                0x00001b7e       0x88 driver_isr.o
                0x00001b7e                __vector_31
 .text._Z10linkbus_Rxh
                0x00001c06      0x308 driver_isr.o
                0x00001c06                _Z10linkbus_Rxh
 .text.__vector_32
                0x00001f0e      0x18a driver_isr.o
                0x00001f0e                __vector_32
 .text.PORTA_set_pin_level
                0x00002098       0x74 main.o
 .text.PORTA_get_pin_level
                0x0000210c       0x3e main.o
 .text.PORTB_set_pin_level
                0x0000214a       0x74 main.o
 .text.__vector_6
                0x000021be      0x18c main.o
                0x000021be                __vector_6
 .text._Z17handle_1sec_tasksv
                0x0000234a      0x820 main.o
                0x0000234a                _Z17handle_1sec_tasksv
 .text.__vector_22
                0x00002b6a       0x86 main.o
                0x00002b6a                __vector_22
 .text.__vector_12
                0x00002bf0      0x7fe main.o
                0x00002bf0                __vector_12
 .text.__vector_29
                0x000033ee       0x7e main.o
                0x000033ee                __vector_29
 .text._Z12powerDown3V3v
                0x0000346c       0x26 main.o
                0x0000346c                _Z12powerDown3V3v
 .text._Z10powerUp3V3v
                0x00003492       0x26 main.o
                0x00003492                _Z10powerUp3V3v
 .text._Z6setFanb
                0x000034b8       0x2e main.o
                0x000034b8                _Z6setFanb
 .text._Z7fanIsOnv
                0x000034e6       0x24 main.o
                0x000034e6                _Z7fanIsOnv
 .text.main     0x0000350a      0x8c4 main.o
                0x0000350a                main
 .text._Z17handleLinkBusMsgsv
                0x00003dce      0xfca main.o
                0x00003dce                _Z17handleLinkBusMsgsv
 .text._Z12eventEnabledv
                0x00004d98      0x164 main.o
                0x00004d98                _Z12eventEnabledv
 .text._Z8wdt_init7WDReset
                0x00004efc       0x16 main.o
                0x00004efc                _Z8wdt_init7WDReset
 .text._Z13throttleValueh
                0x00004f12       0xb4 main.o
                0x00004f12                _Z13throttleValueh
 .text._Z11launchEventP2SC
                0x00004fc6       0x6a main.o
                0x00004fc6                _Z11launchEventP2SC
 .text._Z33activateEventUsingCurrentSettingsP2SC
                0x00005030      0x432 main.o
                0x00005030                _Z33activateEventUsingCurrentSettingsP2SC
 .text._Z8rtc_initv
                0x00005462       0x9a main.o
                0x00005462                _Z8rtc_initv
 .text._Z25setAntennaStateEnunciatorv
                0x000054fc       0x52 main.o
                0x000054fc                _Z25setAntennaStateEnunciatorv
 .text._Z12suspendEventv
                0x0000554e       0x4c main.o
                0x0000554e                _Z12suspendEventv
 .text._Z13startEventNow19EventActionSource_t
                0x0000559a       0xb2 main.o
                0x0000559a                _Z13startEventNow19EventActionSource_t
 .text._Z11setupForFox5Fox_t13EventAction_t
                0x0000564c      0x618 main.o
                0x0000564c                _Z11setupForFox5Fox_t13EventAction_t
 .text._Z23clockConfigurationCheckv
                0x00005c64      0x134 main.o
                0x00005c64                _Z23clockConfigurationCheckv
 .text._Z15timeNeededForIDv
                0x00005d98       0x52 main.o
                0x00005d98                _Z15timeNeededForIDv
 .text._Z13getFoxSettingv
                0x00005dea       0x54 main.o
                0x00005dea                _Z13getFoxSettingv
 .text._Z14getPatternTextv
                0x00005e3e       0x6e main.o
                0x00005e3e                _Z14getPatternTextv
 .text._Z19getFrequencySettingv
                0x00005eac       0xbe main.o
                0x00005eac                _Z19getFrequencySettingv
 .text._Z14eventScheduledv
                0x00005f6a       0xaa main.o
                0x00005f6a                _Z14eventScheduledv
 .text._Z15externBatStringb
                0x00006014      0x148 main.o
                0x00006014                _Z15externBatStringb
 .text._Z7repCharPccc
                0x0000615c       0x76 main.o
                0x0000615c                _Z7repCharPccc
 .text._Z14trimwhitespacePc
                0x000061d2       0xa0 main.o
                0x000061d2                _Z14trimwhitespacePc
 .text._Z41__static_initialization_and_destruction_0ii
                0x00006272       0x76 main.o
 .text._GLOBAL__sub_I_g_antenna_connect_state
                0x000062e8       0x1a main.o
 .text._GLOBAL__sub_D_g_antenna_connect_state
                0x00006302       0x1a main.o
 .text._Z18ADC0_setADCChannel20ADC_Active_Channel_t
                0x0000631c       0xc6 src/adc.o
                0x0000631c                _Z18ADC0_setADCChannel20ADC_Active_Channel_t
 .text._Z20ADC0_startConversionv
                0x000063e2       0x2a src/adc.o
                0x000063e2                _Z20ADC0_startConversionv
 .text._Z19ADC0_conversionDonev
                0x0000640c       0x28 src/adc.o
                0x0000640c                _Z19ADC0_conversionDonev
 .text._Z9ADC0_readv
                0x00006434       0x18 src/adc.o
                0x00006434                _Z9ADC0_readv
 .text._Z12temperatureCv
                0x0000644c      0x16c src/adc.o
                0x0000644c                _Z12temperatureCv
 .text._ZL9PORT_initv
                0x000065b8       0xe8 src/adc.o
 .text._ZL10VREF0_initv
                0x000066a0       0x1a src/adc.o
 .text._ZL9ADC0_initb
                0x000066ba       0x64 src/adc.o
 .text._ZL16ADC0_SYSTEM_initb
                0x0000671e       0x24 src/adc.o
 .text._ZL20ADC0_SYSTEM_shutdownv
                0x00006742       0x24 src/adc.o
 .text.__vector_24
                0x00006766       0x8a src/adc.o
                0x00006766                __vector_24
 .text._Z41__static_initialization_and_destruction_0ii
                0x000067f0       0x6e src/adc.o
 .text._GLOBAL__sub_I_g_adcVal
                0x0000685e       0x1a src/adc.o
 .text._GLOBAL__sub_D_g_adcVal
                0x00006878       0x1a src/adc.o
 .text.PORTA_set_pin_pull_mode
                0x00006892       0x62 src/binio.o
 .text.PORTA_pin_set_isc
                0x000068f4       0x46 src/binio.o
 .text.PORTA_set_pin_dir
                0x0000693a       0xa8 src/binio.o
 .text.PORTA_set_pin_level
                0x000069e2       0x74 src/binio.o
 .text.PORTB_set_pin_dir
                0x00006a56       0xa8 src/binio.o
 .text.PORTB_set_pin_level
                0x00006afe       0x74 src/binio.o
 .text.PORTC_set_pin_pull_mode
                0x00006b72       0x62 src/binio.o
 .text.PORTC_pin_set_isc
                0x00006bd4       0x46 src/binio.o
 .text.PORTC_set_pin_dir
                0x00006c1a       0xa8 src/binio.o
 .text.PORTC_set_pin_level
                0x00006cc2       0x74 src/binio.o
 .text.PORTC_get_port_level
                0x00006d36       0x16 src/binio.o
 .text.PORTD_set_pin_pull_mode
                0x00006d4c       0x62 src/binio.o
 .text.PORTD_pin_set_isc
                0x00006dae       0x46 src/binio.o
 .text.PORTD_set_pin_dir
                0x00006df4       0xa8 src/binio.o
 .text.PORTD_get_port_level
                0x00006e9c       0x16 src/binio.o
 .text.PORTE_set_pin_dir
                0x00006eb2       0xa8 src/binio.o
 .text.PORTF_set_pin_dir
                0x00006f5a       0xa8 src/binio.o
 .text._Z8debouncev
                0x00007002       0x98 src/binio.o
                0x00007002                _Z8debouncev
 .text._Z18portCdebouncedValsv
                0x0000709a       0x12 src/binio.o
                0x0000709a                _Z18portCdebouncedValsv
 .text._Z18portDdebouncedValsv
                0x000070ac       0x12 src/binio.o
                0x000070ac                _Z18portDdebouncedValsv
 .text._Z10BINIO_initv
                0x000070be      0x1ac src/binio.o
                0x000070be                _Z10BINIO_initv
 .text._Z11BINIO_sleepv
                0x0000726a      0x128 src/binio.o
                0x0000726a                _Z11BINIO_sleepv
 .text.BOD_init
                0x00007392       0x18 src/bod.o
                0x00007392                BOD_init
 .text._ZN18CircularStringBuffC2Ej
                0x000073aa       0x68 src/CircularStringBuff.o
                0x000073aa                _ZN18CircularStringBuffC1Ej
                0x000073aa                _ZN18CircularStringBuffC2Ej
 .text._ZN18CircularStringBuffD2Ev
                0x00007412       0x28 src/CircularStringBuff.o
                0x00007412                _ZN18CircularStringBuffD2Ev
                0x00007412                _ZN18CircularStringBuffD1Ev
 .text._ZN18CircularStringBuff5resetEv
                0x0000743a       0x3e src/CircularStringBuff.o
                0x0000743a                _ZN18CircularStringBuff5resetEv
 .text._ZNK18CircularStringBuff5emptyEv
                0x00007478       0x48 src/CircularStringBuff.o
                0x00007478                _ZNK18CircularStringBuff5emptyEv
 .text._ZN18CircularStringBuff7setBusyEb
                0x000074c0       0x3a src/CircularStringBuff.o
                0x000074c0                _ZN18CircularStringBuff7setBusyEb
 .text._ZN18CircularStringBuff6isBusyEv
                0x000074fa       0x20 src/CircularStringBuff.o
                0x000074fa                _ZN18CircularStringBuff6isBusyEv
 .text._ZNK18CircularStringBuff4fullEv
                0x0000751a       0x20 src/CircularStringBuff.o
                0x0000751a                _ZNK18CircularStringBuff4fullEv
 .text._ZN18CircularStringBuff3putEc
                0x0000753a       0xda src/CircularStringBuff.o
                0x0000753a                _ZN18CircularStringBuff3putEc
 .text._ZN18CircularStringBuff3popEv
                0x00007614       0x96 src/CircularStringBuff.o
                0x00007614                _ZN18CircularStringBuff3popEv
 .text._ZN18CircularStringBuff3getEv
                0x000076aa       0x80 src/CircularStringBuff.o
                0x000076aa                _ZN18CircularStringBuff3getEv
 .text.ccp_write_io
                0x0000772a       0x2c src/clkctrl.o
 .text.CLKCTRL_init
                0x00007756       0x1a src/clkctrl.o
                0x00007756                CLKCTRL_init
 .text.CPUINT_init
                0x00007770       0x12 src/cpuint.o
                0x00007770                CPUINT_init
 .text._ZL9VREF_initv
                0x00007782       0x2c src/dac0.o
 .text._Z9DAC0_initv
                0x000077ae       0x54 src/dac0.o
                0x000077ae                _Z9DAC0_initv
 .text._Z11DAC0_setValj
                0x00007802       0x40 src/dac0.o
                0x00007802                _Z11DAC0_setValj
 .text.PORTC_set_pin_dir
                0x00007842       0xa8 src/driver_init.o
 .text.PORTC_set_pin_level
                0x000078ea       0x74 src/driver_init.o
 .text._ZL15LED_set_RED_dir8port_dir
                0x0000795e       0x1e src/driver_init.o
 .text._ZL17LED_set_GREEN_dir8port_dir
                0x0000797c       0x1e src/driver_init.o
 .text._ZL17LED_set_RED_levelb
                0x0000799a       0x1e src/driver_init.o
 .text._ZL19LED_set_GREEN_levelb
                0x000079b8       0x1e src/driver_init.o
 .text.mcu_init
                0x000079d6      0x130 src/driver_init.o
                0x000079d6                mcu_init
 .text.system_init
                0x00007b06       0x64 src/driver_init.o
                0x00007b06                system_init
 .text.system_sleep_settings
                0x00007b6a       0x34 src/driver_init.o
                0x00007b6a                system_sleep_settings
 .text.ds3231_init
                0x00007b9e       0x1c src/ds3231.o
                0x00007b9e                ds3231_init
 .text.ds3231_get_epoch
                0x00007bba      0x3b4 src/ds3231.o
                0x00007bba                ds3231_get_epoch
 .text.ds3231_set_date_time
                0x00007f6e      0x248 src/ds3231.o
                0x00007f6e                ds3231_set_date_time
 .text.ds3231_1s_sqw
                0x000081b6       0x68 src/ds3231.o
                0x000081b6                ds3231_1s_sqw
 .text.ds3231_set_aging
                0x0000821e       0x5e src/ds3231.o
                0x0000821e                ds3231_set_aging
 .text.ds3231_get_aging
                0x0000827c       0x58 src/ds3231.o
                0x0000827c                ds3231_get_aging
 .text.ds3231_responding
                0x000082d4       0x5e src/ds3231.o
                0x000082d4                ds3231_responding
 .text.convertEpochToTimeString
                0x00008332       0x76 src/ds3231.o
                0x00008332                convertEpochToTimeString
 .text._ZN13EepromManagerC2Ev
                0x000083a8       0x1a src/eeprommanager.o
                0x000083a8                _ZN13EepromManagerC1Ev
                0x000083a8                _ZN13EepromManagerC2Ev
 .text._ZN13EepromManagerD2Ev
                0x000083c2       0x1a src/eeprommanager.o
                0x000083c2                _ZN13EepromManagerD1Ev
                0x000083c2                _ZN13EepromManagerD2Ev
 .text._Z21avr_eeprom_write_bytejh
                0x000083dc       0x5e src/eeprommanager.o
                0x000083dc                _Z21avr_eeprom_write_bytejh
 .text._Z21avr_eeprom_write_wordjj
                0x0000843a       0x66 src/eeprommanager.o
                0x0000843a                _Z21avr_eeprom_write_wordjj
 .text._Z22avr_eeprom_write_dwordjm
                0x000084a0       0x74 src/eeprommanager.o
                0x000084a0                _Z22avr_eeprom_write_dwordjm
 .text._Z22avr_eeprom_write_floatjf
                0x00008514       0x74 src/eeprommanager.o
                0x00008514                _Z22avr_eeprom_write_floatjf
 .text._ZN13EepromManager15updateEEPROMVarE8EE_var_tPv
                0x00008588      0x886 src/eeprommanager.o
                0x00008588                _ZN13EepromManager15updateEEPROMVarE8EE_var_tPv
 .text._ZN13EepromManager13saveAllEEPROMEv
                0x00008e0e      0x1ba src/eeprommanager.o
                0x00008e0e                _ZN13EepromManager13saveAllEEPROMEv
 .text._ZN13EepromManager11readNonVolsEv
                0x00008fc8      0xa1c src/eeprommanager.o
                0x00008fc8                _ZN13EepromManager11readNonVolsEv
 .text._ZN13EepromManager20initializeEEPROMVarsEv
                0x000099e4      0x54a src/eeprommanager.o
                0x000099e4                _ZN13EepromManager20initializeEEPROMVarsEv
 .text._ZN8GoertzelC2Eff
                0x00009f2e      0x130 src/Goertzel.o
                0x00009f2e                _ZN8GoertzelC1Eff
                0x00009f2e                _ZN8GoertzelC2Eff
 .text._ZN8GoertzelD2Ev
                0x0000a05e       0x26 src/Goertzel.o
                0x0000a05e                _ZN8GoertzelD2Ev
                0x0000a05e                _ZN8GoertzelD1Ev
 .text._ZN8Goertzel9DataPointEi
                0x0000a084       0x92 src/Goertzel.o
                0x0000a084                _ZN8Goertzel9DataPointEi
 .text.PORTA_set_pin_level
                0x0000a116       0x74 src/huzzah.o
 .text._Z10wifi_powerb
                0x0000a18a       0x2e src/huzzah.o
                0x0000a18a                _Z10wifi_powerb
 .text._Z10wifi_resetb
                0x0000a1b8       0x2e src/huzzah.o
                0x0000a1b8                _Z10wifi_resetb
 .text._Z11wifiPresentv
                0x0000a1e6       0x1c src/huzzah.o
                0x0000a1e6                _Z11wifiPresentv
 .text.PORTB_set_pin_pull_mode
                0x0000a202       0x62 src/i2c.o
 .text.I2C_0_Init
                0x0000a264       0x62 src/i2c.o
                0x0000a264                I2C_0_Init
 .text._ZL11i2c_0_WaitWv
                0x0000a2c6       0xbc src/i2c.o
 .text._ZL11i2c_0_WaitRv
                0x0000a382       0x82 src/i2c.o
 .text.I2C_0_SendData
                0x0000a404       0xd0 src/i2c.o
                0x0000a404                I2C_0_SendData
 .text.I2C_0_GetData
                0x0000a4d4       0xfc src/i2c.o
                0x0000a4d4                I2C_0_GetData
 .text.I2C_0_EndSession
                0x0000a5d0       0x1a src/i2c.o
                0x0000a5d0                I2C_0_EndSession
 .text.I2C_1_Shutdown
                0x0000a5ea       0x22 src/i2c.o
                0x0000a5ea                I2C_1_Shutdown
 .text.I2C_1_Init
                0x0000a60c       0x72 src/i2c.o
                0x0000a60c                I2C_1_Init
 .text._ZL11i2c_1_WaitWv
                0x0000a67e       0x86 src/i2c.o
 .text._ZL11I2C_1_WaitRv
                0x0000a704       0x82 src/i2c.o
 .text.I2C_1_SendData
                0x0000a786       0xd2 src/i2c.o
                0x0000a786                I2C_1_SendData
 .text.I2C_1_GetData
                0x0000a858       0xfc src/i2c.o
                0x0000a858                I2C_1_GetData
 .text.I2C_1_EndSession
                0x0000a954       0x1a src/i2c.o
                0x0000a954                I2C_1_EndSession
 .text.PORTC_set_pin_level
                0x0000a96e       0x74 src/leds.o
 .text._ZL17LED_set_RED_levelb
                0x0000a9e2       0x1e src/leds.o
 .text._ZL19LED_set_GREEN_levelb
                0x0000aa00       0x1e src/leds.o
 .text._ZN4ledsC2Ev
                0x0000aa1e       0x1a src/leds.o
                0x0000aa1e                _ZN4ledsC2Ev
                0x0000aa1e                _ZN4ledsC1Ev
 .text._ZN4ledsD2Ev
                0x0000aa38       0x1a src/leds.o
                0x0000aa38                _ZN4ledsD2Ev
                0x0000aa38                _ZN4ledsD1Ev
 .text.__vector_41
                0x0000aa52      0x32a src/leds.o
                0x0000aa52                __vector_41
 .text._ZN4leds6activeEv
                0x0000ad7c       0x4a src/leds.o
                0x0000ad7c                _ZN4leds6activeEv
 .text._ZN4leds6setRedEb
                0x0000adc6       0x56 src/leds.o
                0x0000adc6                _ZN4leds6setRedEb
 .text._ZN4leds5resetEv
                0x0000ae1c       0x4c src/leds.o
                0x0000ae1c                _ZN4leds5resetEv
 .text._ZN4leds4initEv
                0x0000ae68       0x24 src/leds.o
                0x0000ae68                _ZN4leds4initEv
 .text._ZN4leds4initE7Blink_t
                0x0000ae8c       0x5e src/leds.o
                0x0000ae8c                _ZN4leds4initE7Blink_t
 .text._ZN4leds8sendCodeEPc
                0x0000aeea      0x108 src/leds.o
                0x0000aeea                _ZN4leds8sendCodeEPc
 .text._ZN4leds5blinkE7Blink_t
                0x0000aff2       0x2c src/leds.o
                0x0000aff2                _ZN4leds5blinkE7Blink_t
 .text._ZN4leds5blinkE7Blink_tb
                0x0000b01e      0x580 src/leds.o
                0x0000b01e                _ZN4leds5blinkE7Blink_tb
 .text.PORTC_set_pin_pull_mode
                0x0000b59e       0x62 src/linkbus.o
 .text.PORTC_set_pin_dir
                0x0000b600       0xa8 src/linkbus.o
 .text.PORTC_set_pin_level
                0x0000b6a8       0x74 src/linkbus.o
 .text.PORTE_set_pin_pull_mode
                0x0000b71c       0x62 src/linkbus.o
 .text.PORTE_set_pin_dir
                0x0000b77e       0xa8 src/linkbus.o
 .text.PORTE_set_pin_level
                0x0000b826       0x74 src/linkbus.o
 .text.PC0_set_dir
                0x0000b89a       0x1e src/linkbus.o
 .text.PC0_set_level
                0x0000b8b8       0x1e src/linkbus.o
 .text.PC1_set_pull_mode
                0x0000b8d6       0x1e src/linkbus.o
 .text.PC1_set_dir
                0x0000b8f4       0x1e src/linkbus.o
 .text.PE0_set_dir
                0x0000b912       0x1e src/linkbus.o
 .text.PE0_set_level
                0x0000b930       0x1e src/linkbus.o
 .text.PE1_set_pull_mode
                0x0000b94e       0x1e src/linkbus.o
 .text.PE1_set_dir
                0x0000b96c       0x1e src/linkbus.o
 .text._Z18nextFullLBTxBufferv
                0x0000b98a       0x8e src/linkbus.o
                0x0000b98a                _Z18nextFullLBTxBufferv
 .text._Z19nextEmptyLBTxBufferv
                0x0000ba18       0x8e src/linkbus.o
                0x0000ba18                _Z19nextEmptyLBTxBufferv
 .text._Z19nextEmptyLBRxBufferv
                0x0000baa6       0x90 src/linkbus.o
                0x0000baa6                _Z19nextEmptyLBRxBufferv
 .text._Z18nextFullLBRxBufferv
                0x0000bb36       0x90 src/linkbus.o
                0x0000bb36                _Z18nextFullLBRxBufferv
 .text._Z19linkbusTxInProgressv
                0x0000bbc6       0x12 src/linkbus.o
                0x0000bbc6                _Z19linkbusTxInProgressv
 .text._ZL16linkbus_start_txv
                0x0000bbd8       0x3c src/linkbus.o
 .text._Z14linkbus_end_txv
                0x0000bc14       0x4a src/linkbus.o
                0x0000bc14                _Z14linkbus_end_txv
 .text._ZL21USART1_initializationm
                0x0000bc5e       0x4c src/linkbus.o
 .text._ZL21USART4_initializationm
                0x0000bcaa       0x4c src/linkbus.o
 .text._Z12linkbus_initm14USART_Number_t
                0x0000bcf6       0xa6 src/linkbus.o
                0x0000bcf6                _Z12linkbus_initm14USART_Number_t
 .text._Z15linkbus_disablev
                0x0000bd9c       0x6a src/linkbus.o
                0x0000bd9c                _Z15linkbus_disablev
 .text._Z14linkbus_enablev
                0x0000be06       0x64 src/linkbus.o
                0x0000be06                _Z14linkbus_enablev
 .text._Z12lb_send_textPc
                0x0000be6a       0xba src/linkbus.o
                0x0000be6a                _Z12lb_send_textPc
 .text._Z11lb_send_msg13LBMessageTypePKcPc
                0x0000bf24       0x9e src/linkbus.o
                0x0000bf24                _Z11lb_send_msg13LBMessageTypePKcPc
 .text._Z16lb_broadcast_strPKcS0_
                0x0000bfc2       0x74 src/linkbus.o
                0x0000bfc2                _Z16lb_broadcast_strPKcS0_
 .text._Z9makeMorsePcPbS0_
                0x0000c036      0x2ba src/morse.o
                0x0000c036                _Z9makeMorsePcPbS0_
 .text._Z26timeRequiredToSendStrAtWPMPcj
                0x0000c2f0       0xa0 src/morse.o
                0x0000c2f0                _Z26timeRequiredToSendStrAtWPMPcj
 .text._Z12getMorseCharc
                0x0000c390      0x37a src/morse.o
                0x0000c390                _Z12getMorseCharc
 .text.protected_write_io
                0x0000c70a        0xa src/protected_io.o
                0x0000c70a                protected_write_io
 .text.PORTC_set_pin_pull_mode
                0x0000c714       0x62 src/serialbus.o
 .text.PORTC_set_pin_dir
                0x0000c776       0xa8 src/serialbus.o
 .text.PORTC_set_pin_level
                0x0000c81e       0x74 src/serialbus.o
 .text.PORTE_set_pin_pull_mode
                0x0000c892       0x62 src/serialbus.o
 .text.PORTE_set_pin_dir
                0x0000c8f4       0xa8 src/serialbus.o
 .text.PORTE_set_pin_level
                0x0000c99c       0x74 src/serialbus.o
 .text.PC0_set_dir
                0x0000ca10       0x1e src/serialbus.o
 .text.PC0_set_level
                0x0000ca2e       0x1e src/serialbus.o
 .text.PC1_set_pull_mode
                0x0000ca4c       0x1e src/serialbus.o
 .text.PC1_set_dir
                0x0000ca6a       0x1e src/serialbus.o
 .text.PE0_set_dir
                0x0000ca88       0x1e src/serialbus.o
 .text.PE0_set_level
                0x0000caa6       0x1e src/serialbus.o
 .text.PE1_set_pull_mode
                0x0000cac4       0x1e src/serialbus.o
 .text.PE1_set_dir
                0x0000cae2       0x1e src/serialbus.o
 .text.nextFullSBTxBuffer
                0x0000cb00       0x96 src/serialbus.o
                0x0000cb00                nextFullSBTxBuffer
 .text.nextEmptySBTxBuffer
                0x0000cb96       0x96 src/serialbus.o
                0x0000cb96                nextEmptySBTxBuffer
 .text.nextEmptySBRxBuffer
                0x0000cc2c       0x98 src/serialbus.o
                0x0000cc2c                nextEmptySBRxBuffer
 .text.serialbusTxInProgress
                0x0000ccc4       0x12 src/serialbus.o
                0x0000ccc4                serialbusTxInProgress
 .text._Z18serialbus_start_txv
                0x0000ccd6       0x3c src/serialbus.o
                0x0000ccd6                _Z18serialbus_start_txv
 .text.serialbus_end_tx
                0x0000cd12       0x4a src/serialbus.o
                0x0000cd12                serialbus_end_tx
 .text._ZL21USART1_initializationm
                0x0000cd5c       0x4c src/serialbus.o
 .text._ZL21USART4_initializationm
                0x0000cda8       0x4c src/serialbus.o
 .text.serialbus_init
                0x0000cdf4       0xaa src/serialbus.o
                0x0000cdf4                serialbus_init
 .text._Z19serialbus_send_textPc
                0x0000ce9e       0xd0 src/serialbus.o
                0x0000ce9e                _Z19serialbus_send_textPc
 .text.sb_send_NewLine
                0x0000cf6e       0x22 src/serialbus.o
                0x0000cf6e                sb_send_NewLine
 .text.sb_echo_char
                0x0000cf90       0x32 src/serialbus.o
                0x0000cf90                sb_echo_char
 .text.si5351_shutdown_comms
                0x0000cfc2       0x14 src/si5351.o
                0x0000cfc2                si5351_shutdown_comms
 .text.si5351_start_comms
                0x0000cfd6       0x14 src/si5351.o
                0x0000cfd6                si5351_start_comms
 .text.si5351_init
                0x0000cfea      0x19c src/si5351.o
                0x0000cfea                si5351_init
 .text.si5351_set_freq
                0x0000d186      0x342 src/si5351.o
                0x0000d186                si5351_set_freq
 .text.si5351_clock_enable
                0x0000d4c8       0x96 src/si5351.o
                0x0000d4c8                si5351_clock_enable
 .text.si5351_drive_strength
                0x0000d55e       0xba src/si5351.o
                0x0000d55e                si5351_drive_strength
 .text._Z7set_pllm10si5351_pll
                0x0000d618      0x192 src/si5351.o
                0x0000d618                _Z7set_pllm10si5351_pll
 .text._Z8pll_calcmP13u_si5351_regs
                0x0000d7aa      0x1cc src/si5351.o
                0x0000d7aa                _Z8pll_calcmP13u_si5351_regs
 .text._Z13reduce_by_gcdPmS_
                0x0000d976      0x166 src/si5351.o
                0x0000d976                _Z13reduce_by_gcdPmS_
 .text._Z15multisynth_calcmP13u_si5351_regsPbS1_
                0x0000dadc      0x214 src/si5351.o
                0x0000dadc                _Z15multisynth_calcmP13u_si5351_regsPbS1_
 .text._Z19multisynth_estimatemP13u_si5351_regsPbS1_
                0x0000dcf0      0x302 src/si5351.o
                0x0000dcf0                _Z19multisynth_estimatemP13u_si5351_regsPbS1_
 .text._Z17si5351_write_bulkhPhh
                0x0000dff2       0x64 src/si5351.o
                0x0000dff2                _Z17si5351_write_bulkhPhh
 .text._Z16si5351_read_bulkhPhh
                0x0000e056       0x64 src/si5351.o
                0x0000e056                _Z16si5351_read_bulkhPhh
 .text._Z31set_multisynth_registers_source12si5351_clock10si5351_pll
                0x0000e0ba       0x7a src/si5351.o
                0x0000e0ba                _Z31set_multisynth_registers_source12si5351_clock10si5351_pll
 .text._Z24set_multisynth_registers12si5351_clock13u_si5351_regsbhb
                0x0000e134      0x22c src/si5351.o
                0x0000e134                _Z24set_multisynth_registers12si5351_clock13u_si5351_regsbhb
 .text._Z16set_integer_mode12si5351_clockb
                0x0000e360       0x6a src/si5351.o
                0x0000e360                _Z16set_integer_mode12si5351_clockb
 .text._Z6ms_div12si5351_clockhb
                0x0000e3ca       0xac src/si5351.o
                0x0000e3ca                _Z6ms_div12si5351_clockhb
 .text.SLPCTRL_init
                0x0000e476       0x18 src/slpctrl.o
                0x0000e476                SLPCTRL_init
 .text.SLPCTRL_set_sleep_mode
                0x0000e48e       0x30 src/slpctrl.o
                0x0000e48e                SLPCTRL_set_sleep_mode
 .text.TIMERB_init
                0x0000e4be       0xd4 src/tcb.o
                0x0000e4be                TIMERB_init
 .text.util_delay_ms
                0x0000e592      0x176 src/tcb.o
                0x0000e592                util_delay_ms
 .text.__vector_30
                0x0000e708       0xde src/tcb.o
                0x0000e708                __vector_30
 .text.__vector_13
                0x0000e7e6       0xbc src/tcb.o
                0x0000e7e6                __vector_13
 .text.TIMERB_sleep
                0x0000e8a2       0x50 src/tcb.o
                0x0000e8a2                TIMERB_sleep
 .text.PORTA_set_pin_level
                0x0000e8f2       0x74 src/transmitter.o
 .text.PORTB_set_pin_level
                0x0000e966       0x74 src/transmitter.o
 .text._Z14txSetFrequencyPmb
                0x0000e9da       0xa4 src/transmitter.o
                0x0000e9da                _Z14txSetFrequencyPmb
 .text._Z14txGetFrequencyv
                0x0000ea7e       0x22 src/transmitter.o
                0x0000ea7e                _Z14txGetFrequencyv
 .text._Z18powerToTransmitterb
                0x0000eaa0       0x32 src/transmitter.o
                0x0000eaa0                _Z18powerToTransmitterb
 .text._Z9txKeyDownb
                0x0000ead2       0x58 src/transmitter.o
                0x0000ead2                _Z9txKeyDownb
 .text._Z10fet_driverb
                0x0000eb2a       0x2e src/transmitter.o
                0x0000eb2a                _Z10fet_driverb
 .text._Z19final_drain_voltageb
                0x0000eb58       0x40 src/transmitter.o
                0x0000eb58                _Z19final_drain_voltageb
 .text._Z15inhibitRFOutputb
                0x0000eb98       0x56 src/transmitter.o
                0x0000eb98                _Z15inhibitRFOutputb
 .text._Z14keyTransmitterb
                0x0000ebee       0xc4 src/transmitter.o
                0x0000ebee                _Z14keyTransmitterb
 .text._Z12txGetPowerMwv
                0x0000ecb2       0x16 src/transmitter.o
                0x0000ecb2                _Z12txGetPowerMwv
 .text._Z15txIsInitializedv
                0x0000ecc8       0x12 src/transmitter.o
                0x0000ecc8                _Z15txIsInitializedv
 .text._Z15txSetParametersPjPb
                0x0000ecda      0x11c src/transmitter.o
                0x0000ecda                _Z15txSetParametersPjPb
 .text._Z20shutdown_transmitterv
                0x0000edf6       0x14 src/transmitter.o
                0x0000edf6                _Z20shutdown_transmitterv
 .text._Z19restart_transmitterv
                0x0000ee0a       0x14 src/transmitter.o
                0x0000ee0a                _Z19restart_transmitterv
 .text._Z16init_transmitterm
                0x0000ee1e       0x3c src/transmitter.o
                0x0000ee1e                _Z16init_transmitterm
 .text._Z16init_transmitterv
                0x0000ee5a       0xbc src/transmitter.o
                0x0000ee5a                _Z16init_transmitterv
 .text._Z22txMilliwattsToSettingsPjS_
                0x0000ef16      0x31c src/transmitter.o
                0x0000ef16                _Z22txMilliwattsToSettingsPjS_
 .text.USART0_get_data
                0x0000f232       0x16 src/usart_basic.o
                0x0000f232                USART0_get_data
 .text.USART1_init
                0x0000f248       0xc4 src/usart_basic.o
                0x0000f248                USART1_init
 .text.USART1_enable
                0x0000f30c       0x22 src/usart_basic.o
                0x0000f30c                USART1_enable
 .text.USART1_enable_tx
                0x0000f32e       0x34 src/usart_basic.o
                0x0000f32e                USART1_enable_tx
 .text.USART1_disable
                0x0000f362       0x22 src/usart_basic.o
                0x0000f362                USART1_disable
 .text.USART1_get_data
                0x0000f384       0x16 src/usart_basic.o
                0x0000f384                USART1_get_data
 .text.USART4_init
                0x0000f39a       0xb6 src/usart_basic.o
                0x0000f39a                USART4_init
 .text.USART4_enable
                0x0000f450       0x22 src/usart_basic.o
                0x0000f450                USART4_enable
 .text.USART4_enable_tx
                0x0000f472       0x34 src/usart_basic.o
                0x0000f472                USART4_enable_tx
 .text.USART4_disable
                0x0000f4a6       0x22 src/usart_basic.o
                0x0000f4a6                USART4_disable
 .text.USART4_get_data
                0x0000f4c8       0x16 src/usart_basic.o
                0x0000f4c8                USART4_get_data
 .text._Z7timeDifmm
                0x0000f4de       0xb2 src/util.o
                0x0000f4de                _Z7timeDifmm
 .text.avr-libc.fplib
                0x0000f590        0xe c:/program files (x86)/atmel/studio/7.0/toolchain/avr8/avr8-gnu-toolchain/bin/../lib/gcc/avr/5.4.0/../../../../avr/lib/avrxmega4\libm.a(addsf3.o)
                0x0000f590                __subsf3
                0x0000f592                __addsf3
 .text.avr-libc.fplib
                0x0000f59e       0xcc c:/program files (x86)/atmel/studio/7.0/toolchain/avr8/avr8-gnu-toolchain/bin/../lib/gcc/avr/5.4.0/../../../../avr/lib/avrxmega4\libm.a(addsf3x.o)
                0x0000f5c0                __addsf3x
 .text.avr-libc.fplib
                0x0000f66a        0xa c:/program files (x86)/atmel/studio/7.0/toolchain/avr8/avr8-gnu-toolchain/bin/../lib/gcc/avr/5.4.0/../../../../avr/lib/avrxmega4\libm.a(cmpsf2.o)
                0x0000f66a                __nesf2
                0x0000f66a                __eqsf2
                0x0000f66a                __cmpsf2
                0x0000f66a                __ltsf2
                0x0000f66a                __lesf2
 .text.avr-libc.fplib
                0x0000f674        0x8 c:/program files (x86)/atmel/studio/7.0/toolchain/avr8/avr8-gnu-toolchain/bin/../lib/gcc/avr/5.4.0/../../../../avr/lib/avrxmega4\libm.a(divsf3.o)
                0x0000f674                __divsf3
 .text.avr-libc.fplib
                0x0000f67c       0xdc c:/program files (x86)/atmel/studio/7.0/toolchain/avr8/avr8-gnu-toolchain/bin/../lib/gcc/avr/5.4.0/../../../../avr/lib/avrxmega4\libm.a(divsf3x.o)
                0x0000f69c                __divsf3x
                0x0000f6a2                __divsf3_pse
 .text.avr-libc.fplib
                0x0000f758        0xe c:/program files (x86)/atmel/studio/7.0/toolchain/avr8/avr8-gnu-toolchain/bin/../lib/gcc/avr/5.4.0/../../../../avr/lib/avrxmega4\libm.a(fixsfsi.o)
                0x0000f758                __fixsfsi
 .text.avr-libc.fplib
                0x0000f766       0x5e c:/program files (x86)/atmel/studio/7.0/toolchain/avr8/avr8-gnu-toolchain/bin/../lib/gcc/avr/5.4.0/../../../../avr/lib/avrxmega4\libm.a(fixunssfsi.o)
                0x0000f766                __fixunssfsi
 .text.avr-libc.fplib
                0x0000f7c4       0x7a c:/program files (x86)/atmel/studio/7.0/toolchain/avr8/avr8-gnu-toolchain/bin/../lib/gcc/avr/5.4.0/../../../../avr/lib/avrxmega4\libm.a(floatsisf.o)
                0x0000f7c4                __floatunsisf
                0x0000f7c8                __floatsisf
 .text.avr-libc.fplib
                0x0000f83e       0x48 c:/program files (x86)/atmel/studio/7.0/toolchain/avr8/avr8-gnu-toolchain/bin/../lib/gcc/avr/5.4.0/../../../../avr/lib/avrxmega4\libm.a(fp_cmp.o)
                0x0000f83e                __fp_cmp
 .text.avr-libc.fplib
                0x0000f886        0xc c:/program files (x86)/atmel/studio/7.0/toolchain/avr8/avr8-gnu-toolchain/bin/../lib/gcc/avr/5.4.0/../../../../avr/lib/avrxmega4\libm.a(fp_inf.o)
                0x0000f886                __fp_inf
 .text.avr-libc.fplib
                0x0000f892        0x6 c:/program files (x86)/atmel/studio/7.0/toolchain/avr8/avr8-gnu-toolchain/bin/../lib/gcc/avr/5.4.0/../../../../avr/lib/avrxmega4\libm.a(fp_nan.o)
                0x0000f892                __fp_nan
 .text.avr-libc.fplib
                0x0000f898        0xe c:/program files (x86)/atmel/studio/7.0/toolchain/avr8/avr8-gnu-toolchain/bin/../lib/gcc/avr/5.4.0/../../../../avr/lib/avrxmega4\libm.a(fp_pscA.o)
                0x0000f898                __fp_pscA
 .text.avr-libc.fplib
                0x0000f8a6        0xe c:/program files (x86)/atmel/studio/7.0/toolchain/avr8/avr8-gnu-toolchain/bin/../lib/gcc/avr/5.4.0/../../../../avr/lib/avrxmega4\libm.a(fp_pscB.o)
                0x0000f8a6                __fp_pscB
 .text.avr-libc.fplib
                0x0000f8b4       0x22 c:/program files (x86)/atmel/studio/7.0/toolchain/avr8/avr8-gnu-toolchain/bin/../lib/gcc/avr/5.4.0/../../../../avr/lib/avrxmega4\libm.a(fp_round.o)
                0x0000f8b4                __fp_round
 .text.avr-libc.fplib
                0x0000f8d6       0x44 c:/program files (x86)/atmel/studio/7.0/toolchain/avr8/avr8-gnu-toolchain/bin/../lib/gcc/avr/5.4.0/../../../../avr/lib/avrxmega4\libm.a(fp_split3.o)
                0x0000f8d6                __fp_split3
                0x0000f8e6                __fp_splitA
 .text.avr-libc.fplib
                0x0000f91a        0xe c:/program files (x86)/atmel/studio/7.0/toolchain/avr8/avr8-gnu-toolchain/bin/../lib/gcc/avr/5.4.0/../../../../avr/lib/avrxmega4\libm.a(fp_zero.o)
                0x0000f91a                __fp_zero
                0x0000f91c                __fp_szero
 .text.avr-libc.fplib
                0x0000f928        0xa c:/program files (x86)/atmel/studio/7.0/toolchain/avr8/avr8-gnu-toolchain/bin/../lib/gcc/avr/5.4.0/../../../../avr/lib/avrxmega4\libm.a(gesf2.o)
                0x0000f928                __gesf2
                0x0000f928                __gtsf2
 .text.avr-libc.fplib
                0x0000f932        0x8 c:/program files (x86)/atmel/studio/7.0/toolchain/avr8/avr8-gnu-toolchain/bin/../lib/gcc/avr/5.4.0/../../../../avr/lib/avrxmega4\libm.a(mulsf3.o)
                0x0000f932                __mulsf3
 .text.avr-libc.fplib
                0x0000f93a       0xd2 c:/program files (x86)/atmel/studio/7.0/toolchain/avr8/avr8-gnu-toolchain/bin/../lib/gcc/avr/5.4.0/../../../../avr/lib/avrxmega4\libm.a(mulsf3x.o)
                0x0000f958                __mulsf3x
                0x0000f95e                __mulsf3_pse
 .text.libgcc.mul
                0x0000fa0c       0x20 c:/program files (x86)/atmel/studio/7.0/toolchain/avr8/avr8-gnu-toolchain/bin/../lib/gcc/avr/5.4.0/avrxmega4\libgcc.a(_mulsi3.o)
                0x0000fa0c                __mulsi3
 .text.libgcc.div
                0x0000fa2c       0x28 c:/program files (x86)/atmel/studio/7.0/toolchain/avr8/avr8-gnu-toolchain/bin/../lib/gcc/avr/5.4.0/avrxmega4\libgcc.a(_udivmodhi4.o)
                0x0000fa2c                __udivmodhi4
 .text.libgcc.div
                0x0000fa54       0x28 c:/program files (x86)/atmel/studio/7.0/toolchain/avr8/avr8-gnu-toolchain/bin/../lib/gcc/avr/5.4.0/avrxmega4\libgcc.a(_divmodhi4.o)
                0x0000fa54                _div
                0x0000fa54                __divmodhi4
 .text.libgcc.div
                0x0000fa7c       0x44 c:/program files (x86)/atmel/studio/7.0/toolchain/avr8/avr8-gnu-toolchain/bin/../lib/gcc/avr/5.4.0/avrxmega4\libgcc.a(_udivmodsi4.o)
                0x0000fa7c                __udivmodsi4
 .text.libgcc.div
                0x0000fac0       0x2e c:/program files (x86)/atmel/studio/7.0/toolchain/avr8/avr8-gnu-toolchain/bin/../lib/gcc/avr/5.4.0/avrxmega4\libgcc.a(_divmodsi4.o)
                0x0000fac0                __divmodsi4
 .text.libgcc.div
                0x0000faee       0x10 c:/program files (x86)/atmel/studio/7.0/toolchain/avr8/avr8-gnu-toolchain/bin/../lib/gcc/avr/5.4.0/avrxmega4\libgcc.a(_negsi2.o)
                0x0000faee                __negsi2
 .text.libgcc   0x0000fafe       0x12 c:/program files (x86)/atmel/studio/7.0/toolchain/avr8/avr8-gnu-toolchain/bin/../lib/gcc/avr/5.4.0/avrxmega4\libgcc.a(_tablejump2.o)
                0x0000fafe                __tablejump2__
 .text.libgcc.mul
                0x0000fb10       0x16 c:/program files (x86)/atmel/studio/7.0/toolchain/avr8/avr8-gnu-toolchain/bin/../lib/gcc/avr/5.4.0/avrxmega4\libgcc.a(_muluhisi3.o)
                0x0000fb10                __muluhisi3
 .text.libgcc.mul
                0x0000fb26       0x1e c:/program files (x86)/atmel/studio/7.0/toolchain/avr8/avr8-gnu-toolchain/bin/../lib/gcc/avr/5.4.0/avrxmega4\libgcc.a(_umulhisi3.o)
                0x0000fb26                __umulhisi3
 .text.avr-libc
                0x0000fb44       0x40 c:/program files (x86)/atmel/studio/7.0/toolchain/avr8/avr8-gnu-toolchain/bin/../lib/gcc/avr/5.4.0/../../../../avr/lib/avrxmega4\libc.a(dtostrf.o)
                0x0000fb44                dtostrf
 .text.avr-libc
                0x0000fb84      0x242 c:/program files (x86)/atmel/studio/7.0/toolchain/avr8/avr8-gnu-toolchain/bin/../lib/gcc/avr/5.4.0/../../../../avr/lib/avrxmega4\libc.a(malloc.o)
                0x0000fb84                malloc
                0x0000fcb4                free
 .text.avr-libc
                0x0000fdc6       0x3c c:/program files (x86)/atmel/studio/7.0/toolchain/avr8/avr8-gnu-toolchain/bin/../lib/gcc/avr/5.4.0/../../../../avr/lib/avrxmega4\libc.a(atoi.o)
                0x0000fdc6                atoi
 .text.avr-libc
                0x0000fe02       0x4e c:/program files (x86)/atmel/studio/7.0/toolchain/avr8/avr8-gnu-toolchain/bin/../lib/gcc/avr/5.4.0/../../../../avr/lib/avrxmega4\libc.a(atol.o)
                0x0000fe02                atol
 .text.avr-libc
                0x0000fe50       0x12 c:/program files (x86)/atmel/studio/7.0/toolchain/avr8/avr8-gnu-toolchain/bin/../lib/gcc/avr/5.4.0/../../../../avr/lib/avrxmega4\libc.a(isspace.o)
                0x0000fe50                isspace
 .text.avr-libc
                0x0000fe62       0x10 c:/program files (x86)/atmel/studio/7.0/toolchain/avr8/avr8-gnu-toolchain/bin/../lib/gcc/avr/5.4.0/../../../../avr/lib/avrxmega4\libc.a(toupper.o)
                0x0000fe62                toupper
 .text.avr-libc
                0x0000fe72        0xe c:/program files (x86)/atmel/studio/7.0/toolchain/avr8/avr8-gnu-toolchain/bin/../lib/gcc/avr/5.4.0/../../../../avr/lib/avrxmega4\libc.a(memset.o)
                0x0000fe72                memset
 .text.avr-libc
                0x0000fe80       0x16 c:/program files (x86)/atmel/studio/7.0/toolchain/avr8/avr8-gnu-toolchain/bin/../lib/gcc/avr/5.4.0/../../../../avr/lib/avrxmega4\libc.a(strchr.o)
                0x0000fe80                strchr
 .text.avr-libc
                0x0000fe96       0x12 c:/program files (x86)/atmel/studio/7.0/toolchain/avr8/avr8-gnu-toolchain/bin/../lib/gcc/avr/5.4.0/../../../../avr/lib/avrxmega4\libc.a(strcmp.o)
                0x0000fe96                strcmp
 .text.avr-libc
                0x0000fea8       0x12 c:/program files (x86)/atmel/studio/7.0/toolchain/avr8/avr8-gnu-toolchain/bin/../lib/gcc/avr/5.4.0/../../../../avr/lib/avrxmega4\libc.a(strlen.o)
                0x0000fea8                strlen
 .text.avr-libc
                0x0000feba       0x20 c:/program files (x86)/atmel/studio/7.0/toolchain/avr8/avr8-gnu-toolchain/bin/../lib/gcc/avr/5.4.0/../../../../avr/lib/avrxmega4\libc.a(strncat.o)
                0x0000feba                strncat
 .text.avr-libc
                0x0000feda       0x1e c:/program files (x86)/atmel/studio/7.0/toolchain/avr8/avr8-gnu-toolchain/bin/../lib/gcc/avr/5.4.0/../../../../avr/lib/avrxmega4\libc.a(strncpy.o)
                0x0000feda                strncpy
 .text.avr-libc
                0x0000fef8       0x2a c:/program files (x86)/atmel/studio/7.0/toolchain/avr8/avr8-gnu-toolchain/bin/../lib/gcc/avr/5.4.0/../../../../avr/lib/avrxmega4\libc.a(mulsi10.o)
                0x0000fef8                __mulsi_const_10
 .text.avr-libc
                0x0000ff22       0x10 c:/program files (x86)/atmel/studio/7.0/toolchain/avr8/avr8-gnu-toolchain/bin/../lib/gcc/avr/5.4.0/../../../../avr/lib/avrxmega4\libc.a(mul10.o)
                0x0000ff22                __mulhi_const_10
 .text.avr-libc
                0x0000ff32       0x52 c:/program files (x86)/atmel/studio/7.0/toolchain/avr8/avr8-gnu-toolchain/bin/../lib/gcc/avr/5.4.0/../../../../avr/lib/avrxmega4\libc.a(sprintf.o)
                0x0000ff32                sprintf
 .text.avr-libc
                0x0000ff84      0x408 c:/program files (x86)/atmel/studio/7.0/toolchain/avr8/avr8-gnu-toolchain/bin/../lib/gcc/avr/5.4.0/../../../../avr/lib/avrxmega4\libc.a(vfprintf_std.o)
                0x0000ff84                vfprintf
 .text.avr-libc
                0x0001038c      0x2e2 c:/program files (x86)/atmel/studio/7.0/toolchain/avr8/avr8-gnu-toolchain/bin/../lib/gcc/avr/5.4.0/../../../../avr/lib/avrxmega4\libc.a(dtoa_prf.o)
                0x0001038c                dtoa_prf
 .text.avr-libc
                0x0001066e      0x1b0 c:/program files (x86)/atmel/studio/7.0/toolchain/avr8/avr8-gnu-toolchain/bin/../lib/gcc/avr/5.4.0/../../../../avr/lib/avrxmega4\libc.a(ftoa_engine.o)
                0x0001066e                __ftoa_engine
 .text.avr-libc
                0x0001081e        0x6 c:/program files (x86)/atmel/studio/7.0/toolchain/avr8/avr8-gnu-toolchain/bin/../lib/gcc/avr/5.4.0/../../../../avr/lib/avrxmega4\libc.a(cty_isfalse.o)
                0x0001081e                __ctype_isfalse
                0x00010822                __ctype_istrue
 .text.avr-libc
                0x00010824       0x16 c:/program files (x86)/atmel/studio/7.0/toolchain/avr8/avr8-gnu-toolchain/bin/../lib/gcc/avr/5.4.0/../../../../avr/lib/avrxmega4\libc.a(strnlen_P.o)
                0x00010824                strnlen_P
 .text.avr-libc
                0x0001083a        0xe c:/program files (x86)/atmel/studio/7.0/toolchain/avr8/avr8-gnu-toolchain/bin/../lib/gcc/avr/5.4.0/../../../../avr/lib/avrxmega4\libc.a(strcpy.o)
                0x0001083a                strcpy
 .text.avr-libc
                0x00010848       0x16 c:/program files (x86)/atmel/studio/7.0/toolchain/avr8/avr8-gnu-toolchain/bin/../lib/gcc/avr/5.4.0/../../../../avr/lib/avrxmega4\libc.a(strnlen.o)
                0x00010848                strnlen
 .text.avr-libc
                0x0001085e       0x78 c:/program files (x86)/atmel/studio/7.0/toolchain/avr8/avr8-gnu-toolchain/bin/../lib/gcc/avr/5.4.0/../../../../avr/lib/avrxmega4\libc.a(fputc.o)
                0x0001085e                fputc
 .text.avr-libc
                0x000108d6       0xbc c:/program files (x86)/atmel/studio/7.0/toolchain/avr8/avr8-gnu-toolchain/bin/../lib/gcc/avr/5.4.0/../../../../avr/lib/avrxmega4\libc.a(ultoa_invert.o)
                0x000108d6                __ultoa_invert
 .text.avr-libc
                0x00010992       0x10 C:/Program Files (x86)/Atmel/Studio/7.0/Packs/atmel/AVR-Dx_DFP/1.9.103/gcc/dev/avr128da48/avrxmega4\libavr128da48.a(eerd_byte.o)
                0x00010992                eeprom_read_byte
                0x0001099a                eeprom_mapen
 .text.avr-libc
                0x000109a2        0xe C:/Program Files (x86)/Atmel/Studio/7.0/Packs/atmel/AVR-Dx_DFP/1.9.103/gcc/dev/avr128da48/avrxmega4\libavr128da48.a(eerd_dword.o)
                0x000109a2                eeprom_read_float
                0x000109a2                eeprom_read_dword
 .text.avr-libc
                0x000109b0        0xa C:/Program Files (x86)/Atmel/Studio/7.0/Packs/atmel/AVR-Dx_DFP/1.9.103/gcc/dev/avr128da48/avrxmega4\libavr128da48.a(eerd_word.o)
                0x000109b0                eeprom_read_word
 .text.libgcc.div
                0x000109ba       0x1c c:/program files (x86)/atmel/studio/7.0/toolchain/avr8/avr8-gnu-toolchain/bin/../lib/gcc/avr/5.4.0/avrxmega4\libgcc.a(_divmodqi4.o)
                0x000109ba                __divmodqi4
 .text.libgcc   0x000109d6        0xe c:/program files (x86)/atmel/studio/7.0/toolchain/avr8/avr8-gnu-toolchain/bin/../lib/gcc/avr/5.4.0/avrxmega4\libgcc.a(_xload_1.o)
                0x000109d6                __xload_1
 .text.libgcc.div
                0x000109e4       0x18 c:/program files (x86)/atmel/studio/7.0/toolchain/avr8/avr8-gnu-toolchain/bin/../lib/gcc/avr/5.4.0/avrxmega4\libgcc.a(_udivmodqi4.o)
                0x000109e4                __udivmodqi4
                0x000109fc                . = ALIGN (0x2)
 *(.fini9)
 .fini9         0x000109fc        0x0 c:/program files (x86)/atmel/studio/7.0/toolchain/avr8/avr8-gnu-toolchain/bin/../lib/gcc/avr/5.4.0/avrxmega4\libgcc.a(_exit.o)
                0x000109fc                _exit
                0x000109fc                exit
 *(.fini9)
 *(.fini8)
 *(.fini8)
 *(.fini7)
 *(.fini7)
 *(.fini6)
 .fini6         0x000109fc       0x16 c:/program files (x86)/atmel/studio/7.0/toolchain/avr8/avr8-gnu-toolchain/bin/../lib/gcc/avr/5.4.0/avrxmega4\libgcc.a(_dtors.o)
                0x000109fc                __do_global_dtors
 *(.fini6)
 *(.fini5)
 *(.fini5)
 *(.fini4)
 *(.fini4)
 *(.fini3)
 *(.fini3)
 *(.fini2)
 *(.fini2)
 *(.fini1)
 *(.fini1)
 *(.fini0)
 .fini0         0x00010a12        0x4 c:/program files (x86)/atmel/studio/7.0/toolchain/avr8/avr8-gnu-toolchain/bin/../lib/gcc/avr/5.4.0/avrxmega4\libgcc.a(_exit.o)
 *(.fini0)
                0x00010a16                _etext = .

.data           0x00804000      0x506 load address 0x00010a16
                0x00804000                PROVIDE (__data_start, .)
 *(.data)
 .data          0x00804000        0x6 c:/program files (x86)/atmel/studio/7.0/toolchain/avr8/avr8-gnu-toolchain/bin/../lib/gcc/avr/5.4.0/../../../../avr/lib/avrxmega4\libc.a(malloc.o)
                0x00804000                __malloc_heap_end
                0x00804002                __malloc_heap_start
                0x00804004                __malloc_margin
 *(.data*)
 .data._ZL28g_antenna_connection_changed
                0x00804006        0x1 main.o
 .data._ZL15g_code_throttle
                0x00804007        0x2 main.o
 .data._ZL27g_enunciation_code_throttle
                0x00804009        0x2 main.o
 .data._ZL23g_WiFi_shutdown_seconds
                0x0080400b        0x1 main.o
 .data._ZL13g_wifi_active
                0x0080400c        0x1 main.o
 .data.g_id_codespeed
                0x0080400d        0x1 main.o
                0x0080400d                g_id_codespeed
 .data.g_pattern_codespeed
                0x0080400e        0x1 main.o
                0x0080400e                g_pattern_codespeed
 .data.g_on_air_seconds
                0x0080400f        0x2 main.o
                0x0080400f                g_on_air_seconds
 .data.g_off_air_seconds
                0x00804011        0x2 main.o
                0x00804011                g_off_air_seconds
 .data.g_ID_period_seconds
                0x00804013        0x2 main.o
                0x00804013                g_ID_period_seconds
 .data._ZL11g_sleepType
                0x00804015        0x1 main.o
 .data._ZL17g_adcChannelOrder
                0x00804016        0x3 main.o
 .data._ZL19g_adcCountdownCount
                0x00804019        0x6 main.o
 .data.g_enunciator
                0x0080401f        0x1 main.o
                0x0080401f                g_enunciator
 .data.g_fox    0x00804020        0x1 main.o
                0x00804020                g_fox
 .data.g_enable_LED_enunciations
                0x00804021        0x1 main.o
                0x00804021                g_enable_LED_enunciations
 .data._ZZ11__vector_12E7fiftyMS
                0x00804022        0x1 main.o
 .data._ZZ11__vector_12E16longPressEnabled
                0x00804023        0x1 main.o
 .data._ZZ11__vector_12E29initializeManualTransmissions
                0x00804024        0x1 main.o
 .data._ZZ11__vector_12E12charFinished
                0x00804025        0x1 main.o
 .data._ZZ11__vector_12E4idle
                0x00804026        0x1 main.o
 .data._ZZ15externBatStringbE3str
                0x00804027        0x7 main.o
 .data._ZZ12temperatureCvE4wait
                0x0080402e        0x4 src/adc.o
 .data.g_foxoring_frequencyA
                0x00804032        0x4 src/eeprommanager.o
                0x00804032                g_foxoring_frequencyA
 .data.g_foxoring_frequencyB
                0x00804036        0x4 src/eeprommanager.o
                0x00804036                g_foxoring_frequencyB
 .data.g_foxoring_frequencyC
                0x0080403a        0x4 src/eeprommanager.o
                0x0080403a                g_foxoring_frequencyC
 .data.g_foxoring_fox
                0x0080403e        0x1 src/eeprommanager.o
                0x0080403e                g_foxoring_fox
 .data.g_voltage_threshold
                0x0080403f        0x4 src/eeprommanager.o
                0x0080403f                g_voltage_threshold
 .data.g_clock_calibration
                0x00804043        0x2 src/eeprommanager.o
                0x00804043                g_clock_calibration
 .data.g_i2c0_timeout_ticks
                0x00804045        0x2 src/i2c.o
                0x00804045                g_i2c0_timeout_ticks
 .data.g_i2c1_timeout_ticks
                0x00804047        0x2 src/i2c.o
                0x00804047                g_i2c1_timeout_ticks
 .data._ZL17led_timeout_count
                0x00804049        0x4 src/leds.o
 .data._ZL14g_bus_disabled
                0x0080404d        0x1 src/linkbus.o
 .data.g_linkbus_usart_number
                0x0080404e        0x1 src/linkbus.o
                0x0080404e                g_linkbus_usart_number
 .data._ZZ9makeMorsePcPbS0_E6repeat
                0x0080404f        0x1 src/morse.o
 .data._ZZ9makeMorsePcPbS0_E1c
                0x00804050        0x1 src/morse.o
 .data._ZZ9makeMorsePcPbS0_E15completedString
                0x00804051        0x1 src/morse.o
 .data.g_serial_timeout_ticks
                0x00804052        0x2 src/serialbus.o
                0x00804052                g_serial_timeout_ticks
 .data.g_serialbus_usart_number
                0x00804054        0x1 src/serialbus.o
                0x00804054                g_serialbus_usart_number
 .data._ZL14g_bus_disabled
                0x00804055        0x1 src/serialbus.o
 .data._ZL9xtal_freq
                0x00804056        0x4 src/si5351.o
 .data.g_80m_frequency
                0x0080405a        0x4 src/transmitter.o
                0x0080405a                g_80m_frequency
 .data.g_80m_power_level_mW
                0x0080405e        0x2 src/transmitter.o
                0x0080405e                g_80m_power_level_mW
 .data.g_rtty_offset
                0x00804060        0x4 src/transmitter.o
                0x00804060                g_rtty_offset
 .data.g_tx_power_is_zero
                0x00804064        0x1 src/transmitter.o
                0x00804064                g_tx_power_is_zero
 .data.g_80m_power_table
                0x00804065       0x20 src/transmitter.o
                0x00804065                g_80m_power_table
 *(.gnu.linkonce.d*)
 *(.rodata)
 .rodata        0x00804085      0x36e main.o
 .rodata        0x008043f3       0x78 src/ds3231.o
 .rodata        0x0080446b       0x11 src/eeprommanager.o
 .rodata        0x0080447c       0x17 src/linkbus.o
 *(.rodata*)
 .rodata._ZL34g_adcChannelConversionPeriod_ticks
                0x00804493        0x6 main.o
 .rodata._ZL4crlf
                0x00804499        0x2 src/serialbus.o
 .rodata.str1.1
                0x0080449b       0x6b c:/program files (x86)/atmel/studio/7.0/toolchain/avr8/avr8-gnu-toolchain/bin/../lib/gcc/avr/5.4.0/../../../../avr/lib/avrxmega4\libc.a(strftime.o)
                                 0x7f (size before relaxing)
 *(.gnu.linkonce.r*)
                0x00804506                . = ALIGN (0x2)
                0x00804506                _edata = .
                0x00804506                PROVIDE (__data_end, .)

.bss            0x00804506      0x4f7
                0x00804506                PROVIDE (__bss_start, .)
 *(.bss)
 *(.bss*)
 .bss._ZZ9serial_RxhE4buff
                0x00804506        0x2 driver_isr.o
 .bss._ZZ9serial_RxhE11ignoreCount
                0x00804508        0x1 driver_isr.o
 .bss._ZZ9serial_RxhE9charIndex
                0x00804509        0x1 driver_isr.o
 .bss._ZZ9serial_RxhE8textBuff
                0x0080450a       0x32 driver_isr.o
 .bss._ZZ9serial_RxhE13receiving_msg
                0x0080453c        0x1 driver_isr.o
 .bss._ZZ9serial_RxhE6msg_ID
                0x0080453d        0x2 driver_isr.o
 .bss._ZZ9serial_RxhE11field_index
                0x0080453f        0x1 driver_isr.o
 .bss._ZZ9serial_RxhE9field_len
                0x00804540        0x1 driver_isr.o
 .bss._ZZ11__vector_20E4buff
                0x00804541        0x2 driver_isr.o
 .bss._ZZ11__vector_20E9charIndex
                0x00804543        0x1 driver_isr.o
 .bss._ZZ11__vector_20E4buff_0
                0x00804544        0x2 driver_isr.o
 .bss._ZZ11__vector_20E9charIndex_0
                0x00804546        0x1 driver_isr.o
 .bss._ZZ11__vector_56E4buff
                0x00804547        0x2 driver_isr.o
 .bss._ZZ11__vector_56E9charIndex
                0x00804549        0x1 driver_isr.o
 .bss._ZZ11__vector_56E4buff_0
                0x0080454a        0x2 driver_isr.o
 .bss._ZZ11__vector_56E9charIndex_0
                0x0080454c        0x1 driver_isr.o
 .bss._ZZ10linkbus_RxhE4buff
                0x0080454d        0x2 driver_isr.o
 .bss._ZZ10linkbus_RxhE10escapeNext
                0x0080454f        0x1 driver_isr.o
 .bss._ZZ10linkbus_RxhE9charIndex
                0x00804550        0x1 driver_isr.o
 .bss._ZZ10linkbus_RxhE9field_len
                0x00804551        0x1 driver_isr.o
 .bss._ZZ10linkbus_RxhE10tempMsg_ID
                0x00804552        0x4 driver_isr.o
 .bss._ZZ10linkbus_RxhE13receiving_msg
                0x00804556        0x1 driver_isr.o
 .bss._ZZ10linkbus_RxhE11field_index
                0x00804557        0x1 driver_isr.o
 .bss._ZZ11__vector_32E4buff
                0x00804558        0x2 driver_isr.o
 .bss._ZZ11__vector_32E9charIndex
                0x0080455a        0x1 driver_isr.o
 .bss._ZZ11__vector_32E4buff_0
                0x0080455b        0x2 driver_isr.o
 .bss._ZZ11__vector_32E9charIndex_0
                0x0080455d        0x1 driver_isr.o
 .bss._ZL9g_tempStr
                0x0080455e       0x64 main.o
 .bss._ZL17g_last_error_code
                0x008045c2        0x1 main.o
 .bss._ZL18g_last_status_code
                0x008045c3        0x1 main.o
 .bss.g_antenna_connect_state
                0x008045c4        0x1 main.o
                0x008045c4                g_antenna_connect_state
 .bss._ZL13g_start_event
                0x008045c5        0x1 main.o
 .bss._ZL11g_end_event
                0x008045c6        0x1 main.o
 .bss._ZL12g_on_the_air
                0x008045c7        0x4 main.o
 .bss._ZL26g_sendID_seconds_countdown
                0x008045cb        0x2 main.o
 .bss._ZL16g_report_seconds
                0x008045cd        0x1 main.o
 .bss._ZL19g_wifi_enable_delay
                0x008045ce        0x1 main.o
 .bss._ZL20g_shutting_down_wifi
                0x008045cf        0x1 main.o
 .bss._ZL12g_wifi_ready
                0x008045d0        0x1 main.o
 .bss._ZL16g_hardware_error
                0x008045d1        0x2 main.o
 .bss.g_messages_text
                0x008045d3       0x69 main.o
                0x008045d3                g_messages_text
 .bss.g_time_needed_for_ID
                0x0080463c        0x2 main.o
                0x0080463c                g_time_needed_for_ID
 .bss.g_intra_cycle_delay_time
                0x0080463e        0x2 main.o
                0x0080463e                g_intra_cycle_delay_time
 .bss.g_event_start_epoch
                0x00804640        0x4 main.o
                0x00804640                g_event_start_epoch
 .bss.g_event_finish_epoch
                0x00804644        0x4 main.o
                0x00804644                g_event_finish_epoch
 .bss.g_event_enabled
                0x00804648        0x1 main.o
                0x00804648                g_event_enabled
 .bss.g_event_scheduled
                0x00804649        0x1 main.o
                0x00804649                g_event_scheduled
 .bss.g_event_commenced
                0x0080464a        0x1 main.o
                0x0080464a                g_event_commenced
 .bss.g_check_for_next_event
                0x0080464b        0x1 main.o
                0x0080464b                g_check_for_next_event
 .bss.g_waiting_for_next_event
                0x0080464c        0x1 main.o
                0x0080464c                g_waiting_for_next_event
 .bss.g_sending_station_ID
                0x0080464d        0x1 main.o
                0x0080464d                g_sending_station_ID
 .bss.g_muteAfterID
                0x0080464e        0x1 main.o
                0x0080464e                g_muteAfterID
 .bss._ZL17g_go_to_sleep_now
                0x0080464f        0x1 main.o
 .bss._ZL10g_sleeping
                0x00804650        0x1 main.o
 .bss._ZL17g_time_to_wake_up
                0x00804651        0x4 main.o
 .bss._ZL12g_awakenedBy
                0x00804655        0x1 main.o
 .bss._ZL12g_adcUpdated
                0x00804656        0x3 main.o
 .bss._ZL22g_lastConversionResult
                0x00804659        0x6 main.o
 .bss.g_switch_closed_count
                0x0080465f        0x2 main.o
                0x0080465f                g_switch_closed_count
 .bss.g_handle_counted_presses
                0x00804661        0x2 main.o
                0x00804661                g_handle_counted_presses
 .bss.g_switch_presses_count
                0x00804663        0x2 main.o
                0x00804663                g_switch_presses_count
 .bss.g_long_button_press
                0x00804665        0x1 main.o
                0x00804665                g_long_button_press
 .bss.g_check_temperature
                0x00804666        0x2 main.o
                0x00804666                g_check_temperature
 .bss._ZL17g_do_powerup_xmsn
                0x00804668        0x1 main.o
 .bss.g_Event_Configuration_Check
                0x00804669        0x2 main.o
                0x00804669                g_Event_Configuration_Check
 .bss.LEDS      0x0080466b        0x1 main.o
                0x0080466b                LEDS
 .bss.g_text_buff
                0x0080466c        0xa main.o
                0x0080466c                g_text_buff
 .bss.g_ee_mgr  0x00804676        0x1 main.o
                0x00804676                g_ee_mgr
 .bss.g_utc_offset
                0x00804677        0x1 main.o
                0x00804677                g_utc_offset
 .bss.g_unlockCode
                0x00804678        0x9 main.o
                0x00804678                g_unlockCode
 .bss.g_use_rtc_for_startstop
                0x00804681        0x1 main.o
                0x00804681                g_use_rtc_for_startstop
 .bss.g_enable_manual_transmissions
                0x00804682        0x1 main.o
                0x00804682                g_enable_manual_transmissions
 .bss.g_delay_before_powerup_xmsn
                0x00804683        0x2 main.o
                0x00804683                g_delay_before_powerup_xmsn
 .bss._ZZ17handle_1sec_tasksvE17extendedOnAirTime
                0x00804685        0x2 main.o
 .bss._ZZ11__vector_12E14buttonReleased
                0x00804687        0x1 main.o
 .bss._ZZ11__vector_12E28switch_closures_count_period
                0x00804688        0x2 main.o
 .bss._ZZ11__vector_12E7codeInc
                0x0080468a        0x2 main.o
 .bss._ZZ11__vector_12E3key
                0x0080468c        0x1 main.o
 .bss._ZZ11__vector_12E2cc
                0x0080468d        0x2 main.o
 .bss._ZZ11__vector_12E19conversionInProcess
                0x0080468f        0x1 main.o
 .bss._ZZ11__vector_12E24indexConversionInProcess
                0x00804690        0x1 main.o
 .bss._ZZ11__vector_12E20holdConversionResult
                0x00804691        0x2 main.o
 .bss._ZZ17handleLinkBusMsgsvE6pwr_mW
                0x00804693        0x2 main.o
 .bss._ZZ17handleLinkBusMsgsvE25new_event_parameter_count
                0x00804695        0x1 main.o
 .bss._ZZ17handleLinkBusMsgsvE8lastTime
                0x00804696        0x4 main.o
 .bss.g_goertzel
                0x0080469a        0x1 src/adc.o
                0x0080469a                g_goertzel
 .bss._ZL20g_adc_initialization
                0x0080469b        0x1 src/adc.o
 .bss.portCpinReadings
                0x0080469c        0x3 src/binio.o
                0x0080469c                portCpinReadings
 .bss.portDpinReadings
                0x0080469f        0x3 src/binio.o
                0x0080469f                portDpinReadings
 .bss.portCdebounced
                0x008046a2        0x1 src/binio.o
                0x008046a2                portCdebounced
 .bss.portDdebounced
                0x008046a3        0x1 src/binio.o
                0x008046a3                portDdebounced
 .bss.g_isMaster
                0x008046a4        0x1 src/eeprommanager.o
                0x008046a4                g_isMaster
 .bss.g_event   0x008046a5        0x1 src/eeprommanager.o
                0x008046a5                g_event
 .bss._SAMPLING_FREQUENCY
                0x008046a6        0x4 src/Goertzel.o
                0x008046a6                _SAMPLING_FREQUENCY
 .bss._N        0x008046aa        0x2 src/Goertzel.o
                0x008046aa                _N
 .bss._index    0x008046ac        0x2 src/Goertzel.o
                0x008046ac                _index
 .bss._samplesReady
                0x008046ae        0x1 src/Goertzel.o
                0x008046ae                _samplesReady
 .bss.testData  0x008046af        0x2 src/Goertzel.o
                0x008046af                testData
 .bss._ZL19timer_blink_inhibit
                0x008046b1        0x1 src/leds.o
 .bss._ZL16lastBlinkSetting
                0x008046b2        0x1 src/leds.o
 .bss._ZL19lastRedBlinkSetting
                0x008046b3        0x1 src/leds.o
 .bss._ZL21lastGreenBlinkSetting
                0x008046b4        0x1 src/leds.o
 .bss._ZL19red_blink_on_period
                0x008046b5        0x2 src/leds.o
 .bss._ZL20red_blink_off_period
                0x008046b7        0x2 src/leds.o
 .bss._ZL21green_blink_on_period
                0x008046b9        0x2 src/leds.o
 .bss._ZL22green_blink_off_period
                0x008046bb        0x2 src/leds.o
 .bss._ZL15red_blink_count
                0x008046bd        0x2 src/leds.o
 .bss._ZL17green_blink_count
                0x008046bf        0x2 src/leds.o
 .bss._ZL18red_led_configured
                0x008046c1        0x1 src/leds.o
 .bss._ZL20green_led_configured
                0x008046c2        0x1 src/leds.o
 .bss._ZL13g_tempMsgBuff
                0x008046c3       0x32 src/linkbus.o
 .bss._ZL17linkbus_tx_active
                0x008046f5        0x1 src/linkbus.o
 .bss._ZL9tx_buffer
                0x008046f6       0xc8 src/linkbus.o
 .bss._ZL9rx_buffer
                0x008047be       0xc6 src/linkbus.o
 .bss._ZZ18nextFullLBTxBuffervE11bufferIndex
                0x00804884        0x1 src/linkbus.o
 .bss._ZZ19nextEmptyLBTxBuffervE11bufferIndex
                0x00804885        0x1 src/linkbus.o
 .bss._ZZ19nextEmptyLBRxBuffervE11bufferIndex
                0x00804886        0x1 src/linkbus.o
 .bss._ZZ18nextFullLBRxBuffervE11bufferIndex
                0x00804887        0x1 src/linkbus.o
 .bss._ZZ9makeMorsePcPbS0_E11holdKeyDown
                0x00804888        0x1 src/morse.o
 .bss._ZZ9makeMorsePcPbS0_E3str
                0x00804889        0x2 src/morse.o
 .bss._ZZ9makeMorsePcPbS0_E15morseInProgress
                0x0080488b        0x3 src/morse.o
 .bss._ZZ9makeMorsePcPbS0_E9charIndex
                0x0080488e        0x1 src/morse.o
 .bss._ZZ9makeMorsePcPbS0_E11symbolIndex
                0x0080488f        0x1 src/morse.o
 .bss._ZZ9makeMorsePcPbS0_E12elementIndex
                0x00804890        0x1 src/morse.o
 .bss._ZZ9makeMorsePcPbS0_E10addedSpace
                0x00804891        0x1 src/morse.o
 .bss._ZZ9makeMorsePcPbS0_E9carrierOn
                0x00804892        0x1 src/morse.o
 .bss._ZL13g_tempMsgBuff
                0x00804893       0x32 src/serialbus.o
 .bss._ZL19serialbus_tx_active
                0x008048c5        0x1 src/serialbus.o
 .bss._ZL9tx_buffer
                0x008048c6       0x7b src/serialbus.o
 .bss._ZL9rx_buffer
                0x00804941       0x7e src/serialbus.o
 .bss._ZZ18nextFullSBTxBufferE11bufferIndex
                0x008049bf        0x1 src/serialbus.o
 .bss._ZZ19nextEmptySBTxBufferE11bufferIndex
                0x008049c0        0x1 src/serialbus.o
 .bss._ZZ19nextEmptySBRxBufferE11bufferIndex
                0x008049c1        0x1 src/serialbus.o
 .bss._ZL8freqVCOB
                0x008049c2        0x4 src/si5351.o
 .bss._ZL17enabledClocksMask
                0x008049c6        0x1 src/si5351.o
 .bss._ZL9clock_out
                0x008049c7        0xc src/si5351.o
 .bss.g_si5351_initialized
                0x008049d3        0x1 src/si5351.o
                0x008049d3                g_si5351_initialized
 .bss._ZZ11si5351_initE3err
                0x008049d4        0x1 src/si5351.o
 .bss._ZL12g_ms_counter
                0x008049d5        0x4 src/tcb.o
 .bss._ZZ13util_delay_msE8counting
                0x008049d9        0x1 src/tcb.o
 .bss._ZZ13util_delay_msE14countdownValue
                0x008049da        0x4 src/tcb.o
 .bss._ZL16g_tx_initialized
                0x008049de        0x1 src/transmitter.o
 .bss._ZL23g_drain_voltage_enabled
                0x008049df        0x1 src/transmitter.o
 .bss._ZL22g_final_output_setting
                0x008049e0        0x1 src/transmitter.o
 .bss._ZL21g_rf_output_inhibited
                0x008049e1        0x1 src/transmitter.o
 .bss._ZZ14keyTransmitterbE17transmitter_keyed
                0x008049e2        0x1 src/transmitter.o
 *(COMMON)
 COMMON         0x008049e3        0x4 c:/program files (x86)/atmel/studio/7.0/toolchain/avr8/avr8-gnu-toolchain/bin/../lib/gcc/avr/5.4.0/../../../../avr/lib/avrxmega4\libc.a(malloc.o)
                0x008049e3                __brkval
                0x008049e5                __flp
 COMMON         0x008049e7        0x4 c:/program files (x86)/atmel/studio/7.0/toolchain/avr8/avr8-gnu-toolchain/bin/../lib/gcc/avr/5.4.0/../../../../avr/lib/avrxmega4\libc.a(system_time.o)
                0x008049e7                __system_time
 COMMON         0x008049eb        0xc c:/program files (x86)/atmel/studio/7.0/toolchain/avr8/avr8-gnu-toolchain/bin/../lib/gcc/avr/5.4.0/../../../../avr/lib/avrxmega4\libc.a(tm_store.o)
                0x008049eb                __tm_store
 COMMON         0x008049f7        0x4 c:/program files (x86)/atmel/studio/7.0/toolchain/avr8/avr8-gnu-toolchain/bin/../lib/gcc/avr/5.4.0/../../../../avr/lib/avrxmega4\libc.a(utc_offset.o)
                0x008049f7                __utc_offset
 COMMON         0x008049fb        0x2 c:/program files (x86)/atmel/studio/7.0/toolchain/avr8/avr8-gnu-toolchain/bin/../lib/gcc/avr/5.4.0/../../../../avr/lib/avrxmega4\libc.a(dst_pointer.o)
                0x008049fb                __dst_ptr
                0x008049fd                PROVIDE (__bss_end, .)
                0x00010a16                __data_load_start = LOADADDR (.data)
                0x00010f1c                __data_load_end = (__data_load_start + SIZEOF (.data))

.noinit         0x008049fd        0x0
                [!provide]                PROVIDE (__noinit_start, .)
 *(.noinit*)
                [!provide]                PROVIDE (__noinit_end, .)
                0x008049fd                _end = .
                0x008049fd                PROVIDE (__heap_start, .)

.eeprom         0x00810000      0x117
 *(.eeprom*)
 .eeprom        0x00810000      0x117 src/eeprommanager.o
                0x00810000                _ZN13EepromManager7ee_varsE
                0x00810117                __eeprom_end = .

.fuse
 *(.fuse)
 *(.lfuse)
 *(.hfuse)
 *(.efuse)

.lock
 *(.lock*)

.signature
 *(.signature*)

.user_signatures
 *(.user_signatures*)

.stab
 *(.stab)

.stabstr
 *(.stabstr)

.stab.excl
 *(.stab.excl)

.stab.exclstr
 *(.stab.exclstr)

.stab.index
 *(.stab.index)

.stab.indexstr
 *(.stab.indexstr)

.comment        0x00000000       0x5c
 *(.comment)
 .comment       0x00000000       0x30 atmel_start.o
                                 0x31 (size before relaxing)
 .comment       0x00000030       0x31 driver_isr.o
 .comment       0x00000030       0x31 main.o
 .comment       0x00000030       0x31 src/adc.o
 .comment       0x00000030       0x31 src/binio.o
 .comment       0x00000030       0x31 src/bod.o
 .comment       0x00000030       0x31 src/CircularStringBuff.o
 .comment       0x00000030       0x31 src/clkctrl.o
 .comment       0x00000030       0x31 src/cpuint.o
 .comment       0x00000030       0x31 src/dac0.o
 .comment       0x00000030       0x31 src/driver_init.o
 .comment       0x00000030       0x31 src/ds3231.o
 .comment       0x00000030       0x31 src/eeprommanager.o
 .comment       0x00000030       0x31 src/Goertzel.o
 .comment       0x00000030       0x31 src/huzzah.o
 .comment       0x00000030       0x31 src/i2c.o
 .comment       0x00000030       0x31 src/leds.o
 .comment       0x00000030       0x31 src/linkbus.o
 .comment       0x00000030       0x31 src/morse.o
 .comment       0x00000030       0x31 src/serialbus.o
 .comment       0x00000030       0x31 src/si5351.o
 .comment       0x00000030       0x31 src/slpctrl.o
 .comment       0x00000030       0x31 src/tcb.o
 .comment       0x00000030       0x31 src/transmitter.o
 .comment       0x00000030       0x31 src/usart_basic.o
 .comment       0x00000030       0x31 src/util.o
 .comment       0x00000030       0x31 c:/program files (x86)/atmel/studio/7.0/toolchain/avr8/avr8-gnu-toolchain/bin/../lib/gcc/avr/5.4.0/../../../../avr/lib/avrxmega4\libc.a(dtostrf.o)
 .comment       0x00000030       0x31 c:/program files (x86)/atmel/studio/7.0/toolchain/avr8/avr8-gnu-toolchain/bin/../lib/gcc/avr/5.4.0/../../../../avr/lib/avrxmega4\libc.a(malloc.o)
 .comment       0x00000030       0x31 c:/program files (x86)/atmel/studio/7.0/toolchain/avr8/avr8-gnu-toolchain/bin/../lib/gcc/avr/5.4.0/../../../../avr/lib/avrxmega4\libc.a(sprintf.o)
 .comment       0x00000030       0x31 c:/program files (x86)/atmel/studio/7.0/toolchain/avr8/avr8-gnu-toolchain/bin/../lib/gcc/avr/5.4.0/../../../../avr/lib/avrxmega4\libc.a(isLeap.o)
 .comment       0x00000030       0x31 c:/program files (x86)/atmel/studio/7.0/toolchain/avr8/avr8-gnu-toolchain/bin/../lib/gcc/avr/5.4.0/../../../../avr/lib/avrxmega4\libc.a(localtime.o)
 .comment       0x00000030       0x31 c:/program files (x86)/atmel/studio/7.0/toolchain/avr8/avr8-gnu-toolchain/bin/../lib/gcc/avr/5.4.0/../../../../avr/lib/avrxmega4\libc.a(localtime_r.o)
 .comment       0x00000030       0x31 c:/program files (x86)/atmel/studio/7.0/toolchain/avr8/avr8-gnu-toolchain/bin/../lib/gcc/avr/5.4.0/../../../../avr/lib/avrxmega4\libc.a(month_length.o)
 .comment       0x00000030       0x31 c:/program files (x86)/atmel/studio/7.0/toolchain/avr8/avr8-gnu-toolchain/bin/../lib/gcc/avr/5.4.0/../../../../avr/lib/avrxmega4\libc.a(set_system_time.o)
 .comment       0x00000030       0x31 c:/program files (x86)/atmel/studio/7.0/toolchain/avr8/avr8-gnu-toolchain/bin/../lib/gcc/avr/5.4.0/../../../../avr/lib/avrxmega4\libc.a(strftime.o)
 .comment       0x00000030       0x31 c:/program files (x86)/atmel/studio/7.0/toolchain/avr8/avr8-gnu-toolchain/bin/../lib/gcc/avr/5.4.0/../../../../avr/lib/avrxmega4\libc.a(system_time.o)
 .comment       0x00000030       0x31 c:/program files (x86)/atmel/studio/7.0/toolchain/avr8/avr8-gnu-toolchain/bin/../lib/gcc/avr/5.4.0/../../../../avr/lib/avrxmega4\libc.a(time.o)
 .comment       0x00000030       0x31 c:/program files (x86)/atmel/studio/7.0/toolchain/avr8/avr8-gnu-toolchain/bin/../lib/gcc/avr/5.4.0/../../../../avr/lib/avrxmega4\libc.a(tm_store.o)
 .comment       0x00000030       0x2c c:/program files (x86)/atmel/studio/7.0/toolchain/avr8/avr8-gnu-toolchain/bin/../lib/gcc/avr/5.4.0/../../../../avr/lib/avrxmega4\libc.a(utc_offset.o)
                                 0x2d (size before relaxing)
 .comment       0x0000005c       0x31 c:/program files (x86)/atmel/studio/7.0/toolchain/avr8/avr8-gnu-toolchain/bin/../lib/gcc/avr/5.4.0/../../../../avr/lib/avrxmega4\libc.a(week_of_year.o)
 .comment       0x0000005c       0x2d c:/program files (x86)/atmel/studio/7.0/toolchain/avr8/avr8-gnu-toolchain/bin/../lib/gcc/avr/5.4.0/../../../../avr/lib/avrxmega4\libc.a(vfprintf_std.o)
 .comment       0x0000005c       0x31 c:/program files (x86)/atmel/studio/7.0/toolchain/avr8/avr8-gnu-toolchain/bin/../lib/gcc/avr/5.4.0/../../../../avr/lib/avrxmega4\libc.a(dtoa_prf.o)
 .comment       0x0000005c       0x31 c:/program files (x86)/atmel/studio/7.0/toolchain/avr8/avr8-gnu-toolchain/bin/../lib/gcc/avr/5.4.0/../../../../avr/lib/avrxmega4\libc.a(fputc.o)
 .comment       0x0000005c       0x31 c:/program files (x86)/atmel/studio/7.0/toolchain/avr8/avr8-gnu-toolchain/bin/../lib/gcc/avr/5.4.0/../../../../avr/lib/avrxmega4\libc.a(asctime_r.o)
 .comment       0x0000005c       0x31 c:/program files (x86)/atmel/studio/7.0/toolchain/avr8/avr8-gnu-toolchain/bin/../lib/gcc/avr/5.4.0/../../../../avr/lib/avrxmega4\libc.a(dst_pointer.o)
 .comment       0x0000005c       0x31 c:/program files (x86)/atmel/studio/7.0/toolchain/avr8/avr8-gnu-toolchain/bin/../lib/gcc/avr/5.4.0/../../../../avr/lib/avrxmega4\libc.a(gmtime_r.o)
 .comment       0x0000005c       0x31 c:/program files (x86)/atmel/studio/7.0/toolchain/avr8/avr8-gnu-toolchain/bin/../lib/gcc/avr/5.4.0/../../../../avr/lib/avrxmega4\libc.a(iso_week_date_r.o)
 .comment       0x0000005c       0x31 c:/program files (x86)/atmel/studio/7.0/toolchain/avr8/avr8-gnu-toolchain/bin/../lib/gcc/avr/5.4.0/../../../../avr/lib/avrxmega4\libc.a(print_lz.o)

.note.gnu.avr.deviceinfo
                0x00000000       0x40
 .note.gnu.avr.deviceinfo
                0x00000000       0x40 C:/Program Files (x86)/Atmel/Studio/7.0/Packs/atmel/AVR-Dx_DFP/1.9.103/gcc/dev/avr128da48/avrxmega4/crtavr128da48.o

.note.gnu.build-id
 *(.note.gnu.build-id)

.debug
 *(.debug)

.line
 *(.line)

.debug_srcinfo
 *(.debug_srcinfo)

.debug_sfnames
 *(.debug_sfnames)

.debug_aranges  0x00000000      0xdb0
 *(.debug_aranges)
 .debug_aranges
                0x00000000       0x20 atmel_start.o
 .debug_aranges
                0x00000020       0x58 driver_isr.o
 .debug_aranges
                0x00000078      0x180 main.o
 .debug_aranges
                0x000001f8       0x88 src/adc.o
 .debug_aranges
                0x00000280       0xd8 src/binio.o
 .debug_aranges
                0x00000358       0x20 src/bod.o
 .debug_aranges
                0x00000378       0x78 src/CircularStringBuff.o
 .debug_aranges
                0x000003f0       0x28 src/clkctrl.o
 .debug_aranges
                0x00000418       0x20 src/cpuint.o
 .debug_aranges
                0x00000438       0x30 src/dac0.o
 .debug_aranges
                0x00000468       0x60 src/driver_init.o
 .debug_aranges
                0x000004c8       0xa0 src/ds3231.o
 .debug_aranges
                0x00000568       0x68 src/eeprommanager.o
 .debug_aranges
                0x000005d0       0x60 src/Goertzel.o
 .debug_aranges
                0x00000630       0x40 src/huzzah.o
 .debug_aranges
                0x00000670       0x90 src/i2c.o
 .debug_aranges
                0x00000700       0x90 src/leds.o
 .debug_aranges
                0x00000790      0x110 src/linkbus.o
 .debug_aranges
                0x000008a0       0x30 src/morse.o
 .debug_aranges